RESULT: {"status":"error","message":"Gagal mengirim email. Pastikan setting SMTP Gmail benar.","debug":"The following SMTP error was encountered: 10060 A connection attempt failed because the connected party did not properly respond after a period of time, or established connection failed because connected host has failed to respond.\r\n<br \/>Unable to send email using PHP SMTP. Your server might not be configured to send mail using this method.<br \/><pre>Date: Sat, 28 Feb 2026 23:31:41 +0700\r\nFrom: &quot;Moiz Care Hospital&quot; &lt;moizclient30@gmail.com&gt;\r\nReturn-Path: &lt;moizclient30@gmail.com&gt;\r\nTo: Tohargraciaz9@gmail.com\r\nSubject: =?UTF-8?Q?Slip=20Gaji=20-=20Februari=202026?=\r\nReply-To: &lt;moizclient30@gmail.com&gt;\r\nUser-Agent: CodeIgniter\r\nX-Sender: moizclient30@gmail.com\r\nX-Mailer: CodeIgniter\r\nX-Priority: 3 (Normal)\r\nMessage-ID: &lt;69a3186d24ae2@gmail.com&gt;\r\nMime-Version: 1.0\r\n\n\nContent-Type: multipart\/mixed; boundary=&quot;B_ATC_69a3186d24af5&quot;\r\n\r\nThis is a multi-part message in MIME format.\r\nYour email application may not support this format.\r\n\r\n--B_ATC_69a3186d24af5\r\nContent-Type: multipart\/alternative; boundary=&quot;B_ALT_69a3186d24af3&quot;\r\n\r\n--B_ALT_69a3186d24af3\r\nContent-Type: text\/plain; charset=UTF-8\r\nContent-Transfer-Encoding: 8bit\r\n\r\nHalo Ahmad Tohar,Berikut kami lampirkan dokumen Slip Gaji Anda untuk periode\r\nFebruari 2026.Pesan ini dibuat otomatis oleh sistem HRIS. Mohon tidak\r\nmembalas email ini.Terima kasih,Moiz Care Hospital\r\n\r\n\r\n--B_ALT_69a3186d24af3\r\nContent-Type: text\/html; charset=UTF-8\r\nContent-Transfer-Encoding: quoted-printable\r\n\r\n&lt;h3&gt;Halo Ahmad Tohar,&lt;\/h3&gt;&lt;p&gt;Berikut kami lampirkan dokumen Slip Gaji Anda =\r\nuntuk periode &lt;b&gt;Februari 2026&lt;\/b&gt;.&lt;\/p&gt;&lt;p&gt;Pesan ini dibuat otomatis oleh si=\r\nstem HRIS. Mohon tidak membalas email ini.&lt;\/p&gt;&lt;p&gt;Terima kasih,&lt;br&gt;&lt;b&gt;Moiz C=\r\nare Hospital&lt;\/b&gt;&lt;\/p&gt;\r\n\r\n--B_ALT_69a3186d24af3--\r\n\r\n\r\n\r\n--B_ATC_69a3186d24af5\r\nContent-Type: application\/pdf; name=&quot;Slip_Gaji_Ahmad_Tohar_202602.pdf&quot;\r\nContent-Disposition: attachment;\r\nContent-Transfer-Encoding: base64\r\n\r\nJVBERi0xLjQKJeLjz9MKMyAwIG9iago8PC9UeXBlIC9QYWdlCi9QYXJlbnQgMSAwIFIKL01lZGlh\r\nQm94IFswIDAgNTk1LjI4MCA4NDEuODkwXQovVHJpbUJveCBbMC4wMDAgMC4wMDAgNTk1LjI4MCA4\r\nNDEuODkwXQovUmVzb3VyY2VzIDIgMCBSCi9Hcm91cCA8PCAvVHlwZSAvR3JvdXAgL1MgL1RyYW5z\r\ncGFyZW5jeSAvQ1MgL0RldmljZVJHQiA+PiAKL0NvbnRlbnRzIDQgMCBSPj4KZW5kb2JqCjQgMCBv\r\nYmoKPDwvRmlsdGVyIC9GbGF0ZURlY29kZSAvTGVuZ3RoIDM2NTI+PgpzdHJlYW0KeJy9W1lz3MYR\r\nxvP+inlKSRULwtwYPYWyDpO6STpOYvlhQ8kU5SUpk1RUTuXH5+ueAwPsarkriS4Ku+heYPqYvmam\r\nJX4XnfgktG67rhOmt60znTgVWrWu8wUBUEnLoHVKaNn2VjFopBJHhDB9YIRykkBpHYOdDkJ3be\/p\r\nV9N6\/HpECNdJRuAiUKffpZUEKtUD1K3v+\/h45yPCKMsgMwumtR5AxaweFYQ2rQZiMSB0G4wvwwG0\r\n1hZyAGVQ8X1mB0L3KhRmAZrgijCskhBlZ2HxHYwsqsC3x+9ZVfi2joVJqqTnZF8UDZCYzRORwCMB\r\ndbeqHzALxjivC8Y6vOOGEQk2LFAmSRgfZOHJOihamcIywSaJGGUijEtSktAEh\/QE6cQ6zCyLlZVG\r\nGNWpolWG+0HpA2yKZAmTJm5RYeLMljHTxBeqxTIKX8l0Ct\/JsopkxfSK7Mk2i26S6RbtFdsu+k3G\r\nX\/SffKPMUIKPpt60EOIncSZmcLU2aE+fGE7yMxfHs2K\/aTgdlXDHQlH0xFvxq3g1ezUTY1eVjvU4\r\nuGpCZPsCqCpXBShHriot2BhcFaCvXBWgGbkqELJyVWkw7OCqktRdu6okLQ+uKqHkylUB6tpVNak2\r\nVK5KCBmKq2pMX98VVyXQmMpVCdH54qqa7MMUVyXQuMpVCSFDcVUNAwyuuCqBvaxclRDOFVclkJhN\r\nE5HBwVUzZnDVjMmmlEfMxjaQzOaYecrmmlnOBj3IlE0+C51dIuskO82gtOxWWavZ7bLSazhLlhwz\r\nTdxihPG1q6aJL65aLKO4ajKd4qrJsoqrFtMrrppss7hqMt3iqsW2i6sm4y+umnyjuGqCj6beNHJV\r\nvIhPPE6ffe2qebjsqhjF28FVhRJ7sw7BwotPs\/uH4u4jJSRgvHr4q3h4OIu+fzyLwz2e3X18IMXx\r\nZXkHz13Mfv4F\/v6m\/HYdU56sOVRMSeljiIlczfC+sYyhv3QLm7bgHLERURoKORV3d6V4cI4XMmHJ\r\njIOpVhoLshpkQVwpsf+YiJPk3vhWcTSCFaoKsRAHn5WSNaMFlNkVzZCMUhIBpShSWqSni2MhSCMC\r\nL1DUpuGDgbkZcfhGiFvNs+ZFs9v8qxHN981Os988xN0PwB00L4E\/BO7pbXH4HuNDrDQffTUdRFQj\r\ni3WtsZaJ2pVE4ZNdCInoXrNozpoWpPabefMJl2juN2+BO8F1DOgloIvmY3OK+78Du8DfvOBPcX+1\r\n4q1D4N7h+oB7PbC9KY8eQazweB8Uz5vfMNIJrue4bxuz\/ZgwDlfGPAS3C3B3DyN2Td\/YRjcOn30j\r\n8dcDUvjlf7gesowk9z3m4Kz5FRz8DdhzQP9tjvDrBUZrcXfenA58bWR5E0NDHoToQZvNTW\/ilKvM\r\nEbho4IdHY\/BTtpvOBvoM5JDSjfVneuQb52A4FPqitZbhfr4F+3wK+3x5W9wx7lYjbkO7j2Gse83u\r\nbfGLONwTxWKnTCQG4u1R4Z4l6ja2a2MxsToajUbIiBMczfMEU\/IGd\/eIr5Hv6C2JBMSlJSKPMPS\/\r\n2TvmTEzAajpcbksrmE76KWcNqzeLQBmefic5Q2Ud3y4Mr7G9MAlKypOoWhMxKkZrvWLuyCZc6Ftn\r\ndVLrc7InKPMurt3mwbIyP0tcLRGPYVgi0YIRPQ7DElW8WqJObi4xjXILul8mtA8o5Aah5xxpYmQ9\r\nTtH45OaF9z3qJz8Iv8pRxsOuixZSh7ZHATcedgeZ7Bk+H3BqeAEIGe7G9WtDNa0PoNUP7KdXuDul\r\nbHXzuh1xcI\/N+RCfNS\/MSXN148owFH11SftzBK6Yuv8ENYxokxqeJAXEUgJKWeYhJgsKmH3vKEBJ\r\nDlOopGLBpr3lMCWxtjkVCeGoLIdFUrhcekbBzTs5YKqH8nvDQ\/VIX5B\/t5kh3cFV4Ey+05WaDnhy\r\nrpBbLse1ziZDuaBaXYZ6zCZG+ZAGfHtj862RJHWI8bSr53sppPRV6u14GYQ1r6IJ7ozmPBQcUhLm\r\nqsM6ynuhAOL3O6HVJDJlod\/T5kP9OeYmDjHm5gEK3R0k7sri8jrmGztemQuPBV6hf4iK5Iotn6r7\r\nOaqTk+bi5mdkxEMseiP9i61SzBdqwKKYKdTJ96\/YGhec8m4+DhUtjPjIWnjCs\/EnaAG11JAMdiD3\r\nJftlrHN2eDmCJdPNa2HEx7W2sDYOq4Dy1NVBNm6QjIPsFDc8VUfZPNYQi1c9tWURLNatkeoFAMIJ\r\nNPUe156IexbAgF9aOlqsgLSnspzLYDNgFhVGtT1jyksZId7xdsyKwmn\/sUjrgvotqcakIgbCC\/GK\r\n\/l1XgpWhULvrYT30ECXmQ0S\/Xa7EdgCJ5vWt5q\/N69tL+wpfbWuJBRda1Q1paN6851XSS17PxzX9\r\na1rgz+ELJ1hA16xca\/52K5aUQggMesLTftyhgAu0uLrl75tzx6QiU2enQ6T7Myhpztsoc44OPyZI\r\nYN7mUNl2kXJLJZFysD4dcxWVZNcpZYgSgZe3MaUH77hak+ngA6tcdn8J97G8yxsxXImlh6hWdKOH\r\nEoYeknAGFVw1lFaIu3z6MwxVnipjlaeqsXIkmUaQr4sYRkN2kPYgFIg0bbOafsAsKgyxSZjhrYzZ\r\nLGaU1yRvWNTEImaLoFHGMsgOtkSNF7xee85bOili3LmRiJHpW6zFVV+2\/j7AGy7TioHy5btcLfAq\r\nnfLmGXnFV3lE3yvmzhBf\/WT51CHSKznh6\/UKp1gZvNb7hTHRKq1Mp2AodfGgKRiyU4OVtAumeooO\r\nCHo6naye2tqavyxayXpdccjWsdM85ZC+lF++ak46Xg1Y3iWbVlQllI+4WR3KN4paP6MiomMq2uuK\r\n5xVEmhhwmlzGp226FKKUb32MYw4lix4wNBHpwGN5SHqY1iPD6yUqLb9+09OZvW3NfI48\/+b9a8TJ\r\n1v616QxmjytzYJzDg3qzKTSYQiryh9eLK24+hetY9oFK7F7bpDViWavIcrCtjsksY3S4nuXh4Z4P\r\n7KvXO1Ny4YTlTTY6RgU2UqPa4vzLKo4mxkIA3a+wvnSAwFtlu8gCO80\/+UzsydgWi+WPSa\/dDkuk\r\nUeBIROHhsOAMS\/E5b0rl9HKfF6lUmL5b2sJwWxGVtPChM+AR1de06UtrYdEcpL2wi+aPbWtg2a9W\r\nvOU9FdQCo8iJ\/OI8aV7x0fIXF8FDXvOG\/Kvn0iIEzmuoinDt8bpPahf7WPBTcpegYydLOgx33Btj\r\n+ACEYNXHLhU6Ao\/tCMHFHq54rK+Qh03qdLGjvhXFb8yqxhXF9j2jnofUyUUYcgCpy5DUPxRqmkA4\r\n7tSKTFGHUu8LzzSXxhShQPBgNqPAplkf0YMUVBDPzzfQUx6R2pR6Qy6aKFLrRmzGYn4AdtQQkvjV\r\nseI9KvJQYxS4yNJyn5Stm7E8Pz7jWrmzBbUgVFJrQhW1pzHLxBSiZeoSV2VqE9Nl8pNU6\/Vk1h2P\r\nFT1hJB8bq6RPTUOmSwhqFqHAZmPjVWxK09z9B1EQhmInjI+tWj04I9BGkKJQBcYGqFnGaJc6YQaM\r\ngYyqDAiQJjATBEiLp6PCEHWPOVXYBcgdPUkcAmX3LQxpqvO4hZLbAL3y8VzRGybacZsdjLqLLGpt\r\nU79Krz1jaJsob8KwEKWJzlYtcGV\/h1SXPK5GhdQXw6NibnTig+kCdibTZc76qKzCeU+HCFpMg8l6\r\ndW2Rwb5oTy\/wdNAWs\/Q5ge2m3oDYFXGZdjrepi3OPzi8U2a5tyKBbU5aInRLpye0V1MSvL284G2D\r\nj3HrADhaRh2lZ0Tacpgzt3e5+YR4fxeXeg9Ke8c+Xvpt1OJxhbs3PLRI+7k0MBGcI4c17ZZbiUs2\r\nTB1V46RBPVV10gDs6qRBHVbjpAFMXycN7rmqkkaCq6SRMFXSSJgcZNOQOQgXmjlIJ6ZyCE885xCf\r\nhNrU19foKY3IDXO6ShrcUxdK0iCQ9kISv9yB56qkoXP\/cZQ2duzZui0wKSgnjYyqkkZGZbXr0vka\r\nJ2Ygmqcuc5WnNjOdJz9L9e30NJiT7koHX7Dczek7x6CjGI0I4S2DmuMSEMZoRnTK54NG6hh0uZPU\r\nVr2g+USR2g6zIQ0YFfs5aUDN7TQ6EyTQ9okgMUQIRf2aXWqERFj0Xkym\/RsoaKrzIWlkmjk0Z5Zy\r\n8B54zuE9C5XDf5a5hmMz5pAhZGVPGRWVW5JG0n1JGmVyStJIs1eSRprcaTDZLmnkJc51J420VW\/I\r\nNlAoyG44wP3IITaH5O8QJ\/8x\/hsf7K4\/Skf+JmtRhr\/zYeZJCr0nqXfkBaI9bZJ9txx9r90T8PBJ\r\nSizXStHxztsep5OPadVCu3Gh8fVa4TqCqIVQOfYrZLrkZdHH5j2uk+ukcl1pB023ppOtcZ1QFgOH\r\n1A+qxv2gedkqJ6untb0tKrYlKmio7005yVvT27Jy\/5a2dak8+1T2j6uhETZQ4J0K1SGzwFMzhrdy\r\nk2UKWCy154pkjODxs4vhdV1tMv3nCqXgltVqeJeFeJK29Wgx\/hOu3c+uS8OKrfJtFEumRxFqrNgf\r\nsPx8xOrdb37kjYDnbH4H4KmFyp9tq+SBTFay6aEuxLybVLL2DmF4qmQSiizmL7gesWi0v\/49d\/2S\r\nqNT\/+z3b04Z9UpPfprsC082wcUnZo9jEeF61VqniiOdcNp6mU+oTrv1iSXk87ijhonLOReO4uKRe\r\nh\/PUJHzC+\/jnyZXX94RcxzFyLRfGY45\/4N3nAz4pi825sZy9YA4PEKUuY\/PXij7qzWnTwschuoxp\r\nt+O4t1bdTvHJrkS4GgZ4xvU7VesnUDspmsrt2BN4lir3VxCQRIpNrVHZFJiPU\/3+n9jKwGV5XH98\r\nKIV5jqfDuuCYs0dsRfmjHDLGidy2el\/eeMzJXAaVjupyIZQxi5XJePIfBqa7p\/8HUYMYYQplbmRz\r\ndHJlYW0KZW5kb2JqCjEgMCBvYmoKPDwvVHlwZSAvUGFnZXMKL0tpZHMgWzMgMCBSIF0KL0NvdW50\r\nIDEKL01lZGlhQm94IFswIDAgNTk1LjI4MCA4NDEuODkwXQo+PgplbmRvYmoKNSAwIG9iago8PC9U\r\neXBlIC9FeHRHU3RhdGUKL0JNIC9Ob3JtYWwKL2NhIDEKL0NBIDEKPj4KZW5kb2JqCjYgMCBvYmoK\r\nPDwvVHlwZSAvRm9udAovU3VidHlwZSAvVHlwZTAKL0Jhc2VGb250IC9NUERGQUErRGVqYVZ1U2Fu\r\nc0NvbmRlbnNlZAovRW5jb2RpbmcgL0lkZW50aXR5LUgKL0Rlc2NlbmRhbnRGb250cyBbNyAwIFJd\r\nCi9Ub1VuaWNvZGUgOCAwIFIKPj4KZW5kb2JqCjcgMCBvYmoKPDwvVHlwZSAvRm9udAovU3VidHlw\r\nZSAvQ0lERm9udFR5cGUyCi9CYXNlRm9udCAvTVBERkFBK0RlamFWdVNhbnNDb25kZW5zZWQKL0NJ\r\nRFN5c3RlbUluZm8gOSAwIFIKL0ZvbnREZXNjcmlwdG9yIDEwIDAgUgovRFcgNTQwCi9XIFsgMzIg\r\nWyAyODYgMzYwIDQxNCA3NTQgNTcyIDg1NSA3MDIgMjQ3IDM1MSAzNTEgNDUwIDc1NCAyODYgMzI1\r\nIDI4NiAzMDMgXQogNDggNTcgNTcyIDU4IDU5IDMwMyA2MCA2MiA3NTQgNjMgWyA0NzggOTAwIDYx\r\nNSA2MTcgNjI4IDY5MyA1NjggNTE4IDY5NyA2NzcgMjY1IDI2NSA1OTAgNTAxIDc3NiA2NzMgNzA4\r\nIDU0MiA3MDggNjI1IDU3MSA1NDkgNjU5IDYxNSA4OTAgNjE2IDU0OSA2MTYgMzUxIDMwMyAzNTEg\r\nNzU0IDQ1MCA0NTAgNTUxIDU3MSA0OTUgNTcxIDU1NCAzMTYgNTcxIDU3MCAyNTAgMjUwIDUyMSAy\r\nNTAgODc2IDU3MCA1NTAgNTcxIDU3MSAzNzAgNDY5IDM1MyA1NzAgNTMyIDczNiA1MzIgNTMyIDQ3\r\nMiA1NzIgMzAzIDU3MiA3NTQgXQogXQovQ0lEVG9HSURNYXAgMTEgMCBSCj4+CmVuZG9iago4IDAg\r\nb2JqCjw8L0xlbmd0aCAzNDY+PgpzdHJlYW0KL0NJREluaXQgL1Byb2NTZXQgZmluZHJlc291cmNl\r\nIGJlZ2luCjEyIGRpY3QgYmVnaW4KYmVnaW5jbWFwCi9DSURTeXN0ZW1JbmZvCjw8L1JlZ2lzdHJ5\r\nIChBZG9iZSkKL09yZGVyaW5nIChVQ1MpCi9TdXBwbGVtZW50IDAKPj4gZGVmCi9DTWFwTmFtZSAv\r\nQWRvYmUtSWRlbnRpdHktVUNTIGRlZgovQ01hcFR5cGUgMiBkZWYKMSBiZWdpbmNvZGVzcGFjZXJh\r\nbmdlCjwwMDAwPiA8RkZGRj4KZW5kY29kZXNwYWNlcmFuZ2UKMSBiZWdpbmJmcmFuZ2UKPDAwMDA+\r\nIDxGRkZGPiA8MDAwMD4KZW5kYmZyYW5nZQplbmRjbWFwCkNNYXBOYW1lIGN1cnJlbnRkaWN0IC9D\r\nTWFwIGRlZmluZXJlc291cmNlIHBvcAplbmQKZW5kCgplbmRzdHJlYW0KZW5kb2JqCjkgMCBvYmoK\r\nPDwvUmVnaXN0cnkgKEFkb2JlKQovT3JkZXJpbmcgKFVDUykKL1N1cHBsZW1lbnQgMAo+PgplbmRv\r\nYmoKMTAgMCBvYmoKPDwvVHlwZSAvRm9udERlc2NyaXB0b3IKL0ZvbnROYW1lIC9NUERGQUErRGVq\r\nYVZ1U2Fuc0NvbmRlbnNlZAogL0NhcEhlaWdodCA3MjkKIC9YSGVpZ2h0IDU0NwogL0ZvbnRCQm94\r\nIFstOTE4IC00NjMgMTYxNCAxMjMyXQogL0ZsYWdzIDQKIC9Bc2NlbnQgOTI4CiAvRGVzY2VudCAt\r\nMjM2CiAvTGVhZGluZyAwCiAvSXRhbGljQW5nbGUgMAogL1N0ZW1WIDg3CiAvTWlzc2luZ1dpZHRo\r\nIDU0MAogL1N0eWxlIDw8IC9QYW5vc2UgPCAwIDAgMiBiIDYgNiAzIDggNCAyIDIgND4gPj4KL0Zv\r\nbnRGaWxlMiAxMiAwIFIKPj4KZW5kb2JqCjExIDAgb2JqCjw8L0xlbmd0aCAzMDQKL0ZpbHRlciAv\r\nRmxhdGVEZWNvZGUKPj4Kc3RyZWFtCnic7c\/nVggAAIDR75zsUWZkJXtkVCqEbC2UyIjo\/V+ih+if\r\nc+8b3Nqlgfa0t33t70AHO9ThjnS0wYY61vFOdLJTnW64M51tpHOd70IXu9RolxvrSle71vVudLNb\r\n3e5OdxvvXvd70MMmmmyqR00302yPe9LT5nrW814038te9bo3ve1d7\/vQQosttdxKH\/vU51Zb60vr\r\nfe1bG33vRz\/71Wa\/+9NWf\/vX9m7zAAAAAAAAAAAAAAAAAAAAAAAAAAAAAAAAAAAAAAAAAAAAAAAA\r\nAAAAAAAAAAAAAAAAAAAAAAAAAAAAAAAAAAAAAAAAAAAAAAAAAAAAAAAAAAAAAAAAAAAAAAAAAAAA\r\nAAAAAAAAAAAAAAAAAAAAAAAAAAAAAAAAAAAAAAAAAAAA8H\/ZAXe8Eo8KZW5kc3RyZWFtCmVuZG9i\r\nagoxMiAwIG9iago8PC9MZW5ndGggMTE1MTQKL0ZpbHRlciAvRmxhdGVEZWNvZGUKL0xlbmd0aDEg\r\nMjU5NDAKPj4Kc3RyZWFtCnic7XwJXFTV\/vg599w74EWU3azUi4hLIqSIuyXCICibgGsuDMywKDA0\r\nM2BoLrlmLlgqJppbhoZmZoqWZoumllqWz7JnZmlmZk99vfQZMof\/95x7hxkUzZbXe7\/P5z\/jnTn3\r\nnO++ne89IAgjhJqgaYig9KTUsC5j25Q8BjM\/wpWemW8obFQglyKE4+G+JrPYpqDcFj0REmJhjmYV\r\nZuc\/3rV4HEIi3KNN2QZrIXJHbnD\/M9w3zs4ryZr5VOtUhCS4vf\/5HJPB2Li1gSLU6nmY6JYDE55Y\r\n9zXcH4P7Njn5tidW68Mmwz3g46fzzJmGAUWRAQgFPgnrB\/INTxSKH4sgX+touFcKDPmmM+cut4R7\r\nI0J9TYVmq632KTQSobFH2HqhxVTY2+2fMBwL+kg5iEgP4kVIhHG4tBw4tFS\/yecoS\/ABrTx0OuIu\r\nCoJ4ARXUHkP2WrlNegcRKY2Ts\/RGRrHWrvOjfrjcLR+fS0e49kwt6JounWBriL0IUl8PauMH4RPz\r\nbxHNgG8R3ux+Sm0tp1dbe47fM2gRzKQD67mjRkhGHqgx8gTPNEVeyBv5IF\/kh\/xRAGqG7kPN0f3o\r\nAaDZArVErYBzIGqNglAbFIzaonaoPeqAHkIdUQjqhEJRGHoYdUZdUDjqiiJQN9Qd9UA9US\/UG\/VB\r\nfdEj6FHUD0Wi\/igKRSM9ikEDUCyKQwPRIBSPElAiSkLJaDBKQakoDQ1BQ9EwNByNABs\/hkah0WgM\r\nGovSkQFsGYF2ocPwfhdVopW4Au6yQKvHYWaNsA3NQkUwsw8fxnOFTjBXga6i4wA5Bx0mlWCSgSDf\r\nYYD\/QhLQzzgNbQcaPbEf7ummA5MlitvFFHGXeEE8irqLVvGomC5acThZJw2VKuDqSd4H\/30AttiF\r\nzyArepNcJOFkjxgtNkFnyFFSic4DF\/A78ChF69EkkMUPm9FUYZKQAjMHpaOoHN5mWD+KV+HjIN2b\r\neAY6gZ4nIsT6KnwC9DqMrqMZJE2YCs4KF7JA\/oNA6yjglyMrOO8ElhEVOsIcSA+8MvhnC9JJOsHf\r\nV9FU4JyG1ut26fzcgoALs1gF3od\/1C1Ga9BxMoo8Tk7hWWKQuBEyqlS1AElHpUC7nOHosnAJ6M7e\r\nkxh1YYKYjivRRTHdLQNov880Ap7bhRTQKAvtgWuCzgt06o1nkbkgKVttgY66DRTDAB8ouE0GrREy\r\nkwg0DkaT0Ba0DXUiZagUKHF9dd2l64C5UvwGdC7FC4Tr6CiJhhjLEi+DrSEsURlCO910kkgEjEIU\r\nr61CcJxxa7\/Bw5VDIwI7hdxyq3i5KVtR8lbPEmVXbW3ycPEBacRW6cGtJNh9qxgc9M2dFr\/pFDIo\r\nebiy1a6P1qjq06NhLnU4DNkdTMO8PpqvMaZbpWD4F5e+VcnMUZ7xeiao1zNepl6dIFiRAFkmQA4S\r\nGI2iZeSatB7GULl8vQO9gwO9A0eR5TUfCUfsXWmZW5MbP1l0HcBKAoZahI9CvhPIURQc7h\/kHe5N\r\ngggO2Llzp89zvpRKJ+yP0xXYBHRfI5XCag4LdLF3EFAO8sYDl+N\/PA9QJ4SO7AK4hVCPnpT2Alwr\r\ngAskgYQE+oaTQP9AfgX58isikF9kC60ehN36jsa6sYtG4+Z0\/0Dciu4dvWgU\/WX0s2Pot7hvPP0K\r\n60eRWXQbmUMNeDU1lNNty2kGXsWu5TixHK9m9WY5PU5qdH5QPdpDlUA4iLRt2y4iIKCZd9u2EV27\r\ndY8I94cbf5j0Dgjw99O5EW+dzt8P1rt1i+jaVjCPxGPfGjtqj\/Hgjv27Rqa+MGjQC6lH3j36zsjc\r\nfNNhi81Mj+NOQqdO2\/tFYnyozeayF\/c0ufS92OqBVx8KFemQoO0rX97XFKpjuee44UPTT9Ak74KR\r\nw3OgBppqz+kskC0eUOuCoJ6Fg2ytGePwLoxvuy5MmKDWTEbX+eBwHOTrsib1SRwxIjFhxIiEhRtf\r\nXrBow8aaywkjhicmjRgpnFlUs3PRg6Uvv1xaWrFBeHbJzOlLl06fsXTql7t3nzq1e88pwbB0+swl\r\nS2Y+VTb1l3\/pPE\/tfuvvp\/a8+SX4ylZ7TjKBbI2gqiKs07h3x7hbt+7hOsHNN6idDvgjZj9uxfAu\r\n3IRBXFD8Tkr824uGlEXSdfiDiD7SRo8xqTfPPTX6o+KT9MeSJzp2OvTSoKXxiQsfGVMcQYIGrx3+\r\n3HuP9hNK7TdGHLbMpHQKPbd4xDDs+\/m0bzIfndxn3ftt2lSFdTYPD89GLKYh3vAgHm882iDS1DBj\r\na6voT0IfnQ\/sKCC14O\/n0yyorRDR1ae70KekqPiJRU\/Pnv20zuc7+siFC7T3+Uv4wNdn8H7WBADu\r\nYsDtrOL6hgf4+PsJbkHdfCK6CksWzZk9e86iCcXFOp8faZ8zX9Nel87j9y9cwO8xvG7CQJIJtvKG\r\nG0lyCwaZpHbBwd0lyJlgkknfwlER9NMs+klXHEXf6orDsnCoeOa9fRmH6Rxccjhj33uZh3EJnXMY\r\naO2DHImRRIgJ0A2ygmVTRKA3ScbXqMcyKuPrkmg\/Xmk\/LnSqhA2Gy72w1geXIcqaj+7h\/pBDJ\/cu\r\nsQ2km+k7uB9bH4nPCP2EGcxevkByJD5PHxBmrOe478PHDMAlHDfo\/b17KWXzqLa\/kK\/ZGOIN\/205\r\nDQEz\/5IPsVFSew7KlRq3ELGCt5dPeBcfby+hHf8M4jPCwPkLF85fAK+zly+fhUtKpkfpEbiOAsFw\r\n3BWHr6FWOpvOoVa8AJfgiXgB8P0QEvYS8JVBnkBvKSI4nFnhPO5A9+D+VbhDTXWlaI3dFVt9opLL\r\nPwfgT4Ms0IcEA2AE7Ps8aSEO3SK6sahkCa0TcIYwsWZTNs4KHaYvKxmyN6\/g7aRPbjyS0uyflZWV\r\nE\/CzvfKXxU0o6x91pHOX798b9VJhC3qJ058PugpAvz3csOIgQs6x2qGmYlBQhDZwZSf8OH0xvVIz\r\n5PX0+O0Zm16vWLryxdmli+cOqszO3pH88U\/TSHCr\/YtO\/xQcvK9zl7LSmUsrJhRaJ7Vpu11RPtn2\r\n5CbmU4H1dmIo2EHgkQzFMtybFWEWDcIbNAIffvj822\/vsK+VgmvOkaM14RvpGpy+zxEP58jPgNtC\r\n9bc3kwv5+6H6ooPEB4UP7V+2T2r\/DXajP10f8uqYwa+kr6yqWhn3LKRXJX2uaVN6+Yd\/0muKcrjz\r\nw1UrV1a1actkmwY2CeT+b1O\/YvnyAiAQxpClD48EBEYR0ieWlk6cVFp6OXp+9Pa9nhFr0g9funbk\r\n4nUcWhs9n\/R+c93a3bvXrntTKNnVpi39iV4ZNppeufQd\/YFHRgZ+qSXTaxn4+gbopeN6QVAGLiPp\r\n9L638If2SdKJodVPSR15fzkZ5GvG5Qvi9d61djpqFYuKAGcN9fVzmkUYOH3JkulQKemhounnD33w\r\n7XTbjMVXvvrqypLI6cVFM2cWFU8X3i+fM6d8xew55UOVbdNeP3bs9WnblNYHSr\/4\/vsvSg9gg236\r\ndBtcah0V\/UCW+5itunPr+\/iyysmKEs8a5hbs4A2CfqjnJuq6xvDhpWuHL16nx2v183FLMN4kMGIr\r\nMBD2xD5DR+Gml77DATyFVtPHWgrLHEbk8XMS9C4Tg9Q9uTvfv\/2DTu7dy\/JbDKIchtcNDtOIVTwO\r\nw6vHXlY\/AMr+RV0N2YfGSDFiBbM9xtgfR2BJXzOWrL05RZxOrtJn6eIq\/EkF\/oTR3YfTpRiyTusz\r\nIALZe584ncHenELWbbyq5q4LTd8ITpMDkdXkahUNq6BhVTif0ZsJTk0BGxJmQ9aL+AaxbaehRHfT\r\nQbLr\/HH6zp2vbQ4fPDg8tNgwYO3wIVtGVXwQOTipY5CbpKMUP1tumj50RMSYziMKYqL29Ozx3ur4\r\nuUOHhkU09+\/TVc2\/ErpS97q0DmIIngixS3RgnRYybMOLCFdbhHZt2zA51A2HZ1j3ZjooFW3aqZtP\r\ntzbhXURY8PdCbsKWaWbz1OkF+dPwD93mjV7x7nvlo+dHPDVjac+eY+i\/VpmPDF2wJidjzC8LbF+P\r\nGfw4\/ffcCnrSan1i4uM23LlyLx5gjhpAz9YIzUtfXL9w\/kvraWxC3C+HDlUPip9hVwLOvDZ+T\/KM\r\neZH9suiOd1fTH8bl5A8bbDZkz5g8Gce9VYUHTp46Z8uajO8m0V\/oMR3o2QTqzFe8zkDFxSSQFXto\r\nzIKE4n\/jK3TtxwJ6a5J93cR3pCb25mRLdUc8lT7Fcmw74BUAnjvsegrfq1QD1Q2CA12TLBCPx0GL\r\nFyxYTE9jz1kzZsyiffGxY99YC+csuXaWthQ+sJ+eM2\/+LCGLPmK2PF5Y8c5rc9f5KYefP\/R3iJNs\r\nyKH14P\/mwEetMHzH6dbdH3yhIEgh4CW+OOpY0XfXrn1XdGzU2M+K6UfQeozBXZ74TMo4MXYMPUhP\r\n0i\/owTFjj8fG4tU4G+fg1QNAa9BDaqXpAVqEq+SCA9VvEPsUDsCE2ukP1IyL8BycD7E+ic6Twm5O\r\nwPfhUByCm1XQZXQaNC1lICuzSzOg56HVXu3aQQbbTcI0+zRhc80qVltjKu3nKlV48ibAN3KBD9pB\r\nRPs2wd9+qYqBxlbau\/N8YXagYAeo68G8K3BRv5mrYcQ4+jk+nUsX0ffpCzgT957xD6Pp3OTrN25c\r\nNyw7gZ+tsE9NHYKX43xcgJfHxnw+Nh3M9Qn9lH4UjDQdqjQdYPuFLoa39DuqhCVVVfY8WLKvFIzV\r\nHYWD9p4aPB6v9goAD3AAUd2R70W1a2gWX1Npeem0HXNH1RtH9D1KMgEQuq6fK8ve0\/h+re79AAuR\r\nCCWes33sBzDeh1fskxjrucIEe2zNOeFje2fNfr8AjqTKCpauEhbW7AG6rEHg69IMWG\/M7Av7KOsX\r\nOVXcFA\/Dw3HT1+hLVfSlrdKJGndyo7qj1KoGiaj6G4cdtmi+CcfMDAzxmpC29Zp9M2DcbCV+U91R\r\n\/OZmK7VmgH+k6Ab7ItVL\/FP47MDFiwcOfP\/9AfwATqFb6Hl4v4JTpXi6C0bf0V04Ft8Pa7Hr6WN0\r\nFavteD1sgbAJIjVexeY8Xn15vNZLtiBoEPD4b6fOmzcVzF5+9sKFs99WSWH2j5+bM\/u5inOnTp+1\r\nb2Ry0huanC3qy+mrdvVOaYU6aXteOXWwZaumqqwgHci+53aRqz+mp68IAn4JG5jAXIEaulCT+wjI\r\n7cs6Neikmvmyp7Ag3tFw2et0IV16F\/R4Y\/\/m\/pPzDlTh8gtni+yHvp05e\/ZMYU\/Aoik0B08ty7DP\r\nlU58dnLBm0KS\/fIcqCZq38P60hDQq52jTvCHuGa3t23t2jnaAPL37F1Dlq4dX5Z\/5F16057+udX8\r\nt+wVlRPnFRzZcfPLsful9e937zatONPUqnnHL6q++PrhsGP6mKenFDzZ6r5O72w68G1bFuPVoFse\r\n6Aa7HdFadkkspEFVNAjyt\/qEpOYCWgPyvQRw3jxW1T0Foop1AMh7zc4XXn115U4wVy2tgWgsunr8\r\n+FUyr2YU\/ZJ+hh\/CbVQajnoNeyar1fBPaGqv3Ysr8aa34AngxM1m4kUt91BfhHTntNjnoLyTx0F9\r\nd4G37j8CDrt\/F32Vxd833wKmj3iZXZADXtVX+XONax3Aaj7CP9s+nIiT99FkfHQfNB8z9uOvtcf8\r\n8JobwiT7LNJCzf0awB\/HYxURjg+WEfdjG7bsp21YKpcLWTU\/2XsKB1V5UwB+ZV0txKydx4E5Yqua\r\nV0nWzZ1kcM1+6UT5TXNlufgscjzrPQjP9WqXwbqXwFV4ysmTdLrOr\/SXmtJbnmN8Qfbl\/EGGPcfo\r\nFnMar\/NnPj\/15CIQ9vOgCKEznf755zq\/G1+V6sRS1qeQjfBMdkLtfbgJyCh8cQe1UdsOfBH0OI7n\r\n0SL2NIZrL9MWZDPdzJ+bQH6yuaY\/3VxaynktF68KcbosvuYLdAbSZ+gpXRZ9Bhfz+lEAffs+cRLU\r\nv2DXrjWiOwhV13WE1+t5hCc+WGEzPlNRUdHj5Ukrqs6d\/b7s6aHr4x\/bNPjUSSE8a1KG9YvtHeLt\r\nT1VmGd5d99Y7PlPnhYZWtmtXw\/ltgHgMBd09eE46+k9giXkDzx\/l2rZjhiVPlc2YWVY2c0aZ\/WjX\r\n1eZd58\/vMq\/uumGDEHb4woXDcAkpRgPdQ2\/Ae4\/BuBGIgr4m0Gcm6NPcNR8d+3ZrpD4akBkxC2LX\r\nbdu2LnZBjH5p6rf0Z2hsE54TIzZ37Hju6NFzHTtWtmmDH8FNsA\/uFcTlZnQvAQsvLjery9w8ah0L\r\ncG3WiL6iouvqwp3nz+8sXE0RKLFsGShBqoQxv\/y40WjA0dgd3tEG6q8potEXG4PcfugB7sWAW4X2\r\ncePauImN7TqPN9anvz58xO70n+gF7HHu8D8qhCUT521oLIwZufdg165bHgrBPbCMfeHR\/\/T+Zdu3\r\nrFJj\/SFgtBl0YFXcn1nGX60csD0yLwubV43UY296pWL16pWVOr\/lyTmZpTVh5JPSxN2buIx0KLkE\r\nMnrwJ1MX3zVTvabVOlfDQLdK9Etnz1qyZNbspRXnfxy2Ii5u4cAX14WvKXzz7Nk3C9eEVwh9D335\r\n5aGDX355iZ6lF1u0fD3kobfefiwzA\/fCBIu4V0Ym61k2QD7\/rMkOIqvMvdkJIY9J8nNFoXn2ig0b\r\neq8d98rrwnr7KGHV6lV719vn6Pzsq0zGK0z+VwA3DWiozwisw4C+fstL8BLTb67R+V1EQu1XdCiH\r\n8UBN1Yrp6B5U2OdefDRkjJ4jzP\/snZWG5br2F7ltQT6xLeDV7yM2bMCX\/2a\/KHQ6SdEGnV9NLj5n\r\n\/9m+WQiynwYcpzxcGpBE5\/eLdi4E9HTZYOvWcKM+abhq7VTfX1V\/76Obi1Zt2pA1blpZRfb4qUs3\r\nbOi5Kr+gnMx9svjaWWaMtSuZMYRV61a8\/aJ9jpi+JTvjSeSwK\/C5za7+v2JXIMHNqsUu4XHR7NbT\r\nRJezma6zVpTPnlVePuvkv\/998otr18iZCx98cOH7QwcvrqSH6I\/0H\/Qg7gkx64d7sDpBh4qhQJPn\r\nW3CdQFqBqFc4EjdsqKsPuNZRNDbat+jkSpcKgS\/VpVu9WH6wgWctZ\/Sy\/suRwkLXurzuWlFRV4fs\r\nW1yS2lj5y3XNrsJ1oM86\/La3GLWZcP3B\/u0WlIHcGyd4P9ScbPfxPrzXvg1MmpUpSdz\/mVBvmP8b\r\n6Ct0d+orHo5ZNnjSkyNm9XhtyVfvDd5qGLVtWNGUx8p7ls\/98I1R68RHt7Rvn5bWLy6wyUPL566s\r\nCgraGxExYvCg5OCmbZZOX7W5JefbGeTeIK1S44GVBzANRD7sA6xMeOMUPIRuisretOnt50pKpFX0\r\nvVL7mrmJ5as\/FdJL8SNqT7oSZL\/IY8qPnfm7tB3anoJfeKnQPGdFRUWf1eNe2Y7X4DeFCrth9eq9\r\n64VJN9dszsq8SjZqvUBjMZ0\/q6uNRPdXcW\/ceyud\/Y2YXpNGNt9cw2ROgH57GcDxnsOX\/4MHShKU\r\nUPHxR\/s+\/qiC3tj3xd\/3AUYZGceum2tIWc04Nc8igIcb4HrwMwa+0bLkJT\/TxXjqPnqK\/n0ffpou\r\n3489sIeYbj9jfxfvorHCQCGAPo5LVRrdIFaZnFAxJJ1WL7p3572PMDhmVuFMQ3R8aEuaowqfc2hi\r\neezsNDGxZgnJ4\/hJkIMlgF+vB8kiPvbnhIKazwWzfaOYvrHm1OKNJJjDf0e3kVehbkB7JnHXOE8F\r\n+W6t1nb1OZjlCNnS4+vnDdO6d38q\/fmve\/SdmpCSaRycMHXvoiWnryyzlVqXXj29uHT4ghsvLGz+\r\nwMKVNxYMBx4\/0BZ4hq5F3Xn3jOW6FjdYV1WffzONKTuPd0ihMq2TIijou0enJAw2Asspj\/b8eplh\r\nao8eUw3Lvu65d2jpjZULH2i+8IUbC4eVLj59dam11Lbsyukl\/JwGH5diSGf+tMB3wXZt2buuC2kW\r\nwN7AXdKPWTs8c4Ys6TznpyWXjxi7dljmLHfJzXPekITnSedtSdG9RYFIjySkbkvS9+HDeP5TYWFU\r\ne\/cunp+NbdrnGmrhzn9MfPyVTcH8+\/Wm829sqIlv\/EOjL+HWHTlegOeWT0Emzyk3NlSfbfyD9vNl\r\n5ytDTEGjeBrAo6AQB9dZHECS0Gs6d7RQXIKW6z5HJukFZMPV6DXhY7QKrsVkOeoG6\/sAfqGwHI2E\r\n7\/eFfIjMJagErg\/hmgPXfLhGwsXoTINrGVyT4bIB7Em4FjIajot8ima6hQP+j6iJeBVtl9xQtjQP\r\nbRfnw9UG7pfA\/Ti0XWjFrtq14i6Yh2cmXTdYy4CrEmWLw9RvKEnbxeeAlqn2pqRHaxhNt5aor3gZ\r\ndYM5O3yncF3Y0dnH6HXOf3ntZdBruZiLCgB3A7mGTPBtEguQSXgaPcTHi9AGAaFXBFR7Ruyojt0I\r\n2sDmxWwOv4HBCdcA\/x2UKXyKOsPaSrE\/6iadQwnwHcHG5CBKAjt8B\/x\/YN+MP7ggQHuHoH7oSXQI\r\nB2AjtuBFeDP+FP+IawRZCBDaCCnCOKFc+Ez4mbQh6cRG3iTXRXexpdhVjBVHiWWSLLWVRknPSNuk\r\nD6WvdX66EF0vXbJunG6i7nndVt1ZN9HtEbdCt81u77iddbvhfp97D\/dk9xz3ie7PuK903+b+jvux\r\nRu6NejQyNlrS6ECj7+Q2cow8XLbJC+WV8jH5J48HPeI9nvRY6XHSo7pxy8ZdGic3tjR+rnFl4y8b\r\n\/+D5oGe8GnMog6ShjigHKpwAO+JyFpGiP49M9nP3+6HwOuLweQ2DffrDnToWAO6Vut+F8EevaWMR\r\nxge0sQTUT2ljHdTuC9qYnVJVa2N4esce2tjT5wXcXhs3QV1939fGXsjD9xdt7I0a+YnstzREqG34\r\nYT9PbQy9qH9fbSwgd\/9sbUxg3qyNRRgv18YSus9\/nzbWobb+p7SxO2odgLWxB+oVEKSNPYN7BYzW\r\nxk1QTu9l2tgLBfSu1cbeyKePf5S5sMSSm51jU9pndlC6PPxwuJJRovTPtVltFpMhP0SJK8gMVSLz\r\n8pQUBmVVUkxWk6XYZAyVb0PtxlDTDMX548wF2Up\/Q84dEKNN4wxDi5TMHENBtsmqGCwmJbdAKSzK\r\nyMvNVIzmfENugQMm1VBgVaLMBUZTgdVk7G82j29wocHJoSaLNddcoHQJDe+mArD1W3GyzAUgnA10\r\nzbHZCnuFhRlhvrgo1GousmSassyWbFNogckWw8GYqEzZOvso7a0mk5JhyjNP6BCq3INiocqAvJLC\r\nHKuSm19otthMRiXLYs5XIi2mYk0UBw9uyCLVkK5sZNnJHVQ0KKpodd6QO931Jd\/ut3t2uXIL51yr\r\nbFBsFoPRlG+wjFfMWbdSkeVkkyU\/18r9kGtVckwWE\/DKthgKQPUQ0B3UAjSwGNg5RLGZFUNBiVII\r\nngMEc4YNLJYLJjAomSC0DJC2HJPDTpmZ5vxCAGcAthygDlZmnlXat+Ymad0BiBkVg9Vqzsw1AD\/Z\r\naM4syjcV2Aw2Jk9Wbh44qT2jyBGUVHOWbQKYv3UHLonFVGgxG4syTZyMMRcUy80ospmYDHI9hBBw\r\nc2ZekZFJMiHXlmMusoEw+bkaI8bBopoSyBZZAZ6pE6Lkm5jWMg8Qa06IC48QxjPMbFGsJvADQOeC\r\nqJr6t7BmwgHZQmZom6yajjOakAOBdRsCc0NWkaUAGJo4otGsWM0hirUoY5wp08ZmmH5Z5jwINqZQ\r\nJiRMLtPD2kuW04CcIcNcbOIaqFHEBagLggKzDdxgVWeZVwqdEaCuKdYcQ16enGHSrAZiQJYY6ulp\r\nLoC4sCj5ZoupQbUVW0mhKcsAjEJVoeqv5htKIFsA3ZiblcsCzZBng9CDARA1GI1cc9V0LEENFpCr\r\nKM9gkRkjo8mam13AxchWcxWQWIQaMoGIlWE45LHeyomRlIEBN5ghr2ECGo5DDic1EK8gr0TJdQlz\r\nmaljMbFfRuSwbGBlhmR+caSHCWLOZOFIE8wWo1VpXZeHrRlvx4LcmqVta24y8Ey8li8ZJsgkRrUI\r\nfMBsUmzOrRPM9IQNMkYxFBZCehky8kxsQdUdKLOB7HRKjsGm5BisQNFUUM8mLOqc0W1UiqAIq3I5\r\nRZW5cKqGd\/Oq1ZzHspq7jTnJoOSx6gG54gAsNGSON2SDYpCHBWaZhepvC6p6rKBggYimvCwmVKxe\r\niUlKTFNSk2LShkWm6JW4VCU5JWloXLQ+WmkdmQr3rUOUYXFpsUlD0hSASIlMTBuhJMUokYkjlEFx\r\nidEhin54coo+NVVOSlHiEpLj4\/QwF5cYFT8kOi5xgNIf8BKT0pT4uIS4NCCalsRRNVJx+lRGLEGf\r\nEhULt5H94+Lj0kaEyDFxaYlAE4RLUSKV5MiUtLioIfGRKUrykJTkpFQ90IgGsolxiTEpwEWfoAcl\r\ngFBUUvKIlLgBsWkhgJQGkyFyWkpktD4hMmVQiALEkkDlFIWDhIKUQEPRD2XIqbGR8fFK\/7i01LQU\r\nfWQCg2XWGZCYlKCXY5KGJEZHpsUlJSr99aBKZP94vSobqBIVHxmXEKJERyZEDmDqOJgwMFUdpzlk\r\nhjBAn6hPiYwPUVKT9VFxbAB2jEvRR6VxSLA9WCKeixuVlJiqHzwEJgDOwSJEHhar5yxAgUj4F8Ul\r\n4+ongrqMTlpSSlqdKMPiUvUhSmRKXCrzSExKEojL\/JkUwyNgCNiTOS9Rk5f5iM3dHh0AxbA1BaP1\r\nkfFAMJWJARNyPViILv0TmaZCG4ttLbnV0sjLqFo7Q3jUqkUAQnhAASSuOseHsC1BZvFdR61uzg2b\r\nbcchaunl5QOiG3YitfQai01QAa2slJgtspkVkwm5Vp7psAXmm9U9T7Ea8oAZYLEs4lBQKw15gGat\r\nE7NeQsmOzbDQkgsoEyy5NigmiqEIZi25E7Vt2KJtU1wDxakB4+IsDqr8FpO1EHap3GJTXkkowFrY\r\nXsYlyS2AXi1fU52bL9PWy9Eq2JRsTtxotsnQ0YUqssw7rj\/cOt1ry\/vn9EGy2gcpv6cPkp19kPI7\r\n+yD59j5IK\/KZnJLVsWc00KA6Gxb5j\/RKiqNXkv83eiVZ9cN\/rFeS1YT9Q72S\/Cf2SrKzV1J+Z68k\r\n1+sLfkevJN+pV1LuvVeSXXol1\/St1y7Bfg5F4s9ql2StXVL+ULsk1xOXPzf+2S2TXGBW\/nDLJP+p\r\nLZOstUzK72+Z5FtbJuX3tExygy2T8ltaJjktcmjCwCQmdmTs7+qOZKfmf6Q7kh3dkfJHuiPZtTtS\r\nfld3JDfYHSl\/pDtiwVovUeoaH\/mOjY\/yGxof+e6Nj3IPjY\/MG5\/6vcOvNzQ2B3w\/3jTIofAVeteT\r\nq7AJueNzw3KhgjwRWphTGKaVMZcjs7ojMRSFzKgQlSALykXZKAfZkILao0zUAb67oIfhHQ6jDIBQ\r\nUH+AsSErXBZkQgaUj0JgNg4VAHwojCJRHrwVlFJHy8rvTPBtApxi+DQCpHwPXLvVcU0DTsXAi\/13\r\nogKAZnIYAOe3cYyG0TjAG4qKACITYA2cmoljGLhGClApgM9CgMkAurkApwC+Gbgb+NqtdFI5FUYh\r\niktnhNUCztsIUprhPf43YNw75FCunRVkMnOJu4CO4WAzVwoO\/F\/jk8XXVcvZNL8yS9rADr1QGLyN\r\nGnwxwIcCnBm+LWAbE8e1cCuGAg0T4MS4UHNY1eHZ2+OHrTGZTNzbJrC5GU0AWObbP8djjNIAWCkB\r\nmByOmQtrhVxuG7cGs4CFY7B4YlSLb7HKrXo4I7KoXkTeSRsZ3g3prnrRACNXq92eGzLq9Afe8j3l\r\n25+f5Q3726lzLqzIfGTjMyzK8rmtx8OcGTzwa7IwzZI5vXxOzZkPuVymHL5m0vTK5lwKNK+HaH5X\r\nvaVyU2NMjecQLpeZe7+A4xdqOadyMANVmxZjuVoUGDgN1dKyRtPGpbg1njI5HItDlbqDAoNWZVdj\r\n2ZGzzFutXaKkNfecgec1+7ZyuTIBx6DpJ\/MsyIQIzedUbHzFYZ8sGOVpmdS+TkYnB1Z9mPw2iF81\r\n+hlHp03YTCHPGiNwyOTYDmmMXAMbj7UMWLXxVZWHfBcOIVo2Z4JkRZyKapMJPAZyeNWxaZbJ53Ou\r\nGjl0sNSLSlXaIm7DEBfvsHE+96fqa9mlglgBO+QOeoTU6RnGK4jCKav5oNLO1axa3\/t319phOVXa\r\nwrqItnG5nFHn1GgCt0f+PXFwZEMWr9oFmoYmF45G\/sl4hPBvZolxAJHJ6akwDv+xOM7TKpvDQ5na\r\nDpNb5w8r7BwsO9M06QxA0cwrg9MHrrXIaYHbK0EBwNu0bLDWg3XkitNirjXAFU\/hOhu45DKvzfVj\r\nTbWGupcY7uJPM9\/lFM33+fzbWT\/uxRc2vhOxndOgaRRaz1J3w2U2KdH2FpU7s3kWl9GoRVIej1NL\r\n3YwqKbOp0cXnrlHn2EENfEfM5TUjj9\/JdRoZuaTMXwUu1siut6+qnBw11MCjR41dB49b7WP9VZ0c\r\nUsqaBs4IM3Af3bsE9fncao+GZAvR\/J3H8XLvUM3lOu9YeJ018LripOuYsdZFpCNfbt09TFqdM3Et\r\nHJwmcK2MHL91A\/th6zq9b8WQYc2x27Z2iTI1Z+Jv2V8yeL6bXWQt0vLAESfFsJrbgMVM6Alu5wIt\r\nkwvhre5eBl5RTXUYrn5XZXbMyA1mSg6v8Ar\/tmoymngk3SlOHLWuodpt5DuB2gm72qshq8oulnP1\r\n4e\/NVSuvmo692pltjkxinUNeXe9h0TDqUyzkET0ePrM1j6n7IYsqua6q\/icr1Z21ytByxKbth1l1\r\nlopFes4nCSXCHeOTBHdpaBj0kSl8LQ7mFOjjUmBlKNyxPxsSzf0SyVfYemuejcNgzCgmoSGclkoj\r\nBT4Z7REww2gr\/J7dDQL4RKDFcPVoOOehB2qpIFkSjBntBJiNh2+9BscwomBmCNyz8QDEulCVH\/vj\r\nJWk8dxgek0WVNA3mnVzrSxXHOTokS4C7FKAfq62yP5QSx+kx+UN4f8TGiZqcquVSOHVmI0aZ0YwC\r\nieL5HZsdAt\/JAJfK7RnJdValTeQ6xMC6qoueS6B6QpUoiv9BlhEcgv2pljRuBcYpTYMM4X5k+kRz\r\nfMZ1EIdSJUvSvMzGTiqhmi1VOZj9h9ZxTuX6x8Nb4fqn8T8Gw3wTCfQddB2xM4BTYHLL3BpDuH6R\r\n3A5JnEN\/DsesyOwZXxdxKS5eieL2Yn5jkkdzTpHcIqkNauKg5uqdhqJDruMwgOun55aK59CpYEc9\r\nwMfVzajxGMd1jdJsrdJU416NiXgX60ZxHZlnBwNXvRZTkdx29bVgfhrG5XdqoXogUvuMcrGZ0\/uJ\r\nmncd8qRxzmkNWGUYz0U9h4rkvk6ty5EYnr8JmuRD6iLMWQOGaPGZVCdZffs68sgBdy+1Q6Xl4F3f\r\ng9E8nuI1CVPrrKFCyHehq9YuPexrmfw5x1ZXt+vv3K5do7Mbde07Q1xqrWsnoFbhARw2\/xY456z6\r\ntKTuWc5nHdferaEnbMfTsdrLO7peZ\/eh1u4i7SzI2fUaeX+u9oDWuq7EzPtAc11nMoGvOvf0Qu3s\r\nxFzvOY9xNvC9P6SOl2MvctJS+0oD7xYYN2sD1rzzDiXf9mRYyPd7lcsEPrZpnQnTr0iDZfMTb3ka\r\ndpz\/3O4DpUEfOHRpqHNwtb+F+7tQe5bK5RZm\/WSoRteCHM9lTpswC6jnavm3eN0ZfYxaL3TrqQKz\r\nQbaL5EZuaxmpZ3SMp8zrleOM679\/6vRnn\/L+L50HyfXOg27tvP5z50Fyg+dByl98HiTf03lQ\/U4+\r\n00Um51mHA\/LeTlAbOmGR\/2vnSspt50ry\/z9XcjlXcp4w\/N88V5Lr7bD\/vXMluYGntf+FcyW5wXMl\r\np0Z\/zbmSfJfzgr\/mXElGv\/VcyflTpz\/zXMmZb\/XPle60+975dEl9Plc7if+10yUZ1T9davh04685\r\nXZLvYl3FxYL\/26dMMo+x27uZv\/6USf4fPmWSbzllcj7r\/pWnTPKvnjIpf9kpk\/wbTpmU\/9gpk8xt\r\nMBSoDuTSqtaOhPW\/7uxIbtDn\/62zI\/m2syPlv3Z2JN\/x7Mh5BvSfPzuSf8PZ0d3o\/mfPjhyV9c47\r\nyu0nPvLvOPFxPaX5M0985D904nP7M9vvO\/GRXU587nbu8Gec0Nhuo98POU8aZM6H3YX+gd+5CuN2\r\nGQ9XGJfNyLumUN6\/FsJc\/W6s4d8yu\/23xFDdX5+vncL+Turtr13CtH61Nymp9iO\/BJMbXci\/y8j1\r\nJuQaJT9T8q9g8lMT8s8ycjWYXHkmUrpCyeUy8o8y8mM1uVRNfqDkYi\/yfX9ygZLvupDz36ZK58vI\r\ntwD4bSo5dzZMOldNzoaRbyj5mpIzXchXfuR0GfmSklM+5O+TyRe7yUlKPgPwzyaTE38bIJ2YTP42\r\ngBz\/9AHpOCWfPkA+oeQYJR9T8hElR8vIkcMtpSOUHG5JPuxCPqDkwCxv6cCD5P0Asp+SfZS8R8m7\r\nlLxDyduU7KXkLUr2ULKbkje9yRuzg6U3KNm1c7e0i5KdVaOlnbvJzmli1Y5gqWp0v1pS1U\/cEUy2\r\nU\/J6GdlGyWuUbKXkVUq2GMkrTcjmTcHSZiPZVOkjbQomlT7kZRD65WqykZINlFRQ8pIPWU\/Ji+ua\r\nSC92IeuakLVGsgZA1pSR1ZSseqGxtIqSFxqTlSuaSyuNZEW5l7SiOSn3Istl8jwly8o8pWWUlHmS\r\npYC0tIwsWdxEWtKeLG5Cnqsmzy7aLT1LyaLS0dKi3WTRNLF0YbBUOpqU9hMXBpMFlMyfFyrNp2Re\r\nKHkG1Hwmksx92kOa60ee9iBzYGKOkcwGS80OJrO8yUxKZkz3lmZQMt2bPEXJNEqmUtKvdsrkydIU\r\nSiZPJk8ayaQ0f2lSMJlISQklTzQhExqTYpkUUWKrJtZqYqkmj1eTQkrMlBRQkhdIxlMyzru\/NC6V\r\n5FKSM5lkw00WJSZKjJRkUpJBiaEXSa8mYxqT0ZQ8RslISkYMl6UR1WS4TIYFNJeGdSFDKRkCnIf0\r\nJ2n+JBV7San3kRQ\/MnigrzSYkmQPkkRJYoKXlEhJgheJp2QQrAyiZGCclzTQl8S18JTivEisJxlA\r\nSUwZ0ZeRaEqihE5SVDXpv5tEDiL9KHmUkkf6+kiP+JG+fZpKfX1In96eUp9+tU1Jb0\/Si5KelPTo\r\n7if1qCbdu3lJ3f1ItwgPqZsXifAgXVuScE\/SpbOH1IWSzh7k4TAP6WFPEuZBQjs1kkK9SKdGJKQL\r\n6fhQsNTRSB7q4CM9FEw6+JD27YKl9pGkXTBpG+whtW1Kgj1IG0qCKGndlASCnoE+RDGSVtWkJajQ\r\n0khaeJIHwYIPUvJANbm\/P2kON80puc9ImoGlmlESAEgBzYk\/JX6U+FLiAwA+lHiDrt79iddk0tRI\r\nmlDi2ThA8qSkMUA3DiAelMhepBEl7gDmTombH9EZiQiLIkSAP4FZQokA90Ingr0IogTvwsZZC3DH\r\n\/wsv9N8W4K6vFv8PCQVreQplbmRzdHJlYW0KZW5kb2JqCjEzIDAgb2JqCjw8L1R5cGUgL0ZvbnQK\r\nL1N1YnR5cGUgL1R5cGUwCi9CYXNlRm9udCAvTVBERkFBK0RlamFWdVNhbnNDb25kZW5zZWQtQm9s\r\nZAovRW5jb2RpbmcgL0lkZW50aXR5LUgKL0Rlc2NlbmRhbnRGb250cyBbMTQgMCBSXQovVG9Vbmlj\r\nb2RlIDE1IDAgUgo+PgplbmRvYmoKMTQgMCBvYmoKPDwvVHlwZSAvRm9udAovU3VidHlwZSAvQ0lE\r\nRm9udFR5cGUyCi9CYXNlRm9udCAvTVBERkFBK0RlamFWdVNhbnNDb25kZW5zZWQtQm9sZAovQ0lE\r\nU3lzdGVtSW5mbyAxNiAwIFIKL0ZvbnREZXNjcmlwdG9yIDE3IDAgUgovRFcgNTQwCi9XIFsgMzIg\r\nWyAzMTMgNDEwIDQ2OSA3NTQgNjI2IDkwMSA3ODUgMjc1IDQxMSA0MTEgNDcwIDc1NCAzNDIgMzc0\r\nIDM0MiAzMjkgXQogNDggNTcgNjI2IDU4IDU5IDM2MCA2MCA2MiA3NTQgNjMgWyA1MjIgOTAwIDY5\r\nNiA2ODYgNjYwIDc0NyA2MTUgNjE1IDczOCA3NTMgMzM0IDMzNCA2OTcgNTczIDg5NiA3NTMgNzY1\r\nIDY1OSA3NjUgNjkzIDY0OCA2MTQgNzMwIDY5NiA5OTMgNjk0IDY1MSA2NTIgNDExIDMyOSA0MTEg\r\nNzU0IDQ1MCA0NTAgNjA3IDY0NCA1MzMgNjQ0IDYxMCAzOTEgNjQ0IDY0MSAzMDggMzA4IDU5OCAz\r\nMDggOTM4IDY0MSA2MTggNjQ0IDY0NCA0NDQgNTM2IDQzMCA2NDEgNTg2IDgzMSA1ODAgNTg2IDUy\r\nMyA2NDEgMzI5IDY0MSA3NTQgXQogXQovQ0lEVG9HSURNYXAgMTggMCBSCj4+CmVuZG9iagoxNSAw\r\nIG9iago8PC9MZW5ndGggMzQ2Pj4Kc3RyZWFtCi9DSURJbml0IC9Qcm9jU2V0IGZpbmRyZXNvdXJj\r\nZSBiZWdpbgoxMiBkaWN0IGJlZ2luCmJlZ2luY21hcAovQ0lEU3lzdGVtSW5mbwo8PC9SZWdpc3Ry\r\neSAoQWRvYmUpCi9PcmRlcmluZyAoVUNTKQovU3VwcGxlbWVudCAwCj4+IGRlZgovQ01hcE5hbWUg\r\nL0Fkb2JlLUlkZW50aXR5LVVDUyBkZWYKL0NNYXBUeXBlIDIgZGVmCjEgYmVnaW5jb2Rlc3BhY2Vy\r\nYW5nZQo8MDAwMD4gPEZGRkY+CmVuZGNvZGVzcGFjZXJhbmdlCjEgYmVnaW5iZnJhbmdlCjwwMDAw\r\nPiA8RkZGRj4gPDAwMDA+CmVuZGJmcmFuZ2UKZW5kY21hcApDTWFwTmFtZSBjdXJyZW50ZGljdCAv\r\nQ01hcCBkZWZpbmVyZXNvdXJjZSBwb3AKZW5kCmVuZAoKZW5kc3RyZWFtCmVuZG9iagoxNiAwIG9i\r\nago8PC9SZWdpc3RyeSAoQWRvYmUpCi9PcmRlcmluZyAoVUNTKQovU3VwcGxlbWVudCAwCj4+CmVu\r\nZG9iagoxNyAwIG9iago8PC9UeXBlIC9Gb250RGVzY3JpcHRvcgovRm9udE5hbWUgL01QREZBQStE\r\nZWphVnVTYW5zQ29uZGVuc2VkLUJvbGQKIC9DYXBIZWlnaHQgNzI5CiAvWEhlaWdodCA1NDcKIC9G\r\nb250QkJveCBbLTk2MiAtNDE1IDE3NzcgMTE3NV0KIC9GbGFncyAyNjIxNDgKIC9Bc2NlbnQgOTI4\r\nCiAvRGVzY2VudCAtMjM2CiAvTGVhZGluZyAwCiAvSXRhbGljQW5nbGUgMAogL1N0ZW1WIDE2NQog\r\nL01pc3NpbmdXaWR0aCA1NDAKIC9TdHlsZSA8PCAvUGFub3NlIDwgMCAwIDIgYiA4IDYgMyA2IDQg\r\nMiAyIDQ+ID4+Ci9Gb250RmlsZTIgMTkgMCBSCj4+CmVuZG9iagoxOCAwIG9iago8PC9MZW5ndGgg\r\nMzA0Ci9GaWx0ZXIgL0ZsYXRlRGVjb2RlCj4+CnN0cmVhbQp4nO3P51YIAACA0e+c7FFmZCV7ZFQq\r\nhGwtlMiI6P1foofon3PvG9zapYH2tLd97e9ABzvU4Y50tMGGOtbxTnSyU51uuDOdbaRzne9CF7vU\r\naJcb60pXu9b1bnSzW93uTncb7173e9DDJppsqkdNN9Nsj3vS0+Z61vNeNN\/LXvW6N73tXe\/70EKL\r\nLbXcSh\/71OdWW+tL633tWxt970c\/+9Vmv\/vTVn\/71\/Zu8wAAAAAAAAAAAAAAAAAAAAAAAAAAAAAA\r\nAAAAAAAAAAAAAAAAAAAAAAAAAAAAAAAAAAAAAAAAAAAAAAAAAAAAAAAAAAAAAAAAAAAAAAAAAAAA\r\nAAAAAAAAAAAAAAAAAAAAAAAAAAAAAAAAAAAAAAAAAAAAAAAAAAAAAAAAAAAAAPB\/2QF3vBKPCmVu\r\nZHN0cmVhbQplbmRvYmoKMTkgMCBvYmoKPDwvTGVuZ3RoIDEyMDM1Ci9GaWx0ZXIgL0ZsYXRlRGVj\r\nb2RlCi9MZW5ndGgxIDI2ODkyCj4+CnN0cmVhbQp4nO19CXwURfZwVVf3JHQOGHJwQychASQESEgi\r\nUSQhF4Fc5OCQK5PMJBnIHM5MOOQGbxcRUNSoCIgIqIAsKwgBQbxYRZaFqIio\/Fk8EBD5o2LIVL5X\r\n1T3JBALrvft9v2863VNd9erd79WrIr+AMEIoEM1HBJXkFfaPLcl98iT0nIW7pMxisLexyksQwtnw\r\n3lA2zaXc9upAX4SE4XAXldsrLOOFqRcQEp+C8RcrDE478kU+CEkwjvwrqmaW3932zMvwXoRQl\/mV\r\nJoMxoEOpH0LKURhPqISOgEu6fyEU5g\/vPSstrhkHNvRNgPcBQPO+KluZoSBi5EKEwnfA+FsWwwy7\r\n7nkRYCPmw7tiNVhMY6ZMHQ\/vqxAastpuc7oaF6DbETKksXG7w2SfbVjzJbwbEfJ5HhFpoVCLROAn\r\nTnoCKHRXv8mHqFxoDxL5+eqIThQE8UtkbfwHcjfKPUv6iEjxzy9PNyIFKY1uXTANxjU+FnyqBOHG\r\nxkaQvUSqY9QQ+xCkfrpq7a7wxPxbRIvgW4SLvc9lMwFfY+Mp\/s6gRSQhHWjPF7VBMvJD\/igALNMW\r\ntUN61B4FoWAUgkJRB9QRdUKdURfA2Q11Rz2AchgKRxGoJ4pEUagX6o36oJtQXxSN+qEY1B8NQANR\r\nLIpDg1A8SkCJ6GY0GCWhW9CtaAi6DQ1FySgFDUOpKA2lowyUiYajLDQCjUTZKAflojyUj0ahAlSI\r\nilAxGo3GoLFoHOh4PJqAJqJJaDIqQQbQZTmOw+WoFn0N7SFoDaonPZAAVzn0su8XcRF4VS0qBcgF\r\n4t24CL4t4lokwPg88SBoQMBxqBTdAa1IcS2uRTvRaZi9AC+Whku3M2iuJ4brB2k\/viANFgajsaJF\r\nHCJuFReIWwGiWiwXF6At8BwsHBafEmeJh8RZaCzjDGezm\/GBavAIHIFqhBqchjvhNOEg2sf5H4pr\r\n8C3Su9K7qA7V4XyAfBFNF2T8Nr6I++OxeCvM+gH9gHvAW7wQj8\/jL4Hjx9FhMlaSUQ1agtvDWy06\r\nCHyfRheRE0xdjpZIdUJf8JD96CT6EPoRmoIFeHYj\/aQ6uC6g9WgKaOYkFqQ6XbBPmFguXEZn8SJh\r\nnXAZR2ABrva4B2hzEjkolohvi\/fDKGgHCySO9CDD4DmBQUh1uAa4OKkrxzMBjl2zWCQL+4UdIOMe\r\ndAIxP50iTBBmCTXoBN6EdwLHCN2NN4klPqViF1SjqxHHovNMN+iwcBD0kc\/18SB6UDcQ\/SDq0AWS\r\njUvE9UxjKFLahxEO8xmha49W4BE+i0ASRBLRLPBUhA5gJO1TL4Dy1XVDK8ReZCXwLghzPHrDM9FB\r\nYTApRU\/xaznegZajHciJAAWJ2u6jk0QiYBSttNsiRGYZtySPGqu8My6sX\/RVr0o7H2ULyt8SMFPZ\r\n0diYP1bsIo3bInXdQiJ9t4iRESevN3iyX\/TI\/LHKDtw7PU1Dm16SBp2FY6HJ3qAb+tPT+BijukWK\r\nhJ+ski1KWaXyQLsHIpIeaGdK6gdRLEDkChDXBFoT6AryvbQW2pANg\/Rh+sgwfdgE8kTD+8J77kF0\r\nhU\/g5YsOXR\/u9eANQiZ4iARxD\/rUkwgCE8LA7mkxX8XgNFor1bn300l4jfs9+pQaA5vJRqKHORw\/\r\n1kfwi+jrtoNLucHh2M3g5kCu+4u0B7JFD4AjcUFxJC4kjITBHREUwe74MH7jCPCjQaPPjXl7zE\/0\r\nw9swoodHvw2v74y+gnsNpXjAaNz\/\/NDz0h46Dy+g8+ro+Q\/pAjyP3R\/i9nV4gXsjPa\/msYfpEfEe\r\nXTBkpJsg8yDAHBXVSx8a2kHfKyoqflBCYmJcCLyFsN4OoaEhwTofotfpQoJDg\/QJCfGDooT3luE7\r\n\/mmsOGrp\/uHfPjmIl92+7Xb46Xp6x\/FPlyXnZH6UmzucHsH9pJg+WHfLUBEn6m7atuGvB9p8eco3\r\nvAu9qb9ET+p679q+481AMgxLYnr8Lan0ZXoGDxuWlsp4lNAtjad0bog9P8inXSBnxgGf4YyFuFjG\r\nQa9YxlZEOGMXYjAuzOu9gxec9EhyRkZySnpG8vq9e9c\/\/\/rrbuvbZPg7Vyh\/3bv3eT6ckSlUznI4\r\nZ81yOmat\/2j37uPHd9ceaziiCzi2e\/fHH+\/efWz9bIdzzhynYza3rbXxlFQPvEUhtgrihITEMJ3g\r\ng8N66YADxBTI1RgXCxqNiorg7BCdxlSicAjbBwyUcMdA4zjsSxeOnXS4+hz9ZP6yqJ6n9xS8XFL0\r\n2PCM7Oj7km59Yuqt5n7kM3pbxibrK\/RfU+keS0YaDjm+7OSU+ClJz77RrRs9MyDmloTwMfRI\/+mZ\r\nzjV9mLuCn4Pv4bu573HPw3drPsfGVtKLwnbIBwHMk6OE+EHtGfMhwe2F7fT7B+66+37s53Q56cUf\r\nMWgB7\/v+HL3lxAmaxPEuh7kvqnODEtrHDxJ6hYW2DwkWfB5xwgf73X\/XogfoxfP4rRMn8JvnvqdD\r\njx+nqT+qPPWELPIM6EwPL5LkEwl8Sb0iIxMlfZw+kjxDP8R90ujRJ+iRNNyPP57A0eK+lzYt3kHX\r\n47E7Fm96afEreCxd\/wrg2g8OkiGJ4BsgH0QK4AqLh7C04Q\/oTfCDP5BE96Wz7kuC\/1nBX6VfSk8I\r\nGC8Cz0JBLIKDanHap3tvx4voIfogruYwZbhWqBE+Y3oDmDCjEO9+V\/iMnmBjtSwRwHxtrJZFPUye\r\nw8ZQ4zBhjabvOPDGY+\/QqLelup8s4CtjG0+JL2h+jHA75g36dswPcDsUpiA9f5L8yTb75Ml2awm+\r\nnX5OL9Mf6OdYwTL2xYpwFnc8fZp+RU9\/9RXuSBdTC16OndiFl1ML0D4EJctdQFvmfEk8jenDPsKx\r\n9C18M6yjsQ1FWCZvDse64Vfi6Q9czqUwpwx46sizWZge86AGznwgvONiRRbwQpCQ1zAAnxk2dJ55\r\n1D5r9Wnrd9jvjldwF3oad8Enh81NM8\/PycbD+\/Y7e+TOIy9zvLNAVjvg7Q0vLG2IYeE8r6ihGBER\r\nrzU0QgojRMbf+xB9n35c8Y9yw96JDyxbsfyBZQvnz3YUbSyuOGDAOizOJpG99j366ZeRkbhPQuKU\r\nsnLz5fETR0+6qQ\/urCiv7V30PI\/JApBpE+hB4J6NIYOCY0UwXeiF5+ldeHYSXrB3L33V\/aL4uHsJ\r\n2dRQQL+mF3A7PEL1j4eA94Uwv5tq3xCmCBQSjFqKAJzvJ5Pc23vl9\/0Bt6cf0B8dn9usb46Zu3Tp\r\n3BEbDVIdPf2lfwD99tJFen5gLO6fkXF\/9bT7+vZT1wQH0FglnQdf6Nkym2E1TfgwohBQKEJ1jNhQ\r\n4cnx8JkwfjzOL35s+JMvBd7y4KhDbnr6PK2nJ3E+7jlxs3BykfYRDtKz\/fq+VjtwIL107AL9DN+P\r\nzdiBn1e4bUA\/dpBPx+QLwWE4bBb53n2JbsIX3DOlumNXRHEnWxvswONS7q8RUJm24DLSk9WYf6j2\r\nVXpCT1Bws3qEhaWVlaUlFRX02Vmz6Q+X3HPuvP9B+iO9Agxf+svH4wpHjR07qnCc8NQ0q7W62mqr\r\nntdn47zdb725Z97GPjftfvjTU6c+fXg3Lh5XUjJu3OQS0Nlk4Gcx6Kwj01miaolElmchdaE4VU\/h\r\nUdhDH5jdUfjYiCdfajvkwVHvu3Hnc9gHK3QzPT75JTxu\/ARQ5YQJYTi4L+gpNhb7ffwdDqfT6OP0\r\nITquh3B+0aKFd921cNEi1V7vwyNILNFqBB5Y+rD3cTrdxW6xhM6h61gGYLAuyC8MltcIaobRoD+D\r\nLMOmaJlGDIQpLIcNkTLEt5k9MMYhOB5L6Q1Pk7Irc8WF5CDdRl+px4fO4kMM937cS8ogxz18hPBr\r\nv7iQwV6ZS45\/88k57sNeOIPiOU4OREzkYD0deJYOrGfeLqC5YOhXwMbdYF8CGYCv+C1TADexDyxZ\r\nEsggzKW7bp2cFDdgTE7WhgmWbUXHv8wsShoSpaoBXx5YMK80adCEmIy81GE46abeb79W+uS4wbeN\r\n7LePF0MCmkmf0r0srQKfygF6Xt6CddqSzZbK+Di1uOgV1ZPxwRelDqq9O+jEiPCevdTlKqEnpChW\r\nloDlI4Szk0aNmlwyKn8SvqPLjPwn971ekz+jS6193qD4Ytr4qPm1\/HseKRl\/+9d3OU7ll9xBf7x\/\r\nHf3I6Zxx5x0O3G\/N33GWLTWDfky\/jxC6zHpoyZ0zFy+mt2fm\/fTOO\/X5mYvcI4MOPG3cnHXnXUNu\r\nKaUH\/vYovWIsrZiUv8ZQsWjOHJy1+xU8Ys7s+15YXXp6Lv2OHuWygvWlByDOfFhGZmkI84uQY+7\/\r\nGU3Xwk7laXyRPuv+F7Zvx+3oBamuvq8QKRSw2NsAMdoAc31hlWRBq6VNfZCnoWVVsInCLCTsLygu\r\nLnjtXTN83hUC7HfSn+gl9z7BF3e8Mp4sz8\/NGUXfcDtLywwGOlPo1PP1xR8dlepqD1meUHPeeIit\r\nI+AHnWCrAJbwJB21aGHqZ7oXj5QcstMtdAa+D+fbD5UYdlXsPHp0Z8UuQ0HizXg1NsHGbPXNifTd\r\nrDR6+asv6eW0LKYHkEWq4bKwdU+vmRyHKWA6XjPoQA5BnH3088\/qaB9sxbG479TJEyZMrqL\/hGuZ\r\nuLXhjjOfffoVjjC4TPTy8xvojyaXQeWb6ckEuP2ao5JdG8jz7m1CH\/eHQklDOqTiE\/QM3BvV9ZvN\r\nGQVz2njPaZpBn\/PAu+9t0o1k4DECuhGvoxu2wEiGhfTrR7iCluAJ9\/xgueNT+6HPP3o7YWLPI0JX\r\nW0YG15EZr2Q6ysygjd+eo7RtOxzOthWcL2lSK7Lg8bgRioF1FDPe3G8Lg8FPZjLu+BxBVOuNIBWW\r\nwdSz+q7xcVrOx1R8LES47hnMt\/RsZkKVDSBrYe07iyPuWdikT+lgUw0B7go\/Kgv\/i5e7Zwh\/p7nu\r\nM5yNz4Qw95CG80K2e5uXHSQP7zBF1f2VXKZ1DbduAcD4MxislhsRHPurYPJBeAfdQd\/9hL5Lt0t1\r\nDSdJj\/q+YlrDcRJ5pbaZt0keu2G+7WKTF+Gv8XDIvx35PCQimIcatPMHZrv9TTWXZi1WrxJPwQVP\r\n0nbl5s0rn9m8+Rmchm10Ka2lu+nD2C4eow1nv6ENWPzmLBZxB2qkj9IV1IifwlPwVPyU6ts8TmUU\r\nxLhidYwIeg5rcvMNwlBI6u3pedr4L\/ocHv+ayWoFRbnPfON214t76GSL0Vil8UrrOK9tYZeDpIgm\r\nBoPZhoLzHqrxPqgLrApLsB2n4kxcte8V3Ja+QhtXbn5hDQjRBT+Oqxh7tJIubaCPTKBbdCIIcqFR\r\nlQN5YrKCx2RXr+yi13vyCSzqHYLCYDMYIayomjy5ahl9TtBj+cf5CzPvGFxLlzwbW15Eht5eUT6W\r\nLqA\/uN+V6t764JE9\/drPW0DHYqe9gNnrLsgpG0CeXizqPZufDh20crBncy3Vi+81IZeHivnWI5Nm\r\nT8+fsvxkLWSw7+bTxgULLtjvmFkw654Du7B40XZGWkffSLw5O\/\/W1I5hse\/V\/vhdQjxOz84pys3I\r\n7h424J9bP7sQCbTBR8TPee5tiqU24gc0lT5Hh7H4vpIrbuU+Bf4xAOD0HE5dj\/RhmuLBhy2zZlsg\r\nXk7S43D9D\/jXglefeeZVMq9hAd1P\/44T8BDVNz25Xqf5Ng5rgydAsJfhiTSQlkEYbBVzWVgCbAJC\r\nPjs8cRDEf9iqEJaIs7\/6Eud+8RUeAcjtl76jUKVd2S8OYTc4te3KUj4\/AmiZ1bjGaoTyH7IC\/5M+\r\nRt+iB+ij0EoGH42Ca6pQ79ZhSgWhXjhOe2B2YowbYfsvZXH7I6IFub49ngVxGItnU8Qj\/KwQ3LDK\r\n\/aBQDTRZTf2FJ\/ZCWOzG47BK0ezuL3xxxSIcdqdJdV83JNITX5MDnr3l+7pgrUqBxBMStlLo73a7\r\nD+uCT9avOnnVXkmCzRI+Rnu9jT\/eo1v+k4XLOYfvMTkOqEyghI8PE150H3a7hf704kmp5CTA7CTr\r\npTxV7xiSCfwQJz5+jC6hD3+MPwEhjrA9pNCP06PdSA09zvdmIWHxpKahnB7fs4fTKhLPCwW6cj4W\r\nBHgKIYtv05XT+\/AMHi954MsjxVkQ55HelXB8JCjCU7mExXnvaEKFyabygqzxs1lllLLG9fT+S1ja\r\nM3Ne5dacysOVWH8RX84ekZaz1NLnXveCdeUT313z5o6uxXkxMVjftdu3jGYN0KwD+f1YjEZ6lbWE\r\nbw707QSg2yuElWV\/rbRYKitsNlvqGvPOCxd2mtek0j142JfrV61av+GZZzYIdaUT6Xbqhmv7xNI1\r\ngBRkBpnI30GmTt7xydcyrwqAHEi5O\/PeFSvuzb5v8MincmHleA9StT6vRhxCP4kdsPnppzfHDqTH\r\ne\/TAiVBmhuDEHuoejNXqQKYdzy8s\/LiaBH07yL+hxFuYLLZ\/Tl01Zee33+40r17GJCm3WEitMPan\r\ns2vKJuAsTODKmthwgEnDbs0e94vs9LILt2bo1YwjSbWFeL+7rd\/iueV1dsdpB2Thw\/gmLJ3H3ejf\r\npo6ZWN1WiCufOzc1jZ4dMBBq5A64PU6iry8vn1NtRZ5YI3EgRxCjwhgOUbMJeDSrVUns1rQEHETP\r\n0d2rVu3Ypwv+JjEttxE1rCIlGOVu36zqgmaIi8WZoIneanXFNizteZ0bpu5ZPKmQeG2xSBboZMd3\r\n3+2YsioVNHSQfjLp5XHFawpWPlJntFVVmOz2PaUTcGr9FZwyoWxdg55epKeUMNwhIb5mLdGtXVHz\r\nzNpHV6xlMtRA7C4FGXj1FRavZ3U1Vz6XhNf44sO01j8wKKWPycn8Jmtt2aa\/CRvdo234ieXWzhG9\r\nXnrCfUwX7F5fOvG8ulYBTnwCcLbYDz2Jh7HZdI9YcmWVLph+wmEbX6cZHNYPVjaeZXXa\/l+b8\/qr\r\nz9w8Pl2bt+3kuW8m3KtDfLLK+zmY27IegUnYiafRYCGIzqTT6R5dcMPL+Elw7zX4CO2nztP449xx\r\nznTBP51lOKHk1X0LvsMiWd3hcDV4gjdMP6hJOyGqdlKGrDdteoXWYjw0c7xRoLVJIyaY4DXtlpqJ\r\nlavJukrL+VPu0cLwgK6dp09d\/4z7Y2H4zqkbnnYfE0vWTi6xe2wANFu1Qci\/scGTSz02AHzMBKr\/\r\nrwV8Wl3j5TZedY1w51S7feoUm20KlnBP+glsvRvoMdyLzHph9eoX2I0RfYeehesdfDMOhutmZls6\r\nWqwD3Dx2I5sY1BJOkPdhxQnGaVPOWQ4ZqALid417m05e65VxSCJLQjx0eTyM5vHA85o370FeKYLF\r\nRpjggkxQDhgtWn5QY6GWTPekAnffpgyRCWHw0w+qrsl9wD87X7xayR3IfX0L+86+h\/F92+o72kX1\r\nJP1DQ15+zt0gluywmogE8ydDXrwI81upW1imv7puYWjJpop9xRPGpY69+fIL588a6+wl71ZOKhlW\r\nOvjDlz45Ne4NyJUXBgyIi+8b49cmYtULf90WEYHbDRqUNHhA\/wDf7mue2\/pid6DbEfjOlFbyXMMD\r\nCvQSp4f0EM\/SjR5fwdl0W2LhOnr2tVWrVkkr6euNiEbmJjail4\/i4xjh29Sc9TD4xj1iCcvrQSB3\r\nMCsc1d1zfFMijnoYpwkBbYOTwdtYbGQ9W7ppO94mvGgfT8\/F3Du9S0TUi08Ifa6sWsP8DbMsKz4G\r\nOHVazYLDuuJhV+pxKnXRlWJJQz3RXVkFcMkQWxUAd3Vtk4IHb9iIAzZuxIPpD3T1CxvoKpjVQES3\r\nKDRcWUWEBsp5Z3Tuh\/lqbRPEaymYjmvoI7j4\/cO4GL7n0hdOfU5fEIYIEXQbznZ\/5t6HS+lKPj8U\r\ncu1SmM8zDYYfnZZsEhNDoVpu+wUIOzZ544O7TAUjQ9qIJW5f4fKVhF2PfpM0kv2jC6tzCERZyzrH\r\nTOzuc0JQw52QbohYUu+uaUT1QjmD\/4JuFZMgz\/SEGiaElQHNp5vMM+LUNUM9JGN+Lia98cY2w\/zE\r\nxPmGbW+8cdu8nFFlxvyceZaTW\/btXVH9mWvFwX2bT455aN3TD3Xq8tBT65aMARpnaDe8Xdet6Qz\/\r\nlfd03S6zyq0l\/Q4aUfYvDh4uVKJNXEREfDF0bs4oo3FUztyh3oxYxixZ99RDXTo99PS6h8ac3Lzv\r\n4ArXZ9Ur9u7bws+S8FYpgxSw\/S8OYc7TK4pdLFnGs6DqEMouoC6lT149pmSBv68u4C9F+TXjDKtG\r\nlywI1OkCHyzOeZwUXMpPT9IRohuSU9jUHMn\/RV2Y0PtwjxeTJ7e99XvUzZdv3Y689MJN\/Puvbddf\r\nzmnYFHhzm3KA9UWeD8zzsVDgKfCuyzk\/fR6YqP3bfPOnVCxAE\/gStBHuBWDZ4Vgge9FmnS+aIwno\r\nYZ8EdIsuE1mFQWgzGYFWwr2c7Ec9YXy\/UItKBTcqg+9aYTVYV0Bj4T4E91K4Z8FdAPdDcDu0dzvc\r\nk4WT6H24XQyH5xb7obk+cWimtAy1kWajDdJwNF6qRxvEb9Rb+gqN1+nQBuEldjc+IT0C\/SvQBp+b\r\n0AbWr+sO8Bna94MA3x\/dJX4NuD6CNuD0+Q4lSItRhJTQeF66GRUwWRjP8D0H6O8k7PcmnoAa9zjK\r\nk3qhGjGNfxeI\/4PySBjMg7akoBphOrsb94sH1LbPfPQE6xcvqvMYHFkM71loMrkDdYSxh8WXURfd\r\nOpQsrkVdoB0qDuC4vgD6Z9g3kx9MEKpdA1Aamov+gbtjK56Na\/AO\/Cm+LMhCRyFKGCQYhbnCRuEr\r\n4kuSyAzyF3JUbC\/2FpPF0eIUca74ihQtjZAWSlukT6XLuna6NN0kXZXuHt0a3TbdUd15n+4+aT53\r\n+rzoc8aH+ob73uw71vdO32W+G31rfd\/z\/dT3UhuhTfs22W1mt9nY5mM5UB4g2+UaeYv8vnxGvuwX\r\n63e7331+O\/y+8vf1T\/Ov9F\/mv87\/Lf8vAnQB3QPyAyYFPBywV\/U5VEpyUV80AzKcACtkMvNIiZ25\r\n+rLfVUGdIQl7\/PBxbQZ7hsAb1s4kRPRS0++RdEYva20R2u9qbQmwn9baOlgXvtPavkiP22htP9QN\r\nd9baAe2fxh7\/D0SDgo5q7XbIL9hXa+tRYHAQ+w0Xkf3L9YDgMK2N0U0ho7S2gHxDZmltggaFLNLa\r\nIrS3a20JdQz5Rmvr0IBQorV9UXhonNb2Q0mhxVo7IDIpdInWDkSVtxzQ2u1Q6K0DtbYedb01M9Vm\r\nn+kwV1S6lN5lfZRYWC+V0pnKMLPL6XKYDJZoJctaFqOkVFUpBQzKqRSYnCbHNJMxRr5magKbWmSY\r\nZplis1YowwyV15mYZppiGF2tlFUarBUmp2JwmBSzVbFXl1aZyxSjzWIwWz0whQarU0m1WY0mq9Nk\r\nHGarMrY6oNx4ZLTJ4TTbrEpsTFyCCsWAmmD6ec0ut1mBVxeIXuly2ZP69zdC\/7TqGKet2lFmKrc5\r\nKkwxVpMrg4MxzpnsTepSejtNJqXUVGWb3idG+RlyxiiZVTPtlU7FbLHbHC7gt9xhsygpDtM0jRUP\r\nDa7XalWv3mRkuZk6yGlQVNaajCP3u+FHvtaMP9sDlKsom52yQXE5DEaTxeCYqtjKr8Yiy\/kmh8Xs\r\n5MYwO5VKk8MEtCocBiuIHg2yg1gwDTQGeo5WXDbFYJ2p2MF8MMFW6gKNmUEFBqUMmJYB0lVp8uip\r\nrMxmsQM4A3BVAnbQMjOv0jucqyS8DyAzKgan01ZmNgA92Wgrq7aYrC6Di\/FTbq4CI\/VmGPkEpdBW\r\n7poO6g\/vwzlxmOwOm7G6zMTRGM0gmLm02mViPMgtJkSDmcuqqo2Mk+lmV6Wt2gXMWMwaIUbBoaoS\r\n0FY7AZ6JE61YTExqmTuIszLai0Y0o9nf5lCcJrADQJuBVU38q0gz5gCtnSnaJauq44SmV4JjXTOB\r\nmaG82mEFgiY+0WhTnLZoxVldOsVU5mI9TL5yWxU4GxOoDKLGzORwJslyEaAzlNqmmbgEqhdxBpqc\r\nwGpzgRmcai+zir3ZA9QxxVlpqKqSS02a1oANiBJDCzltVvALh2KxOUytiq24ZtpN5QYgFKMy1XLU\r\nYpgJ0QLTjeZyM3M0Q5ULXA8agNRgNHLJVdWxADU4gK\/qKoNDZoSMJqe5wsrZqFBjFSYxDzWUARIn\r\nm+Hhx3k1JYZSBgJcYYaq1hFoczx8NGMD9qxVMxWzl5vLTByHif1eJ4dlDSdTJLOLJzxM4HMmB580\r\n3eYwOpXwpjgMZ7Q9A3I4C9twrjKwTLYWL6UmiCSGtRpswHQyzWZuYsw0wwURoxjsdggvQ2mViQ2o\r\nsgNm1pCbjVJpcCmVBidgNFlb6IR5XbN3G5VqyMQqX82sypw5VcIbWdUJyRuimpuNGcmgVLHsAbHi\r\nAbQbyqYaKkAwiEOrTWau+sucqgUpSFjAoqmqnDE1PF3JyMstUgrzMorGpBSkK1mFSn5B3uistPQ0\r\nJTylEN7Do5UxWUXD84qLFIAoSMktGqfkZSgpueOUkVm5adFK+tj8gvTCQjmvQMnKyc\/OSoe+rNzU\r\n7OK0rNxMZRjMy80rUrKzcrKKAGlRHp+qocpKL2TIctILUofDa8qwrOysonHRckZWUS7gBOYKlBQl\r\nP6WgKCu1ODulQMkvLsjPK0wHHGmANjcrN6MAqKTnpIMQgCg1L39cQVbm8KJomFQEndFyUUFKWnpO\r\nSsHIaAWQ5YHIBQoHiQEuAYeSPppNLhyekp2tDMsqKiwqSE\/JYbBMO5m5eTnpckZecW5aSlFWXq4y\r\nLB1ESRmWna7yBqKkZqdk5UQraSk5KZlMHA8RBqaK06wOmU3ITM9NL0jJjlYK89NTs1gD9JhVkJ5a\r\nxCFB96CJbM5ual5uYfqoYugAOA+JaHnM8HROAgRIgZ9UzhkXPxfEZXiK8gqKmlgZk1WYHq2kFGQV\r\nMotkFOQBu8yeeRncA4pBn8x4uRq\/zEas71rvACg2WxMwLT0lGxAWMjagQ24BC96VPqPMZHcx39aC\r\nW02NPI2quTOae62aBMCFM60QuGofb8KyBJHFVx01uzUv2Gw5jlZTL08f4N3VTi31GqeZIAM6WSqx\r\nOWQbSybTzU4e6bAEWmzqmqc4DVVADGaxKOJQkCsNVTDN2cRmi4CSPYuh3WGGKdMdZhckE8VQDb0O\r\n853aMuzQlikugdIsAaPSnBxU\/h0mpx1WKfM0U9XMGIB1sLWMc2K2Qq1m0UTn6itzJXlKBZdSwZEb\r\nbS4ZKroYRZZ5xfWbS6efWwH\/PnWQrNZByq+pg+TmOkj5lXWQfG0dpCX5Mo7J6VkzWilQmwsW+bfU\r\nSoqnVpL\/O2olWbXDH1YryWrA\/qZaSf4dayW5uVZSfmWtJLeoC35FrSRfr1ZSfn6tJHvVSt7h26Jc\r\ngvUcksTvVS7JWrmk\/KZySW7BLt83\/t4lk2y1Kb+5ZJJ\/15JJ1kom5deXTPLVJZPya0omudWSSfkl\r\nJZNclDI6Z0QeYztl+K+qjuRmyX9LdSR7qiPlt1RHsnd1pPyq6khutTpSfkt1xJy1RaA0FT7ydQsf\r\n5RcUPvKNCx\/lZxQ+Mi98WtYO\/76gcXngk3nRIMfAV8wNT676TzdPNfc3QwaZEWOvtPfX0pjX4VnL\r\nszOUimzIjmYiBzKjClSJXEhBvVEZ6gPfsWgAXHHQKgUIBQ0DGBdywu1AJmRAFhQNvVnICvAx0EpB\r\nVXApqKAJl5O\/meDbBHOmwdMIkPLPoJrQRLUIKE0DWlNgjhWgGR8GmPPLKKZBawrMG42qAaIMYA0c\r\nm4nPMHCJFMBihacdYEoBrxngFJhvA+oGPnY1nkKOhWFI5dwZYdTKaRuBSxvgMP6CGcpvmjOaS+wE\r\nPm1ciliQOw706I3Lg+laPP2uQ7ucQ6p6dWlWZ3p2gZaSUH+4jBr8NICPATgbfDtAcyY+18F1HAM4\r\nTDAnwwubR+ceu1\/rXWyMcWfivmAC7mxoOsAyy\/8+9mSYMmFkJsBU8plmGLNzvl2afsuhbePcpHCs\r\n067SytVyNPtrdQt\/vZ40Mlytya7a0wAtb61dGzky2O7XX\/LPisbfPwe0bu9mmc0wIvOWi\/cwL7Nw\r\nXU+FPhtY4N\/xwiTL5\/gsHFtzZJg5T5V8zKTJVcGpWDWrR2t2V62lUlN9TPXnaM6XjVvfyufbtehT\r\nKdgAq0vzMbPmBQaOQ9W0rOF0cS6u9qcyDsf8UMXuwcCgVd5VX\/ZEL7NWuJeXhHPLGXiEs28n56sM\r\n5hg0+WQeBWXgoRaOxcVHPPoph1aVFkm9m3hspsAyEuPfBf6rej+j2KwT1mPnUWMECmV8tocbI5fA\r\nxX2tFEZdfFSlId+AQrQWzWXAWTXHoupkOveBSp51XJpmLLzPWyKPDI4WXqlyW811GO1lHda2cHuq\r\ntpa9MogTZkdfR47oJjn78wyicMxqPKi4zZpWW1r\/xlJ7NKdya2\/yaBfnq9nrmiWazvVh+VkUPNFQ\r\nzrO2VZPQ5EXRyJ+MRjT\/ZpqYAhBlHJ8K47FfOV9D1MzmsVCZttaYm+zhhJWDRWeRxp0BMNp4Zmi2\r\ngXcuatbAtZnACvAuLRqcLWA9sdKsMe8c4D1P4TIbOOcyz80tfU3VhrqWGG5gTxtf5RTN9hb+3Zw\/\r\nfo4tXHwlYiunQZMopoWmbjSX6WSmtrao1JnOyzmPRs2TqrifOpp6VE6ZTo1eNvf2Os8KauAropnn\r\njCr+JjdJZOScMntZvbRR0WJdVSl5cqiBe4\/qux4aV+vH+W9l8nApaxI0e5iB2+jnc9CSztX6aI23\r\naM3eVXye+TrZXG6yjoPnWQPPK814PT3OJo\/0xMvVq4dJy3MmLoWH0nQulZHPD29lPQxvkvvqGTKM\r\neVbbcC8vU2Mm+6r1pZTHu82L12otDjx+Mg1Gza1ozIRmcD1btUi2w6WuXgaeUU1NM7ztrvLs6ZFb\r\njZRKnuEV\/u3UeDRxT7qen3hyXWu528hXArUm9tZXa1qVvTTnbcNfG6tOrfJWNEk80eaJJFY5VDXV\r\nHg5tRkuMdu7RU+FZoVlMXQ+ZV8lNWfWPzFTXl6pUixGXth6WN2lqOErndPJQLrwxOnnwVoTGQB1Z\r\nwMeyoE+BOq4ARkbDG\/sjLWncLil8hI2H82gcA22GMQ8Vc1wqjgJ4MtzjoIfhVvg7exsJ8LmAi81N\r\nR2M5jXTAVgic5UGb4c6B3mz4Ttfg2IxU6CmGd9bORKwKVemxPxVTxGOHzWO8qJwWQX8z1ZZcZXGK\r\nHs5y4K0A8A\/XRtmfpcni+Bj\/0bw+Yu1cjU9VcwUcO9MRw8xwpgJH2fyN9RbDdz7AFXJ9pnCZVW5z\r\nuQwZMK7Kks45UC2hcpTK\/\/zNOA7B\/jBOEdcCo1SkQUZzOzJ50vh8RnUkh1I5y9OszNrNWGI0Xap8\r\nMP2PbqJcyOXPhkvh8hfxP73DbJMC+D14Pb6TyTEwvmWujWIuXwrXQx6nMIzDMS0yfWY3eVyBl1VS\r\nub6Y3RjnaZxSCtdIYauSeLB5W6c175CbKGRy+dK5prI5dCHoMR3gs5p6VH\/M4rKmarpWcap+r\/pE\r\ntpd2U7mMzLKjgGq65lMpXHctpWB2GsP5b5ZCtUCK9kz10lmz9XM163r4KeKUi1rRyhgei+kcKoXb\r\nurApRjJ4\/OZonBc3eVhzDijW\/DOvibOW+vXEkQfu5+QOFZeHdksLpnF\/ytY4LGzShgoh3wCvmrvS\r\nYV0r4\/scV1Pebrlye1eNzdWod90Z7ZVrvSsBNQtncljLVXDNvepuSV2zmvc63rVbaztsz+5YreU9\r\nVW9z9aHm7uqm0yVP1Wvk9blaAzqbqhIbrwNtTZXJdD7avKbbtbMTW4t9HqNs4Gt\/dBMtz1rUjEut\r\nKw28WmDUnK1o8\/orlHzNztDO13uVynTedmmVCZOvWoNl\/XdetRv2nP9cawOlVRt4ZGmtcvDWv4Pb\r\n267tpcxcw6yejNHwOpBnX9asE6YB9VzNcpXVm72PYUtCV58qMB1UeHFu5LqWkXpGx2jKPF95zrj+\r\n86dOv\/cZ8H\/TeZDc4jzo6srrjzsPkls9D1L+5PMg+WedB7Ws5Mu8eGo+6\/BA\/rwT1NZOWOT\/2LmS\r\ncs25kvz\/z5W8zpWaTxj+7zxXklussP+5cyW5ld3af8O5ktzquVKzRH\/OuZJ8g\/OCP+dcSUa\/9Fyp\r\n+V+dfs9zpeZ4a3mudL3V9\/qnS+r+XK0k\/ttOl2TU8nSp9dONP+d0Sb6BdhUvDf53nzLJ3MeurWb+\r\n\/FMm+b\/4lEm+6pSpea\/7Z54yyf\/2lEn5006Z5F9wyqT8YadMMtfBaMA6gnOrajsFxv+8syO5VZv\/\r\np86O5GvOjpT\/2NmRfN2zo+YzoD\/+7Ej+BWdHN8L7x54deTLr9VeUa0985F9x4uN9SvN7nvjIv+nE\r\n59o926878ZG9TnxudO7we5zQuK7Bn4yaTxpkToe9xfyG37nqz\/UyFe7+nDcjr5pieP1qh76W1Vjr\r\nv3l2o987Q01\/9b9xLvu\/B679pNwlzMdRiCKCI5Eenj1xGAgi4Z6oHt4iUCg8w7W+cA7H2gQrfLwH\r\n2gXP7kCK4G58tCvqBM8uqDs8O\/OeTvzZkT878Gcof4bgYBQIWEP4G2sTHMTb7fmzLQ5Ec2C8LX9j\r\nbYIDsD\/6C\/QF8L4AtBeJ2B\/7QSKR+AiB53zo88MyioI+NkLgmQx9rIfgNnymL3\/6IH\/+ZDN0Wx+L\r\nkVKCsI7LJfGnyKEIl0jgPZg\/UXLjHNJ4G6GUNFyJlhoouRJN6in56XKm9NMccjmT\/FhPfqDke0ou\r\nUfK\/u8hFSr6j5AIl33Yn5yk5d1aWzlFyViZnk8VvzsjSN7HkjEy+ridfLQ2VvqLky3ryRT05DS+n\r\nKfkXJaco+R9KTlLyOSWfUfJpPTnxSUfphJF80pEcX9VdOm4kHx+LlD6uJ8ciyUeHI6WP6smHHwRL\r\nH4aSD+raSR8Ek7p25OgRP+moQo74kX8CxD\/ryWHAfziS\/OMRf+kfEeTQ+8HSoSjy\/sH20vvB5GB7\r\n8h4Mv9eNvBtM\/n5gl\/R3Sg68M1E6sIscmC++k9z4dqT0zkTyTrL4diR5i5I3jeSNh9tJb1Cyvyt5\r\nnZJ9lOx9LUnaW09ee6mL9FoS2bO7s7Qnluyu1Uu7O5PaXW2lWj3ZtdNf2tWW7PQnrwKxVynZQcn2\r\nEPJKe\/I3SrZR8ldKtnYgL3ciW0LJZsCzuZ5sgq9N9eQlgH+pC3kRvl6cQ16gZGMU2UDJekqep2Qd\r\nJc\/JZC0lz64JlJ6lZE0gWZMsrgZFra4nq2DKqu7kGfh6pp6sBOFXdiVPU\/LUk7ukpyh5smai9OQu\r\n8uR8sWZJpFQzkdQki09Q8jh4x+OUPBZDVsDEFd2TG8mjMPVRhTziT5ZD1\/KRZBl8LaNkKehhaSh5\r\nuB1ZEkkeomQxJX+h5EFKHqDkfkruuzdSuo+SeyPJPZTcTcldsWTRCrKQkgWUzO9E5slkLiVzKJlN\r\nyax6cmc9mUnJ9GnrpOmUTFtHql1dpOp64upCnPXEMYfcQYndFi3Zoom1nljqSVU9mUrJFErMlFSW\r\n+UuVsaSCkvJYYjLKkokSo0yMyWJZqSyV+ZNSmRhKQiTDClKC9VJJCJksk0mUTKRkArxPoGT87V2k\r\n8ZTcDm+3dyHjKBlbT8ZQMhrekxtHU1JMSVF3UhhMCkZ1kgrqySgYGNWJ5Od1kvLrSV6uXsrrRHL1\r\nJKc7yR4ZLGWHkJEj9NLIYDIiK1AaoSdZgWR4PcnMCJYyQ0hGMEmvJ2mpgVJaW5IaSIalRErD6kkK\r\n4EyJJMlD20rJlAy9LVAa2pbcFkiG3BogDQkltwaQW4wkiZLBweRmShKDSEJ8ZykhksQPCpbiO5P4\r\nveIgOUAaFEwGzRfjYv2luGASlyzG+pOBA9ZJAykZAPgHrCP9\/UlMEOkXnST1qyfRIZFSdBLpayQ3\r\nGUkfSnqHkF4d9FKv7iRKIZHdSc8IUEDfnt1JhJ6EowApvJ6EtSVhyaISTHrIpHt30q1rJ6lbJOna\r\nNkjq2ol03QE5Y6nYJYB07jRS6jyHdAKinUaSjpR00JNQoBZaT0KgLySSBBtJkJ60p0QP73pK2hlJ\r\n28B2Utsg0navGNiOBM4XA2AkoJ74xxI\/EM0vlPjNF+UAIieLbSjxpcSHEp0kSzpKJJlIyaJYT4iR\r\nCDBLoJC9AiSsJyiA4B3YePdi3Pf\/jQ\/6TzPwB366of8Dv1HqGAplbmRzdHJlYW0KZW5kb2JqCjIw\r\nIDAgb2JqCjw8L1R5cGUgL0ZvbnQKL1N1YnR5cGUgL1R5cGUwCi9CYXNlRm9udCAvTVBERkFBK0Rl\r\namFWdVNhbnNNb25vLUJvbGQKL0VuY29kaW5nIC9JZGVudGl0eS1ICi9EZXNjZW5kYW50Rm9udHMg\r\nWzIxIDAgUl0KL1RvVW5pY29kZSAyMiAwIFIKPj4KZW5kb2JqCjIxIDAgb2JqCjw8L1R5cGUgL0Zv\r\nbnQKL1N1YnR5cGUgL0NJREZvbnRUeXBlMgovQmFzZUZvbnQgL01QREZBQStEZWphVnVTYW5zTW9u\r\nby1Cb2xkCi9DSURTeXN0ZW1JbmZvIDIzIDAgUgovRm9udERlc2NyaXB0b3IgMjQgMCBSCi9EVyA2\r\nMDIKL1cgWyAzMiAxMjYgNjAyIF0KL0NJRFRvR0lETWFwIDI1IDAgUgo+PgplbmRvYmoKMjIgMCBv\r\nYmoKPDwvTGVuZ3RoIDM0Nj4+CnN0cmVhbQovQ0lESW5pdCAvUHJvY1NldCBmaW5kcmVzb3VyY2Ug\r\nYmVnaW4KMTIgZGljdCBiZWdpbgpiZWdpbmNtYXAKL0NJRFN5c3RlbUluZm8KPDwvUmVnaXN0cnkg\r\nKEFkb2JlKQovT3JkZXJpbmcgKFVDUykKL1N1cHBsZW1lbnQgMAo+PiBkZWYKL0NNYXBOYW1lIC9B\r\nZG9iZS1JZGVudGl0eS1VQ1MgZGVmCi9DTWFwVHlwZSAyIGRlZgoxIGJlZ2luY29kZXNwYWNlcmFu\r\nZ2UKPDAwMDA+IDxGRkZGPgplbmRjb2Rlc3BhY2VyYW5nZQoxIGJlZ2luYmZyYW5nZQo8MDAwMD4g\r\nPEZGRkY+IDwwMDAwPgplbmRiZnJhbmdlCmVuZGNtYXAKQ01hcE5hbWUgY3VycmVudGRpY3QgL0NN\r\nYXAgZGVmaW5lcmVzb3VyY2UgcG9wCmVuZAplbmQKCmVuZHN0cmVhbQplbmRvYmoKMjMgMCBvYmoK\r\nPDwvUmVnaXN0cnkgKEFkb2JlKQovT3JkZXJpbmcgKFVDUykKL1N1cHBsZW1lbnQgMAo+PgplbmRv\r\nYmoKMjQgMCBvYmoKPDwvVHlwZSAvRm9udERlc2NyaXB0b3IKL0ZvbnROYW1lIC9NUERGQUErRGVq\r\nYVZ1U2Fuc01vbm8tQm9sZAogL0NhcEhlaWdodCA3MjkKIC9YSGVpZ2h0IDU0NwogL0ZvbnRCQm94\r\nIFstNDQ3IC0zOTQgNzMxIDEwNTJdCiAvRmxhZ3MgMjYyMTQ5CiAvQXNjZW50IDkyOAogL0Rlc2Nl\r\nbnQgLTIzNgogL0xlYWRpbmcgMAogL0l0YWxpY0FuZ2xlIDAKIC9TdGVtViAxNjUKIC9NaXNzaW5n\r\nV2lkdGggNjAyCiAvU3R5bGUgPDwgL1Bhbm9zZSA8IDAgMCAyIGIgNyA5IDMgNiA0IDIgMiA0PiA+\r\nPgovRm9udEZpbGUyIDI2IDAgUgo+PgplbmRvYmoKMjUgMCBvYmoKPDwvTGVuZ3RoIDMwNAovRmls\r\ndGVyIC9GbGF0ZURlY29kZQo+PgpzdHJlYW0KeJztz+dWCAAAgNHvnOxRZmQle2RUKoRsLZTIiOj9\r\nX6KH6J9z7xvc2qWB9rS3fe3vQAc71OGOdLTBhjrW8U50slOdbrgznW2kc53vQhe71GiXG+tKV7vW\r\n9W50s1vd7k53G+9e93vQwyaabKpHTTfTbI970tPmetbzXjTfy171uje97V3v+9BCiy213Eof+9Tn\r\nVlvrS+t97Vsbfe9HP\/vVZr\/701Z\/+9f2bvMAAAAAAAAAAAAAAAAAAAAAAAAAAAAAAAAAAAAAAAAA\r\nAAAAAAAAAAAAAAAAAAAAAAAAAAAAAAAAAAAAAAAAAAAAAAAAAAAAAAAAAAAAAAAAAAAAAAAAAAAA\r\nAAAAAAAAAAAAAAAAAAAAAAAAAAAAAAAAAAAAAAAAAAAAAAAAAADwf9kBd7wSjwplbmRzdHJlYW0K\r\nZW5kb2JqCjI2IDAgb2JqCjw8L0xlbmd0aCAxNTIwOAovRmlsdGVyIC9GbGF0ZURlY29kZQovTGVu\r\nZ3RoMSAyNTExMgo+PgpzdHJlYW0KeJzNvAl8FEW+OF7V1d1zZq5kch89SSYhJmRCQghBjgkkQCAk\r\nMQkYWMAcM8kEcgyTCSEiAiICKhu8WNdVYHmIeCyyPOSh+ADXuK4Huq74WBddlyce60ZWWRYVk87\/\r\nW9U9OdB19\/f+7\/\/5\/TOp6erq6u99VXUnCCOETGgDIqiuotqVe4dz63EY6Ye2qLGt3q9r1\/cihIvh\r\nfKBxdVA6UvrL6xDi3DB2e5O\/uW3VxMIVCJE+uP5kc32nH2ngg3g\/nBubW3ua1v48vxTOb0FoYtDn\r\nrfcMflO5H6HJX8D1ST4Y0B3l4HrhODhP9bUF17w9YfLtcF4G8Le2djTW+\/\/guRWhKWfg+q\/b6tf4\r\n+TpyDqHrH4Zzqb2+zRvMi22B8+cRcsz0d3QGhzaiHyG0DNHr\/oDXX3bD7jw4l4CGrxHm3+KeRwJC\r\nQp7wU8CQqBzJWdTE2YArg0ZHRJ7j+I9R2tBv0ZffcghRylBlU4kHSUgaGhIj5Aj8kKYNf1iH8AdI\r\ni5Qfoh7j1X48fGN25NEmOPLwoee3Dg1RyoaGhj5k53Q2DxSJIDUt0iE9MiAjCgONmJEFWZENhaMI\r\nZEeRKApFoxgUi+IAZgJKRElAjwMloxSUipwoDaUDpRnoOpSJstB4lI1cKAdNQLkoD01E+WgSKkCT\r\nUSGagq5HU9E0NB3NQG5UhGaiWagYlaDZaA6ai0rRPDQflaEFqBxVoEp0A6pC1agGLUSL0I2oFi1G\r\nS0C6S0G8y9FNqA7VgwzzcAo+iLejo4hTPxdxOcxZS87BlXRoMdC0aClvxCnoNFxRZi1F3XwMeR6u\r\n5aFtqAGuydDo1YYQJN4I\/Z28kZyH42a0j5wmm9iVL7he7jTXizgQ4V4434QOoufQfvQgeh4dQpex\r\nE0ZfxE48Ae3CLoD6Bcx04XewHheiBnIauDoKM\/ahlzDC+7CIOkEF76AX0Xn0NroovCM8iPbC9zvC\r\nF2gV5kFHCeIxMUKTApx1oKtoEbbB9wvoz5yHLCUP47nohNjEPcS9yNexz1q44yK3lFvLPYTO83X4\r\nCfSBGAH4NqGHUAdwZUOnSQFfhr5GbzELSAcOniD5wnblA3Rr0dvCO9w0tJZSCVT0kmLQGZg4elOz\r\nVzRhl2a9cBHu7kRgHOjj\/9CIAk9AGFmS5RDnLPUcct9QK\/1msWN81jWnkkUjHUKVh8J6pGNDQ5W1\r\nfJyw+JAQf4g4tYd4Z8r5f3Tx\/Pis+ZW10qFTJcUq1JK6YhirroUuPYNhGC8pZtco0kOCE35L6w5J\r\njT7pTsudKVPutHinjKf8cmDpHPgBgZ5P3sn7hH3Q16BYt5E\/gcQTWCs0cDxy9Z3pn4AsZ\/rP9OeE\r\nWx1Wp8Pq8PFooJPEDXwk79SYvr4UEDNAsx8CSNAawNChBHeYBvEeTqsRMKhObzkztT+3sHACcl14\r\n7\/UcDCDgQ1II\/hAb5L9jg+PlFBwnfyS8M7hK\/hn2Muo+IU+QTxg8SpNBADgeoFjktZYzr595HWi6\r\nPPX13BxsVaF9MoToB2C8w2XSxmwU8aeFE+CtSWieOyc+StNMUIyAE+265nCzwRqWlJgQHxcbHRUZ\r\nbrNazKYwo16nVZQYK0ZIgCiKEj31zNSpA1Ppd19ufy7gJHnheSTPngLNQVLCU2jLd7CGYZB78abX\r\nlv+p\/oUr807L8vL3l5+G9ibm553DtuXYfnoekCTfiVfLd56Vz52V78JdtJ3FzrN49eC\/y+eUeLRP\r\nfpsvBosVIQ65UKU7E2miM\/gIZ+o4rS8pMSI8CvsciSaXJZXPIsgQHkfGSSaCEqPMRJNjORM19fWo\r\n3IG+1y0Db\/RRDvp+nXsx979+bfk1\/bZGFYLcpuP8iWnEasL2iEhgIRunWxNxlDUbhicV5OdFKSd0\r\n0B4harijM2aXnJ4+Y8Zr2\/GNJ5qbX1j40qnXn92O5\/y0cvqDP3rplXePcBb5d7qKadMr8Hgcp501\r\npbDs23vweJKdicVpMzEuTT\/5yGO\/Nn7+OR8fM4TG5Yjy6aQ3n9r3Ox3EXQfo6UXwdwPE1zjwxDy0\r\nyD0+LnpcUowx1qYbtzLJtlJnXElWJGWvdMbETkiOizajTD5+Ap9s50Uzn4wmWs709b\/Xb7n4x4tW\r\nW2EhbcD1xTeuwICFDlnZWE74xEl5uZHAT0pyGk4WgfO83EkgBh2OwsI\/uOZ4bvPm48c3b34Ozyis\r\nrCycUlEp\/ydvy\/j2U\/zas3fc\/vzzt9\/xLJ42uaK8cMoNVXztHc\/Rqc9ic8WUKRUVUworByvx3jp5\r\n+b30wu3Hn8WWSrhQWVh4A1inc+hD\/m2ILNdBVnjcvYTDHEEZ464blzFufBaXnRmfEJ+bNzF\/UoE4\r\nYXJCQrxzcuY4Z4KQgiZk6OJTwif4U0i439YR6Te3k0DGuFQpMzsmJUGKt+my0WRbDDZKGbZUbTY2\r\nioWW9\/r6B\/rAHC5aC6ksChUhwS\/1ySsXr1wEy1AlR60DQorGYnoFusMH4RUN6y1OdppwSjKiVsJs\r\nBYRGDSWFiSwKM7NKz6M2E+XAzLpAjgX0Q5rmP37jn+TPtt+Vm\/OHN0rvLnZvKqqsmlaMC+2RPP+X\r\n4tK98oty8sxZjwTir4\/nxATb3Nw8LL51z8Xa8s1T9x6MtA+hVOfkSam3NslSWkNhYmFM3j3vLrrC\r\nncvsLr35sTAjJiYj+A7GEDs4JXZYj2Lk4SHcW5SQ8ToLGNwnoUCB2Pz18iXysGgDT0t0m8QuFDRB\r\n\/CKQkvQmMKzcfis1J8tAfw4WOXuELSoljcufaCsgD9++YcPtF3Y\/9LNdou2vsvtPf5SnffEJfuHP\r\nn+IXL1C4+QC3KgRXQ+FqsEGLeGwAuAN9uSNw8yJt9ghOkzLJlj+Rw\/kXdv3sod0XALpouyBP+\/TP\r\n8oxPvsAv\/vFP+BSlF\/VwhXwN2I0Voto4S5gB8Uadhud4LRGsRj02tdu0Rj3RiVaCCYfMvEEXJtog\r\nCPflvgctCrRM45rlMh3powM2GhHCsMZpTbEK6eNxgWDNszr5GvkonlcmH3lKfqYMw7EMz38Kl\/Ev\r\n\/OLg9mPyAVx7bPvBX2w\/imvlA0cZXTOhvtjOHwA\/TnFbkA6vFjTECElEp9WLRop\/YGofTSasQzVh\r\ndwBCRz5o5AN8UK76XK7Eh\/gDctVF2rmID4IMV8jniQgZX0BRbj1B3SLhsR6JkJHeo7AGWD6BAIxP\r\n48K+3zfiDvlLeSNez\/Q6Hj9P9nEfgB1YngEbwEg1gzNKEsLjue7BbdwH8vsw9wUIuibAA3OPom4O\r\ncMBkSH2ufmXuC3iB\/O8A\/R7gc9XQTL6O2VekW8eBgWHEEZjed6ZPNTKox8im9wcuvi+8800bi+dr\r\nwdcXgc5ojEvBqe5oorOtcRjXxLU7Aql2c6KIEsPM5mhjKthD\/xnwVIB04TKEtDNv5LgvuZALuzgX\r\ncfEuwSW6NC6tS+fSuwwz0Aw8g5tBZvAzhBniDM0M7QzdDP0MQwWqwPO5+WQ+P187XzdfX2Go4WpI\r\nDV8pVIqVmhptja5G74HKyQN81Il1Go\/Wo\/Pod6PdeDe3m+zmd2t363brdxueRk\/jJ7knyZP8k9on\r\ndU\/qnzacEk6JpzSQavEQN0SG+CFhSBzSDGmHdEP6IUPNPyL0JDqJT3InyUn+pHBSPKk5qT2pO6k\/\r\naTiFTuFT3ClyilcAn9Ke0p3SnzKkLsPL8KiIHJ4sWi00klgtadhiy8uFhM2lJHO4f+7E\/Llz8yfO\r\nvaVp+fKm5uXLB5+68tXXV658\/dUV7s\/KlTnczKvy5\/LFq1exDYdfHfwbvh1vkm+V18q3yLfiTSwG\r\nQM2K+A7QqR6lum1kDc+tETwatEanFSGtYgMot2+AptL+3MusFnJYBVYMWR3P43nyaZyPE\/C8gQWY\r\nJ6+UYf28b13yAIML1SGfDnpPQD9yu5DAR8fExsULUQmCwDuFMJ7nkOVma0\/Ymoh2tIYTwPr0YHvm\r\nqDALMSZaBvoG+k+dgqDMAnX\/ZfgoYVuJ0AILzcIri5OpieYXoAIWfSEUayC95+XyNArDBx\/mugbK\r\n9uCEafNn9nRUvLRy5enln2Pz9XPzL27EvDww8AR2zV60ucjTNmMqDk\/PeP9k7UPLiy9upPSvA7st\r\nA\/rHoTnujEjk56Sbk3pS\/PHGm8N6dH5Le3yAy4jUwfoJi9bwNGsMhOEkYwZQDqSf6beyQNN3gVJu\r\noWnmIgSaFKuSWcfSSesM3pGcRisO5Trn3LWrvaenveZUc\/NvlvZj7YPb9xyQP5O\/WnXOs\/wPa9bc\r\nfTf3MOZvrKhedt04bExyvPHM5sdj41\/e++6FtFRsc03oWN65jtWSTaCDLtAtB5F4pjsJh5EwREiY\r\nExGDZo2AiUeHjXpk0vJimNFosgwM0HrVynIj7YXEzb9CRb44WYcdxGGF+o9VntxReQvuicX5+\/bJ\r\nHw0e4rcPHiY7B1YMyifwTJzIbKAXZDgb8CegqW4Hr0mIXaOx3mzpiVgTxq1BnrCAJpHAGijKqg9D\r\nFlXrfSwA9F1QxSb3ARHhFB2VF7JHoDGSopJ8gWQO9qVWZf8RR8jvyHJdX1P107UP7\/35HRW7bxDe\r\nkQfkv5jC5E\/\/9Bf5r5KE9RkZm9d3bU9PZ\/LZNHSeb4C1jAFWsfnuxHC0NlJcGx92s7HHsjYZNOw0\r\n6kCx4VZiSTI6aXwC+pTwRMn7L6rTUQUTVqoBDaUUvJdLkTirBTlyI7lNdV5vXV1zM06puGfWnsd4\r\n172Nr7731Z\/kv36Fs3H27Ae4\/rtu33TXXZs23c39Wr48fvzZ3xUVDX32rdyP2\/GD1GkTFV\/dAvos\r\nAHmKQG2MYOMIR2w89SeQJhEI5nEYMmqA0D6WYV2X+1V\/+Zy2xcnhDjt2YMcWckgW5bfxx4P3CO+8\r\ndXWAfwvi9EbQVSWL0ylQdxe7ndFGtDZdXJs4fq2tPTGQnhNt1xlJarj5unC7LjwujISbHcYc0Fk\/\r\ntXdaYLGqSlUd2PtY4ThDNVPI5Glwg5Hw0ASQHOdrvPnmxsa1N8svrFp96bdvXQp23HK3\/Nmf5R8\/\r\n4r2x1uutXQQL3XXNzbdu8DavW5f+WM9zv\/\/9c2seG5fWt+3sZ5+dvbMP19Q2N9fe6G0C3XYMvcuX\r\nCx+iaNBtgTtJE7NWj29GPfzaSH3SWkt7ZMCpscZbwsNQsjWMKReMr19Rbl\/IYwsUQyughR+tfPIk\r\nG9Uo1MkhkoG\/10Cnux8TXPd6Xnnvynls\/Ur+nfy72Q\/ggpu83ptA6RE4LDvrnTNFRWjoMwjE8n1y\r\ni7xOXpfIXQwpndqikof59NBalOtGfLcoYD2PtGwZSePgmf7QIjKUl6Hx6QDyGcjPHO6EmoHCEGAt\r\nmuy2aKFogMJBT3gN1ovqcpRVD30DkGjVAiIEre9suZrqWSFBXpbvozZXi9r4Hv5BsLkkt0XgYYko\r\nEFGDOWTnI6ip5RaywgIKKR1nh2zA9wx8ROK+\/YB3kF3yh\/JH3+Dd\/XiPsvKuxel8DznHeExwm\/jV\r\nIrcaaQVs51GE1jLAuFSX3LREglbLOyiobz\/gIj7njvzlWnpEAeo8gccaqE8BhobCGKYnPB9TghgI\r\nEkd2XZXr+uX6b3Aco+XP4EsZYO8E7GOVe7IBImFighZrdImJCc7URJ3I6xPCeRTeFGHxRbUjLiE2\r\nTIdRYqwjTI9RWGRsOI+xgJxMpmfOsPRUaBtZXLxOs6XlJfDDscsKdS3BSisH2P8MPDZ1Uf8ws+UD\r\nCPmYsk0g\/3165ZIZ45curfmPuoZXvK9+XLy8tjgNY7p3gO95qPHu8sXTKjNnFc+ZjY2TC59\/tGzT\r\n0kUza6bpok3Apyi\/wG8ROsGvJ6Jl7gnjMlNjo2C9oIubSG6J0t1itK5LT70lM2pd4i2ZE\/LTxxmR\r\nGBWBomLDoowRjihjdj4UAAPgELnKepIJFzwFAvNgH\/Nya4jpHBzyCHCZ8JR86jRp6jqJcYjAd6g3\r\nRcEVCbHQaLOT002LF3u9ixc3PdeX1jx33yu\/eXROa\/IDd\/5W\/gbnDFbuLFl6w8k2ea9ch1fjiX8Y\r\n5ByrNmxYFdiwQf59Vf6E\/l+98JcJroyt98v3yufk0\/IDLtehggL8O3w33oTfkr\/5EPina+xDLAfq\r\n0S\/d14MFQcTkBF4j8CLUIlhP9HCNEL2O6LVwAslR48O3Qm4UdFqNyDZFdEKcPtpguTz\/kLZ6\/iH9\r\nDUtqnwVo7smL+5V9kgsD\/SOlCdQlGouWpczQqTICWndnmalPcTk4h8vR5Gg1CJs5nuj5fDyFm6LJ\r\n13biW7gNuJc7go9zpmVoGSYOGrEJfDjfXThKPoVb8H3yu0vlriXyu\/zLg4+QVVcz8Sq5l9bakPVB\r\n12eRFlZIEpruTo1BPr3OZ\/Ngn35DUoyQFG41aDkRmcyRgjk+UYfMtgQH9WG1ZFFSP0tudKdEDcwk\r\n1HE6RsI3n4HxQ33bV63e2tfnv6m+XU7C57\/59v7eJ38BGfecnMTtl2fXdfes4GbLj1YuXVr9l\/98\r\nfsfeMGvfod\/\/SsllD0K+KQT\/i0HZ7tiYjQjW8yRso7HD4tfBsj423GFESWJ8LKWufyTnXrmY4xwx\r\nH3UBTtem1LD4wtkPLYTo+yvwqeyFDxeX9ZbtffTRvXDITE3FP8ZrcA\/+cWqqfGx2kTw0OCAPFc1W\r\n4tI2tU6ichvntiO\/zoP9Fi1n0SPBEZaIzLpkGxAyQBfEhWpFqsgHqvIU7GDkgEAOVR68\/\/6D8jY8\r\nFRL3TPkEmGUf\/9rAjHNYg4U\/YL38b3JQ7pR\/Tvk\/ADjnAU4Dus4dpfWLvJ\/z6P3iBqRJIShJJ5hx\r\nvJGpZuqFYaXkZIS2\/eDDzxtYTvYObuZmDL7ArWWVzgloPQAbVqV8LcDWIac7AgAjv9bDbRBJCkoS\r\nsFkTr2eAGVwGFo8ArQWAMwdPyO+SvfxbFOAgFQzA7AJ9rWD1fLXbgbAQp8V+EufX2jZaO+x+U7s2\r\nkMghp5VPjHYYEhKptNi6QVWcfEbZjcpx25K4JNLL9RLeDLZvJmaep0seawqshr+jWdHKNEt8r+LX\r\nF57ukv8o9+EZePySg2XTf153YP+en2YXQ6xM+HqwpnQ+vg93UgXn5cjPVt4wKA99Iw9YFVuj+p3L\r\nZJ3mjtD6uQ088uhFDTELSTpsRsmKoFmOnXoB1jlKxal+tuF0vAqny+\/KvfK7wjuDL3OFVzO5Bwd9\r\nCuynALaTwU5xWwnyYwgcfshHvFmL9Ea6jTLQl6uun3LZVnLo8xTpkc\/ijIEtOIN\/iy1H8uQBWEed\r\nZnDbhj4kXwBcK\/hHjFGjxeAivN+s9es95oBNpzEbklA8WOVASMrUOcA+Q0VLPsNhEaFaaVv0YmOw\r\nVf4Jt+Mj+Zub3pyHF9UuDa7nLmF+QC\/\/9S8TGb4u4OMVxke9O0+r0wqioBFFQUc4rUZLODiFcpMn\r\nhHNqoUeoALUQQ3kRUxEmMBFaTqnxMDdqJBzSWAi\/\/CuhM1qHWrEDVhNYY3V0gXjfwOVyBv5UPibv\r\n2sRkfJgrHzwy0M3t2S+LQNt5oG090CagaLeRgIgRZ+bjULxoYTUbeEdOHmP3PE7nuoV3lEUoRovg\r\nPvAMZES\/cVt0wAUW9KKTT4QgHx+mODQl2G3QaziCtMCUQaDU99G9QLdVCxxrgGM95rCO47BzmCX+\r\nlZFV0eFeHcbL3FVmrVkXxyVxGdw0jm5HbOE2cE9rntbDml9vSsMSziAuUoBz8GQyg2zGG\/CdpJds\r\n0W3Q7cC7yf3an+n24SfJXu1Tul\/ik+So9jldLMR\/yDY1tcch2UBcQBsmT14c7ojDdPOIQFhOWYTr\r\nDv8SN8i7\/rJHpg8RuN6rmfxTg53c9m9rKP\/dw3Gg2h0PNRvmYFHspLx6QL9Yw6XxSZo0lKAPBTdF\r\neYWj1n085XALphwaLSAG0Y634G0iD7SFO1g0gq9uPA3vAQt+SV4uD4D4X+SnASHTvn2RPmmDuNEV\r\n2v9xh4t+CK\/mdnsgWuewJRKHMT2aIQ\/ZMF00jNrwQEpshW\/Ot8rnWxXw+QZvA4ujax2d\/BXEu0H5\r\nK\/6TL+W\/yZe\/\/BIbcdiXMofX463yGnmjfJu8Bm8FGvaqdqBF4SjLHQWxnYZ4WyjAJ1khwsdHKEEg\r\nFOLZbgceSX0ST5fpsPTFr\/Tc09V1D1QkD0B1aYZq+bV2SMXvy\/Maenoavn7vq6\/eG3xLyStL5U8Y\r\n71a2ApZQosVqjrZG+4mNJrlEq8VMjMge5zAm2h1ieqKqBXXvgErjJboDAqWFMBwZ6TenidKMFhO3\r\nwxSuk4fkr0KCuXXNc6\/K36jyiiIEb8W3DgvlG\/mRsqM7RTRaZkDrZpDRWyCjCKC1yT1JD8UPbxAJ\r\nT8DHiVPkUSThI\/16CPUeIw9rAGJLiNKLvDnWwMc6bEl2gzksOVERYR+E+iiFDddUKkeVi2H3EdQi\r\nOBFHQW2Tlp6WySxJotXFSNmRnlXkwib5+SPasIqVy+V38RNY+nbn4Nd39bT4buZe0BUtH\/wE91ji\r\nHx88LLzz+scPHeX0cstNbW3LWTzbqO47piO\/e3qknYuKSEfpJrPFahPCwhFKd4bDAK9P3JjQ4fDH\r\n6jfqOsL8YntsYFx6eARKtejGpUZGJVkiE0jyOGWRe4GWv6wAHq5FvveRAfBF17qpY54PJOHvbvOk\r\nY\/mDXZj\/sPkN7019dSsD1bevP\/KE\/Hf5UscHvtXvt7atqSzjehce3\/Xap65s+U+zZi+qnH7DhJyZ\r\nf9j\/3x\/kT8QTaqoaF8\/yJlBel4DuIOwpK0eR8\/MeCJVmgrWseGfGnDtcO3ADkMo28wnQ3sacLMP9\r\nK0BWTSzXXOeO1IFNYtFvDuixx6aDNMNBeLcNOymkMeYiLJUpi3eaZziHxK3A6QGvN4DTL8mX5b\/\/\r\njUsnBwe0\/vXr\/eTrgSr5t3I\/jlByZiHQ+yDbx2hzOzFEWehBnFVqc1qVO5GAPQSKb1htcnFCtGZs\r\n7S2M1N4QrcZkGrXyprW2iTmhHip8mqZoxHJiVk1zPqjHMuRH5Gb5EZxxhf\/gaqZS4yDVB4zoGbcb\r\nMp5Or+PpusCgh9BpMEDJQFOeoNVCCOWMyIiR0amHbKglIqQOrdEAXqM8DDdoYAmoOsDUvpCdjKVx\r\n+BhKi4e3CDTOTkoiSXwT59X36oUoLkYXacjAaWIz59Ou0DUZmo3d+GauU1gjbsFbuTvJHfwdwjZx\r\ni9YO\/FkhOeTF0eWCAfjkVm78+84azD8lf\/7EbvmvEJePcS8NXs\/PvZpJLANfAL+wEuaPspy\/zz2L\r\n0HUR5kD6wJwBGUAcBh2wDukfWB+pCFj+14keApdBHMCsVtSjOJGPNo7VEk+1BPZn\/QdFwehF0jWq\r\ns5k5pAXVCZQoDSVDBPYyIL45lF\/MH5XflD+UL8hv4qPyIjwBW7AVT5Br8UXZxl3hPpCd+Nwg1Kn0\r\nHRlW12ghB44bw6MWaYFHrZOmQxESPd1HAAM0I42O+Y26sv1BKwtnxIADaGHNkYxT8HQ5j1UwB7ja\r\nge7BI1xZaC98G8vDk92xBIyIVhZOrR95iF+AsgPziUikWZhiHV5gjAqX6tad1ZGPHdvIpcEy7lff\r\nfsbtHgSnvzyQIg9cJu\/T5z775UtkrxgBcSDVbeNvE7u421AQLJLDkAPoPlK\/5RT8sGdv9Ombw55i\r\nzbM78H48cOmSzIsRJ64uOQH0dox+zkMfJIJr0uc8r7Pwd\/n1HB1wisuJ7YOBi\/RBj3if8jzRBfgz\r\nGX7JbSG34S6B4QdJY\/r6Qr9Nfe5HcQMveVD0k0yZv3RJjPj6jyeE\/RR3ITmgxoZot57wgF1DsKCh\r\nyBlu0ARgpwRwH+JnLsm\/kl+8hJ8Bib+Nx8tvc+OZH8sJsHih+0zmZ9BtmEeciz3+ArR2Rz7\/FtSH\r\n506cUGLRy\/xFbkBsgrnJRzHaxCuMUlTzD+lq5h8y1fwIbBlRW1b5Po\/jXpJ3iE3yVrxGyfPLIX7W\r\n8GuhTHOizW6XTkQxSVEmo2hAzVFiszXJJ90Z35yyzRqI2mxEKfGQkaPDwK2zk0hkREYaCOR1yJu5\r\n4CfM1tT0Amvwkb0V9\/iJiTlJOdJERxcXsAcit6KteKt+o31j5B60B+\/R7dHvj9hv32PfE7knak90\r\n5LLhrddp2AmSDu3FOPLUvab86ThPiuSe33fbkgXBDThFfj9\/v+fkOzLWv9bsaXlpZf1v\/Nj6Pmeq\r\naSpb8vQjEasGN66bV\/nqM33HJ8wpzZ9ydVzaHynfO4HvbtC3AcWjSe4Eo5lEx+iIz6zz2QPmbXHB\r\nGBRpy402ipGxOQm0NMgdYA8WWaH3PZtGmG6AKc+30tLp\/h+par3ppvb2m25qlX2Tepe8fPbMKe\/O\r\nbPk9nMqN33vs2F5o3KRlyyC1XJA\/lV9vqN8PxNC1NdDl5Nepewt3oZ5IHwm7y9hj8em20b2FSCMq\r\nEPP\/pb0FlbQC3jnviQYoNt\/DaZgseaza\/dOq3oce6l14\/8zCzEw8GUdgOy68Lku+XHD90QMHjhRO\r\nofJZAnRcDyRZFPmgWJMQQWJ9pgifNmDahoMkCsoqLtcKET6BuUVu7nfkQ1M20x9npY\/\/IvGoDXMS\r\nhVPl91wPeE+dOfvykl55V0hc5AWu+pv+\/fUNeCKOxvE4Z5lsVgWG1Jp8HdhrBGSAMneK0R4WcRey\r\n94ZZfaiHhP04mokp3h6JjNmmyLhIMSOePfzoU4XVb\/n4okXZD8xxG940vhn2pulN+5txwrJh+eXl\r\nIqvdoeyeE+WxCF\/edGa1\/AkseRO\/+gaHD+rwQz\/19q38muv0e9cYCq67jr4\/g20QQd+VL3ffftuU\r\nGbgl2L12FejzIMRPKsdwNNEdiwwWDenFll5TUId3CFaTmQMpavVihPqAXX3jCozNcjGXvv0CTm9n\r\npU8+3XG9Htvps4YP6eN7+Zz8BbYcuPDlRzNd\/K8azg9sJOvPl7\/68Pkc5tcNci0\/F+zIgMahUve4\r\n2Bhjgi4tneh8CeF32cCozMSXsi19h\/mehIw0sHVjrk2MlDIylIcJVJeWvguhJ1mqQguvMXm2QFdr\r\nwml4lJ6j8h0kJbBs6apVS5cFsPNv8l+XHllW\/dSPblmd+eOmU\/\/93yfqdmZiJzdz5zNHfvLgkWfk\r\nx+W\/\/TUunj5r6Lqlp7IcZ8GaTY8nL6nqHdmncDEZZrujTVYdZB3RZ91mDMLqNhIV0HiUry6BaLbu\r\nV8o8q2KBCsXW0HO4SN4lv19SXrlEfh+nJO1csXsvd3Ywg3uix7d93eB6MWJw37Kmt0F+gJrfLm6E\r\nvBcGlaXdqNf2oh0i16vv5IkBRwpIrzFRpSnvR7j66R6J5Q22+2Knb0c4aMp7nyvGrQMcbpPP4yTs\r\nlM\/xdQMbz5\/ndhFOfkKJv71yLakCPGFQwRa443VIL5gsQi\/R9xp3kHssnTaRGHgTijTrbGy\/vq+P\r\nJSLF0SxvsFeknBFiCqQkVs7mM+Sk6pnfyX2fNVTJZ7ly+Rx2Zg6cPd9+O6k5\/xpexGRK7fIgi39u\r\ntyNUISkFEtmBgnqRvlQn6nCkmI3y6Q5Jf65aDPVfGFMSjt0SOYiduA43QjFzSn5ePu2Rz4kRA2\/i\r\ndfLywZmcsU6uCdX8swF3GHK6bQKUMr0kqO3Vaw06PpJDJlbBKKUEW9OyhEsLdjB\/+gBrE2WqquEz\r\nue+to\/htUnf+25O3t5\/\/vWIrVQB7E8SHZHS\/Oz3aZtbxGpQQJ2rsRp9EtsXtiLFokNUcHz0ldppZ\r\nO0WcZp5iTbGcoXsV8w8ZWL60sgqdPie4+IbyQGTq1I+vTL2YS1\/CYq9aYXeBxEuCJEoaSSvpJL1k\r\ncNldka4oV7QrxhXvSnAlupJCr3XMMM6wzrDNCJ8RMcMet4zlicgYnBKyy1GdPDu7yB12NM27p+OL\r\ntNzccZ+Py81N++KdmPbiYj\/5Yk7xb+S+wW3cm+tqFq0dnMC9uXZRzbrBCXxdcOaCG0J+AryHoxw3\r\nJDNsMqqOsuP7HeUCdRTG1TWeYh\/lKRU\/usZTbm758a2D6\/m6A9RRlFgDMbkD8Ib2SXx25DNvo\/sk\r\nkbZsEmnM+O4+yciTZyXgWlBKMuJ8LWvWtKxYs2ZwB475\/CKOkT+5+Ln8Cdn+7KOPPkubvBeb8TT5\r\nRflL+LyIp9E8Li\/iuwE3zVOF7qTReWqbKYDvITsSIEflsmw1KpNbLlwYnaqcw1yrOXxMoHuOpu3s\r\nnWqqwg2hVLVr8JioP1DfIL8OKfyC\/Ntl+MvhTMVyKNB2PZNLPMp3J0CBYVQqjG3mQNw9MTsSWH2R\r\nC5XGqBwaokxJoaMy5jURFiLM+hAh+MFQifGAi6ZVboJKx+Bry5fhHMii0XhiQ\/2Bb66wWjeF7kmy\r\nHJrhjjBFEJ0eRRDFTsBEkMFOX83MVbbYz\/RZFUqUTGjCowwkil+fs3HBsrvSosNZjDncPbVzIsnM\r\nyiqantbaPjjA1x2sa0mIV2I42Egm4ExHj7qnhRk5kyEpUavjNPrEpESnTs\/rDYlJPLbfFdET7bNi\r\nqHt4nxOqznGJOkNSnAZNj4s0FWgiI5Lzf3BLY\/g1mzFPLA+Pc2C0zJ0pIQnKrwxthi5Dn2HIMGaE\r\nZZiywl0RLntWZEZ8RkJGYkZShjTOkZpuX4ZDJVQSF3rkP7L94cKhVwLIBzc8Xdvg+S9DzZ4HPrzg\r\nPdNW\/8ry5hXzt99w4KHPztz0n\/y0ITQxv3ByZS6JSHt8xy9+kZKCUcGUqYWTpybb0vZu3Xskia5Z\r\nQB8ThF3gtxPc0YJJaya9yIp3KCGRVggWm2lshdAPK3P6ukuh+kYei420TlbezDuM18sbSxeevzJw\r\nWP5vnCjskn91fvDi\/KLzP\/8Dx5\/H0wHnHlZn1l0bKwJ6vMNI40QBBAwWK5RnC8reiRIrxuyeqAX6\r\nHuwsrqhYTHNc0gMte\/4Nb+HeHazp8d19K7fp2z37lzWdAZyVwOdGwCmiFreTbo4LvIDhe2R\/XiBo\r\nBxbpQldAE4iLPqT\/4a2Sw7Ui3XeIJMJCgdPTvT3eKC5BC8lCfrGohYU3zUuOOMxvlB+WfyI\/jDP+\r\n+gVf9+0eSMQ7yYrQvgnQZEQn\/4\/3TXb8L+yb+NgOvDtCj5NQEqYPmGJ1cfp4Q5KR7pykazOMhXiS\r\nuFLXaOhGazRd2h7jFrRVc4d2m\/En6Cf4QfFBzU7tT42JdAclj+2g5LEdlMubez7v3nL5NfmzrVvk\r\nz4Db\/Vz+4Gtkybd7uNmDzwHfBcD3Q8C3Af3EPVMQ6dNiXgPfAo9hyc0BOzBJr9ODfkAWIAQdiMCp\r\n1\/CwHEY7BA74hr6oRdwEregyKuv\/\/9PdksMaxr1Nx\/N6TkcEQaPTGYBfDd0y0XGUER3TXo+8BT8k\r\nP\/HeOfkJvEvehBc9d5yvG\/x08BiGK9xcLlo+jMtZnLke6t4HgS8z6nYXAeXIDBokgg4hs8mMzGHG\r\nMOiFmcLgkhHU6wwz6CzIAAXXPSbDDgv7cwKRIK2ZN08wuCzsfSS2px1yANs\/ZI0GHKpSwYQzMa3G\r\nZmCwvXAH9\/L1j66+1L2kJjNSXgSLGvR3PLFn1z0fTOuYyhdBQj3L6Kb7\/IVA9zX7LFB0kl66z8Lj\r\nSUh00X2W\/twf2mex032W58j6wX\/nFgy0cOWDr\/J1Hw3WnfuI28PwHJIP8wlQe6Wi5e6cGLPdIDp1\r\nsRZ7gkGQHAQZbtOh27D9Nl140JkQY9TphdTIcC4CSTFYbxacIzFIeWGfvTUFFNGXqGxR9B2S0EsV\r\nhTkCjUfTII8qwoCeunxJwOw5fALNbXzCzm8eX3n39Ol3r3z8m51rfbMbbr21Ybav9+T975\/9SefJ\r\nwINn37\/vRE3vW4\/eEW7fuu\/0joUsf12RE7h3xQT1XfHgyLvi9M1iKKS4dz8UE76m22cYHQF+HYzf\r\nOveEJGdcpNGsjTPYY8y8IBEUc1scui3FfFucNeiMj4nV2s04xcaj2CQ71CUGnjGcCxwryYa9gz+G\r\nY\/b+vcp1TpTKZkE2HuY7krI5wncmPtLjm9uw7tb6OS09O79+rG379Onb2x77emfvot7T+7baw+94\r\n9K3ti07cx7gP7jz7\/v3sPSb8Jt9DMmHFm+m2m2NsJmzgkY2\/N8Z2ryEe2U0RdI1LN4kG6C6Z+jcB\r\nsHSkkTk9LV3J3PlKyoYPkMn3zO+tWLIq0rCgOa98+7zye6vzPfMMkcFls+8kmX+eWpCn55Ojp8z4\r\naNqkyCRBXzBNqa2hprlRf1vyU4\/fZJ76d5Sk\/AnfGzPOHgwdB9oG3hXe1a5Q9i7VH7hP0yYn0Dg7\r\n0CZ\/Lbyr\/v3eyE8D\/xbyKZE41PCHcPwEGgdtHzQHNCeMwxheDy0fznugzYT+Cmjjob0A56ugrYX2\r\nPLROaOugNUHrhbYJ2hZoG6F1KPMxnVM7qv0Zmqjio\/c+CG0btAPQjkLrUs+fgtamnp+HtghaN7Sl\r\n0Paqx80qriXQgEZUqPIXB02r0If3q7S4Rl1\/GdpyaDtVvEtUeAehNai4e9V2UL1epY43qPfBGE5R\r\nxwA+2gOtUoVfAO16lc5DMO8KHI9Q\/kEFyepnHmpFr2I3fp7zcRu4p7jfk1RSTlrJbeRBcpi\/jT8o\r\nmAS\/cEhEYq14h3hRM1vj09yrOab5g0bWBrSXdD7dCSjqputb9Tv1lw3JhnLDHYYzhi+MfuNh4+Ww\r\nnLA7wi6aPKbbTc+bteYN5kuWiRaf5W7LAcurln4rZ0217rH223Jst9jOhFvCV4cfCr8QIUUsj7jb\r\nrrfPtt9u\/11kYmRt5MdRUtSSqH3RUvTd0Z\/GxMfcGnN\/zJXYKaqtNkC6zkReqDY4WB24qUWSp3Eq\r\nEhD9y8RIbBq2w5vQKbWPkQXPVPscxNxlw39rasc\/Vvs89H+r9gVk5NSnL4AnnMtX+1pk5drUvgEl\r\ncMfVfpjuvkis9k1oYhL9Wz7MQ3JCJxgW2sdQpUpqn4PFcbXaJ+g63KD2eejvU\/sCisYfq30RpXFh\r\nal+LkrlStW9AU7j1aj8sPI17V+2bkC\/pATQLKlA\/6kEB1IKawRODSELjUCPKgGMuyoFPHvQaYIaE\r\nZsKcIOqEFgDZ1qM2lAWjpagd5mdDrwjsphWOVcOwOtmZF45euGc1fHtgph4VQ28FQFiEumBGI8yt\r\nByjNbKYEfQpfAijt8O2HOQ0AtwXmSXB\/B+CtZ9f0CM3q8PcEWpp9QWlcY4aUm5OTJzX0SDNbgp3B\r\ngLe+LUsqbW\/MlopaW6UqOqtTqvJ2egOrvZ5sfbF3Rf2iLqnRV9\/e7O2U6gNeqaVd8nc1tLY0Sp6O\r\ntvqWdkAwltJqRielcQHQ0U6rdxVMdX17p7Sgox1GZsJwKxCKZna0ev45BGnkhmthSf9bEBYx+XeC\r\n1DqYTHNBC\/RvnNEib6CzpaNdys3OmzgWUQhNCMn4a5FQHBTF+O8jsondpRhAUDWWEHFNHe2giCCo\r\nBzEjCYKKpyAXfDwqjNUAIxvu7YBjANTuZfACzECyAa4X7kG+YNA\/xeXyANDVXdmdHV2BRm9TR6DZ\r\nm93uhcuzR1EQMqiQYX\/XkOk1aqReZuxe4LMDdcNcatb\/O8ZKzV7\/vZgV5dRDbzTN33VMPejgf\/6h\r\n2P9vOPv3S3uE5xZVihK7Xs9soI1JdSWMdYDm\/xktlLNKBq+NQRsxcwW2j13zqnw1MyztzCo9DE4T\r\nu+odxqZoWLG2LEZXB6Ownd3vV11JwdABUIOqhluYVSi8NKqSDsEMMirG+kU9zGpkFuJXoYcg0NkK\r\n7YoleZknKhacPMpKkpnm6L0eduxkdDXCPfUqf4oNNoJVtjEoQXYlJJ8m6LWqdjxumMYRDDTYUPqD\r\n4AuKnVOMIzKhI3747gAsXYzOEWo8jIMgs7UGuBpkV0M4\/jGGLNWXGoGyLgZFkUk3swEfiwlBVTJt\r\nbGw0RyH4gTFWqVDbxWSYNUo7tN\/G9BnS9Yj\/dsLdWf+Aj6xhPl0sLkkMsuIPCuwWVapjtf\/DXIck\r\np1DrH7bo4DVWN8JRN5NH27+EIeQNTSymtqscekdh9LBviiOLHakkVsCMRgZPmTPajlvVKBnSUCPD\r\n7WEUt6iUTmHeWaPeVQ8QO1hkGNHB6Fg0IoHvRgKag4KqN3SOmRvylRGJjY4Bo++TGM\/1qqYahuN2\r\nyNYUaSiRvP4H9NnBcpCk6r6NHUfix7+iiyBw7md5rV7lKHuMpH7oXiqTnmH625j3tTBfDkU0SntQ\r\njXrKiEIplalnlM5HW10of1Esiry6AEo9uy\/EkYdRSvXVPkoazTCPcuNTxwKjYmg9sx7FdkM4rpVP\r\n5z\/laXSM84yxsHqmo++j4IcpGYvvWrl8H41Zqt5b2X0tPxDVA2oE8jL62sbADY10DltmyG+uzSJe\r\nNd55x2igm3HlYfcnf09eTB7m+9o76PxQ1k0eZW2K75Rdk2camN93jKK1S\/WHkCZWw9WW75GYF61h\r\ncm5XPdoPHyWL1bPI6h2+Y7T+FZp\/2GN8LNJL7Nip0uhlFvWP7UXh7vtiOL3axWaNlfD3SVUaJbnR\r\nOvyf+mynWklLKichrwt5FK0gWodrkIB6x1iIfmbRK+G7WdWYkheVBcG19cf\/FxHrH3PVoPpIUM2L\r\nTcOSmotKGJ4KVA5nFE8FnNWgG6GerGLXSmFMgnquCq4sgjP6j5aKmV6K2BV6PZl5443QpxAr0EIG\r\nS4FRBd8U9mIYobAldk7P5sP8coBF7y1BtQxHCUCrZjOrGOwFMFoGxxJ1Hr1jFowshHPan4NoNarg\r\no\/\/uqYb5Dr2P0qJQWgPjI1jHUlXKMIYoWwBnVQB\/rnqV\/mupUgaP0p\/FJEX75cN0zlYpLWIyopAp\r\nzFlAURk7o6ML4VgJ86qZPIsYzwq15YyH2XBd4aWEUaBoQqFoFvsXVovZDPrPrWoYFRRTjTozi3FI\r\n+Slm91Os89moQlmFqmXaH4GSrcpSoYPKf9Ew5mrGfxl8JMZ\/Dfv3WVQ3RQA\/BDdkO3MYhAXDdrSQ\r\n8VfE5FDBMMxk16gUqTzLhmdWjdLKLCYvqjdKeTHDVMQkUv29nISgjdXO91lHCMMcxl8Jk1QZm10N\r\nciyB+aXDI4o9ljJeZ6myVWAqdq\/YRNko6c5iPFLN3gBYS1SbKmKyG8uF4iGU\/hEuFA0Uqd+zRsls\r\nRPvlqnZnDeu6glnZd6VyI\/PFEjariOm6elgKs5n\/LlApXzjKwkJ6XKjaZ8UwZWPlG\/Kj0Lx\/JXYo\r\nsEK4x2qwmNlTmUph9bA0\/jlcJXaVQF5rZOud4HDcHpu5R1ePI1Xp6Poza1SsHV0JKFF4Dpvbds28\r\nkVElPis5a2TNM7qG+77MFVolKzX9SPUbqj6U2K2sjUZXvx5Wpyu1YOdwVaLkj47hyqSbXR3J6cpq\r\nsI3NGL3e62R4Fc661DuuhaXUl\/WsWqDYOr9Hmj+Uoa5dIfpZvlewdLN+UK1MKH9d6lw6fvM1q+LA\r\nNauqf6aDEC\/\/TP4Bpm+\/uqZqYRKm9WS2CjeAQuuzEZlQCSi7X23XaH3E+ii0KejaOpTKoHkU5R5V\r\n48pOGsWpR2g224yjm590A3V441Qa1+n1Sg3e1o7ujGzpX9gqzdbrR25e5A3USwrk4Q1a\/fgf\/NHr\r\n\/+dbudI1mFuARCkYqPd42+oDK6WOpmuh6PWV3kBbSyfb+oTZPm\/AC7iaA\/XtQa8nS2oKAPNwGzAc\r\naPZmScEOqb69R\/J7A51wQ0dDEBhuaW8GLI1ANJ0Z9HnVfc36xsaONj9MpxOCPoAOQvK2d4KAk5lI\r\nkjMAmEeq7+zsaGypB3wgwcauNm97sD5I6WlqaQUZj6MQ2Q1SdUdTsBtknpzBKAl4\/YEOT1ejl4Hx\r\ntABjLQ1dQS+jYcwNWaClxtYuD6WkuyXo6+gKAjFtLSoiOj+giBLAdnXCfMpOltTmZVwz\/Xb6skbh\r\nyKI4XR0BqdMLeoDZLUCqyv41qClxANZPBR1URccQdfs62r57A1VDU1egHRB62Y2eDqmzI0vq7GpY\r\n4W0M0hFFxq1gkpShxo52Twvlo3OKXl8Dl+obOlZ7GQeKFTECho2gvSMIauhURqlW\/CMWoFyTOn31\r\nwFSDV5UakAFGXj+Gz452sIuA1NYR8H4v21Kwx+9tqgdE2QpRY6+21fdQ+G0dnpamFmpo9a1BMD3o\r\nANB6j4dxroiO+ld9AOjqaq0PMEQeb2dLczsjo7m1x+\/rpDdRC61vBCCd9I4QPZ3XYlIszqMIrL51\r\nFIBrgKj3hWgZgQgktrf2SC1jTB1YCnjpP5Rlc2mnkwqT6ibkIl6wO6\/CQHdHwNMpJQ\/7YjLFHbog\r\nJVPXTWZiA+2UqT7T4AVvolC7QA+UidUdLcOEedcEwWuker8fXKy+odVLLyj8A+RrFOOrD0q++k6A\r\n6G0fKxdAN2LhHqmr3aMSnDw2riQrHP6QZjs7WqlnM9VRRdVLrTSCgL+EJvrrG1fWNwNj4IvtHcPx\r\n4183rDGoIGgBid7WJkrU3BJpdkV5jVRdMbvmxqKqEqm0WqqsqlhUWlxSLCUXVcN5cpZ0Y2nN3IqF\r\nNRLMqCoqr1ksVcyWisoXS\/NLy4uzpJLayqqS6mqpokoqXVBZVloCY6Xls8oWFpeWz5Fmwn3lFTVS\r\nWemC0hoAWlPBblVBlZZUU2ALSqpmzYXTopmlZaU1i7Ok2aU15RTmbABaJFUWVdWUzlpYVlQlVS6s\r\nqqyoLgEYxQC2vLR8dhVgKVlQAkwAoFkVlYurSufMrcmCm2pgMEuqqSoqLllQVDU\/i1JYASxXSWxK\r\nNlAJMKSSRfTm6rlFZWXSzNKa6pqqkqIFdC6VzpzyigVURgvLi4tqSivKpZklwErRzLIShTZgZVZZ\r\nUemCLKm4aEHRnJLqESR0msrOiDjoDXNKykuqisqypOrKklmltANyLK0qmVXDZoLsQRJljNxZFeXV\r\nJTcshAGYF0IBCplbwlAAA0XwO4tRxtgvB3YpnJqKqpphUm4srS7JkoqqSqspCbOrKoBcqk+4g\/K4\r\nEORJlVeu0kt1RMe+ax0wi96tMlhcUlQGAKspGd+ZC9ZVsqbR6w9S21adWwmPLJQq8TOLWa0SBMCE\r\n57SD4ypjrAv2DJ7FMo8S4Uaci6bkLDX80vAB1g3ZSAm\/ntVeiIKdNJSAf3TQYNLd0sk8HdJgW4ea\r\n9zrrWwEZ3DU8C+JlfSvc1jlM5liHCiVEf6AFbukOtAQhmEj1XTAaaLlZTcUBNVVdywHFci39AW+n\r\nHzJVy2pva082zA3QfMYoaWlv6gi0qawz8TUGp4RiaFBqZsA9wHhHoDlb0v+\/eSrqYlXwSmguVjl6\r\n2H5cNtsb9cPY2H2+H36G6upuWdniaoFwuCbb7\/O71JisvBPBfoZupe\/zf+edHnSM2+AOnpDJ8ePk\r\nuePk2avkP66So8\/MEY4eJ8\/MIUdyyb\/vJIdzyS895NBO8vTBcOHpleRgOHkqnDwpkyceDxOeuEoe\r\nDyMHHrtbOCCTA6f4x\/YvFh67mzy2gd\/\/aJqwfzHZ7+YfTSP7ZPJvuWSvnfx8zxzh5zL5+bGht9xD\r\n\/J7dRcKeOWR3Edn1SK6wayV5JJc8LJOfXSUPXSU\/lcmDNvITJ9kZTe6Tyb0yuUcmO2TS67UIvevI\r\nj7dHCD+OJNvvtgjbI8jdFnJXU6JwVy6500i2bT0ubJPJ1i3LhK3HydYN\/JY7nMKWZWSLm7\/DSTbf\r\nbhY2x5DbzWTTTnKbTDYCvI25ZMP6cGGDh6wPJ7fuJOs85JZqshYgrs0lN8OEm3NJTzRZAwNrPKRb\r\nJqtlEuwMEzrDSGBVthCQyaps4oer\/nWkI5q0tx0X2mXS1rpMaDtO2jbwrS1OoXUZaXXzK1eSFXCy\r\n4jhpcQ85iQ\/u8XlIMxyaPaQJMDUlEq+FeGTSKJMGmdSvI3UyWe4hS38UISyVyY8iyJJcsni8TVgc\r\nSWojyY3IJtwok0W5ZKFMaqoNQo2FVBtI1Q2RQtVOckOlRbghklRaSIVMyhd4hPKdZIGHlMlkvkzm\r\nlYYL83aS0nAy9yqZc5XMXkdKisOFknWkOJzMiiZFJjIjl0y3kmlTTcI0mUy93iBMNZHrDWRKYZQw\r\nZScpnGwQCqNI4QZ+soFMdvMFk6KFggIyCYibFE3yJ0YL+fPJxLwIYWI0yYsguROihVwPmQCXJ0ST\r\nHFe0O1LIKSauaJINQ9mJZHyWVRhvI+OPcW63js\/KNAtZVpJ1jENwlnmdScg0k8xj+BScXSfqhetM\r\n5LpjeIP7Rj5jPhlnJunzSVpqtJCWSpxwcM4nqSCa1GiSEkGS4yOE5FzikCYKjulEgnFpIkmKixCS\r\nYkkiHBJlkgBTEnJJfASJiw0X4uBAfUPHx8ZYhdhwEqvQFKM1CzFWEkNpupGPjiBR80kkgIvcSewF\r\nJKKAhONEIfwqseUSqyVXsF4lFrhqySVmU61gXkdMcGaqJWEAJiyRGA1mwZhIDGaih3GtxihozUSr\r\ncKgBDjVGoqEc6nhR0AminojHsPsIL+iIcAwjdwzP7ySECxNIInwTDDBwIkE2go9hz+btOPP\/1z\/o\r\n\/yLuhP8Heo1nSwplbmRzdHJlYW0KZW5kb2JqCjI3IDAgb2JqCjw8L1R5cGUgL0ZvbnQKL1N1YnR5\r\ncGUgL1R5cGUwCi9CYXNlRm9udCAvTVBERkFBK0RlamFWdVNhbnNDb25kZW5zZWQtT2JsaXF1ZQov\r\nRW5jb2RpbmcgL0lkZW50aXR5LUgKL0Rlc2NlbmRhbnRGb250cyBbMjggMCBSXQovVG9Vbmljb2Rl\r\nIDI5IDAgUgo+PgplbmRvYmoKMjggMCBvYmoKPDwvVHlwZSAvRm9udAovU3VidHlwZSAvQ0lERm9u\r\ndFR5cGUyCi9CYXNlRm9udCAvTVBERkFBK0RlamFWdVNhbnNDb25kZW5zZWQtT2JsaXF1ZQovQ0lE\r\nU3lzdGVtSW5mbyAzMCAwIFIKL0ZvbnREZXNjcmlwdG9yIDMxIDAgUgovRFcgNTQwCi9XIFsgMzIg\r\nWyAyODYgMzYwIDQxNCA3NTQgNTcyIDg1NSA3MDIgMjQ3IDM1MSAzNTEgNDUwIDc1NCAyODYgMzI1\r\nIDI4NiAzMDMgXQogNDggNTcgNTcyIDU4IDU5IDMwMyA2MCA2MiA3NTQgNjMgWyA0NzggOTAwIDYx\r\nNSA2MTcgNjI4IDY5MyA1NjggNTE4IDY5NyA2NzcgMjY1IDI2NSA1OTAgNTAxIDc3NiA2NzMgNzA4\r\nIDU0MiA3MDggNjI1IDU3MSA1NDkgNjU5IDYxNSA4OTAgNjE2IDU0OSA2MTYgMzUxIDMwMyAzNTEg\r\nNzU0IDQ1MCA0NTAgNTUxIDU3MSA0OTUgNTcxIDU1NCAzMTYgNTcxIDU3MCAyNTAgMjUwIDUyMSAy\r\nNTAgODc2IDU3MCA1NTAgNTcxIDU3MSAzNzAgNDY5IDM1MyA1NzAgNTMyIDczNiA1MzIgNTMyIDQ3\r\nMiA1NzIgMzAzIDU3MiA3NTQgXQogXQovQ0lEVG9HSURNYXAgMzIgMCBSCj4+CmVuZG9iagoyOSAw\r\nIG9iago8PC9MZW5ndGggMzQ2Pj4Kc3RyZWFtCi9DSURJbml0IC9Qcm9jU2V0IGZpbmRyZXNvdXJj\r\nZSBiZWdpbgoxMiBkaWN0IGJlZ2luCmJlZ2luY21hcAovQ0lEU3lzdGVtSW5mbwo8PC9SZWdpc3Ry\r\neSAoQWRvYmUpCi9PcmRlcmluZyAoVUNTKQovU3VwcGxlbWVudCAwCj4+IGRlZgovQ01hcE5hbWUg\r\nL0Fkb2JlLUlkZW50aXR5LVVDUyBkZWYKL0NNYXBUeXBlIDIgZGVmCjEgYmVnaW5jb2Rlc3BhY2Vy\r\nYW5nZQo8MDAwMD4gPEZGRkY+CmVuZGNvZGVzcGFjZXJhbmdlCjEgYmVnaW5iZnJhbmdlCjwwMDAw\r\nPiA8RkZGRj4gPDAwMDA+CmVuZGJmcmFuZ2UKZW5kY21hcApDTWFwTmFtZSBjdXJyZW50ZGljdCAv\r\nQ01hcCBkZWZpbmVyZXNvdXJjZSBwb3AKZW5kCmVuZAoKZW5kc3RyZWFtCmVuZG9iagozMCAwIG9i\r\nago8PC9SZWdpc3RyeSAoQWRvYmUpCi9PcmRlcmluZyAoVUNTKQovU3VwcGxlbWVudCAwCj4+CmVu\r\nZG9iagozMSAwIG9iago8PC9UeXBlIC9Gb250RGVzY3JpcHRvcgovRm9udE5hbWUgL01QREZBQStE\r\nZWphVnVTYW5zQ29uZGVuc2VkLU9ibGlxdWUKIC9DYXBIZWlnaHQgNzI5CiAvWEhlaWdodCA1NDcK\r\nIC9Gb250QkJveCBbLTkxNCAtMzUwIDE0OTMgMTA2OF0KIC9GbGFncyA2OAogL0FzY2VudCA5MjgK\r\nIC9EZXNjZW50IC0yMzYKIC9MZWFkaW5nIDAKIC9JdGFsaWNBbmdsZSAtMTEKIC9TdGVtViA4Nwog\r\nL01pc3NpbmdXaWR0aCA1NDAKIC9TdHlsZSA8PCAvUGFub3NlIDwgMCAwIDIgYiA2IDYgMyAzIDQg\r\nYiAyIDQ+ID4+Ci9Gb250RmlsZTIgMzMgMCBSCj4+CmVuZG9iagozMiAwIG9iago8PC9MZW5ndGgg\r\nMzA0Ci9GaWx0ZXIgL0ZsYXRlRGVjb2RlCj4+CnN0cmVhbQp4nO3P51YIAACA0e+c7FFmZCV7ZFQq\r\nhGwtlMiI6P1foofon3PvG9zapYH2tLd97e9ABzvU4Y50tMGGOtbxTnSyU51uuDOdbaRzne9CF7vU\r\naJcb60pXu9b1bnSzW93uTncb7173e9DDJppsqkdNN9Nsj3vS0+Z61vNeNN\/LXvW6N73tXe\/70EKL\r\nLbXcSh\/71OdWW+tL633tWxt970c\/+9Vmv\/vTVn\/71\/Zu8wAAAAAAAAAAAAAAAAAAAAAAAAAAAAAA\r\nAAAAAAAAAAAAAAAAAAAAAAAAAAAAAAAAAAAAAAAAAAAAAAAAAAAAAAAAAAAAAAAAAAAAAAAAAAAA\r\nAAAAAAAAAAAAAAAAAAAAAAAAAAAAAAAAAAAAAAAAAAAAAAAAAAAAAAAAAAAAAPB\/2QF3vBKPCmVu\r\nZHN0cmVhbQplbmRvYmoKMzMgMCBvYmoKPDwvTGVuZ3RoIDExOTMzCi9GaWx0ZXIgL0ZsYXRlRGVj\r\nb2RlCi9MZW5ndGgxIDI2MjgwCj4+CnN0cmVhbQp4nO19CVxU1f74OffMHfCiJIu4ghcQl0RQQEgr\r\nY1+UzWHAJRcGZoARhqGZAURzSU0rLTXNlEytFJXM0Ar9ZdFiu6\/FfGbvV69Nq1evZ716vWfIHH7f\r\nc+6dGUDs2fre\/\/P5M925597z3bfzPUc+hDBCyBctRwQV5xVEx7SduvA5vPkKruJSi6GmT7W0HiGc\r\nDc8dpXUO+f6dLSMREjLhXVVZTbnl8wV\/fwEh8jjMry032GuQN\/JCSJMIz33LqxrKOrBTD8+AH7y5\r\nwmQw+kw0PI1Q6EcwH18BL\/pGiGUIhQ2C5xEVFsfCnTlDYD7sOqB\/W5W11GAYM3sKQuHAA71kMSys\r\nIS+TDgBdB89ytcFiav3y8x3wfACh69+osdodnXVoNkIlN7P5Gpup5u6NQhg8bwcZ+iIijsUbkAYh\r\nMVbchuJxCLt3ppEzqEzwB618tFpCND6C5nPk25mPnJ3SCDlUg2Tv\/LI0I8JI7nRqA2kgbvSy4LPF\r\nCD\/z4b+AbrF4mnFD7Icg5WeYOh4G35jfNWgl3DXwYc9LOzsZTmdn51n+zKA1SERasJ436oMk5IP6\r\non7gmatQf+SH\/FEACkQDUBAaiAahwWgIGgo0g1EIGg6cQ1EYCkcjUAQaiUah0WgMuhqNRZFoHIpC\r\n0Wg8moBiUCyKQxNRPEpA16BJaDK6Fl2HrkdT0A0oESWhZJSCUlEaSkcZKBNloaloGspGOSgX5aF8\r\nNB3pUAHSo0JUhGagmWgW2PhGNAfNRfPQfFSMDEwBHI6j0VF0Aq7nUDN6WXgZ7QJuCYDbhm8XxsFM\r\nE1qD\/iQK6HG0HU\/CgXgSzJ7SBmobxFvFfTA\/B3Azgcqf0CYgyCgdRcuExUI+KkMvi6+jRvhY+ftv\r\n0JN4JTqNtqITEIv\/RCuJHq2HTyOygxlPYwlRYSzazTjBBwIArmAyTjzNP9+gZWgx6LNbe1QbiE9x\r\nqZvwcfwV+gJkPkXmkJsAYzvah2\/VhGv2aTLRekVeUozWCytxo6aYfxZDzNSj7Zpi3KwNRC8yWeFN\r\nPkhahp6Cqx69jq\/Ft5LbQbLFTAKIlNe9pmqiFam8lpCJoA+C6yA6jMaRLYDPddGWoe1CGfD6J0jy\r\nOkkFj5YhO4IQQFvQgFatqCECRpFy\/xYhIsvYkjh9pvzKrNBxkT0e5f5ecgvKb+nXIB\/t7MyfqRkq\r\nzmoRh7WQCO8WTUT4x5eb\/Hhc5LT8mXLLY2mpKtW04lR4VzAThuwJXsP7tNRx4HYkQMQKEM8ERnPo\r\nFvK9uBvGUAUC\/EL9IkL9QueQbR1vCH9wxtEtXr4XvrVpx4DOAtoIX7lgERHiHeFYQsIDSKxXON7a\r\nap9+9zhTa+RR8bTzJnofNjmPUoA\/RJqFnQDPaWO\/cKAe7oenbsN\/2wqAp4Wx7AK45ZDfG8U2yJDh\r\nAEdCA2JJqFcov8ID+JUQyi8ML8mouVg7f8NcHB1OT07FMTI9MXfDHPrD3I3z6JlQPCabnoS4noMH\r\n0fZp2Etsowa8kxoa6eFttATvYNc2nNuIdzpfpodBsuvpKc1QiAUt5G40QhHx8RPjRo4K0GoHBAYN\r\nxF4jR44iQUEDAjVeIAY8JAQFDYT7xLj4hIRYr6AgYdiSu+eU+9avKTLgv4bkbsnIbjpI6emJsydW\r\nHJ02vODx+XnN9114bezs0dMbN2pvKdfPCRBm+y43pucF4K+eiIoRaGHwgTWPftqXnsLjSPTVR6ek\r\navArI+5Z2vSZ\/xdfkOEsTUW0t\/OsdjzkgA\/UknCQMhasFAYy+MfGgGhCQNzI8DAmb2xMPO4yJl1h\r\nINnxocXrT+5btP5kUnqayZaVWlxLtKnppXYY2T9bfNdbexff+da6i\/s3aGYKxw9tfRf3fWzbO\/R7\r\n\/J55wfOPzDG2OdsqFxx\/ZK6xjR4\/DLM+LdvO0O+0\/X6AC3xY1HlWzAEZ+3DpsNYlj1bwCggfpdWG\r\nc2ESFNPFx4NUA8G4iqwDcXx8Aimjt1hqti0v3C2MH71q7lNn5xe\/t\/Dlv+3dPWzImFFTjlWl35U1\r\nPHX1DdZ1YVOwNaV4MNYIw2e+VL6sMUm4cSe9UEW\/XVtQ+L+PN2J\/R9T8+NRFMbrZI0a0Rk+4xRhZ\r\nNNN5Ie\/1RazksZjE03hM8oiEaFRCkc3dRb8lAVp\/iASEBcEv0H9g+EhhYn\/\/ABLw9V\/TUjcUTL\/Q\r\nrvWnTzgfoV\/toK9uO4DTtuMxQgYO5+W08076raDiE39\/vzhhVGyQ\/4D+ArF9\/WVKGqD\/8AP9Fk8T\r\nCnDgDpyw7RHatp2+43yCfgS844WppBTs5weERNErAmQTR0VEJIh+sX4RpJQ+jVMm0rfL6Mk4nEKf\r\njsPRZThK8+Hzx0tO0DW44UTJ8edLT+AGuuYE0DoOQZMuaiBeQMfQASzrQieG+pF8\/D31uZdK+J+i\r\nxnmq2XlKGNcMZZ7bRez0x0ZEIdoQBDYEe1NbyB9qV9AD9FmcCPM6\/KFQJKxkdguAxKzBnw2jg4WV\r\nuxluJXwVAS7huOH3tkW2UQr2aOhMJgGqrWNxuGB7wClCPfjBAvFyY+dZzTVcXzAejvGHGPViUSKw\r\nKImPHxim9dIKSgwlxPtDTgrPtj5\/o67gk9sPPTunoOCDhtSbJxSUmMszwdHFZvEb+q3zWXrrli33\r\n4f4X2\/CSe7Zs3zU9bxWtfWvP\/ul5K\/Hak3v2cz2h1yBLQSYJZA0NEBMieK1ZiMe8Qg8Nx7lH\/oJH\r\nB3f80KxZknkws\/10M8dh\/VE4yDqIRTZAJ2BeJSB4vZRQHhCoJTrnMWGF3LE1RJjfULa4tPBkfZj1\r\nxIyWM2XCSeeZfc1Ccu2huYZFqUmvTIh5a7\/tTUaXgA1CgC4LPhcdryD+zROGVRvQn7EKT1AHwBOP\r\nKH1y9uGTezbaFlQYpr6+Wv\/IrNDCh2cffn\/dyu3D9mx5eKmt6AmD2CLLLZs3vjVyxNYlC9\/Onjwp\r\nIuKZuNgTD1bctHvrinnlY8aAD0JBL39ui368noPveLEFJcngTw88E\/zsdU9c73wgXPjUuR+fEE93\r\nxO6ju3DxcSJ0nGXyjwD5owEfOikMtdqtQk\/hQeYATfQw5x+Tri6MfPLd6rLMtxZP3z83tGCvvuXT\r\nLWsyGqevEE\/vo+uv8v2g7dZ\/zElMk+Wnxo37smXFhogI4Tzia48DeKXwGng1cOtS5QJ4GRG6c1ei\r\naAS8Ibm1prVtjvJ1T30\/PG5NzpOfXJN80LT7BcONN+yb9+Q7JTPnYu+d6bcLY5Zt+rpl1T3fayYf\r\nHTmadtC\/Fs44dfjui\/OT0rH23B\/x7Ru27hjOY+FhsNkq0FnL8wCqauhXZKufE70ivOPMEU8Xtd8i\r\njmW94fUgb5pas6N7SNxlzN2NeHGM58VxhBpOcXc51h1ZV3\/nE3OXmhfvXFJ+8wM3l1XRj8499+kL\r\nO+aX4qveOvjeQ\/jFm9YfW29b3UpS5zsaHcZFO\/8+9uDiN+k\/TrXs+iFsxL1VT3z34tZVb3L7TQd5\r\nWAyHMPslcN\/4B6hlWSnISgpq4E1AoMdz00PjVmc\/ee6alEdNu5+bP\/eGPfOefNc4cy79YVf67Y\/V\r\nG9c9XVu+9ulQMBrW4gGFs5jR5iWn0x\/OnqJ1zGikedk95w+tuuc7kGE+2OFdTbjaD7BoY93DECgX\r\nJW3j2jTh1PknymTFUIv+BnC8z1CqUQBAPtgmv+ZYfoBVF16VyEmq1K7jaJ6YrmliPsEYD8ATsZjW\r\nMZ88cHGpZgX5hm6km1rxySZ8ktE+jovFdPKg2u9AcWSf45oVDPbiUvLgvm+ae9IMmMhpciCyk3zT\r\nSqObaHQrtjB6n4CzHwW7EpZNEV7hCZ5AhEj0ghewtiW46wU+EXkksv+cI\/M37i22zM2O8Qt6eFj\/\r\ndOP87OtLijIPz6WUam6ZdM2WW8ofL9Enz5uzuHHeyjmz0hdMyi7KSOZ+rKQ7tO+Ku2BvADu2CNWB\r\niC2nCbGEFUoIJg0rnf0RK50DwaEy8lOyAQb9kUhcsQciaSqmbMxbdRCW+oIV4YOXL9\/5Oj3z1S56\r\n2rZyI578nePjxVMX0c\/voR\/Q5U\/tX4pTm7GMF9O76TnHssPlNy4\/UH5+avZLW9\/HWfkZK50hw\/D4\r\nk1\/gUUtsq+muo\/QifXjGXFuZGR\/AGR\/jPdtsS+lqeo7+idZrhfYPt9csPddU1sBzu\/N+yKlqyCkv\r\nVpVxbEA4dHnQroQKe9\/4oe0a5+62Z8lUWOX+Jp5uH4uX0VtEX+dglmMTAG854PlCjrEaFOqpoCg0\r\nFBpJJYiJa4AT8Mmnjz2wsqaG\/hFyfCSOKcYRux+rW3k0H1+18aHqheLp7fdvOBk0bMeqj2m78Krz\r\nz\/u21VUJZXTKupsNs5RYy4E+B4O\/WaeqNDBerl4ngZUet7FjgkQcMeO5m7Z9qY+f1PbEks8sV1e+\r\nVw0O\/rO1woKHHHO8IZacNszbva\/q74v+8M6sWV\/HxuFrcNBhPPOuezdkcF+DfmIc6OfDthE4FEgr\r\nGQqqMV8qGq2Ba0rDgkp65GNaj3e8dh5PwLnvfiaepu\/RD5+hOxtuXiRGX6zHq3HpmVcVHZjdbud0\r\nEXY12nDhBKILcRpzhRUhzmXzhAMhHTvE0800vdl5ttmNNxnw+nTBAxEICXE+lisMCHF+tfRxhpHZ\r\n7Exg8Dqw1SSwFazwEax\/J6y6KPbp0gC613lyPp2+Mwy\/76inn6530rOPNBafW7f0c\/OI6f+7eMOf\r\nirL0zz0z\/7EP8ZompzUrj9nqc\/zA2hmFGRln5pU2LKui7209eWqcKifwVfSLZdsJzLcROOFIpbC5\r\nspVePLLEWbWkFRq\/7YKxfazwsnOSSz\/8tadfAXja3sqCDmF6kpbhv7ppClplRU7Aca3fjf\/kRGbw\r\npEVLQwF0E\/37d82NbW47c\/\/xqCZAEmhyMazC8992fCJk\/tn5+TImxlqh1pnQ8Q\/hjHOMikfu4fss\r\nLj94Jr71M+GukI6ngMOpfS7aWhFg+jJfwMYIVMQQ6Swi\/O4XvNn259Cnzr8ffvjcIVi4\/cn59rFi\r\ncIeggdxzyxaj+jIWMxNx0b7H9o8P0fbv6V0fA95FEAHwvNsv8HjMAn8a3D1b18jn9Q2HuWNfjVSS\r\nteVcYfykx3Zv\/lyXMPlxetMF+ml1iQ0P3v8vPKzKZKdfitkP7DF\/tfCtTx56oOpvdW+ebb8Xp+Oh\r\nD2Ldqvu20afpFwfo42u2b1VyQaPntgxwZToKhXYFUsGd3HuOPAcVhp5b0Ip3GD69b09NmXi67cg\/\r\n6XnnPjHa+WbLbrOD6zGNXuB6BKKRYAVWQ7sI3h\/BhiXgEuWEbdKAoA56rqqkBg9pBvHpma9bTwzo\r\npt9QWH2S8NC9OH91YyOTnp6ifcvpl1p9dyXV3NYUgD7e7OTJrUQA216GE8gLpppSz\/BbN355e7Ot\r\n0jw5O9b2rHl0peVVaysWceOTL+8Htc7vv83icO64qq6FVuBlm41OyOxjLdvPgY8lWPNngp6j3LWK\r\nbbYGKvWxa4c2atRIdRXRzBwx+\/GCh57L2Gw5uoE+Ry9WvmuJML5ibH5Dt8ZybA2Ou1D8tLj7xfiE\r\nHSszcyJDJj606RN6Lnr8W2np+9bMnjtyePydyz7EwSOV+M8DHT\/gdZ3vGVhvadHcFEzlz458RiOg\r\nUrSfhmYJ9g8QV2EAN5DHu9vuAZBnTE7WoODgIzsk7ztWH3x+zI4jD06kZyh97a99+kBo116fF3LH\r\n+j9+TdZ2zKFv048+fi58RozCfwN4d6bSq4WS2ACWgDd\/dfgFYd1LHf+CTOoQNe1833cIIa9ZSi4F\r\nMDAGGU5w+KFDifjiiWT8z6PO5nNTaJ9PISMkzT\/Z1T5W8+eL4dCptACP\/kpdCFBYhLP\/nEegOP3R\r\n+Q7ObaV\/pwNOCQ5I80+FoTzNa51rCeAih2ofbxcuWMhx\/CL+8HXnjptbbwaMRqGs41vnJOFlvr88\r\no\/Lqo\/SefCcS+nfN8CEXvyYzh108MkTj13FSPN140drcqNmo2CAL9rRabSDvuEKh24qFanIbXjoE\r\n9u5nBtGV2sD1P3SsB7jtncn4nFr7IAJx\/CP3Psq2atpNyt72f2BvW6fSwaEJYKAEoQ4CZOWgM7jf\r\n6YHawAsfrNdq1iu9E9kH+8\/TSj\/GzUHm4C+eoA7qeAJ\/AWqdwmtpLdt54s7zNJgcoAc43wGhE8mB\r\njmR6YD2ng+dpvhH+oC1zySRc9fTas9oyegeuU\/YE0zrPkm80i2HtZ24k4QlqOzQiNjbh0h2al7vp\r\nTiAf1DSFZB6z3bIbD77wWR9BWFk3vXl28LzH9Ief7PNU04njpbPWvBoqLHPe0mwsffT2F85N8A4I\r\nnFUaFdU8atSB3aGzljYsm2k88ziTIRlybDLYxQ9FuLr8rpXDta8T1E0R8wDZuNCcs3rCxOvqyvNu\r\njYm7wem8\/n+M9x2pLE3aP7dkw7iQPbh\/k3Bg4+6CvIL3LHfcPz1P97\/YMsf8l5cepG\/V5eqNpezs\r\nktlZD\/r\/GfS\/XC+iHLlwCcj7odeuycxbPyGn8La1qY364Znb8l95t8Y67Q8LM+7QTGwdP37KpBlf\r\nLrl3c1RUa2joh28exBG1+bpwxc7AR3Mf8AxgOkZ0JzyQLx1dCqUiBRGSW633PrrAlLzvxpLNY6qa\r\n6NdNNLjOnLMqduL1deW5t0XH3bDPYPz05SY8rj6voMIglPzwFW7Z+GDBdP37lWu363IK3nfzDgYd\r\n+7Ba7dl3i6GX05RtnuoIucW6+OnxwicdVNQ0rqt6rkCe1Vby9sc1lvTnLQ+\/5iNs7h\/mt+iuR3au\r\nHxnZf+3W+LjW0aM\/fP1RPK5uav65Z6PMSu4sgXXYxvUG+zKuXkoVg6Wf8SI3DdkxWxfoj\/0G028e\r\n3ntgx8AdvmEHjmoDt+WZS9d3RJOT63Nf2gU6XEuLNNO4n6JYnArIsz1OSOhhzgTSLYb8NdMOTKB\/\r\n+duMLUnDr789Z8drob5pRxdse3RBcWLz3LJ7I4bpHAuS68am5tRa7j+lKe4YS8\/SvwSHPBZ59TOP\r\n6WfO+fjF+\/AYe7bOXHyQmm7bPDmu6Iub79iMr1f0gx2EJhD0G8yzJ8BtXMKC1GVMDanbW+ctFReu\r\nPh5s2YP99lTe8ELVrZu8hd3OOcL90ZkD9PNeaXJu0gY6t8+z7No4QqfEDNDGF4C2e6\/nFQtkdXtG\r\nN4U3vbRHG\/jFiYu7WO8\/nhbhToDzRf68+nvxDbzaXLHtoU\/Tyzh07JjtC6YMvbpk+jA8AEhoii+u\r\nE5\/JSMncPnuXdvQXLl0qgE6PXku3Z4dwzRnnavzmq1RXDHw7avEZ51+cR4Vw559VPFVOpefT7aFf\r\nA9gPXylz2tXgt7GX2KfbONZLcZ3LYtr6uj0OL6\/Z0xueGmZtqvPynp2\/6Olh1j0vNsmpj1dU3+mb\r\n\/bL1lrsUA+4YOyVotvHVB5zrhR0RNwy+0cSGmuKDJeXLbXU3N20NzXP5CeS41E8u3t389GyIdc\/x\r\nprD05yu7u+nF\/c5NmuIWwwLFS0puMbp+bPckek4C1HrFs9rfndL4j4feyLhm9ntrD5xKnzTzfbrL\r\n7mh6r\/ameXdPGhsV\/N3bi5xFq5eff\/ZWemHG6uX4xNZ7ccqFjZsNpVPb+B6vHXJgCud1RXWSh+Dd\r\n9qqpq+Nir7cvyF09PvYGZ2fKE9bGhxcYk\/fNqbx7RMUefNUe4fCm7fr8vI+q192ry9V9gM0G48cn\r\nmugpqCmlJc6DWonrSWdrcoB3AAq7tH4luOqXR1OCU56o3vZIpTFx\/5yaDXLwXvrdXlpeY77\/z7bK\r\n3NUT4q5nlevVB3HUwlx9Sem+HzqIbvN9OOf8hm3Tc3Xvu3OLFHF9ER7ZM1JI\/JDEiFtfkstYTCS3\r\nVgyNG0Jar+r\/4THni+B7Q4WXN6cRCPW9EWiM7tK\/DVQbuG5HbKOUBo4X+kY5eWPuinsf7ec1sama\r\nvpnfskC+sWX6oq2v+E1aWvvtW7rtmhsOjh5dWlg6USP4x9YYDn8UNqItLt4xq\/hasX9Ew7zH3g5h\r\nvGtB\/r7iDh5zUPQUV0E+KlHCSiC0Z8RnMG2t1IppOXuH7di8UStWrhtyxzV7EjTF6527wqL6JU5u\r\nXL5iYEKoULweT6HPM7pmiLkpmmJGNyCge7PnXr\/jF0Mo9\/GeW3Tr865Qtqza3Ac\/BcFcOiF9YOHc\r\nV\/YLVRd3tZRUPrAhZDa31SrIkdlAV+vqpcJXtWzCZx91Hv8QymImOcrKDetzINI\/A7ievd79D43F\r\nC59NwGV7aOxzE+jS44C1mNzKrou7yK6OYuhV3mI9O+D68HMmhoUZAY2OxuChbafpna\/ib+iFtufx\r\ndE2x8z3ni\/gpmirkCv60Et\/Dep23IQdmAv5Vyq5DKXIJSmf6qn1jzcph89MN18V91LIXv3mw4kxl\r\no35RpSaho4nMVnqwdvDJF4Dfrf97hwSEOPsI9iEdbwQL\/3I+oine1\/Hepn0kQonDD+lhzRyob3Hu\r\nNUzrOmP26uHUhLgEz1kzO7NiGaK5cUjaYv2wqGCLMTnLy+tqjZgzI31I4v67tV6jhT4zyxIGX7PC\r\nFnz1oBtixiyph24yb0vHro0D\/MunDUoe+Y\/hEwfdMGmDZbGcGvFX0idmXOG0TZZ7\/7F4\/aiwYCbb\r\nlzQYr9QGu\/8tZuU2bfAFpMR+X3qY3KHIHeCWR\/2Ht3i3mIoegV5uRRT9wLj9hqQvKhwaFVxlTMrU\r\naseKGhB7UMo+EHsMZmIPSVhhGxI96IbosTcvpIc3cLEDA8qyByeO\/C4sZnDipPVVi4enjgKxJ4wr\r\nmrqpess\/lt45MixE6W\/xKTGdTEBMiQEsZkeNZB\/GfSJLcMhR+IDQYtq8B2aWrpREbb91+vzGWfMf\r\nmFF6q7fo1W9tYc5WMuFwXuq1GoGIU3IKDuelXceH2fy3C4Q5o\/cNvOrs\/Kuu+x4Fe\/NfNzj1yMOB\r\n\/P7YVS9daHHG+nzrvZb\/S67rB\/C8LBRk6nv1hZb2WT7fIiPrXLr8lGh0aA5fnpvhyoLrE7SR5KFD\r\nWm+0XLMZXa89g\/aK96Mi3I4OCW+iu4Q3O+8i21A8zB8HeFHYhnRwrxQsnQ0AfyNcs+HygovAFQrX\r\nCLgccD3M6ME1XbCg+XBhRsN1kbfRJ16xqFLzVecOzTdoguiFcsS1aIJmHVwj4Hkz0okL0ARhOLvo\r\n25qj8B72zNp4mCuBqxllaWbw+zQRwdzdSNKYUJ6YxmiiDV4h6JDmfOcheOeA+7ugSxbIsB30eZLz\r\n39Z5nmyD\/YUZTQPcZPI90sNdr6lGeuE2tATG12o2oEQBsatzgmasMvYiKJG915Qz+M6LDEf4HiWS\r\nZ1Gg8DaqhTmzJhmtEs+i7ZrkzpNwnSIvA9xm9CHw\/xLufRl\/cEGQ+olCyWg5ehuPwAvxatyEX8Bf\r\nChohUAgTooTrhIXC3UKbQEkI0ZOt5AD5hyZeM1VTolmoWafZpXlXTBbniVvFN8R2bZA2SrtAu1q7\r\nWXtQ+5r2fW2HV5CX3muR11Ne572jvJO9q71XeO\/ybvN+x\/ubPpo+gX2u7pPYJ7fPvD67+nwg+Uv5\r\n0l3SYYn6RPok+hh9lvvc5fO2D+0b19fW90DfN\/r17XdNP2O\/hf229Gvt906\/b3yn+Gb7Nvq+psQc\r\nKiG50CFVQEUVUH9Y96DfI77w3pv93g4agqeovy+D0FYVg30PgCdlLADGI+7fqQlGj6tjDYxPqmMR\r\nqJ9Xx1o0FLWrY2\/khweoYx8UjEeq437+9+MUdeyL4gI+Usf9kU9goDr2Q36Bw9lv+2jYGdj4wPHq\r\nGKOrBxSrYwH5DrhDHRM0ecBWdayB8dvqWESDgvqqYy2KDxqhjr1RWNBsdeyDJgfdrI77RUwOalXH\r\nvqji2m\/UcX8UdN1MdeyHwq6rTrHWNNjM5RUOeXTpGDlm\/PhYuaRBTjY77A6byWCJlLOqS6PkpKoq\r\nWceg7LLOZDfZ6kzGKOkS1HiGqjfUWRZYq8vlZEPFZRBTTQsMRbVyaYWhutxklw02k2yulmtqS6rM\r\npbLRajGYq10wBYZqu5xirTaaqu0mYx5A3FRr6nVOvpLJIpPNbrZWyzFRsfEKIINzg43rTqPMWg1y\r\nO8AMFQ5HzeToaCO8r6uNsltrbaWmMqut3BRVbXKkczCmBbOD23TyaLvJJJeYqqz1Y6LkK9A5Ss6o\r\naqipsMtmS43V5gCpy2xWi5xkM9Wporh4cBvXKjbuykaSPNxBVYOsiOZ2lDTuR3+kS116xdEg9+Bs\r\ntksG2WEzGE0Wg61Stpb1pCJJ+SabxWzn\/jDb5QqTzQS8ym2GalA9EnQHtQANLAZ2jpQdVtlQ3SDX\r\ngAcBwVriAIuZwQQGuRSElgDSUWFy2am01GqpAXAG4KgA6mBl5mF5dBg3SdgYIGaUDXa7tdRsAH6S\r\n0VpaazFVOwwOJk+ZuQqcNJpR5AhygbXMUQ\/mDxvDJbGZamxWY22piZMxmkExc0mtw8RkkLohRIKb\r\nS6tqjUySerOjwlrrAGEsZpUR42BTTAlka+0Az9SJlC0mprXEA8ReEdmFRyTjGW21yXYT+AGgzSCq\r\nqn4P1kw4IFvDDO2QFNNxRvUVEFiXIDA3lNXaqoGhiSMarbLdGinba0sWmEod7A3Tr8xaBcHGFCqF\r\nxDEzPeyTJUkP5Awl1joT10CJIi6AOwiqrQ5wg115y7xS44kAZU62VxiqqqQSk2o1EAOyxNBNT2s1\r\nxIVNtlhtpl7Vlh0NNaYyAzCKUoTqPmsxNEC2ALrRXGZmgWaockDowQCIGoxGrrliOpagBhvIVVtl\r\nsEmMkdFkN5dXczHKlVwFJBahhlIgYmcYLnnsPTkxkhIw4AYzVPVOQMVxyeGhBuJVVzXI5i5hLjF1\r\nbCb2+64clg3szJDML670MEHMmWwcqd5qM9rlMHcehjHergkpjKVtGDcZeCZbzZcSE2QSo1oLPmA2\r\nqbOa3YKZFjogY2RDTQ2kl6GkysQmFN2BMhtIHqdUGBxyhcEOFE3V3WzCos4T3Ua5FoqxIpdHVIkL\r\np2j4Y161W6tYVnO3MScZ5CpWPSBXXIA1htJKQzkoBnlYbZVYqP60oOrGCgoWiGiqKmNCZabJ6Xm5\r\nerkgL10\/I0mXJmcVyPm6vKKs1LRUOSypAJ7DIuUZWfrMvEK9DBC6pFz9LDkvXU7KnSVPy8pNjZTT\r\nZubr0goKpDydnJWTn52VBu+yclOyC1OzcjPkZMDLzdPL2Vk5WXogqs\/jqCqprLQCRiwnTZeSCY9J\r\nyVnZWfpZkVJ6lj4XaIJwOjlJzk\/S6bNSCrOTdHJ+oS4\/ryANaKQC2dys3HQdcEnLSQMlgFBKXv4s\r\nXVZGpj4SkPTwMlLS65JS03KSdNMiZSCWByrrZA4SBVICDTmtiCEXZCZlZ8vJWfoCvS4tKYfBMutk\r\n5OblpEnpeYW5qUn6rLxcOTkNVElKzk5TZANVUrKTsnIi5dSknKQMpo6LCQNT1PGYQ2IIGWm5abqk\r\n7Ei5ID8tJYsNwI5ZurQUPYcE24Mlsrm4KXm5BWnTC+EFwLlYREozMtM4C1AgCf5L4ZJx9XNBXUZH\r\nn6fTu0WZkVWQFikn6bIKmEfSdXkgLvNnXjqPgEKwJ3Neriov8xF7d2l0ABTDVhVMTUvKBoIFTAx4\r\nIXWDhehKW1hqqnGw2FaTWymNvIwqtTOSR61SBCCEM6ohcZV3fAjLEmQWX3WU6uZZsNlyHKmUXl4+\r\nILpr7WrpNdaZoALaWSmx2iQrKyb1ZjvPdFgCLVZlzZPthipgBlgsizgU1EpDFaDZ3WJ2SyjJtRjW\r\n2MyAUm8zO6CYyIZaeGszL1KXYZu6THENZI8GjIunOCjy20z2GlilzHWmqoYogLWxtYxLYq6GXs2i\r\nqs7NV+qY7GoVHHI5J260OiTo6KJkSeId1y9una60G\/51+iBJ6YPkn9MHSZ4+SP6ZfZB0aR+kFvlS\r\nTsnuWjN6aVA9DYv0S3ol2dUrSf8dvZKk+OE365UkJWF\/Ua8k\/Yq9kuTpleSf2StJ3fqCn9ErSZfr\r\nleQr75WkLr1S1\/Tt1i7Beg5F4tdqlyS1XZJ\/UbskdROX7xt\/7ZZJqrbKv7hlkn7VlklSWyb557dM\r\nUs+WSf45LZPUa8sk\/5SWSdInFeVMzWNiJ2X+rO5I8mj+S7ojydUdyb+kO5K6dkfyz+qOpF67I\/mX\r\ndEcsWLslirvxkS7b+Mg\/ofGRfrzxka+g8ZF449O9d\/j3DY3DBZ\/ImwYpCm5RP3pyFV1vrjRHm6GC\r\nLIyqqaiJVstYlyO0S07QUAqyohrUgGzIjMpRBXIgGY1GpWgM3GPQePjEwqgEIGSUDDAOZIfLhkzI\r\ngCwoEt5moWqAj4JREqqCj4x0blp2\/mSCuwlw6uDbCJDSFXCNd3PVA6c64LUAcKoBmslhAJyfxjEV\r\nRgsArwjVAkQpwBo4NRPHMHCNZKBSDd81AFMCdM0AJwO+Fbgb+FxPOgWcCqOQwqUzwmw1521EeSqN\r\nmwDS9BPw5F8Ns4jbwA7PVq5XDFgiFizblaKL3qXUxv2oHGUcXrG3Q40GZn8HWG8yioaPUYWvA\/go\r\ngLPC3QYWNXFcG7d9FNAwAU56F2ouX7ji4dKoY3NMRhOPERPIaEX1AMsi4tfxM6OUATMNAFPBMc0w\r\nV8Pldqi2LoOxlUuTxKnW9bBKTz08cVzbLY4vp40En950V7xqgFFXq12aURJ48Od\/pCvK0l+\/NvTu\r\nb4\/OZpiR+MjB37Aos3BbV8I7K3jg38nCNMvn9Cycmic\/zFymCj5nUvUq51yqVa9Hqn5XvKVwU2JM\r\niedILpeVe7+a49eoOahwsAJVhxpjZjUKDJyGYmlJpengUvSMp1IOx+JQoe6iwKAV2ZVYduUw81ZY\r\nlygJ454z8DxndzuXqxRwDKp+Es+CUohQC6fi4DMu+5TBqErNpNFuGT0cWHVi8jsgfpXoZxw9NmFv\r\nanjWGIFDKcd2SWPkGjh4rJXArIPPKjykH+EQqWZzKUhWy6koNqnnMVDBq45DtYyFv+uqkUsHW7eo\r\nVKSt5TaM7OIdNrZwfyq+lrpUEDtgR15Gj0i3ntG8gsicspIPCm2zatXu3v9xrV2WU6StcUe0g8vl\r\niTqPRvXcHpYr4uDKhjJetatVDU1dOBr5N+MRye\/MEgsAopTTU2Bc\/mNxXKVWNpeHStUVx+z2hx1W\r\nDpadelU6A1C08srg8UHXWuSxwKWVoBrgHWo22LvBunLFY7GuNaArnsx1NnDJJV6bu8eaYg1lLTH8\r\niD+tfJWTVd9b+N1TP67EFw6+ErGV06BqFNXNUj+Gy2zSoK4tCndm8zIuo1GNpCoepzb3G0VSZlNj\r\nF593jTrXCmrgK6KZ14wq\/iS5NTJySZm\/qrtYo7zbuqpwctVQA48eJXZdPHrax\/5vdXJJKakaeCLM\r\nwH105RJ059PTHr3JFqn6u4rjmS9TzSW3d2y8zhp4XfHQdb2xuyPSlS89Vw+TWudMXAsXp3qulZHj\r\nh\/WyHoa59e6JIcGca7UN6xJlSs5k91hfSni+W7vIWqvmgStO6mDW3IvFTGght3O1msk18FFWLwOv\r\nqCY3Rle\/KzK73ki9ZkoFr\/Ayv9tVGU08ki4XJ65a11vtNvKVQOmMu9qrN6tKXSzX1Yc\/N1ftvGq6\r\n1mpPtrkyiXUOVe7ew6ZidKdYwyO6Er7LVY8p6yGLKsldVX\/LSnV5rUrUHHGo62GZ21KZKI3zyUO5\r\n8MT45MGTHs2APlLH57LgnQx9nA5miuCJ\/V2bVO6XJD7D5sN4Ns6AMaOYhwo5LYWGDr4Z7VlI5rRl\r\n\/syepgF8LtBiuGloJueRBtQKQLI8GDPaOfA2G+5pKhzDSIE3hfDMxhmIdaEKP\/bXdfQ8dxgek0WR\r\nVA\/vPVy7S5XFOboky4EnHdDPVGfZX\/LJ4vSY\/JG8P2LjXFVOxXI6Tp3ZiFFmNFNAomz+xN4Wwj0f\r\n4Aq4PZO4zoq0uVyHdJhXdEnjEiieUCRK4X8xaBaHYH9LSM+twDjpVchI7kemTyrHZ1yncShFsjzV\r\ny2zsoRKl2lKRg9m\/yM25gOufDR+Z66\/nf62I+SYJ6LvoumIng1NgckvcGoVcvyRuhzzOIZnDMSsy\r\ne2a7I07XxSsp3F7Mb0zyVM4piVukoFdNXNS6eqe36JDcHDK4fmncUtkcugDsmAbwWe43SjxmcV1T\r\nVFsrNJW4V2Iiu4t1U7iOzLPTgWuaGlNJ3HbdtWB+msHl92iheCBJ\/U7pYjOP93NV77rk0XPO+l6s\r\nMoPnYhqHSuK+LnDnSDrP3xxV8kJ3hHlqQKEan3luybrb15VHLrgrqR0KLRfv7h5M5fGUrUpY4LaG\r\nAiH9CF2ldqXBulbK9zkOd93uvnJ37Ro93WjXvjOyS63t2gkoVTiDw1p6wHneKrslZc3y7HW69m69\r\n7bBdu2Oll3d1vZ7uQ6ndte6TJlfXa+T9udID2t1diZX3gVZ3Z1LPZz1reo16dmLtts9jnA187Y90\r\n83KtRR5aSl9p4N0C42bvxZqXX6GkS3aGNXy9V7jU87FD7UyYfrUqLHu\/qMdu2HX+c6kP5F594NKl\r\nt86hq\/1t3N816l7KzC3M+skola4NufZlHpswCyjnapYeXvdEH6M2GfU8VWA2KO8iuZHbWkLKGR3j\r\nKfF65Trj+s+fOv3aZ8P\/TedBUrfzoJ6d1293HiT1eh4k\/87nQdIVnQd17+RLu8jkOetwQV7ZCWpv\r\nJyzSf+xcSb7kXEn6\/+dKXc6VPCcM\/2+eK0ndVtj\/3LmS1Mtu7b\/hXEnq9VzJo9Hvc64k\/ch5we9z\r\nriShn3qu5PlXp1\/zXMmTb93PlS63+l7+dEnZnyudxH\/b6ZKEup8u9X668fucLkk\/Yl25iwX\/u0+Z\r\nJB5jl3Yzv\/8pk\/RffMok9Thl8ux1f89TJunfnjLJv9spk\/QTTpnk3+yUSeI2KAKqU7m0irWTYP73\r\nOzuSevX5f+rsSLrk7Ej+j50dSZc9O\/KcAf32Z0fSTzg7+jG6v+3ZkauyXn5FufTER\/oZJz5dT2l+\r\nzRMf6Red+Fy6Z\/t5Jz5SlxOfHzt3+DVOaByX0E9EnpMGifNhT1G\/4HeuorldKuGK5rIZedcUxfvX\r\nGnjXvRvr\/bfQ\/v3voPH\/Q0Ln93AtRbNRLz9HheWJnYcoaYkgj8aQg1vII77kgN1XPBBDHqakOYLs\r\n9yX7IsjeLaSpnexpJ7speWgyeZCSB2LIrp0F4q4tZGdOkrizgOyIIfcHku1byH0SaaRkmz\/ZuoTc\r\ne4xsoWQzQGxeQjZRcvfGDPHuJWRjBtmwfqi4gZL1Q8ldlNxJyTpK1lJyx+0h4h2U3B5CboshayhZ\r\nFURWUrKCklsoWU7JMkqWUrJkWoS4xEhupmSxH1nUcExcREnDwrliwzHSsFyzsD5CXDiXLEzU1EeQ\r\nOkpqtxCHkdh9ie2mCNFmJDfV+Is3RZAaf2IFsaztpDqxkxILJVWUVAaRBebJ4gIjMQMP82RSkesj\r\nVgwi5WW+YnkMKfMlJiMxAppxCymlpMTQVyyhxNCXFM8fLBYbyfx5\/cX5g8m8\/mSuRObc2E+cQ8mN\r\n\/chswJi9hcya6SvOGk1m+pIZ7aSo8JhYREmhfq5YeIwULtfoCyJE\/VyiT9QURBAdJdPzo8TplORH\r\nkTwQIi+Q5PqQHJAqJ4lkwy2bkmlT\/cRpEWSqH8miJDPDT8ykJMOPpFOSRkkqJSnJS8QUSpKXkCRK\r\nEtvJDe1kSju5Lj5ZvI6Sa18hk2E0uYBMook15JolJAEe4zXjxPhkMpGSOEpiJ5OYdjK+L4mmZBwl\r\nkZSMhemxE8jV\/ckY0l8cE05Gh5BRI33FUUYy0pdEYEmMiCEj+g4SRywh4eJkMZySMHgKO0ZCAT50\r\nKJGH+4jyVUQ+2vlsYqNmuA8J6UNCEjXB\/ckwAB+2hQzdQoYMjhCHGMngQf7i4AgyyJ8MDIoQByaR\r\noAgygJJASgLaib\/fYNGfEj+g6jeY9KfkKkp8gYLvFtIPGPZbQvr69BX7DiI+fYlEiTdMeW8hWgDX\r\nUiKCFuJkooEnzThC+hMBBBcGESwRnKhBwwg+io233onH\/rY\/6Dem\/1N\/gv8PW1s8RAplbmRzdHJl\r\nYW0KZW5kb2JqCjM0IDAgb2JqCjw8L1R5cGUgL1hPYmplY3QKL1N1YnR5cGUgL0ltYWdlCi9XaWR0\r\naCAyODAwCi9IZWlnaHQgMjgwMAovQ29sb3JTcGFjZSBbL0lDQ0Jhc2VkIDM1IDAgUl0KL0JpdHNQ\r\nZXJDb21wb25lbnQgOAovRmlsdGVyIC9EQ1REZWNvZGUKL0xlbmd0aCAxMzM3NDQ+PgpzdHJlYW0K\r\n\/9j\/4gxYSUNDX1BST0ZJTEUAAQEAAAxITGlubwIQAABtbnRyUkdCIFhZWiAHzgACAAkABgAxAABh\r\nY3NwTVNGVAAAAABJRUMgc1JHQgAAAAAAAAAAAAAAAAAA9tYAAQAAAADTLUhQICAAAAAAAAAAAAAA\r\nAAAAAAAAAAAAAAAAAAAAAAAAAAAAAAAAAAAAAAAAAAAAAAAAABFjcHJ0AAABUAAAADNkZXNjAAAB\r\nhAAAAGx3dHB0AAAB8AAAABRia3B0AAACBAAAABRyWFlaAAACGAAAABRnWFlaAAACLAAAABRiWFla\r\nAAACQAAAABRkbW5kAAACVAAAAHBkbWRkAAACxAAAAIh2dWVkAAADTAAAAIZ2aWV3AAAD1AAAACRs\r\ndW1pAAAD+AAAABRtZWFzAAAEDAAAACR0ZWNoAAAEMAAAAAxyVFJDAAAEPAAACAxnVFJDAAAEPAAA\r\nCAxiVFJDAAAEPAAACAx0ZXh0AAAAAENvcHlyaWdodCAoYykgMTk5OCBIZXdsZXR0LVBhY2thcmQg\r\nQ29tcGFueQAAZGVzYwAAAAAAAAASc1JHQiBJRUM2MTk2Ni0yLjEAAAAAAAAAAAAAABJzUkdCIElF\r\nQzYxOTY2LTIuMQAAAAAAAAAAAAAAAAAAAAAAAAAAAAAAAAAAAAAAAAAAAAAAAAAAAAAAAAAAAAAA\r\nAAAAWFlaIAAAAAAAAPNRAAEAAAABFsxYWVogAAAAAAAAAAAAAAAAAAAAAFhZWiAAAAAAAABvogAA\r\nOPUAAAOQWFlaIAAAAAAAAGKZAAC3hQAAGNpYWVogAAAAAAAAJKAAAA+EAAC2z2Rlc2MAAAAAAAAA\r\nFklFQyBodHRwOi8vd3d3LmllYy5jaAAAAAAAAAAAAAAAFklFQyBodHRwOi8vd3d3LmllYy5jaAAA\r\nAAAAAAAAAAAAAAAAAAAAAAAAAAAAAAAAAAAAAAAAAAAAAAAAAAAAAAAAAABkZXNjAAAAAAAAAC5J\r\nRUMgNjE5NjYtMi4xIERlZmF1bHQgUkdCIGNvbG91ciBzcGFjZSAtIHNSR0IAAAAAAAAAAAAAAC5J\r\nRUMgNjE5NjYtMi4xIERlZmF1bHQgUkdCIGNvbG91ciBzcGFjZSAtIHNSR0IAAAAAAAAAAAAAAAAA\r\nAAAAAAAAAAAAZGVzYwAAAAAAAAAsUmVmZXJlbmNlIFZpZXdpbmcgQ29uZGl0aW9uIGluIElFQzYx\r\nOTY2LTIuMQAAAAAAAAAAAAAALFJlZmVyZW5jZSBWaWV3aW5nIENvbmRpdGlvbiBpbiBJRUM2MTk2\r\nNi0yLjEAAAAAAAAAAAAAAAAAAAAAAAAAAAAAAAAAAHZpZXcAAAAAABOk\/gAUXy4AEM8UAAPtzAAE\r\nEwsAA1yeAAAAAVhZWiAAAAAAAEwJVgBQAAAAVx\/nbWVhcwAAAAAAAAABAAAAAAAAAAAAAAAAAAAA\r\nAAAAAo8AAAACc2lnIAAAAABDUlQgY3VydgAAAAAAAAQAAAAABQAKAA8AFAAZAB4AIwAoAC0AMgA3\r\nADsAQABFAEoATwBUAFkAXgBjAGgAbQByAHcAfACBAIYAiwCQAJUAmgCfAKQAqQCuALIAtwC8AMEA\r\nxgDLANAA1QDbAOAA5QDrAPAA9gD7AQEBBwENARMBGQEfASUBKwEyATgBPgFFAUwBUgFZAWABZwFu\r\nAXUBfAGDAYsBkgGaAaEBqQGxAbkBwQHJAdEB2QHhAekB8gH6AgMCDAIUAh0CJgIvAjgCQQJLAlQC\r\nXQJnAnECegKEAo4CmAKiAqwCtgLBAssC1QLgAusC9QMAAwsDFgMhAy0DOANDA08DWgNmA3IDfgOK\r\nA5YDogOuA7oDxwPTA+AD7AP5BAYEEwQgBC0EOwRIBFUEYwRxBH4EjASaBKgEtgTEBNME4QTwBP4F\r\nDQUcBSsFOgVJBVgFZwV3BYYFlgWmBbUFxQXVBeUF9gYGBhYGJwY3BkgGWQZqBnsGjAadBq8GwAbR\r\nBuMG9QcHBxkHKwc9B08HYQd0B4YHmQesB78H0gflB\/gICwgfCDIIRghaCG4IggiWCKoIvgjSCOcI\r\n+wkQCSUJOglPCWQJeQmPCaQJugnPCeUJ+woRCicKPQpUCmoKgQqYCq4KxQrcCvMLCwsiCzkLUQtp\r\nC4ALmAuwC8gL4Qv5DBIMKgxDDFwMdQyODKcMwAzZDPMNDQ0mDUANWg10DY4NqQ3DDd4N+A4TDi4O\r\nSQ5kDn8Omw62DtIO7g8JDyUPQQ9eD3oPlg+zD88P7BAJECYQQxBhEH4QmxC5ENcQ9RETETERTxFt\r\nEYwRqhHJEegSBxImEkUSZBKEEqMSwxLjEwMTIxNDE2MTgxOkE8UT5RQGFCcUSRRqFIsUrRTOFPAV\r\nEhU0FVYVeBWbFb0V4BYDFiYWSRZsFo8WshbWFvoXHRdBF2UXiReuF9IX9xgbGEAYZRiKGK8Y1Rj6\r\nGSAZRRlrGZEZtxndGgQaKhpRGncanhrFGuwbFBs7G2MbihuyG9ocAhwqHFIcexyjHMwc9R0eHUcd\r\ncB2ZHcMd7B4WHkAeah6UHr4e6R8THz4faR+UH78f6iAVIEEgbCCYIMQg8CEcIUghdSGhIc4h+yIn\r\nIlUigiKvIt0jCiM4I2YjlCPCI\/AkHyRNJHwkqyTaJQklOCVoJZclxyX3JicmVyaHJrcm6CcYJ0kn\r\neierJ9woDSg\/KHEooijUKQYpOClrKZ0p0CoCKjUqaCqbKs8rAis2K2krnSvRLAUsOSxuLKIs1y0M\r\nLUEtdi2rLeEuFi5MLoIuty7uLyQvWi+RL8cv\/jA1MGwwpDDbMRIxSjGCMbox8jIqMmMymzLUMw0z\r\nRjN\/M7gz8TQrNGU0njTYNRM1TTWHNcI1\/TY3NnI2rjbpNyQ3YDecN9c4FDhQOIw4yDkFOUI5fzm8\r\nOfk6Njp0OrI67zstO2s7qjvoPCc8ZTykPOM9Ij1hPaE94D4gPmA+oD7gPyE\/YT+iP+JAI0BkQKZA\r\n50EpQWpBrEHuQjBCckK1QvdDOkN9Q8BEA0RHRIpEzkUSRVVFmkXeRiJGZ0arRvBHNUd7R8BIBUhL\r\nSJFI10kdSWNJqUnwSjdKfUrESwxLU0uaS+JMKkxyTLpNAk1KTZNN3E4lTm5Ot08AT0lPk0\/dUCdQ\r\ncVC7UQZRUFGbUeZSMVJ8UsdTE1NfU6pT9lRCVI9U21UoVXVVwlYPVlxWqVb3V0RXklfgWC9YfVjL\r\nWRpZaVm4WgdaVlqmWvVbRVuVW+VcNVyGXNZdJ114XcleGl5sXr1fD19hX7NgBWBXYKpg\/GFPYaJh\r\n9WJJYpxi8GNDY5dj62RAZJRk6WU9ZZJl52Y9ZpJm6Gc9Z5Nn6Wg\/aJZo7GlDaZpp8WpIap9q92tP\r\na6dr\/2xXbK9tCG1gbbluEm5rbsRvHm94b9FwK3CGcOBxOnGVcfByS3KmcwFzXXO4dBR0cHTMdSh1\r\nhXXhdj52m3b4d1Z3s3gReG54zHkqeYl553pGeqV7BHtje8J8IXyBfOF9QX2hfgF+Yn7CfyN\/hH\/l\r\ngEeAqIEKgWuBzYIwgpKC9INXg7qEHYSAhOOFR4Wrhg6GcobXhzuHn4gEiGmIzokziZmJ\/opkisqL\r\nMIuWi\/yMY4zKjTGNmI3\/jmaOzo82j56QBpBukNaRP5GokhGSepLjk02TtpQglIqU9JVflcmWNJaf\r\nlwqXdZfgmEyYuJkkmZCZ\/JpomtWbQpuvnByciZz3nWSd0p5Anq6fHZ+Ln\/qgaaDYoUehtqImopaj\r\nBqN2o+akVqTHpTilqaYapoum\/adup+CoUqjEqTepqaocqo+rAqt1q+msXKzQrUStuK4trqGvFq+L\r\nsACwdbDqsWCx1rJLssKzOLOutCW0nLUTtYq2AbZ5tvC3aLfguFm40blKucK6O7q1uy67p7whvJu9\r\nFb2Pvgq+hL7\/v3q\/9cBwwOzBZ8Hjwl\/C28NYw9TEUcTOxUvFyMZGxsPHQce\/yD3IvMk6ybnKOMq3\r\nyzbLtsw1zLXNNc21zjbOts83z7jQOdC60TzRvtI\/0sHTRNPG1EnUy9VO1dHWVdbY11zX4Nhk2OjZ\r\nbNnx2nba+9uA3AXcit0Q3ZbeHN6i3ynfr+A24L3hROHM4lPi2+Nj4+vkc+T85YTmDeaW5x\/nqegy\r\n6LzpRunQ6lvq5etw6\/vshu0R7ZzuKO6070DvzPBY8OXxcvH\/8ozzGfOn9DT0wvVQ9d72bfb794r4\r\nGfio+Tj5x\/pX+uf7d\/wH\/Jj9Kf26\/kv+3P9t\/\/\/\/7gAhQWRvYmUAZIAAAAABAwAQAwIDBgAAAAAA\r\nAAAAAAAAAP\/bAIQADAgIDQkNFQwMFRoUEBQaIBsaGhsgIhcXFxcXIhEMDAwMDAwRDAwMDAwMDAwM\r\nDAwMDAwMDAwMDAwMDAwMDAwMDAENDQ0RDhEbEREbFA4ODhQUDg4ODhQRDAwMDAwREQwMDAwMDBEM\r\nDAwMDAwMDAwMDAwMDAwMDAwMDAwMDAwMDAwM\/8IAEQgK8ArwAwEiAAIRAQMRAf\/EAPcAAQEAAwEB\r\nAQEAAAAAAAAAAAABAgMEBQYHCAEBAQEBAQEBAAAAAAAAAAAAAAECAwQFBhAAAgEDAQUGBQUAAgMA\r\nAgMBAAECEQMEBRAgEhMGMEBgITEyUHAzNAdBIiMUFiQ1gEIVsCXQRRdEEQABAgICCwwKAgECAwgD\r\nAQABAAIRAyFxMEBwMUFRYbESIgQQIFBggZEyUnKSsnOhQmKCosLSEyMzweJjgBRTg9PQ8kOTs8M0\r\nBaPjJBUSAAECAwUFBwIFAgUDBQAAAAEAAmARISAwQDFBEFBxEiJRYTJCUnIDcIGRYpKisoITgLDS\r\nIzNDU7OgscLyk\/\/aAAwDAQECEQMRAAAA+yH0vAAAAAAAAAAAAAAAAAAAAAAAAAAAAAAAAAAAAAAA\r\nAAAAAAAAAAAAAAAAAAAAAAAAAAAAAAAAAAAAAAAAAAAAAAAAAAAAAAAAAAAAAAAAAAAAAAAAAAAA\r\nAAAAAAAAAAAAAAAAAAAAAAAAAAAAAAAAAAAAAAAAAAAAAAAAAAAAAAAAAAAAAAAAAAAAAAAAAAAA\r\nAAAAAAAAAAAAAAAAAAAAAAAAAAAAAAAAAAAAAAAAAAAAAAAAAAAAAAAAAAAAAAAAAAAAAAAAAAAA\r\nAAAAAAAAAAAAAAAAAAAAAAAAAAAAAAAAAAAAAAAAAAAAAAAAAAAAAAAAAAAAAAAAAAAAAAAAAAAA\r\nAAAAAAAAAAAAAAAAAAAAAAAAAAAAAAAAAAAAAAAAAAAAAAAAAAAAAAAAAAAAAAAAAAAAAAAAAAAA\r\nAAAAAAAAAAAAAAAAAAAAAAAAAAAAAAAAAAAAAAAAAAAAAAAAAAAAAAAAAAAAAAAAAAAAAAAAAAAA\r\nAAAAAAAAAAAAAAAAAAAAAAAAAAAAAAAAAAAAAAAAAAAAAAAAAAAAAAAAAAAAAAAAAAAAAAAAAAAA\r\nAAAAAAAAAAAAAAAAAAAAAAAAAAAAAAAAAAAAAAAAAAAAAAAAAAAAAAAAAAAAAAAAAAAAAAAAAAAA\r\nAAAAAAAAAAAAAAAAAAAAAAAAAAAAAAAAAAAAAAAAAAAAAAAAAAAAAAAAAAAAAAAAAAAAAAAAAAAA\r\nAAAAAAAAAAAAAAAAAAAAAAAAAAAAAAAAAAAAAAAAAAAAAAAAAAAAAAAAAAAAAAAAAAAAAAAAAAAA\r\nAAAAAAAAAAAAAAAAAAAAAAAAAAAAAAAAAAAAAAAAAAAAAAAAAAAAAAAAAAAAAAAAAAAAAAAAAAAA\r\nAAAAAAAAAAAAAAAAAAAAAAAAAAAAAAAAAAAAAAAAAAAAAAAAAAAAAAAAAAAAAAAAAAAAAAAAAAAA\r\nAAAAAAAAAAAAAAAAAAAAAAAAAAAAAAAAAAAAAAAAAAAAAAAAAAAAAAAAAAAAAAAAAAAAAAAAAAAA\r\nAAAAAAAAAAAAAAAAAAAAAAAAAAAAAAAAAAAAAAAAAAAAAAAAAAAAAAAAAAAAAAAAAAAAAAAAAAAA\r\nAAAAAAAAAAAAAAAAAAAAAAAAAAAAAAAAAAAAAAAAAAAAAAAAAAAAAAAAAAAAAAAAAAAAAAAAAAAA\r\nAAAAAAAAAAAAAAAAAAAAAAAAAAAAAAAAAAAAAAAAAAAAAAAAAAAAAAAAAAAAAAAAAAAAAAAAAAAA\r\nAAAAAAAAAAAAAAAAAAAAAAAAAAAAAAAAAAAAAAAAAAAAAAAAAAAAAAAAAAAAAAAAAAAAAAAAAAAA\r\nAAAAAAAAAAAAAAAAAAAAAAAAAAAAAAAAAAAAAAAAAAAAAAAAAAAAAAAAAAAAAAAAAAAAAAAAAAAA\r\nAAAAAAAAAAAAAAAAAAAAAAAAAAAAAAAAAAAAAAAAAAAAAAAAAAAAAAAAAAAAAAAAAAAAAAAAAAAA\r\nAAAAAAAAAAAAAAAAAAAAAAAAAAAAAAAAAAAAAAAAAAAAAAAAAAAAAAAAAAAAAAAAAAAAAAAAAAAA\r\nAAAAAAAAAAAAAAAAAAAAAAAAAAAAAAAAAAAAAAAAAAAAAAAAAAAAAAAAAAAAAAAAAAAAAAAAAAAA\r\nAAAAAAAAAAAAAAAAAAAAAAAAAAAAAAAAAAAAAAAAAAAAAAAAAAAAAAAAAAAAAAAAAAAAAAAAAAAA\r\nAAAAAAAAAAAAAAAAAAAAAAAAAAAAAAAAAAAAAAAAAAAAAAAAAAAAAAAAAAAAAAAAAAAAAAAAAAAA\r\nAAAAAAAAAAAAAAAAAAAAAAAAAAAAAAAAAAAAAAAAAAAAAAAAAAAAAAAAAAAAAAAAAAAAAAAAAAAA\r\nAAAAAAAAAAAAAAAAAAAAAAAAAAAAAAAAAAAAAAAAAAAAAAAAAAAAAAAAAAAAAAAAAAAAAAAAAAAA\r\nAAAAAAAAAAAAAAAAAAAAAAAAAAAAAAAAAAAAAAAAAAAAAAAAAAAAAAAAAAAAAAAAAAAAAAAAAAAA\r\nAAAAAAAAAAAAAAAAAAAAAAAAAAAAAAAAAAAAAAAAAAAAAAAAAAAAAAAAAAAAAAAAAAAAAAAAAAAA\r\nAAAAAAAAAAAAAAAAAAAAAAAAAAAAAAAAAAAAAAAAAAAAAAAAAAAAAAAAAAAAAAAAAAAAAAAAAAAA\r\nAAAAAAAAAAAAAIVzcub6bxdE19C+Xmb9S+X7bPbY5dMAAHF5GNfSPlrnX1D5vdZ7zyOnU7mrbrIA\r\nAAAAAAAAAAAAAAAAAAAAAAAAAAAAAAAAAAAAAAAAAAAAAAAAAAAAAAAAAAAAAAAAAAAAAAAAAAAA\r\nAAAAAAAAAAAAAAAAAAAAAAAAAAAAAAAAAAAAAAAAAAAAAAAAAAAAAAAAAAAAAAAAAAAAAAAAAAAA\r\nAAABz+bnXtPk\/P57+80\/nmnG\/u+H5TLGvc5PPY1u58mdYZEtywpnddNmEyOj7r869fvx+zHr8z53\r\n2PyLj17+3z+3x+rfdVNkwpYpjtxHV1eY3n3+35Oaz911\/nDeP0l8B27z9k+e9Dpj0WOW8AAAAAAA\r\nAAAAAAAAAAAAAAAAAAAAAAAAAAAAAAAAAAAAAAAAAAAAAAAAAAAAAAAAAAAAAAAAAAAAAAAAAAAA\r\nAAAAAAAAAAAAAAAAAAAAAAAAAAAAAAAAAAAAAAAAAAAAAAAAAAAAAAAAAAAAAAAAGryc69ufG+Ry\r\n6fd+V8jeXT2\/O5nPazLOjLI1t1NDopou6mnLZDG2FuIyuFMtezI4ufu8o\/Vt\/wAx9P8AQ8XxHw\/b\r\nxeL1+t3+f3Y1uy1ZGbGllphNlNM305nTDndENLbiYy4mXbwLPf8AS+NdMfo23819Drz+6fNev159\r\nw3gAAAAAAAAAAAAAAAAAAAAAAAAAAAAAAAAAAAAAAAAAAAAAAAAAAAAAAAAAAAAAAAAAAAAAAAAA\r\nAAAAAAAAAAAAAAAAAAAAAAAAAAAAAAAAAAAAAAAAAAAAAAAAAAAAAAAAAAAAAAAAAAAnjy+zo+M8\r\nXh2+v8Xyrx63HZlz3ru6mrLYJljDY04nQ5sDrnHids4sTtnDDunBDunDDvcA775+R6PR5XUej4vs\r\n+Met9\/8AlH6F6\/N+Odvn9\/k9Pob\/AD8j0cvOp6OXnU9K+dkejl51PRy87I9G+fkeheHI7bx5nS0Z\r\nGySmOO3I5Z1Q5XRgZ+r4uOs\/bep+adPbl+hvmPd78uobwAAAAAAAAAAAAAAAAAAAAAAAAAAAAAAA\r\nAAAAAAAAAAAAAAAAAAAAAAAAAAAAAAAAAAAAAAAAAAAAAAAAAAAAAAAAAAAAAAAAAAAAAAAAAAAA\r\nAAAAAAAAAAAAAAAAAAAAAAAAAAAAcPyvPf1nz3yzz9+nmzz5ddeWdhlhibpz4HVOTA68OTA68ePE\r\n7MOXE6seWHTOaHROeHROeHRNEXe0Ddeem\/Lmp2dXmbz3\/K3cByfon5X9\/wBuPwPo+b6nHrMMtS7L\r\npRvvPa6MuWnVlyU68uOnblw5J3ZcGR35+fkehn52Z6OfnZHpZ+dmejlwbDtcuZvmGRjr6By49WJ2\r\ne98jh0x+lZfnX0no4fQscu3IAAAAAAAAAAAAAAAAAAAAAAAAAAAAAAAAAAAAAAAAAAAAAAAAAAAA\r\nAAAAAAAAAAAAAAAAAAAAAAAAAAAAAAAAAAAAAAAAAAAAAAAAAAAAAAAAAAAAAAAAAAAAAAAAAAAA\r\nAAA4fk+e\/q\/lfAef0Vllx6TPHE2OfA6MOfWdOvnwOjDnxN+OjE346Yu3HVDbNcNkwkbJgMmAzmIy\r\nYlykFQZMRs2aMjv5ZpOL6jl+8r8p9byvXk0ad+lcJlCAWCpDO6xsusm26absuenRlzU6suTKuzPi\r\nyTvz8\/M9HZ5uZ6e3zNp6Wfn7TuvJtN2MzNOrsxMPo\/m9e8\/o+f519H6fP9Exy7cgAAAAAAAAAAAA\r\nAAAAAAAAAAAAAAAAAAAAAAAAAAAAAAAAAAAAAAAAAAAAAAAAAAAAAAAAAAAAAAAAAAAAAAAAAAAA\r\nAAAAAAAAAAAAAAAAAAAAAAAAAAAAAAAAAAAAAAB5EvqfLfP+f5vRtwXz9srhgbcdOs369GBu16cT\r\nbjqxNmOuLsxwRlMYZMRZC1AssAsoFEWrjaiLTFkWKHPv57O37X4T6qa+N9byfS1ia88M3CZxcGcT\r\nFkMGQwZKxUkUQC41LcLWd1jddJOjLnp17OLKvQ2+dmnpbvL2nq7fM3HpZ8O06pr2GvV1QfXfGaum\r\nP0t8h9T6\/NuG8AAAAAAAAAAAAAAAAAAAAAAAAAAAAAAAAAAAAAAAAAAAAAAAAAAAAAAAAAAAAAAA\r\nAAAAAAAAAAAAAAAAAAAAAAAAAAAAAAAAAAAAAAAAAAAAAAAAAAAAAAAAAAAAAOfz\/g+PX2vnMcvL\r\n6WWOObsw16zbr1YGzDXgbMMMVzxxkZTEWQtQCxFqxSxkiKJRSC3CGxqyMnR1y+Y9\/uX5F972y\/mk\r\n\/W\/SX8V9L9o3n5\/6f2DO\/wAX8b995NY\/B37P5qfld\/ReOvh31nEngPS5bOdhim26qZsaWURRiyGD\r\nImMyVipJYTK4K25aSdGzlyO3d5+yvS3+XtT1d\/lbz1NnB0HRgzOfLdrPp\/c\/NvT9PD7Zp3engCAA\r\nAAAAAAAAAAAAAAAAAAAAAAAAAAAAAAAAAAAAAAAAAAAAAAAAAAAAAAAAAAAAAAAAAAAAAAAAAAAA\r\nAAAAAAAAAAAAAAAAAAAAAAAAAAAAAAAAAAAAAAAAAADml3\/KeP4fm9GeMeftlMMDPDDWbNeGBljj\r\niuWOKLIEFFllUipSxVxGTDE2R6y+Tj9j7edfmW\/9g9Rfxz0\/1fbL+cer9tT5r0fWscO3qtnPluWa\r\n7sGFyJGSsbSYshjMy68dyNGPTF5NXoJfJ4PpIvw\/mfpUPyDyv3LVZ+A8v9Beefh1\/U\/DT4q+149k\r\naMrnawyVMokmQxmcTFVksJllrVvz58k7N3Bsr0+nyehPW6PJ6D08uPoMtHVDX9l8Xr6Y\/SHz\/wBB\r\n7PKGsgAAAAAAAAAAAAAAAAAAAAAAAAAAAAAAAAAAAAAAAAAAAAAAAAAAAAAAAAAAAAAAAAAAAAAA\r\nAAAAAAAAAAAAAAAAAAAAAAAAAAAAAAAAAAAAAAAAAAAAAAADxZrd+f6Obxeq3Gc95Y44GWvHAuEx\r\nLjJLZIWKspKLLKi1MTOa+g1Y\/T\/TZ3+aev8Aq\/fNfnP0H1uyXyuzryNGe23OvLK2Y2kCgKhKAAAC\r\noKAAAAAABKJMhrx3JeTk9WTXyPzn6hgv4j4f9CcVn4Hl+s\/K2fJZbuG56WrIyCSZDCZyyBMstazf\r\nt5ck7unzN1ev1eP1J6+7zOo6sLmcfr8XNqfoez4X7T2eXcOnMAAAAAAAAAAAAAAAAAAAAAAAAAAA\r\nAAAAAAAAAAAAAAAAAAAAAAAAAAAAAAAAAAAAAAAAAAAAAAAAAAAAAAAAAAAAAAAAAAAAAAAAAAAA\r\nAAAAAAAAAAAAAfNZ1u+Ax0+L11JjVwmBcJgXCYrcUgFlJRZSRawhlj7X1s1+ffSfo\/oZ38j9F6ec\r\n1zbtuTOvPK3ONqgQAKqCgAAAqEqUAAAWCpQlAAAAAAAAJMhq19KXy\/nvs8Zv8g+W\/oPhs\/n\/AGfq\r\nXxlz4d0rnfMclkziYMpZjUZz2abZ17+Daep1eR0We10+R2HoTXuOTpaLPvd\/wH2vs8vUOvMAAAAA\r\nAAAAAAAAAAAAAAAAAAAAAAAAAAAAAAAAAAAAAAAAAAAAAAAAAAAAAAAAAAAAAAAAAAAAAAAAAAAA\r\nAAAAAAAAAAAAAAAAAAAAAAAAAAAAAAAAAfOZ1h8Hnz+L1iY0xmBdbAYMZbEBZZRoSVMaTL6v7vO\/\r\nz77X6Hpz05OndkmGeS5lqxYSpQAAAAAAKqCpQAAAEqCgAAWCoKAAAAAAAABjkNWjsk18x8J+waZr\r\n+eNP7z8HrPw2c03HRMclkziYTKXLLC2b93Jmno9vkdNntdfjdp6TRvNGW3nr7js\/Pvt\/Z5eodeQA\r\nAAAAAAAAAAAAAAAAAAAAAAAAAAAAAAAAAAAAAAAAAAAAAAAAAAAAAAAAAAAAAAAAAAAAAAAAAAAA\r\nAAAAAAAAAAAAAAAAAAAAAAAAAAAAAAAAAAA4Jeb896PK8XsI56YMBrYDFjKgosoSpMFynsfoc38d\r\n956\/Tjpz9OeSY5W3MoixVQUIAAsFQVBUoAAAAAsVUFQVKAAVCVBQAALBUoAAAAAAABjp6C+D8D+t\r\nac7\/AJ1w\/cPzXWfnsubbcZyjGZRMcpLndu5c7PQ6\/K6a9rs8XuT1MdW85OrHms\/Qd3xf2Xt8uQ6c\r\nwAAAAAAAAAAAAAAAAAAAAAAAAAAAAAAAAAAAAAAAAAAAAAAAAAAAAAAAAAAAAAAAAAAAAAAAAAAA\r\nAAAAAAAAAAAAAAAAAAAAAAAAAAAAAAAAAABqXD8+7\/lPH6sYcejFgNbAmFxlBQlElYz2F8v736L3\r\ncdubt2ZxjmtyAsJUFQVBQBQCwVBUFSgIAsFQVKAAAAALFVBUoAsJUFSgAAFQUAAAAAAGHN2SX4b8\r\nx\/oTypr8D2\/TfI7x0zHMxmUZxqXOzdzbLPQ7fI67Pa7fF7z0Nc2nF73kadT9HfP\/AEHu8YayAAAA\r\nAAAAAAAAAAAAAAAAAAAAAAAAAAAAAAAAAAAAAAAAAAAAAAAAAAAAAAAAAAAAAAAAAAAAAAAAAAAA\r\nAAAAAAAAAAAAAAAAAAAAAAAAAAAAA+U9T4fz+jh5LPL3S4E13WTC4ywKLKTGW69n6HNeT+jburn2\r\nx223KllQVKAAAAAgACwVBUFQVBRQFQVBUoCLBUFSgAAACxVQVKALBUJQALBUFAAAAAxyHL8H+jaZ\r\nv+cn7L+SXOlq2WSZ4s45Yrnb0cmyz0u7x+uz2+rye86efoho+y+K7euPu2vZ7fICAAAAAAAAAAAA\r\nAAAAAAAAAAAAAAAAAAAAAAAAAAAAAAAAAAAAAAAAAAAAAAAAAAAAAAAAAAAAAAAAAAAAAAAAAAAA\r\nAAAAAAAAAAAAAAAAAAANG75fHTy\/mOnj8XrEyxwusx13FZCCpoYqyv6nneH1V3c+rNbkLKgqCoKg\r\nqUAAWCoKgqCkKAAAEAWCoKlApYKgqCgWEqCgAAAAqKqCgWEqCgAqCgAAAAw8X3cZr8A8v98\/G7PM\r\na9lkxzjOOWLWd\/Txbk9T0PG7rPZ3cHWY6+jnPf8Ap\/z36\/1cPTHo84AAAAAAAAAAAAAAAAAAAAAA\r\nAAAAAAAAAAAAAAAAAAAAAAAAAAAAAAAAAAAAAAAAAAAAAAAAAAAAAAAAAAAAAAAAAAAAAAAAAAAA\r\nAAAAAAAA0S8HxXpfLeP2alctTC6yastSyJCkpcWpcP03O+v6ib+fW5S3IAAFQlRVQVBUFAAABUFQ\r\nVKAAVBUFSgAAIBUFQUAVUFSgJUFQUAAACxVSgCwlSgFQUAAAGPlevjNfgHmfu34rZzzHO5xmWNlz\r\n1256+zzeqz1+\/wAbvT08cNpy+hxtPv8Ab8v9R7fGG8AAAAAAAAAAAAAAAAAAAAAAAAAAAAAAAAAA\r\nAAAAAAAAAAAAAAAAAAAAAAAAAAAAAAAAAAAAAAAAAAAAAAAAAAAAAAAAAAAAAAAAAAAAAAAPmPd+\r\nM4d\/P8bbq8voS4Rjqy1EwSWWVSyVqv0M17n6Dq7OXe5S2AiwLBUFQVBUFIUAAAAIsFQVFUAAFQVB\r\nQAVBUFSgAIBUFABUVUFCAVBQAABVQUCwlSgFQUAAGHzf0+ua\/nKfqP5VrO2UmIuc93Psue\/t8rts\r\n9js8vuN3N1aTd9j8T6vbn9ePZ5AAAAAAAAAAAAAAAAAAAAAAAAAAAAAAAAAAAAAAAAAAAAAAAAAA\r\nAAAAAAAAAAAAAAAAAAAAAAAAAAAAAAAAAAAAAAAAAAAAAAAAAAAAAABxS+H836Hzfi9usc7jrz1G\r\nGrLBcSRRNXC6l6\/2TxPr+XfLNRYQAABYKgqCoKgoAAFgqCoKgqUAABFgqCoKKWCoKlAKgqUABAFg\r\nqUAqKqUBFgqUAAClgoFhKlAKgoEsOf8AIf2XzZv+f8+nk1izLFlliuejq4eiz1PQ8jvs9Rp3HN2c\r\n+dfZ+h8f9f7fJR05gAAAAAAAAAAAAAAAAAAAAAAAAAAAAAAAAAAAAAAAAAAAAAAAAAAAAAAAAAAA\r\nAAAAAAAAAAAAAAAAAAAAAAAAAAAAAAAAAAAAAAAAAAAPk\/c+R4ejz\/I2YeXuxy1xjpz0mONxllJR\r\nGsPpfnv2fHT0enHPHSi5IUAAACoKgqCoSgAAqCoKgqCgAAqCoKlAAFgqEqUCqgqUAqCpQAEWCoKA\r\nKqChFgqCgACqlASoKACwGGcX4j8i\/o38cl+ZTLWMZZc57dGy57e\/yu2vX6\/M7k3c3TpOv6v470O2\r\nPs0vs8YAAAAAAAAAAAAAAAAAAAAAAAAAAAAAAAAAAAAAAAAAAAAAAAAAAAAAAAAAAAAAAAAAAAAA\r\nAAAAAAAAAAAAAAAAAAAAAAAAAAAAAAAAA5JflvL6PE8Xt5qc7jqz0mGrLWqEoSzXnumvsf0fi9Hl\r\n3yFlgCFQAAAVBUFQVKAAAWBUFQlAABUFQVKAAAVBUFABUJUoFVBQAVBQAgCwVKBSwVKgFSgAUsFS\r\ngIsFQWCzwff1zX85ZfYfGaxZnikyxtxv6uLos9Pv8nvs9Jr2nP2cfZp9X6nx32Pr8odeQAAAAAAA\r\nAAAAAAAAAAAAAAAAAAAAAAAAAAAAAAAAAAAAAAAAAAAAAAAAAAAAAAAAAAAAAAAAAAAAAAAAAAAA\r\nAAAAAAAAAAAAAAAAAD5f6T4Tj31eD6XmeX0XHLDLXp2aTXjcZSJRi1j+g\/DftuOvbtxyxoKEAAAA\r\ngAAAAAAABYKgqUACgKgqChAFgqCgAAqCpQBYKhKBYqgAqCgABFgqCilgoQBYKlApYKAABLI8j8J\/\r\non8oa+LS65yWXOe7Rsue3v8AM7a9Xp4OxEz5zv8Atfivc78\/oh6\/IAAAAAAAAAAAAAAAAAAAAAAA\r\nAAAAAAAAAAAAAAAAAAAAAAAAAAAAAAAAAAAAAAAAAAAAAAAAAAAAAAAAAAAAAAAAAAAAAAAAAAAA\r\nAIeP8r18Pj9njYVx3NWzSa9OepccbICaa8rNfcfo3m+ty75CwCAAACCCoKgqCoKgqCoKgoAAAAKg\r\nqCpQABYqoKlRYKgoAAKgoAKhKlFiqlAFgqUBAFgqUClhKACoKAKAAsInie5qmv50v1Py28SZRmbN\r\neWs9PXw9Kep2+Z3WdmnZDdu8\/t0+9y8r1fd4g1kAAAAAAAAAAAAAAAAAAAAAAAAAAAAAAAAAAAAA\r\nAAAAAAAAAAAAAAAAAAAAAAAAAAAAAAAAAAAAAAAAAAAAAAAAAAAAAAAAAAAAABxdvyvPp43k+p4f\r\nj9ZccsNG3Qa9WeuWBYJrH6f5X9dz0+l3Y58+gWIAACEAAAoBKACFAAAACAAVBUFAAAsFSgAFRVQU\r\nJUFSgACwUACwlS0BUFSiwVKAgCwUVUJQAAUAAACWHyn4z\/RP4SvBjlNYxsXO3o5d1z6Hd5nbZ6ef\r\nPvNPocW2vU+y\/Pvt\/Tw6h6POAAAAAAAAAAAAAAAAAAAAAAAAAAAAAAAAAAAAAAAAAAAAAAAAAAAA\r\nAAAAAAAAAAAAAAAAAAAAAAAAAAAAAAAAAAAAAAAAAAAAAABh+dfbfEeb03xuzk8\/ZhnrjVz7tBrw\r\nyxlgmmNwl9L9q+A\/R8d87LAEAABBAKAgAAAAAAAAVBUFQVKAAgCwVBUFBUFQUAFRVSosFAAAsFSg\r\nAJUFFVBQVBUoCLBUtAVKgAFQUAAhj+bfpfjzf4RlLvnjLLnLbp2XPV2+f2Wen1cHYmWrdoPQ97wt\r\n3XP3I9viAAAAAAAAAAAAAAAAAAAAAAAAAAAAAAAAAAAAAAAAAAAAAAAAAAAAAAAAAAAAAAAAAAAA\r\nAAAAAAAAAAAAAAAAAAAAAAAAAAAAAAEPmPB2a\/F7fHky5ax07dBq0bdK4Y2QhNTDL1pr9T9zR0cu\r\n9FiAAAhACWKAAQVBYAQAABUCwVBUFFAVBUFSgAAJUFSgFQUAFRVCLBUoAAsFSgAJUVQVBQLBUqAV\r\nLQCwlSgACwANO7GX8R8H9M\/MtS4543LLDK439fF02ej3eb3WdOrZidmnT1afd9Hi+17fGG8AAAAA\r\nAAAAAAAAAAAAAAAAAAAAAAAAAAAAAAAAAAAAAAAAAAAAAAAAAAAAAAAAAAAAAAAAAAAAAAAAAAAA\r\nAAAAAAAAAAAAAAAAOTr8DG\/kWzzvF7NVTLDn3c5q1Z6pZEVLJrH7\/wDP\/wBox093ZjljYUgAJYBA\r\nigAIAAhURYAAAFQAVBUFQWwVBUoAsFQVLQAIsFQUCwVKAVFUIBUFQVKLBUFQlsFRVBUoAsJQLBRQ\r\nFQlSgAKlh5f4P\/Q34mviyzXPHLG3Ozo5t9z3d3m91nddew0+l5vpV6H2H51+g+rz7B34AAAAAAAA\r\nAAAAAAAAAAAAAAAAAAAAAAAAAAAAAAAAAAAAAAAAAAAAAAAAAAAAAAAAAAAAAAAAAAAAAAAAAAAA\r\nAAAAAAAAAAAAAPhvsfznz+jo8f1vJ8\/e45a8tXPu5zVrzwlxEqJNd37d+Z\/qWO2ykogAAlgEJYoE\r\nAAgCRUFQWIVjgu1x6bPRebmd7nzl23VTYwplcaUIsFSgCwVBQLBUtAALCVBQAUACxVQVBUiZObSe\r\ng87adjVsKCoSiqgtgoFhKACoKKAAsAIx\/Nf0v55r8UuGe+WMq5y3aNtz19vn9deju5elMOnRhXT9\r\nr8h6\/TH1g9vjAAAAAAAAAAAAAAAAAAAAAAAAAAAAAAAAAAAAAAAAAAAAAAAAAAAAAAAAAAAAAAAA\r\nAAAAAAAAAAAAAAAAAAAAAAAAAAAAAAAAGJ43x3seT4vby82U56mrZpjTz7udcMMsISyaYZya\/U\/s\r\nvM9Tl3osSwAAQAiBRABAIBCzT8+fTcnwXmb5\/ceV81dY9Xl5GsdeXEs77w07+nydsv0PrfG7M7\/Q\r\nc\/ifp+Xf0ctGya2XGpbCUAFQUCwVBQALBRQCwlSgCwVBZh8dZ9T4PyN6cvY4uRrHU5rZvasjLfz2\r\nX1vU+Vk1+g+h+W9WdfpL5P6DO+1BbBQVKLBUqALBUFAAA5erWv4FyfU\/LazJljcXPXnrPR18XUno\r\ndPF12bNO7UenZxbfo3R4\/sezxhvAAAAAAAAAAAAAAAAAAAAAAAAAAAAAAAAAAAAAAAAAAAAAAAAA\r\nAAAAAAAAAAAAAAAAAAAAAAAAAAAAAAAAAAAAAAAAAAAAAADz\/Q+d59PntfN1eT1+RccsMdG7Qc+j\r\nbpXDG4y2E1PX8f7fO\/0jp17OfULEsABAIEAWASwRCzH5Kvpvk\/k+ffHs0aJvlvx0Y2dGPPidGPPD\r\nox54dN5B2Z8FPV6\/B3n03T4XoTX33V8973n9m\/LDNLYLYKlQABYKACoKlAKgooAEqC4PKl+S+Xw0\r\nd\/P1OCax6F8+p6OfmZHqZ+Tmevt8bYezs8feeo495nM8l9P6r4DDO\/1N8R9fjr0pYqUqUAqUBAAA\r\nAEpfgPzL9y\/DLMpZrEyxtxu6eXos7uzg7LOjXnidvPj0ae39X8P9T34+iPT5gAAAAAAAAAAAAAAA\r\nAAAAAAAAAAAAAAAAAAAAAAAAAAAAAAAAAAAAAAAAAAAAAAAAAAAAAAAAAAAAAAAAAAAAAAAAAAAA\r\nAAAMPjfpvkfP6fG7uaeftyZS5auffzGjTt0y442KGdYfqv5V+456+tlLnQEAAlgEJYAsIJYTz+P8\r\n11j0fHxdeFiXLFiWYwuLGWxBAijGZjHIl39XndK\/oP1Hnerw9eWSpQVKALCVBUoAsFQUCwVKLBUF\r\nRSMYw8H2vJm\/y\/X2cPo8nPjtwZxWWLjDO64broh1beDI9To8bZZ7\/T890n0Gfj9h02ZL9j7v5Z9P\r\nz7fW3G51QVKAVBQAAAAc34R++fjp81LN85S52b+fdc9vZwdlnXJTD0fM9as\/Y+f9Heftkvu8QAAA\r\nAAAAAAAAAAAAAAAAAAAAAAAAAAAAAAAAAAAAAAAAAAAAAAAAAAAAAAAAAAAAAAAAAAAAAAAAAAAA\r\nAAAAAAAAAAAAAAAHzvz\/AE8fi9uji9Hy+erMsY083RymjVs1y4wlSya7v2\/8n\/XcdtolAgAIABLI\r\nEVLCeF2\/lGsYass+3n1ssEmDAuExlyxgAELcYud1o2XXvawnt\/QZ38X+h+z18+2W6Z5qlgCwUAAA\r\nCwlQUCwUACwVBYExyxNXm+pzTXynxf6Z5q\/nV+s8brw8vHZz755SRm42VJlEwmcJZDbt5ad\/X5G2\r\nz3+75rtPe18vUfS\/X\/k\/2vPt9JcbndsFAABUFIUAGP5v+k\/Jy\/kKXpyksuc92jbc9fXxdddmeram\r\nr1vJ9KuT1fH9SvturxPb9vjDeAAAAAAAAAAAAAAAAAAAAAAAAAAAAAAAAAAAAAAAAAAAAAAAAAAA\r\nAAAAAAAAAAAAAAAAAAAAAAAAAAAAAAAAAAAAAAAAAAGjf5Od\/JcfV5vh9no+T6vlRlhnrjRzb+Y0\r\n689csE0xywmv0D9G+R+v59sgAQAEABBKlhMcvlLPlPKu3t5cMc9FmOuay4JKWCMFyxwkuWPre\/nf\r\nxXV+lepnp+d+z9dljfk+j0ZzWGy5jZjsS5SpRQAAFQVKAAAALCUCwVBUogJYY69uK8nJ6eqa8nR7\r\nGuXw+H6fWvw\/lfpHPrH5dyfqfnax+e36fyN8+C4TfLbJmYY7omq5Yme\/kyPV9D5\/ss9++d0H6r3f\r\nnX6Jy9FssoCwVBQAAVA830tEv893t4unOSy5y2atlz09fF12dm7n3JN2lXV2aN1el9h+dfoXp8+Y\r\n78AAAAAAAAAAAAAAAAAAAAAAAAAAAAAAAAAAAAAAAAAAAAAAAAAAAAAAAAAAAAAAAAAAAAAAAAAA\r\nAAAAAAAAAAAAAAAAAAAHyf1X57w7zh7+bzejHj2YQ1bdEaObfzGrDLCUlmmGXRNfs\/r8vVy70WAQ\r\nAEAEQEC4\/lH6N+WdOWUz5+nDDmupZLYhitw2\/SZ38n6f6H6uOvxv0XpXHTTlsS4XLIxuVJkyGTJL\r\nVLZUAWCoKlCUCgFgoAAAKhKlAAEokpccNkNOG\/GXRj0YnPj0ReTV34nl83t4L8v4n32g\/LfP\/V\/L\r\n3y\/Psve8TpymM2a56sOjFNO3HE7+3xuqz1P1r8Z\/Qsdfs7LjosFSgCwVBQANezGX8a+c+6+F3hLj\r\ncXPDLWd\/VydNnbv5elLhnqPX1buDTp+6+H+l6c\/ox7PIAAAAAAAAAAAAAAAAAAAAAAAAAAAAAAAA\r\nAAAAAAAAAAAAAAAAAAAAAAAAAAAAAAAAAAAAAAAAAAAAAAAAAAAAAAAAAAAAByfm323w\/k9fo6re\r\nXTzbjllOffznPzdHMuvDLGWWWWez431uen6nv17OfQKEAEogAiBZLD5\/89\/Tfy\/pxcV0dOQk0x9j\r\n67HT4X6v7HZz68nRsmd42jFlCLSUFUtmSXLHItlKlSoKAAACoKgoAFgooAAEqCoKBLBKXGZQxx2Y\r\nmEzi4TZDXNg1Y7oc2j0MY8fg+l0tfn\/gfqvn6x+X7Psfnd8uDBnvlz5bdVz0fcfA\/pOd\/e2OfahA\r\npYKAACoLjR8L+Xfs\/wCMWZSzXOZ4253dHN0WdfTy9NmzVs1nr+X6Xmaer18vNZ+mXRv93iCwAAAA\r\nAAAAAAAAAAAAAAAAAAAAAAAAAAAAAAAAAAAAAAAAAAAAAAAAAAAAAAAAAAAAAAAAAAAAAAAAAAAA\r\nAAAAAAAAAAAQ+M8Hu5\/B7tfVwd0vlZ4bMsOffznNzdHOuvGyWCan6D+ffqWOn2eeOWNhSWAAgAJA\r\nLJYY\/C\/d6z8fy\/XJrP579N7bO9WWclkyGLIYMsTFz\/EWfd8X5t6u+f2PR8Nxx+l5\/n31GOvt58m6\r\nXoy1ZpncaZJRYKABYKlAQABYKACoKiqAABYSpRASxUsJNXyB9jxfm3Rvn990\/nvJZ+p381+3z09N\r\nbm447Ro1dcXzeD6DBfivA\/Ttafkmr9f6dY\/M\/wBV27EyABQgACxVQUAHB+C\/0D+EnJLN81luNnRz\r\n77Orq5OmzdrzxO7nyzru8r1PIr9E9b5v6T2eQOnMAAAAAAAAAAAAAAAAAAAAAAAAAAAAAAAAAAAA\r\nAAAAAAAAAAAAAAAAAAAAAAAAAAAAAAAAAAAAAAAAAAAAAAAAAAAAAABo3+fnX5\/v4fR8Pt8z0vM9\r\nM8vPHLLVz9HMc3Pv0S68csVDOsf2T8b\/AHTPX1LLnQBAAlEABCSpYTHKGuZ4yyURSxRisMfL7Px\/\r\nWMfMjt5ev2fmln2nf+e5H6J4fj\/eTWfufC\/V+f2exu4unN6LrzszSlAsFSgAFgLBUoACVBQALKBQ\r\nAAIAlxVw7PztdPR8ht7+X7bi+J2a5\/fep8N9edvg\/X9C+R9N+d\/WcfR7RcbjIYzMYNipkyGUtlsJ\r\nQLBUFAAACAuv8T\/bfyGvmEu+UsXOzfo3XPV08nTZvgZ9fD6NbvI9Lhr6P7T88\/QvT56O\/AAAAAAA\r\nAAAAAAAAAAAAAAAAAAAAAAAAAAAAAAAAAAAAAAAAAAAAAAAAAAAAAAAAAAAAAAAAAAAAAAAAAAAA\r\nAAAAAAAAB4Xu\/JcuvyPreR7Hk9Xm9OvGNGUsaebp5Tm0btMuuWSrE1t\/d\/xP9vx232WUCLABKIBL\r\nISlkoxmUMZlJcZkMVEWExy0r8P8AEe13d\/L8tp+m87XPxcOjQQF+0+K7j9K8f6f4Xn2+\/wCrh6+H\r\nq6tmnbZnccktxpUoAsFQUAAAFQUAJUFBUoFAAEg05cUvhfnf0PyfTnyw7eVljTr9z5zvP0P2fifo\r\nj0\/h\/sfjJr9Sy8n1+HqUgqllFEtlqpUAWCgAqUAAAn5f+ofndfndl3yguc92jdc9PTy9Nm8GPreR\r\n69czT1mH6T+X\/o3fl6A9XlAAAAAAAAAAAAAAAAAAAAAAAAAAAAAAAAAAAAAAAAAAAAAAAAAAAAAA\r\nAAAAAAAAAAAAAAAAAAAAAAAAAAAAAAAAAAAAAfBfdfm\/n9Hnex5Hq+bvo5uvhKSNPL08pzaduqXC\r\nWShNe3+zfkn65jttEoIligJRAJUQECyWEERYsWElhPE9r4+vA9HXu9Hi5PM9bzD57l6+QksLnryP\r\n1L53em\/pvS+f97y+3s26dqbLjlZQWwVKAAALBUFSgFQVKAlQUFQVFWJDG4Gvy+7xpv4HzuzZ6PJ8\r\n7LN8qDPp5dx7nt\/MekfQebp1n0n3H5b+o8PXlZc0WgKEoKKqEoAKlAFgqUAnxP23yy\/kFxy6cYLn\r\nLbq2XPT08vRZ03DIw9nxvZry\/S8r1zy\/vvz77Lpj6we3xgAAAAAAAAAAAAAAAAAAAAAAAAAAAAAA\r\nAAAAAAAAAAAAAAAAAAAAAAAAAAAAAAAAAAAAAAAAAAAAAAAAAAAAAAAAAAAAcn5v97+eeT1bd7Tx\r\n69Xnen5ZsxywjRy9PKc+nbqlxlk1ZZNfZfqX5t+k8+2YAIABLAAIgIFkokqICSlmOWJj8F97+daz\r\n147dXfyaPM9Tyz57k6+QksKlPf8AS+e9Ga+m+n+T+r83u692nbJsyxtlsosoBUFAAAAABUoBQALC\r\nVBUCITXnqXm8D2\/n5r47o07\/AE+L5WWawoXbq2Hb2+d1HbhqxOv9j\/Ef2zj6dllxtYqgqVKlFiqB\r\nYSgAWCgAsB4Xu+av4Pnjl04wXN26tlz0dHN0V0Z4Zph6\/kejXn+z5XrV430XzvqH6Uwz9\/hCwAAA\r\nAAAAAAAAAAAAAAAAAAAAAAAAAAAAAAAAAAAAAAAAAAAAAAAAAAAAAAAAAAAAAAAAAAAAAAAAAAAA\r\nAAAAAAAAAAD5v4f6nxvD7c+H7z4HG\/S8v1fKTZhnrjn5erkOfXs1SwTSXGa\/Rf0H4f7jn2yACJYo\r\nCWAAEEQLAQRAJYslhj+bfpP5tvHo6tuvt5dHl+p5Z89ydfISAodHZ5\/VNfY\/W\/J\/Web3de7Vtkzy\r\nxyq2VFgoFgAAWBYKgqUAqUAqUAAEEQx1bNK8fz3v+DNfJ7ufr9Ph+SGsAXPDI6Ojk3nRjjgbv2\/8\r\nP\/buXo6LjefSiqlFlRYKBYqgBKlAFgoAHH2c01+At2nrxguLs152b+jm6LOnPXmmPZydFZ+hw+nX\r\ng9X3PwOb+ndfk+t7\/EG8AAAAAAAAAAAAAAAAAAAAAAAAAAAAAAAAAAAAAAAAAAAAAAAAAAAAAAAA\r\nAAAAAAAAAAAAAAAAAAAAAAAAAAAAAAAAAJbL8n9Xu4flfX878++0+K3y9TzPT8zXPPXs1xzcvVyG\r\njVs1y42WaY5YzX6v9f8AK\/Vc++QQEQUBLAACCIFgEIiwSxZLDH83\/SPz3WerXnh38mjyvV8k8Dk6\r\nuUkoW2WdXJ1zX3H1HgfQeb29e7VtTLKWrZUAoAAAAhBVlAKLAKlAAAECSww07tMvD43s+dNfAer4\r\nv0Hq8XxDK3GsWMsabdujYbsccDu\/cPxX9s4+nOy43UostAVKiygAVUFAsFCALA0b9Mv4Xx+h5\/Tl\r\nBrLZr2XO3o5+izo2atiN2jadXXzZ6frfi5+rw9Pynv8ATzfR+cHbgAAAAAAAAAAAAAAAAAAAAAAA\r\nAAAAAAAAAAAAAAAAAAAAAAAAAAAAAAAAAAAAAAAAAAAAAAAAAAAAAAAAAAAAAAAAAA6Zo8Pv0+bt\r\n5PF7\/O+S+n+Y9Hj9PzvR87WM9W3THNy9XIaNezVLLLNMcsZr9g+n+d+i5d6LEpIsUBLAACCIsVLB\r\nLISwSxYDH4f7n5uzw8uLu9Hj5\/I9jxjweXp5iGyXZju041q7uT1Lr9B9Xk7vN7OnZhsucrMqURZQ\r\nAAAJQDLYup0XTldGmMURbjUosWCoLASwksMNO7TLxcXdxTX5x7nFPR5fBnby3ny479GsktmWWumy\r\nYj6b9h\/Nv0nh67Zc1YKCpaWChKlAAFiqlAKlARq26pfxLy\/Y8fpzQuGeGes7t\/P0WdGzVsRnhkd8\r\ny06feel4\/V5fd9Jp5fS7ebzmzX9P5gWAAAAAAAAAAAAAAAAAAAAAAAAAAAAAAAAAAAAAAAAAAAAA\r\nAAAAAAAAAAAAAAAAAAAAAAAAAAAAAAAAAAAAAAAAAAMsejn0eX1+X8n7GrXlhNeL897ni+jx93B2\r\ncesZatuqOXl6uRdOrZriWWaY5YTX7V73h+5y70llgAAJYAAQRAqWCWQlglLJYTi7cT8s9rky7+V5\r\nHr+frHzHL2cZOjn3Z1u5dms3\/UfO\/onL0+r3aOrn12ZzKy0SgFAAAgFXDK725actt102zflo2M6u\r\nfv5cXVcLlmxqZJbACACSww1bdUvHxehwTXz3yH6R+ddOWzgww7eXdyb9JiNZWC54e1NfpP03P0ef\r\n10JQLKAVLQFCLBQABVSgCyk17NcfjPie54XTmFwzwz1nbv0b037dWyxljT0ubq4dPuejk6vL7uv2\r\nPA9E9Xh7+T6HzNY9XlAAAAAAAAAAAAAAAAAAAAAAAAAAAAAAAAAAAAAAAAAAAAAAAAAAAAAAAAAA\r\nAAAAAAAAAAAAAAAAAAAAAAAAAAAAAy34YeD6HDwdHN4\/djjlifNed2cvp8Wzm3abnLTt0xzcnVyr\r\no17NcSyzTDPCa\/bfb8T2+XdSwQAASwAAgiLFSwSwSyEpZLBjlieZ+XfsXgaz+Zad\/ldvNlOr2rn5\r\n7t9bSurzur2ufbP7WdvD03dNiWrYoALKAACSsWM1mY9OmTAbMtWSbdnPsueiY5XHFN2njq3G3OVh\r\nKKASwY2GOrbrl5+H0OSa4\/E93Uv5f3\/Q\/Kd\/L0ef7HR04fM4fVeVZ5LLrl0\/qvB9zx9OWUudrKLC\r\nUFSixVABQiwUAAVUoA17NcfjngfQfP8ATmFwyxy1nbv0b037dWyyoPW870fMr7Xv8z0vP7cunm2Z\r\n17m\/z\/T68OAfW+QAAAAAAAAAAAAAAAAAAAAAAAAAAAAAAAAAAAAAAAAAAAAAAAAAAAAAAAAAAAAA\r\nAAAAAAAAAAAAAAAAAAAAAAAAAB0cvZ5nyfscWnPXy7THLQvykw2enw69eeNy07tMcvL08q6dezXL\r\nKSsM8Jr9u9rxPb5d6LIAABLAACCEsVLBLBKiAksVLDHHPGXzvj\/0CV+PaP2TRrH5P6H6Rsmvl\/oO\r\nu51rzzpMlQoAFAABJUYkuva6THLDejFLncKmzPVnZvz07Lhy9fLi42XOcrjbMkWUgBJlDDHPGXTz\r\n9WpeDn9Dnl4+D1da\/F+b+iY7x+eZff8AZc\/FfZev1y3ZLJbLSwUJQAVBbFUCwUCwlAAFVKNW3VL+\r\nPfP+\/wCB05BcMsctZ27tG9N+3VsssuJ7Hlep5NfW+1879D5\/dlnhlm93r+F69y1dHP8AW+OHTmAA\r\nAAAAAAAAAAAAAAAAAAAAAAAAAAAAAAAAAAAAAAAAAAAAAAAAAAAAAAAAAAAAAAAAAAAAAAAAAAAA\r\nAAAAAAAsyl6PJ9Tyfjfa48M8JucnXxt\/JdPJ2en53NBGjfoOXl6eVdWvPCWFlYZ4TX7V7vz\/ANBy\r\n70WAAAJRAAQQlipYJZAEBAslhJYSVLFEURRKCgAAoAIQiKwywlbdezXTDDLDViSXLLCmzLXmm3Zp\r\nzudmnZhJqGM5XG2ZJQLAEsJjlFww24xz6+rFeOdY5cunM078s7GaoolstAVKLCVKAVKBVSgFSgJQ\r\nABV1bNUv434fs+N05BcMsctZ2btO5N+3TtsyxuJ7Hkev49fR\/R\/M\/ScPfusuG\/1fJ9NOvm6eb6fy\r\ng9HnAAAAAAAAAAAAAAAAAAAAAAAAAAAAAAAAAAAAAAAAAAAAAAAAAAAAAAAAAAAAAAAAAAAAAAAA\r\nAAAAAAAAAAAAAZ4Z51n5XreV8f7XFjnhNTg7+C7+R7+D0PT83iywziaN\/OcvL1cq6cM8JZSVhnhN\r\nfsn0fzH0\/LvkSywAAAIABLISxUsEsAiAgWAksIsllCKIACgAAAAElY3EmNk1nnhnrevDZqtxiS5X\r\nCrsy1Z2bc9OdztxiMYY52y2WygWFgBFhMc4YTMuDMY5ZEZSiylCUVQAVKAlSgCygVUoBUosJUoA0\r\n7dC\/jHk+n5nTkFxMpbnZu07rN+3TusuOWJ7Hj+x49e99L8v9Tw926y4u30fO9FO7m6Of6XzA9PlA\r\nAAAAAAAAAAAAAAAAAAAAAAAAAAAAAAAAAAAAAAAAAAAAAAAAAAAAAAAAAAAAAAAAAAAAAAAAAAAA\r\nAAAAAAAAA6fK9Xzfjfa87DZrz0nD3ctvxnoef6Hp+fw54ZxOfo5zk5unmXRjnrlolYZ4TX6z9b8X\r\n9py75CwAAAQAASyEsEpYCCIBLFSwSwixYqICLBQAAAAAhJZjliYwms9mrbreGrbr1dWGWvOrdcN2\r\nfPkdOfPss33XlIS55Wy2WyoLQEAAlEAUAUFBQlS1UFABUoCVKALKBVSgFABUI5unkX8U4enm68RG\r\nWWOWs7N2ncm7bq22WXE9rxfa8Wvb+s+V+s4ezKy43u9Hz\/RTp07dX1Pkh34AAAAAAAAAAAAAAAAA\r\nAAAAAAAAAAAAAAAAAAAAAAAAAAAAAAAAAAAAAAAAAAAAAAAAAAAAAAAAAAAAAAAAAAAAAdHJ0Y\/M\r\n+p42jr5fP6sefo56+L9Dh7vT4ODPDOJz79BycvVyrq17NcqyyscsZr9K+6\/Pf0Ln3zCAAAAQACWQ\r\nligQEEJYJSwEBAQSxRAAAAAACCXGWY5YmMJbt0Zt7NezDetOrfqmtWOeBLIu3bz7TpzwzzytW4VU\r\nFQKAASiLAAUlACgqUWEqWgKBYKlASgAqUCqlAKlAJx9nnr+H4Y5dfOliMsctZ2bdW1N+zVusuOWJ\r\n7Xie34lfRfUfM\/TcPXlljnjp0ehxehc3A+x8UNZAAAAAAAAAAAAAAAAAAAAAAAAAAAAAAAAAAAAA\r\nAAAAAAAAAAAAAAAAAAAAAAAAAAAAAAAAAAAAAAAAAAAAAAAAAu\/n6PL6\/M4PZ8z530uXR0c9fG9v\r\nJ2enw+fnhnE5+jnOTl6uVdWGWMsssrHLGa+5\/Svyv9S59twAAAEsAAEshLAFgIISwBYCLBLBLJQA\r\nIoiwAAASwkslxxyxMZZLCLsy0VvLXnjd69e3XbrmeUa+vLdMTK1yVbBUlAKAAAAAAAWUAAqVFiqB\r\nYKACgWEoAKloCpQACeX6fgL+MbdW3r50sRljlc7NurbZu26ttmWOWJ7Xie34lfS\/S\/OfR8fVlt19\r\nHPr0dvN0+ny4j6XywAAAAAAAAAAAAAAAAAAAAAAAAAAAAAAAAAAAAAAAAAAAAAAAAAAAAAAAAAAA\r\nAAAAAAAAAAAAAAAAAAAAAAAAAAAGWKXd53Zj8n7HjcvpcOOnxfXy9Xq8PnbNezLHR0c5ycvVyrpx\r\nzwlJZWOUmvpP1r8b\/YufbqAAAAlgAAlkJYAsBFkJYAQKlElEERYoAAEUQACWElS445YmOOeMuMyi\r\n4MouNuUYXZkYbbbFW5UCkACgAAAAAAAFlAAFgoRYqpRYKlFgoFlQACigKlBCfKfVfFL+X7MM+vns\r\nsRljlc7NundZu26ttllxPb8T2\/Er6n6L5\/6Hj6tnTo6sdeu6N\/1PkB24AAAAAAAAAAAAAAAAAAAA\r\nAAAAAAAAAAAAAAAAAAAAAAAAAAAAAAAAAAAAAAAAAAAAAAAAAAAAAAAAAAAAAAAAAAAAfL\/TfG+b\r\n8\/6P6D5ftcHn9X5118fZ6PH5uzXsyx0b9BycvVyrpxyxlJZUsmvQ\/afw39vx177jlmhQACUQACWQ\r\nlgCwCEJYAQKBAQQCxYAAJRAAJYRZLJlDCZDCZpcJsGFypMlFLKUBKAKKIAAAAAAAACgAAWCpbAKl\r\nFgoKlAFlQBYqpQADX+f\/AH\/5rXxGzXn04AjLHK5z26ttm7bq22ZY2Ht+J7fiV9Z9F899Fy9O\/wAj\r\nb8HZ+mep5Hr\/AEvlhvAAAAAAAAAAAAAAAAAAAAAAAAAAAAAAAAAAAAAAAAAAAAAAAAAAAAAAAAAA\r\nAAAAAAAAAAAAAAAAAAAAAAAAAAAAAAHw3z3u+F8\/3fQfaflvr46+Z2cXdvn5mzXsyx5+jnOXl6uV\r\ndOOWMsssqWTWP7j+F\/s+en0OevZjQUAAIAAJZAECoEWQBAIKBAJUQALFgAAlgABFkRYsmUJMhiyG\r\nNoFBRZRZUACqCKIsAAAAAAAFgqUAAWCiwCpRYKCpQEoAAqpRA0flX6l+P2eJnhn04giy6zs26tqb\r\ntmvZZlLie34vteLX1ntfN+HnpcMM7z\/Sfb8H3vd5A6cwAAAAAAAAAAAAAAAAAAAAAAAAAAAAAAAA\r\nAAAAAAAAAAAAAAAAAAAAAAAAAAAAAAAAAAAAAAAAAAAAAAAAAAAAAAAPz7xvV8r5\/vy6ebpjV28P\r\nbXm7NezLHn6eY5Obp5l045Yyyyy3Gya1\/qv5V+jZ39\/t0b8dAsAASwAASyAIFSwSyAIBLFAiwAio\r\ngAWAAAiwAAghKWAAAAWUWVFgoFloCWUAgAAAAAAAAFgqCgCqlQCgWC2CgWEoAoBLicP4z+wfius6\r\n8sct8gsWW52bdW1Nu3VtsyxsPa8f1\/Ir2vD9zwzLLGx+ifRfM\/Te7yh05AAAAAAAAAAAAAAAAAAA\r\nAAAAAAAAAAAAAAAAAAAAAAAAAAAAAAAAAAAAAAAAAAAAAAAAAAAAAAAAAAAAAAAAAAAAJcJfzrze\r\n\/g+f7sunl6jR3cPdXnZ69uWPPv5zk5unmXTjljLLLKE1q+3+J+kmv1zo4+vn1yFgACWAACVEBAqW\r\nCWQAlgligJRAARZALFgAAlEABFkAAqWAApKCwlSlQUAUsAAAAAAAAAAAACygUBUqLBQVKAUCwlFA\r\nMMtUvi\/jH6r+UdOe3LHLXMLFmVzns17E3bdW2yyw9jyfW8qvZ8P3PDMkR999V8h9f7fKHXkAAAAA\r\nAAAAAAAAAAAAAAAAAAAAAAAAAAAAAAAAAAAAAAAAAAAAAAAAAAAAAAAAAAAAAAAAAAAAAAAAAAAA\r\nAAAAAAwz1y\/mvH18vz\/c6ebpNPfwd9eZt1bcsOfp5jk5unmXTjlhKEtE1r9Pzdp+4eh5Hq8fRtGs\r\ngACAACVEBAqWCVEAlgCwAAEAEQCUsAAIACQIVCgCFQVBbBUFQVCZMaW4jJBRQAABAsFSkUEFQUAA\r\nAFFLCUCwUFAsFCAAOffyL8N+e\/Y\/HdeOzLHK5QubljbNmzXsTds17LMsbD2fK9bx69rw\/c8MyJH2\r\n32fxX2vs8wduIAAAAAAAAAAAAAAAAAAAAAAAAAAAAAAAAAAAAAAAAAAAAAAAAAAAAAAAAAAAAAAA\r\nAAAAAAAAAAAAAAAAAAAAAAADXs1y\/mnL1cvz\/c6eboNfbxdtebs17MsdG\/nOXl6uVdOGeEoS2VNY\r\na9mqz9n9\/wCO+u4erpuOVwFASoAABEBAqWARAJYAsWAAEWARFgCpYAICJFkLYAEAQViMmMM2AyYw\r\nzYDNhDY1jbdVNt15mSVFiqgsAAAAAACoKlAAFiqAChKlFgoAKgsDHh7fLX8x+e9Lzu3nzsqBc2zK\r\nzLbr2Ju2attllh7Xj+x41e34Xu+EZkj7T7X4n7b2eYO3EAAAAAAAAAAAAAAAAAAAAAAAAAAAAAAA\r\nAAAAAAAAAAAAAAAAAAAAAAAAAAAAAAAAAAAAAAAAAAAAAAAAAAAAAAABq26pfzTm6Of5\/ub9G4nZ\r\nx9lednhsyx5+jnOTl6uVdOGzXKEtSzWOndqs+8\/Q\/wAn\/UuXo9DPVsiiwCAAACICBUsAiASiASxQ\r\nAEsAEsgFSwAkoxwzxl1ed1fnS\/TX8od\/N+v9f4qj906PwPOa\/e34Vvl\/b5+L5n7LPx0v7C\/HcD9k\r\nn4toT9u0\/iWqz9o5fyFZ+rPykftvoflf6py7ZZWyrKlS0AAAAAASgAAFgUACxVSiwlBUosFQVBYh\r\nq8P2flmvzLVhn38edlmgubljbNmzXsTbs17LMpYe34nt+JXueF7nhmRI+z+3+G+59nmDtxAAAAAA\r\nAAAAAAAAAAAAAAAAAAAAAAAAAAAAAAAAAAAAAAAAAAAAAAAAAAAAAAAAAAAAAAAAAAAAAAAAAAAA\r\nAAAAAad2mX8059+j5\/ubtO4dXL1V52zDPKc\/RznJy9XKunDPCAmliamrbrr0\/wBd\/Fv1zn1+h3c3\r\nRnWQsAEAAAiASxRAIgAEsAWAASiASogVLAQAkqMOfri\/JfL\/AKpLPxDz\/wB65t8\/wx+w+frP5c\/R\r\nOW5+Ffaa7Pj318T5F9jtX4l971n5u\/VfQmvxr0P2rqzr8o+q+wY6aNmUzqEQFqLKABYLAAAAAqCo\r\nKlAKlAoCgWChFgqCoLhlrOX4b7P84t+T2YbO\/kyss0DNstmzZr2Jt2a9lmUD2\/D9zw69vxPb8Mzl\r\nkfY\/c\/Cfd+zzB24gAAAAAAAAAAAAAAAAAAAAAAAAAAAAAAAAAAAAAAAAAAAAAAAAAAAAAAAAAAAA\r\nAAAAAAAAAAAAAAAAAAAAAAAAAANG\/RNfmmjfo+f7W3VsM+nm6q87PDPKc\/RznJy9fIurXs1wRNUT\r\nU17MKw\/Vfyj7\/G\/0Pp8\/u59dtl1kgsAABKiASxRACLIAiwBYAACLAIgEsVKICASyFhbAASiWiKFg\r\ntxGTGJmwGUxLlILJQCoqgWEqCpQQoBCgAAAqCgqKoFgoKhKlBCoGnZzL5\/5h9\/8AmW8cWzXs6efI\r\nLQlsysz2a9ibdmvZZSHueH7vhV7fh+54ZkI+v+7+D+89nmDtxAAAAAAAAAAAAAAAAAAAAAAAAAAA\r\nAAAAAAAAAAAAAAAAAAAAAAAAAAAAAAAAAAAAAAAAAAAAAAAAAAAAAAAAAAAAaN\/PnX5pp3afB7Wz\r\nXlG7o5+jTz88M8pz9HOcvL1cq6dezXEE1RLMM8LdX0\/zPrS\/rfqfO+9x9HVlhnchYAAAJAKlgBAJ\r\nZAAECxYAAJYAQQlipYAQEAhKIVBWIyYioKkMkhkgqCoKgqCgqKoKgqCpUAAAAAAWCpQKqUAqUWCo\r\nKAQqQx4urzl+c\/OPtfhevDPPDPXPIFCXLHKzPZr2Jt2a9lllh7vhe54de34ft+IZCPrfvfgfvvX5\r\ng78QAAAAAAAAAAAAAAAAAAAAAAAAAAAAAAAAAAAAAAAAAAAAAAAAAAAAAAAAAAAAAAAAAAAAAAAA\r\nAAAAAAAAAAAAAAHP0c2dfmurZr8HtmWNjo36N+nn54Z5TRv5zl5erlXRhnhEE0sssxyxt1dnJmz+\r\nnfU\/CfacPZ6e3n33GQsAAASyAVLACACIABLBLFAAQAIISxUsBACAglgEABAAEKgqCoKgqUqCgqKq\r\nUAqCpRYSwAAKgqCoKlFgqWlgqUWCoKgqC4sDT5HpfPL8l8v7nidvNlnhnc5ApUZY5XOezXsNuzXn\r\nZlA9zw\/c8Ovb8L3PDM5ZH1n3\/wCf\/oHr8wd+IAAAAAAAAAAAAAAAAAAAAAAAAAAAAAAAAAAAAAAA\r\nAAAAAAAAAAAAAAAAAAAAAAAAAAAAAAAAAAAAAAAAAAAAAAADm6eXOvzXVsw8Htgjq26tunDljllN\r\nG\/QcnL1cq6deeEQTQKxyxXXLjcfX\/c\/nP2fD2fWdHB2RvuOVyFAgEEoCWCWACWAQAlECwAgWAEEs\r\nAlElgBAQLBEAQAAQAAAhUoBUFAsVUFBUFSgFgVCVBUFQVBQLFVBQVBUGSAAkGnZzHL8v7nylvznm\r\n9nH28mWeORkUWVGWOVzns17DbnhnZQe54fueHXs+J7fiGQj6r9B\/Pf0L1+cO\/AAAAAAAAAAAAAAA\r\nAAAAAAAAAAAAAAAAAAAAAAAAAAAAAAAAAAAAAAAAAAAAAAAAAAAAAAAAAAAAAAAAAAAAAAAABy9X\r\nNnX5pr2a\/B7ZLhHdswz04cscspo36Dk5erlXTr2a4hJaGmOWK4YZ4XPtfUfI+\/y9X3\/o+B7ONdue\r\nnZcZoqoFiAAIBLABLAIAEAWLABAAglSwAkogICBYCCEABAASwAAAWCpaAqCoKlFgqCgAqACoKgqL\r\nKgoKgqDJBUFQVAjEw5N3Avk\/Mez89qeLz7tPbyZ5Y5S5WUURljlc57Ne02Z4Z2UHt+J7fi16\/i+1\r\n4pkSPqv0L8+\/QfX5w78AAAAAAAAAAAAAAAAAAAAAAAAAAAAAAAAAAAAAAAAAAAAAAAAAAAAAAAAA\r\nAAAAAAAAAAAAAAAAAAAAAAAAAAAAAAHP0aM6\/MtW7V4PbMM9celU04spcpo6Oc5eXq5V0a9muJLJ\r\naGmOUXXjnhc9\/s8G7n6PsfpPh\/rMdPa3cnQzuuOSAAACACAAlgEAJRAsABAJRAsWQBAQEBAsBARY\r\nJYAAIAQAFEoSgAFQVBQVBQLAABYACxVQlQVKVBUpYBBYg15aF1eT3eDb5nh+j5G+fBq6+Tp58ssc\r\noysqUJbLZnt1bDbnhnZUp7fi+34lev4vs+MUR9Z+gfA\/fevzB34gAAAAAAAAAAAAAAAAAAAAAAAA\r\nAAAAAAAAAAAAAAAAAAAAAAAAAAAAAAAAAAAAAAAAAAAAAAAAAAAAAAAAAAAAAANG\/TL+Z6N+j5\/u\r\nujdpj1sNmvTksuTRv0HJy9XKaNezXLJZKDSWLjhnhc\/W+X36Ofp7vp\/j\/dzr7Ls8j0s3r2aNtzlY\r\nSoAAAIsAIAAISwBUsAEAQBUAIgICAgIsIFgEsAEAABAAAAAAqCoKCoKgqCoKgqWgAAKgqEtxpUBB\r\nUhZMSc2zkt4\/A9HxK4OTZ1b5+Z5nTza4ZZY5GVVAS2ZWZbNew254Z2WKe54nteNXq+L7PjGQj7D7\r\nz4X7r2eYO3EAAAAAAAAAAAAAAAAAAAAAAAAAAAAAAAAAAAAAAAAAAAAAAAAAAAAAAAAAAAAAAAAA\r\nAAAAAAAAAAAAAAAAAAAAABq265fzLn6eb5\/uaN+iPY17NWnLTJo36Dk5erlNGvZrlxWSg0IuOGeF\r\nz2fS\/G\/U566PU48sdfr\/AG\/kPpM69bdx9Cb8tebNAAAlgAlEAAAhKBAAQCWALAAQRAQEAlglhFip\r\nRAQCUQABAAAAAsFQVBUoAAFVBUFQVBUFQVBUFQlSVUxLraVx8\/o8leHyO3y94wy3eHrHIxz157nj\r\nk1lVkSkZY5WZbdW02ZY52LB7fj+x49en4\/r+QZCPs\/ufh\/uPZ5g7cQAAAAAAAAAAAAAAAAAAAAAA\r\nAAAAAAAAAAAAAAAAAAAAAAAAAAAAAAAAAAAAAAAAAAAAAAAAAAAAAAAAAAAAAAAAGvZhL+Z8vXyf\r\nP9zR0c8exq26dOeWZXRv0HLydfIaNezXLJZLAtli445Y2YdvEufteTm9Ll69v0XyvrZ39b2eR6Md\r\nuzn2s7bhklAIWAAgAAIKEAIAEABAsWAEBAQEWRFglgligQAgBAAQAhYCwAAVBUVUFQVBUFQVBUFQ\r\nVBUFRVkGUgrEXGYE58+Q5\/H7PJ05dVuscvz+\/n357ljkzlnhmuVWIEWZWZbdW2tmevNLZT2vI9fy\r\nK9HyPW8kySx9t9t8X9p7PMHbiAAAAAAAAAAAAAAAAAAAAAAAAAAAAAAAAAAAAAAAAAAAAAAAAAAA\r\nAAAAAAAAAAAAAAAAAAAAAAAAAAAAAAAAAAAAwzwl\/NePt4vn+68\/Rzx7Gnbp00454ZXRv0nJy9XK\r\nc+vZhLjElBQXHHLGsBee7634z2M9vb3YY8\/R9F7XyPvy+3v4OqTpz07E2MalSgBAAAIoAEEAIAAg\r\nCpYJRAQCWCWCWEWCWCWALBAlAQACAAIVAAAAAAsAAhUFQVBUVYhUFQViLJgXU0E4Nvm1z+b0cu8z\r\nye\/53XLWNee5Y5TWeeGa5VSSkWVMturbWzLHJLZT2fJ9byq9DyPW8gyssfc\/Z\/HfY+3yh15AAAAA\r\nAAAAAAAAAAAAAAAAAAAAAAAAAAAAAAAAAAAAAAAAAAAAAAAAAAAAAAAAAAAAAAAAAAAAAAAAAAAA\r\nAAAAAAMcpL+a8Pf5\/wA\/3ZaN+iPW07tGmvDZri6d2mOXk6uU58NmuXAkoi1KuOOWNmAuGWI+o7vk\r\n\/p8erf63k7sdPq+7wPVzfS28m9OjLVkmxjSiwIILBQBAABLAAISwASxUsAIBASwSwSwSwSiAgEFA\r\ngEsAEAAgsAAAlCCoKgqKqAQqCoLIKxVUhlMYXW1E5s+I1ebv4NTVp2eZvHJ51mvKCXPDOazzw2Lk\r\nVMVgsqZ7NeytmWOSWyns+V6nmV2+T6vlGVxyj7z7D5H672+UOvIAAAAAAAAAAAAAAAAAAAAAAAAA\r\nAAAAAAAAAAAAAAAAAAAAAAAAAAAAAAAAAAAAAAAAAAAAAAAAAAAAAAAAAAAAABLD83870\/M+d78t\r\nG\/RHrc\/RzaTXt1RdO7THLydfIaNezXLhLJUFWFmOWNmAuAHq+VV+12eP6\/P19ntfO+hnf0nT5Pbl\r\n6GfNtTflqzTNjaoAgAQsABLCwABAARQEsgCAgEBLBLAQAgEBASxRABAELAELACgCCoKgsAgqCyKq\r\nAgsgsgskLhNZdDnrHhz4rNXLt5N50eBv49+YJgDLLHKaz2YbFyUmMsFlTPZr2VsyxyRljkex5np+\r\nZXX5fp+YXLHKP0D6z5T6v2+UOvIAAAAAAAAAAAAAAAAAAAAAAAAAAAAAAAAAAAAAAAAAAAAAAAAA\r\nAAAAAAAAAAAAAAAAAAAAAAAAAAAAAAAAAAAAAAD878n2fG+d7stO7TL6vN08mmenfoi6d2mOXl6u\r\nU59ezXLhLFgUSVjljZgLgADZ9P8AKb2\/s9vn9vP1et6nznqZ17fR53VHbnzbU33XkmxhkUAAAhUR\r\nUAAgAIACKAlgIAQCBAIAgIAQCAgCKIAIACWAAhUAlVBUhUFSFQWQWRVkFkxLjjgXU0U5LxWY8ufJ\r\nrOPibPI3wCcgAMs8M2tmzXsjJYSWEsqZ7New2ZY5WM8Mz1vO9Lzq6PM9LzS54Zx+h\/UfN\/Se7yB0\r\n5gAAAAAAAAAAAAAAAAAAAAAAAAAAAAAAAAAAAAAAAAAAAAAAAAAAAAAAAAAAAAAAAAAAAAAAAAAA\r\nAAAAAAAAAAAAAfA+H7\/z\/wA\/3Z6d2rN9Pk6+TTbo6eWMtO\/THJy9fIc+rbrlwliwhYLJYYC4AAA6\r\nfqfjex0+x6fM68en3O\/5\/wBLGvY3ef0x2bOXam+6szYwyTJBUFQUhYAAhUAQQoBAAgJYAQEBFglg\r\nlglgICAgAgpAIWARQhUBBUBFVAQWIWIWQWSFkxq4zWZa8dReZy6k5MuTeZ42zw9cYM8QAAMs8M2t\r\nm3XtjKZYmMsJRM9mvZWzLHJGeGZ63n9\/DW3zvR84bNe2P0n6Hwfe93kDpzAAAAAAAAAAAAAAAAAA\r\nAAAAAAAAAAAAAAAAAAAAAAAAAAAAAAAAAAAAAAAAAAAAAAAAAAAAAAAAAAAAAAAAAAAAAA+H+c+n\r\n+Y8Huz1btOL6nF2cddHN1chlq26o5eTr5Dn17NcuEsWSwBZjliYi4AAAA7fpfjex0+y7PF7s+n3u\r\n3wvQxr1d3n9OXZny7U35acjcwpncKmSCoKgqAFEKgAQAEAQsAgEgShASBAQEBAKQEFQCAQsQqASr\r\nAEKgIokKkLJCsYZYzEuOOFZa8dSZaJy6jmnHvOXk4ePrixMcgAAAMtmvY1t26t0XHKGEyxQDPZr2\r\nVsywzRnr2nqcPdxVn5\/f55d2ndH6d7fj+x7\/ABhvAAAAAAAAAAAAAAAAAAAAAAAAAAAAAAAAAAAA\r\nAAAAAAAAAAAAAAAAAAAAAAAAAAAAAAAAAAAAAAAAAAAAAAAAAAAAHx3yv1vyXg9uevZrxr0+Ht4a\r\n7OPt4jLVt1Ry8nXyHPq265cJYslgSrMcsTEXAAAAAHV9H8l0On2fofOejn0fQ9fhehjfq7\/O6Y7N\r\nnJtOjLRnJty1ZGxhTNiMkFQUhUFQAEACAICFQEAgBAQCWCAgCCCoCAhQgAQEFiVYhZBZIZSSrJCz\r\nGJljjiZYY4Vlrx1Vlox5rMuXDj3nLytfl64Ic+YAAAAGeeGxrbt17YuOeJhjliiymWzXsrPLHNJt\r\n1bT0+Tr5dJwd\/BF6Ofpj9R9XzfS9\/jDeAAAAAAAAAAAAAAAAAAAAAAAAAAAAAAAAAAAAAAAAAAAA\r\nAAAAAAAAAAAAAAAAAAAAAAAAAAAAAAAAAAAAAAAAAAAAPk\/j\/tPi\/D7NmvZr579Pz+\/gru4u7hMt\r\nW3VHLydnIc2rbrlwli4ggWSxMRcgAC6RWpKEUbPc+fs39l6Xynrc\/T9L1\/P+jjfr7vO6M3uz5Np0\r\n5aMk33VkbLrpsuumbEZIMmKMpBUFgEFgIAhYCAIWAgICWCAgICFqAgCAgJQgQEhUlWSFkllkxMph\r\nDLHHCssMdZnrw02bNGvl1NvJr4d42+Rp5LxqJzooIiogzQgDPZr2Lu3atysc8JMMcsRZTLZr2Vnl\r\njkjbq2np8vVzaYcPbxQ6+Tsj9U9Dh7voeINZAAAAAAAAAAAAAAAAAAAAAAAAAAAAAAAAAAAAAAAA\r\nAAAAAAAAAAAAAAAAAAAAAAAAAAAAAAAAAAAAAAAAAAAAAAAA+a+I+6+G8Xszwzw5b9Hz\/Q8+vR4O\r\n\/gM9WzXHLydfIc2vZrlwlxWSwEEsMRcgKdIW9GLO7mDOVjMplFnOvT8yZ19Z6Hx\/t49H0\/Z836XP\r\nr7W\/y+nN9DZxbo6sufM35ack23VkbLrpsYUyuFMmIyYjJBYAhYAhYQgCFhSAQCCAgIKlggICIWJV\r\nkhUhZJVYwymMsymOJlMIZY441ljhhWeGGuzPVhos2c+rl1N3Jq8\/WOjx9eLjFrEZ3rNbdluc7oho\r\nm7HnddOVgxQjPbq2rv26tysc8JNeOeAspls17KzyxyRt1bj0dG\/Tpz8nVyRe3i74\/Vuvm6foeINZ\r\nAAAAAAAAAAAAAAAAAAAAAAAAAAAAAAAAAAAAAAAAAAAAAAAAAAAAAAAAAAAAAAAAAAAAAAAAAAAA\r\nAAAAAAAAAAAA8D4P9A+A8Xrywzw5dPQ8\/wBHzq9Lg7+Ay17NccvJ18hz6d2qXCXEksVLBjZUMtZx\r\nyy2+nOrPdl6eem7JvOuZ451jjnjjWMynO4rOdiznZu1TN9\/0\/j\/Tz2+t7\/mvQ59\/f3+T1Z16Ozi2\r\nx2Z8uw6MufM33TlG1rqbLrpsYDO66ZsKZMRkxGTEZSCoLILEKgILELAQVELELELJKrEWSFkhUxrK\r\nYwymMrLHGJlMJWWOOJljhjWeOvCzPXhqrZp1c9m3n1c+8Z8+nyrjfwS54rL0lymXozlnNno53Ns6\r\n8plnn056sem3Pn8\/sa+PTxsfT5PH6eZnj4+mW3Vu5637de0YbNcYY5Ykspls17KzyxyRu07z0NW3\r\nXpx8vRz5X0fO9Sv1Xfq2\/Q8IWAAAAAAAAAAAAAAAAAAAAAAAAAAAAAAAAAAAAAAAAAAAAAAAAAAA\r\nAAAAAAAAAAAAAAAAAAAAAAAAAAAAAAAAAAAAAeP+e\/o3514\/XccsePT0PO9Dz69Pz\/Q88y17Nccv\r\nJ18pzatuqXDHLEkuKgSWVlsvb9Hz6Nm2evhhMsVxxuONTGzG8ZZjWMymLjMpjUHOwc0WZdntfM5z\r\np9p3\/Kevn0e90eP1436m3zt8vdnybY6cufM33Tkbrqpta7Gy66ZsKZsKZMRkxGTEmTEuUgqQykFY\r\njKSGUkMpIZSQskrKSFkhWMMpMaymMMpjiZTHGs8ccUzxwlZY44Vnjrxszw16q26tWmzdo1c+pt0a\r\nufeNvBzcWeWeBnCmpS9Zc8M\/RnZs17fRy2bNezrxz2YZ9OeWeOeudrO4w5+2nh8v0fB5vV5G7Tu+\r\nH9Hfu1bYa9muMMcsSWUy2YZ2Z5Y5Dfo3nfjWnn8+\/RlfX8j26\/Us5foeELAAAAAAAAAAAAAAAAAA\r\nAAAAAAAAAAAAAAAAAAAAAAAAAAAAAAAAAAAAAAAAAAAAAAAAAAAAAAAAAAAAAAAAAAAAAAPO\/OP0\r\nv818nqxlnDr6Hneh59en53o+cZ69uqOXk7OQ5tW3VLhjlDHHKLCUlid\/Zy9v2\/n6te3V0mGGWHLr\r\nMbjjTGzOpLM6kykslmLJZzqWc6lmAQ7uFNfUel8T7M7\/AFPR4ndjr6m7zeia79nFtjrz5c46cufI\r\n33Tkbbqptuumd10zYUyuCM2FMmIyYipKyYisUZSQyklZSQymIskMpjDKYyspjDLGYmUxxrPHHEym\r\nGNZ444WZ468TPDXrs2Yadept1atWps069Ops0avLvPr8vCY5BMrLQuiy9Zc8c\/RnZs17PRy2bNef\r\nTjsz15bxs2ac9c92enO892erbrllM87j43br2\/mf0e\/dq25TDZrNeOWMSymeeGdZ5Y5I36Og7Uy0\r\n8zTt05ZfQfP\/AEtfpY+j4AAAAAAAAAAAAAAAAAAAAAAAAAAAAAAAAAAAAAAAAAAAAAAAAAAAAAAA\r\nAAAAAAAAAAAAAAAAAAAAAAAAAAAAAAAAAAOX80\/TfzTy+nSPP27\/ADvR86vT870fOM9ezXHNydfI\r\nc2rbqlwmWJjLiJYJZXodXBv+v4s8NU1c8cZnViZ0lksVGKlxmUlxmWPOwctQc0GQQC+h7nyex0+4\r\n6vl\/Wx6PZ3eZ05337OLbHXny7Dpy5843Zacjblppua6bLrGy66ZsBmwGdwGTGGbAZMYZMYZMYZTE\r\nZTGGUxlZTGGeOMMpjjWUxxMsccazxwxM8MMLNmGvCtmGvXZnrw1amerHVZnqw0aznxcnE5bNRjmC\r\nC0FKbWzLvm547PRjLOZdeeeWF1jO64m3LnHVnxGfR3eXs3z9Xd5PV08\/zu3Vt\/N\/d6N2ndE17NZr\r\nxyxiWUzzwzrPLHJHRz9B2Z69mnlas8Mr9V8r9hqfoA+h4QAAAAAAAAAAAAAAAAAAAAAAAAAAAAAA\r\nAAAAAAAAAAAAAAAAAAAAAAAAAAAAAAAAAAAAAAAAAAAAAAAAAAAAAAAAAANX5n+nfmnm9HHZfN37\r\n\/P8AQ8+vS870fOM9ezXHNydfIc2rbqlxxyxMccsRLKksNuenP2c8rhl0lsus0upGSzFlFxZRcZlJ\r\ncJlMXGWcdQcrFmAQChD0vNL9d3\/Fe\/PT7+\/y+vHXuz5NsdWfNsOjLRkb7pyXblpyjbdVNrXTY102\r\nMBmwGbAZMRlJDJjDKYjKYwymMrKY4mcwhnjjjWUwxTZhjjWWOGNZ4YYGeGGFmevHCzLXjr1MteOm\r\nzPTjw6xu8nVjniEwABRoLQvSXPHZ6s3ZM+\/JkusRYYzKZuEyxxuY3HGqwYu3Zyyy79G\/5vfo269s\r\nTVt1GvHLGJZTLZr2VnZUvRz9B17dW7TxcM8Msvtfivut5+2Hv8QAAAAAAAAAAAAAAAAAAAAAAAAA\r\nAAAAAAAAAAAAAAAAAAAAAAAAAAAAAAAAAAAAAAAAAAAAAAAAAAAAAAAAAAAAAAAGP5t+lfnHn9Hm\r\n2Xy9+\/z\/AEPPr0vO9HzjPXt1RzcnXyHPp3aZcccsTGWEllSWGWeGfqxa2ejGOWWXTGNyaziyGMyG\r\nDKS445yawxzxzrDHPDhuLOFSzIMgUIAbNY+h9X4v3J6Po9\/l9eO3dt5NsvTnz7F3ZacjddWRsy1Z\r\nRsYDZddNjXTNgM2AzYDOYDOYDJhKzmMMsZiZTHEymONZ44QyxwlmWOOBljjjVwYWXBhTCYWXTdOs\r\ntDy9Yy8+McAkCwAWgpZdGWOfaZ7Zt9vGZ3LpyxuVucWazW2JdWO+S82HVjjfHj1aOHTUyx49Mt2n\r\nf4unRt1bYmrbrNeGWMSymWzDOzPLGl6eboOro5+nTwsbMs\/v\/gP0Tpj6se7xgAAAAAAAAAAAAAAA\r\nAAAAAAAAAAAAAAAAAAAAAAAAAAAAAAAAAAAAAAAAAAAAAAAAAAAAAAAAAAAAAAAAAAAAAAAAAPzz\r\n9D+C4d\/Byxy8no7\/AD\/Q8+vS870fOM9e3VHPx9nIc2ndplxxyxMZYSFSWGe7Dr+hwwyzenljasxU\r\nRRJkMZklwmcXXjsxzrVht1cOklnl2hkEBKAEAMsR7\/q\/IfQT0+zv8\/qx27NvLtl6MtOZty1ZG268\r\nozuFMrhTNiMki5sYZMRWIrEVjKymMLMYmWMxqyYlxkEkpixsYsSYXDUYMEmu6dRz5clxz+bZnzgg\r\nIFBVAFLLs2YbfRno2tn0PJLldYxuVZxZDFkMWSMGY1a+lL5\/P6vPw78W\/Rv+R7Onbq2xjr2a414Z\r\n4RLKZ569lmdlHVy9R1dHP0aeAly2fpH5x+m9cfQD2+MAAAAAAAAAAAAAAAAAAAAAAAAAAAAAAAAA\r\nAAAAAAAAAAAAAAAAAAAAAAAAAAAAAAAAAAAAAAAAAAAAAAAAAAAAAAAB8R9v8bx7fK54Z+P09\/n+\r\nh59ej5\/oeeZ69muObl6uU5tO7VLhjliYywksqSw6ezk6\/q+RE7YsiKAqookyhiyi4Y7MZrVp6NHH\r\nrhLPD0gwCAUAIAAdvFV+p7fF9LPr9HfxdGd9OzRnLuz1Zmy4WXZcKZsaZXGlQVBZBZBZIWSVcUEQ\r\nkQRjSIkiVMbiTG46mOGWFmOvLXZho26NZw8P0vHnAJzACwBYqgDSpdL083d7OXRnlff4pbbnG0RU\r\nklLCS1KW45Ix2RPE36N\/5\/63Rt1bpcdW3VGvDPCJZTPPDOzO45Dq5eo6erl6tPnhl0fqH5j+p9uf\r\nrD2eQAAAAAAAAAAAAAAAAAAAAAAAAAAAAAAAAAAAAAAAAAAAAAAAAAAAAAAAAAAAAAAAAAAAAAAA\r\nAAAAAAAAAAAAAAAAAB8p9X8zy6\/E54Z+L1d\/B3+fXped6PmmzDPXHPydfIc2rbqlwlhjjljUlhJZ\r\nXT1cXR9HzZsMu2MktlsuoqpFVFGMzhjjnF18\/Xo59OaWfO9EHMEAoQAAAB3+x4HsT0er0cPVjt17\r\nefdNbc9WZty15y5ZY0yuNMrjSoKgsBEEsGNhJZUlhjMsSSwmOWNkxyxrGZYmOOWNmGvZrs16tmrW\r\ndevOXPh8ezXPMCAgUAFUAaLLpfV8r3Pf5srlff4sWSTFS4zKRjLM6xjGasxxzvZlzzN67xVOPfo3\r\n\/F+h07dW3Nx1bdUascsYllMtmvZZlljkOvk6zo6uTs0+csuXZ+rflf6z35dg9flAAAAAAAAAAAAA\r\nAAAAAAAAAAAAAAAAAAAAAAAAAAAAAAAAAAAAAAAAAAAAAAAAAAAAAAAAAAAAAAAAAAAAAAAAAAAA\r\nfP8A0Hic+n59njl4fX3+f6HBXo+d6PnGeGeEc3J18hz6duqXCXEmOWNSWEllmzfz9Ht5ZZ45+nla\r\ny3hbdZlyuphc1zhNkXCZyXCZSXHXtk15s2a\/leyDmCAUIAAAA2er5PpO3q9nn9uO\/Zu5t+dbs9ec\r\nuzPDJc8sMjKwWyiywFJYJYSUSUYzKGMyhjMpWMyhjjnKwxziYY5yteOeNmrDbrs06d+q51a9uq5+\r\nYE8oAWBQAUsoFLLpv93z\/T+v87FnfT5tdzqa5tRpx34zWjHfhN6cN2GN6sN2Gd6sNuHPpqw2a+XT\r\nV0c\/R8z09O3Vtyx1bdUurHLGJZTPPXssyylHXydZu7OPs0+dsuXo\/rP5X+sejjtHq8wAAAAAAAAA\r\nAAAAAAAAAAAAAAAAAAAAAAAAAAAAAAAAAAAAAAAAAAAAAAAAAAAAAAAAAAAAAAAAAAAAAAAAAAAA\r\nAAADyPX83G\/zbJPB7PQ4O\/gr0fO9HzTbrzwjm5OvkObVt1LhLIxxylYyypLE2dPN1+\/jlnNnr4TK\r\n7N4xy2Zb567sXOtshrmyLqmzHOtczk1rmcmuPl9PzPn+mDydQgFCAAAAjP0fP73b0e3g7c9+zdz7\r\n863bdW2XZlhmuWWOUZXG1bLCyhRFGKiTIYTOGMyGEzlYMhhM5WGOzEwmcNeOzGzXjsxs0692FmjV\r\nv1WaNW3Xc\/LMsXkACgsACqAKWdvXPsbc7934uOWWVxhc8mdTcNM3jnw6sJrj19urPXj19WnHbTr3\r\nYc+ujV0aOPbTv5+j5Xq6durbGOrbqzdWOeBLLGWeGyzLLGl6+TrN3bxdmnztly9r9X\/Lf1P1cKPR\r\n5wAAAAAAAAAAAAAAAAAAAAAAAAAAAAAAAAAAAAAAAAAAAAAAAAAAAAAAAAAAAAAAAAAAAAAAAAAA\r\nAAAAAAAAAAAAAAHF282dfmOG3V8\/2+hwd\/DXoeb6XmmzDPCObk6+Q5tW7SuEuMSWVjLLJLDd2cvd\r\n9LzXY3+zzYbdmzrw1ZbLcamwaptxXVNkmtWO3Ca147Mc7147MZvDg9HTx6+YPj+sFCAAAAAjb38X\r\na793ZxdeO\/X0c3RNb9unbLszwzM8sbGWWOQqiygpFEUsUSZDBkMJnEwZwwmatc2Q147Ma147MU14\r\n7Ma0692FmjT0abOXVv06x83q6+R5QQKBAoBYqin0Hi\/VfR8LJn9P5kyuTEuWTOFzrOttGrHfDnw6\r\nsZvh5\/S0zt5evv5eXq5ufr5+Ho4+jm6fke3q2atubjq26o14Z4Syyxls17LMrMh2cfYbO3i7dPnb\r\nMsvpf0386\/RfX5w78AAAAAAAAAAAAAAAAAAAAAAAAAAAAAAAAAAAAAAAAAAAAAAAAAAAAAAAAAAA\r\nAAAAAAAAAAAAAAAAAAAAAAAAAAAAAAGndhL+Yc\/ZxfP93o8Pdwnoeb6XmmzDPCObk6+U5tO7SuEs\r\njGZY1jMsbJKru7Mez7fzp0ZbfT49eWy3nrbImubcV147cZrVNka047cZvVjtxzrVjtwm9eOzHO\/J\r\n1eh5\/wAj3hw2EAAABAp09fP1PT1dfL1Y69W\/n6M637dO1dmzXnGeWORlljlFstUsCqURRFEURRip\r\nMZkMZnKwmcNczxrDHZjZrw24GnXu12aNPRp1OXR0c+s+P53t+I8wMBQAIFALMq9n2de79B8Jmz6+\r\neZs2JcqxLlWcWdkwmymmboujV14N8XL6el28Xm9fz+Pv8ffJ8T6fZt07ue8dW3VlrwzwllljLZr2\r\nWZWUvZx9hs7OPs0+dzw2Zfafe\/E\/bezzB24gAAAAAAAAAAAAAAAAAAAAAAAAAAAAAAAAAAAAAAAA\r\nAAAAAAAAAAAAAAAAAAAAAAAAAAAAAAAAAAAAAAAAAAAAAAAAJR+beb6\/j\/O9\/pcPdwnf53o+cbMM\r\n8I5uXq5Tm07tK4SyJjljUxyx1J083terj09l3\/a+NhnndcMWZNbZDXjtxa147cZrVNmLWrHdjN6c\r\nd2E1qx24zerDdjN8\/j+75fh9fIPl+sAAAIAbNfS1u6ufqnp6Orn6M9Ojfo35u\/Zq2y7c8MzPLDMy\r\nsyi2UtFpRQKIqIqkyGMyJiyhjM4YTZK1zZia8dkrVhtws1a92utGjp0Wcejp59Z5vn\/o\/IvHgDgA\r\nAFAgU9PzPrPZ5evJl9r4lyZsM2TmtymZbWZbWcblTCbEmqbZbp1dWDfBw+xzPV81wfQ+B8v7XVv5\r\nej53rurZqzdeOWMssplnhmmdlL2cXcZ9vF2afO7Ne7L9B+u+X+o9vlDryAAAAAAAAAAAAAAAAAAA\r\nAAAAAAAAAAAAAAAAAAAAAAAAAAAAAAAAAAAAAAAAAAAAAAAAAAAAAAAAAAAAAAAAAAAAAAA+C8D6\r\nb5jwe70uLu4c3v8AO9HzjZhnhHNy9XKc2ndqXDHKGOOUsxlmm\/6Tk9j7nxpsyz9Pz8LmYwmyGubI\r\n1rmzFdc2Yta8duLWqbMZvXjtxa1YbsZvTjuxmtPL3YZ6\/Ntur8\/9UM0AIAAz7NXRPRn0at867+jR\r\n0Z1v36N81t26tsbNmvYueWOUmWWORcpVtlilFBVJVIoi0xZRJMlYzMYTOGGOyVrx2YmvDbhZq17t\r\ndaNHTos4+Xs5dZ5ubr1az87O\/geUEAACgO36zzfU+78NnM\/V47nM3NkynNkyZltmZbUlpIyJiyGG\r\nO2Lp1dWDfmfO\/Xebj6HyvVyb\/gfoduvPDGsMbjmrKZZ4ZpnZR3cPcZdvF2afPb9HTl+mfQeL7Xv8\r\ngb5gAAAAAAAAAAAAAAAAAAAAAAAAAAAAAAAAAAAAAAAAAAAAAAAAAAAAAAAAAAAAAAAAAAAAAAAA\r\nAAAAAAAAAAAAAAAAAfIfI\/a\/FeH2+lxdvFjXf53o+cbMM8I5uXq5Tm1bdS4Swxlmpj1cv0vr83o9\r\nGWz7f53G5VywZDCZxcJnGsMdmK4Y7I1rx2RrXjsjWvHbi1qx24zerHdi1px3Yzfk+T9R8z8n6WI8\r\nHqCAAG7DsnXLbNme+W\/Xua279O+a3btW3N27dW1dmzXsjPLHMuWORlZlFspbKKooKpFBRFJFGLJW\r\nMyGEzhhjsxs14bcDThu11o0dOnTj5e7l1ni0dWizl8j2+W8vJWPOAAA6Of6D0cPayZfoPz1zmbFz\r\nmTncplMMlmVVlVQqQUlEjIY45l08\/Zhenyni\/cfE\/N\/Q7Zhfm\/TmNxwtxyXLPDNM7jkO7h7i93D3\r\nafO9fJ3Zfqnp8Pd9DxhrAAAAAAAAAAAAAAAAAAAAAAAAAAAAAAAAAAAAAAAAAAAAAAAAAAAAAAAA\r\nAAAAAAAAAAAAAAAAAAAAAAAAAAAAAAAAAAHzvwn6D+f+L1+jxdnHz6d\/nej5xswzwjm5erlObVt1\r\nGEsWY5Y6nX9h5\/s\/e\/PLlfR87FlJMZnLcZlFxmUXHHONYTOLhjsjWuZxrXjsjWvHbi1rx24tasd2\r\nLWnxfd5OHo+aH577I3Gm+h0NeRfZ45vHc2Z7tk2NZbcdk1s3at0u3dq3S7NmvabM8NkZZ45lyxzi\r\n1S2UtUVQoVQEKJaIokyGLJWEziYTOGvDbhWnDdrrRp6dNcnP2c9nDzdvLqc2np06z53F7GDl5WPu\r\na7y8d3cyahJftfm\/q\/r\/ACWeOz6Py7nM3O5TKYtVi1ZFVlZZFlASgGUSZRcZnLNHzP1fJn1\/n+xh\r\n8D9ZlE56tljPPDMzuOQ7uHuL28Xbp896PnetH6t06tv0PCFgAAAAAAAAAAAAAAAAAAAAAAAAAAAA\r\nAAAAAAAAAAAAAAAAAAAAAAAAAAAAAAAAAAAAAAAAAAAAAAAAAAAAAAAAAAAAAHk\/nX6X+beT1dnL\r\n1cvHr3ed6PnGzDPCObl6uU5tW3UYSxZ0c\/v+rzfQbmX3vypUzJYJYslW4zIuMyi4zKLjMouEzjWE\r\nzi65sxa1zZGtU2RrVjtwb+Uw9zzvgfew3XZ5\/S2zdLly9+OenBlllnrNjNbsmxct2vdLnu17Y2bM\r\nNkueeOaZZ45xcpkWzItmUMpRlKUoUFIUS1UWmNoxZKxmRMJniYY7Ma1a92s06ejVXNz9eiuLl7+X\r\nU4tPXz6zz7L13HJq69PTjy6+nXc8XN6MZ9b1Jl+g\/M3OZ743OZTncpkxasyqoqyAlCLBQWxLQMaS\r\na9kr5j5j9E\/O\/mfpM2N+b9XK45RnnhmZZY5Du4e4y7OLt0+e9vxPo4\/UMj6PgAAAAAAAAAAAAAAA\r\nAAAAAAAAAAAAAAAAAAAAAAAAAAAAAAAAAAAAAAAAAAAAAAAAAAAAAAAAAAAAAAAAAAAAAAAAAAAA\r\n5PzP9R\/MvL6d3L083Dt3ed6PnGzDPCObl6uU5tW3UY45Y1j9x8l919b42yr9D4clGKxUsIsWSlkq\r\n3GZFxmUMZnFwmcawmcXDHZLrXNmK68N2LfP4X0XlfN+ry7W35P1publu1vzfJx9fzefoxzubU2M1\r\nu3HbGW3DbLlsxzMtmOcZZTJLlMi5TIZSxaoqiqSqFIUFBVRRFGLKWYzOGGOzE1YbcK06t+o59PTp\r\n05Ofs564ufuws1be3T083Do7efpjl19Guzn7Of2PX4t+cy+v8DLOZudymU5slmWUrNsqLLIBQgFS\r\niwVEWFgGv4b7v5vz\/S+Vywy+H+ozywzyzz17DLLGl7uHuHdw92nz31fyn2yffj6HhAAAAAAAAAAA\r\nAAAAAAAAAAAAAAAAAAAAAAAAAAAAAAAAAAAAAAAAAAAAAAAAAAAAAAAAAAAAAAAAAAAAAAAAAAAA\r\nAAAAx\/NP034Hz9\/O59urzeju870fONmGeEc3L1cpzatuoxwzwr2PsPm\/pvvfmA9HggIsWBYsJMos\r\nmUWTKVJlFkyiyZDBlFwmcawmct1zZGtXL24c\/R4225\/nP092zaZb9e+Xdx9vTjXzmXbz8\/Vjnc1m\r\ny5w2zMuzHZFzmRllMi5TJLVi1S1RVChVSVQtJVIqotMVJFGMylY454mGGzE06t2Fc+ro0282jq1V\r\ny9+7Z08\/HzdfN048nP1c+pz6ejVWPscnZ9j4Vzmfq+bc5nObKZM2zKZWVmiFlQCpUAAqCoKgqBwd\r\n+p0\/M80\/OftM8scsXPZrzM7KXu4e4vZxdunz\/wChfn\/6lvH0I9vjAAAAAAAAAAAAAAAAAAAAAAAA\r\nAAAAAAAAAAAAAAAAAAAAAAAAAAAAAAAAAAAAAAAAAAAAAAAAAAAAAAAAAAAAAAAAAAAfOfR6cb\/M\r\ntfreT4vZ3ed6PnRswzwjm5erlObVt1GGGevT7P2uPs\/R\/j4s1wSxUpZKJKWAkyixYsVUlEUuKjGZ\r\nxcZnF1zZLdeOyNcGvv4\/ifpLsmzx+3LdhtNnRo3R0eX6e\/HT5\/Lv5uXqwyyozZjZMoucyLlMi5LJ\r\napaoylLVJVFVJVChVIoiqikijGZQxxzxrHDZgasNuC6NXRjXL1dGXTho5t\/P14c\/N0c+pz8\/Ro00\r\nYbdnTn07Jn938vc5neVymU52rMrKlKgQCLBQLBUFQVBUFQMcsbfz3k9XyvgfsM88M\/P3zzwzM7KX\r\nu4O8dvF3aeX+u\/H\/AHfo84ejgAAAAAAAAAAAAAAAAAAAAAAAAAAAAAAAAAAAAAAAAAAAAAAAAAAA\r\nAAAAAAAAAAAAAAAAAAAAAAAAAAAAAAAAAAAAAAAAB5351+nfmPl9Xb53oefw67MM9cc\/L1cpzatu\r\no14Z4afo3RzdP6X8VJTMCwLARYqWALARRFixRFVFhFLjMi4TOLhyduHm+hy7Mdvw\/wBHdmOwz269\r\nsuzdp2R1abuzryJ7fJy9HDlcs9GTIZMouUyGSpcpkKoqiqKqKpKooFBRFJFVJlCTKGMyxMcNmC4Y\r\nbd2scvRt09eGGjZp6c9XPu0WaNG7Rpo07tNauzT1\/S+Szmf0Pi3OZTnasyqsrKiygQAACVAAsFgA\r\nolWIfJeB7vhfD\/WZZ4Z+T17M8MzOyl7uHvMff8D6feft9p7\/ABggAAAAAAAAAAAAAAAAAAAAAAAA\r\nAAAAAAAAAAAAAAAAAAAAAAAAAAAAAAAAAAAAAAAAAAAAAAAAAAAAAAAAAAAAAAAAAAAGn8w\/UPzL\r\nzeno870fP8\/bZrzxjm5erlObTu0mvHLHT9F6eTq\/S\/ixGAWAgVLFAgAWLACKIoiiKJMpbJkMGUa0\r\nOjT8X9Plsx2eT23ZjmZ54Zxsz15m3bpzjbz7tmd+Zj7OPPr5WXbpx01ZY5Z3lljkXKZIqjKUVlSi\r\nKpKoKFAIURYRYSZbbOedme+fHn0YdOWOvLXvnjp2aq16duk06N+itGjdo006d1688tsz+5+Wucyv\r\nG1WLZZFEURYKiKlBCoKgqKqCxCoWyC4ovyHi+v5Hwv1mWeGfl9OezXmZ5Y5F7uDvJ9V8r9f0x9oP\r\nd4wAAAAAAAAAAAAAAAAAAAAAAAAAAAAAAAAAAAAAAAAAAAAAAAAAAAAAAAAAAAAAAAAAAAAAAAAA\r\nAAAAAAAAAAAAAAAAAAAJ+afpnwnDvwed6Hn+X0bdeeEc\/L1cpzad2k145Yafb+v8l9Z9\/wDKWWdv\r\nGCwECpYoEACpQlEAoJQACRS4spUmV5enDYy+F+rueOeNXPHMyymRlnjlGeWGRsz15xtz1ZGzDLKX\r\nmw7s8dPKnrs78nL0cM64r04zWnLOTUEWyiyis7MLszs0OnPWeN353HBs62sc+exvGMsucccsDHDP\r\nCzDVs1mvVs1W69O7TWnRu0Vo07dVa9rP7P55my9PzWSsqsyKgCwlQVBULUJUKAIVBYi1IWItwui6\r\n+Q84\/O\/rssscuPTZnhmZ5Y5Dv4PQMfuviP0ntz9cezyAAAAAAAAAAAAAAAAAAAAAAAAAAAAAAAAA\r\nAAAAAAAAAAAAAAAAAAAAAAAAAAAAAAAAAAAAAAAAAAAAAAAAAAAAAAAAAAAAPD9TyuXb5Pzfc8Px\r\n+nZhnhHPy9XIc2ndpMMM8NO37780\/QvrfD6x7\/igQECpYoEACpYLBYCgCLBQAJlCKrLLXs8f1Msm\r\nXyP0VymcXKZRcpkuWWOUZZ45JnljkZZY5GWWOUZZYZGWWNMrjS2UKiMiyqgUBZRAkBJYTG41MMsT\r\nHDPA169mo169mqtenbot1aNuitMyn0vksmf0fhqyYUmVBYSgAAIKgqAAhagILIWyS2yRXjet8pw9\r\n3j2X4H6TPLDPLZnhmZ2Uvoef6B6f6X8r7Pp5eo17PR5gsAAAAAAAAAAAAAAAAAAAAAAAAAAAAAAA\r\nAAAAAAAAAAAAAAAAAAAAAAAAAAAAAAAAAAAAAAAAAAAAAAAAAAAAAAAAAAAGiXZ5\/Ly8PRs5sNHP\r\nrz+F7fic7swzwy5+Tr5Dm07tJrxyx0x+p+W6fV5f0Vq2\/b\/KAgCCpYogAIoAAAFACUCygIABu2c2\r\n\/wAH2tmcy+X925TIuSxcpkXPHIyyxyjLLHIyyxyLljlFspbKlspQWygFABYAglhJZUxsMcbiY4ZY\r\nGGvPXWvVs1GvRt0W6tG3n93z5ky+t+dZTJhSZUAQAAARagsAgqFEKkKktsRbixW4zG6w+H975r5X\r\n3Mrjl8z6eWeGcZ7NewzuNMvQ870T7fbxbOs9H0fD3az9E8r0\/R5shvAAAAAAAAAAAAAAAAAAAAAA\r\nAAAAAAAAAAAAAAAAAAAAAAAAAAAAAAAAAAAAAAAAAAAAAAAAAAAAAAAAAAAAAAAAAAA8zOtvl4c\/\r\nm9WWnHTNZaJpjLx\/W8jF2Y5YZc\/L1cpzad2k145Y1jLNz7D3vz\/7v7f5val9HzwAEsEsUFQAIFAq\r\nVFgoFlRZUAoBUgOnf5\/V8\/7fRlM\/mfctmS3KZRcpUuUyW5TJLljlGVlLZS2Utli2UWUWCgAJRCpL\r\nCS4klxJhlgY4ZazHVnrrXq2aa18+zg9vz5WX1\/zysmFJlZQAAQqAAgEWoKgIUkqpFqRbJFYsLq6r\r\n4+PR4XPjfzv6TLLG41nlhnGzPXmZ3GmXqeV69fS7OXZude3j212dfmbz6Dd4Pq+jz9I68QAAAAAA\r\nAAAAAAAAAAAAAAAAAAAAAAAAAAAAAAAAAAAAAAAAAAAAAAAAAAAAAAAAAAAAAAAAAAAAAAAAAAAA\r\nAAAEeTneXm48\/m9WWnHTm5asdRdTTHR5nZxZuWOOOWHLv5zRp3ajXhswrHHLHUn1Py2ffh+lXz+\/\r\n7v5a2GKlRBUsEsUQBQBKqC2CpZKlSpSpUoFlQADr6vK6fD9juyxy+X9\/KzKLljkZZY5RcpTLLHIt\r\nli2UtlLZS2UAoAKgAhBEGNxJGJMbgY689VY689RhyzzvofMtZfV+BMlZUmQFgAEKgEWoLEKkXKRV\r\nkLZBZC2SLZJbcZi3cJpbx+Q7fL+P9xljl8\/22zIuWOUZ5YZGd102+34fvV6m3n2anRs5866dvLsO\r\nvo4NtfQdfzvr9\/P1jtxAAAAAAAAAAAAAAAAAAAAAAAAAAAAAAAAAAAAAAAAAAAAAAAAAAAAAAAAA\r\nAAAAAAAAAAAAAAAAAAAAAAAAAAAHBnWrynN5fW0TTLlqx1RlqmsuuYQ13TLqmnDLdqxGGG3E0692\r\nqteGeuoI7Puvzn0fd8\/7y6dv2fzuSJmgSiSlksAWCgUQoSoMkslSlSpbCWwlBQgG\/wBDyNvl+j61\r\n1bvkfpLljlndyxyMsscouWNMrjkWyxbKWylSlAsoAQCFiDG4jG4kxuJjhlrrHC6qnm6+T6nxbWX0\r\nPjLTKkgABBYKQCFQpBZFtSFSLUi2QtkhZJdXGYtXCanTLw8\/n\/nfTD4\/1Lccqyzx2QuVMVxFwHT9\r\nD4v0Nbc9Wdm3PTlW\/Zz5nRt5tldfRwbq+k6Pnvc9Hm2jryAAAAAAAAAAAAAAAAAAAAAAAAAAAAAA\r\nAAAAAAAAAAAAAAAAAAAAAAAAAAAAAAAAAAAAAAAAAAAAAAAAAAAAGJo8Hb5\/l9bnaOe7pmouua4u\r\nGOBcZjDFiunj9DXHnTs0Rpwy1jBiIAAHq\/afm3sfR+Z9pdWf1\/gZsalEgLCCWWiFgoACwW40txqW\r\n42TJCZXGpkhMkqUAGXpeXePq928Pd8f9NlZeXoysplZYuWNMrLFspQWwZIKAAgEEQY3EYXEmFwqY\r\nXj3jPxdeP2PgMl9XzmQypIAQCLUBCkVZC2QVItQEi1ItSW2SLZItxmLVwmqdMvKvzvh+ih8X6oAF\r\nywGyzsOSev1ngep6+ypsxyMrjazy15GzPTkm\/PRnXRt5dldvf5O+vqsvL9T1+QNYAAAAAAAAAAAA\r\nAAAAAAAAAAAAAAAAAAAAAAAAAAAAAAAAAAAAAAAAAAAAAAAAAAAAAAAAAAAAAAAAAAAAAeP3fO8e\r\n+vmvP5+80tMXU1F1sIYsVRCRCYZYRhp2aDXrzxNeG3GNUzhiogAPV+x\/OfR+j837q82\/6\/wc2NYy\r\nRCUQWyWKIAoAhbjS3EmVxGbGplcMpMr1YY3pY3fHK41KlBUnXysdfd2eJ63yf0u6y+X3ZXHIyuNl\r\nyspklLYi2C2CpQQsgsQRiMWIxmFXDHxe\/n6fImX2fzzI6+W2VlYiwDZ1Z6cLZp1myLLIWyRcpBZC\r\n1iWpCsS1iqsS2SLZItxmDdwmqdMvK1+J876Vh8j6QAAAGz0\/O9A9Dq4+qt1xzLZS3GmVxGdwtbM9\r\nVN2znzs6t3Jtr0Pf+Y795+iY5evxgAAAAAAAAAAAAAAAAAAAAAAAAAAAAAAAAAAAAAAAAAAAAAAA\r\nAAAAAAAAAAAAAAAAAAAAAAAAAAAAAAAAJfPzrzfL28fk9mOi6MpquqGDBWLGEQRCSwxwz1mrTt1m\r\nuZ4xhMoYY7cTU2YmE2SsGQxZLOr7L4Lp9ni++vn932fz+dxt51KAQElipYoi1BUFQZMRkx93n12\/\r\nWbcvh\/oy3h38X479K8H3\/M+QurP6\/wCezuNZyuNSpZGeBfY6\/nfR+d930rjfnfayuNM7jTK42XK4\r\n0yQVKVEWIWIWSDFiMGFXn0eF7fBu52f1\/wA\/MlvIJKQsY25e\/wAH2\/zvsZbsc\/k\/bx8H6Fvn+V4f\r\ne\/n33Pz+xrvo8ucxGTAZMRWK2sS1IZSRcpjFymMW4zBu4Y6p0z8PDg+V9TBm+Z7sGWIAAMjHPLcX\r\nt09Zv6NO6tueGZlZRZRZRYLlgNmWu1v282yzr6eHfX0fp\/LfS+nz7B14gAAAAAAAAAAAAAAAAAAA\r\nAAAAAAAAAAAAAAAAAAAAAAAAAAAAAAAAAAAAAAAAAAAAAAAAAAAAAAAAAAAT5n1vnPP6NXLnz8O2\r\nOm6pZruBMbjDGwksJLBjYY69ms1a9mBjjniYMoYzKGMyGE2QwmzGzGZwxVWX1Pyb0ef9Cy+Y+j+z\r\n8DddeXTz5IShIFkpZLFgUgrFVkwaz\/Tvz79J+T9rLKX5v0qIa9mFfmev0PK\/R\/lt+enPp5dmWvKZ\r\nyuNZySyLB1+t8\/t8v0vey5t\/yv0edxuN5XGmVxsZILYKkKkKmK3FgXBqsz8jl4vqfHZMvofHVWAQ\r\nJUY01OR2+\/8Ac5Oz85+r25Y5ctUE\/O\/0X5H2eT4667934GxgTNjDOYjJiXKYjKQtkhZMWrjjjN3D\r\nHgx23+Jhfj\/V157c\/H6dDphzYdcOOdkOO9SOfPfmatuzYTpx3mWzHOs88MzKyiygABBcsBtz05V0\r\n7uTbZ3+5853bn1jXs9njBAAAAAAAAAAAAAAAAAAAAAAAAAAAAAAAAAAAAAAAAAAAAAAAAAAAAAAA\r\nAAAAAAAAAAAAAAAAAAAAAAEvFL4vlb+Lxe3Dnz0ZY68tcsxuJJcSEEsJLCSwx17MDVhswMJlDGZQ\r\nxmQxZDFkMJnLMJniYzJWDKGPo+fN4+66Phfqfs\/D9O6svT4NjGpUICyUuIWSy2RFYXFv3P0H4f7j\r\n4f3crL4vZUowyxr878rr8\/8ARfnejZz59fJvz05ue3LVlMbLhkzklmVgz9TyLy9P0eXk+n8j9Nsu\r\nF4+nO4UyuIyY2KkMpjC4zEuOPm9MdXz+p9n4LJl6fnrLIsJYhZMWrqaXRy5870\/rvVw935r9Jsyx\r\nywtlHzX0vg9+X5xlqy\/Rfns7hUyY1MmIqQyYlrGFmOM1lhjg3lr1eTw9O\/z7u+L9XHZns49MM86Y\r\nNlNTbTQ305r0DRlusa9mWZNjMVayzxyMrKAVBUAgIXLCm7Zz7K6uvg6bPpfW+U+q9Xno68QAAAAA\r\nAAAAAAAAAAAAAAAAAAAAAAAAAAAAAAAAAAAAAAAAAAAAAAAAAAAAAAAAAAAAAAAAAAAAAAAHz3t\/\r\nJ8e\/Ly7ebzd9enPVLjjcYmNhJYSWCWElGMyxMcc8TXhtwNeOyGtmMGYwZwxmcMJnKwx2YphMoYzK\r\nViyhjUPe934Tr+j837TLze76fyNzC3lmxFlglhJZdYzLFrHDPBr6z7L5P6z4H6C2Xy+mpRhnhX5V\r\nxbeX9J8Hp2c2zp5ujZz7Jy35ac3PblqzmNmWusZ3GyUI6uZN+\/t+d9b5f6LsuF8f082KM2AyYwsw\r\nxMsNHg+ny9XmM\/sfBZL081EiwWQXGYrdbW6NN0u+OrLVO\/616Xket+c+7sywz56tlHkev5nTH5Tl\r\nhl+k\/P5sazkhKgrEWTFrLHHFrLDHnnTdw8XN8735ZZbvme7HblszZncjG5UxuVMbnTBsGFzpruyx\r\nryypLQrKrZkUoAAICAhUhnnqyOjfy7q7\/p\/kvY68\/pB6\/IAAAAAAAAAAAAAAAAAAAAAAAAAAAAAA\r\nAAAAAAAAAAAAAAAAAAAAAAAAAAAAAAAAAAAAAAAAAAAAAAB5HznoeV4\/Zo59mjnvDXlhExsJLCSw\r\niwksIsJLDGZQwmcNczhhMxgyGMyGMyhjMhhjnK1zOJhMoYzKViyhjMoT2\/EdeX3Oz4v6L6\/xvUun\r\nL1eLbcLM1FJYsxyi4Y54t\/afUfNfS\/n\/ANDUeb0ZJRjlhX47o3aP0nwtuzTnvjuz053nvz0Zznvz\r\n0Zue7LVkxtuvKYzywrOSWRYO\/wBL57b5Pq+7eLp+b97NhOfXPHDl1nq8\/wA\/j+j8rLG5fR+SylYo\r\nmagJFsmDWWEwu2q6p1mrLU7TXlhOv6t7Hi+z+d+1sywy5ayspeDu5Nz8huOX6X87bCVIZMYZTHFr\r\nLHDXN7Nejy+Ho7fLx3fI+jjuz2eftNtzJlaLaKyFZEtpLaS2xFpFpFpKoqiy0EAJYJZUlgQW4027\r\nefbXX2+b12fab\/I9f2+QNYAAAAAAAAAAAAAAAAAAAAAAAAAAAAAAAAAAAAAAAAAAAAAAAAAAAAAA\r\nAAAAAAAAAAAAAAAAAAAAAcvV4uN+Hw9HH4\/Xq056pccMsYksJLCSiSwiwiwksJMoYzKGMyGDKGMy\r\nGMyhiyhjMoYzKGEzxrCZwwxziYzKVjMhgyhjMoej7vyL2eT7nP5f3fp\/J7WrLv5tjCpYGOOeLX3X\r\n0Pg+7+d\/SVHDtklGOWFfjmnfp\/S\/BuWN1jPPVkztz05Mb89Gd5789Gc57stWTG3LVlMbMteTObGy\r\nUJM8Y11Y82HP1Z8uePXODJrIoRJUFki3Fi1cGF2wa3RrYTpMGM6zDLGb\/U\/b8L3fz32Mssby3nca\r\nZc+\/VZ+N3F+n\/P5MSZTHFc8cMZrPDV5vLv6Hm8WXzfdNmezw+nHblslmdyGSjJRlMhlMhVFUVQUU\r\nhVJVJQUFAAgEBKRBLBYMtmrM6Onj6K9n6v4j6708Okd\/OAAAAAAAAAAAAAAAAAAAAAAAAAAAAAAA\r\nAAAAAAAAAAAAAAAAAAAAAAAAAAAAAAAAAAAAAAAAAAAA+T+j+Q4ejm5d3N5u+vXlhGOOWJASWCWE\r\nWEWElElElGMyhjMhjMoYqMZlCTKGMyhjMoYzKGOOcMMc5WEzhgyiYzKEmUrGZDDJK9j2vjMvb4vt\r\ns\/mfZ+j8zuasu\/nzY1Pv\/b8X2vzn6RDj2txyGGeuvx\/Xtx\/TfnsJnKlgzuFZ2Z6c2d2ejO43Z6M5\r\nz356M3PblqyY23XZnZcKmTElwuLWONxu0S6qIsRbJCyY3VxmLTGYTowYOjXcZ0mOUmsVq\/pnu+D7\r\n35\/7GWWN49MssaZa88a\/FmM\/TfAzxwwa2YaeDl29Hh82fO9mUz2+H1YbctmbjsuYyZDKZCqMpkWy\r\nlqlspbKWyikKFAoLKAVKEAEAgSWEJRBllhTdv5t1d30ny3r9MfVj2eMAAAAAAAAAAAAAAAAAAAAA\r\nAAAAAAAAAAAAAAAAAAAAAAAAAAAAAAAAAAAAAAAAAAAAAAAAAAAAADx\/mvV8Xx+zRo26Oe9eNxiS\r\nwgIIkoksEsEsEokspLCTKElGKjGZQkyhjMoYzKGMyhjMoYzKGOOeJjM5WEzxMWUMZlCTKJisqLD0\r\nPZ+Vnr8v2+Xyfq\/R+f8Arns+L7XxvrSJx65XGmWvPXX5FK\/T\/m8cdkNbPFqLC2DPLXWduenJjfno\r\nyuN+ejOc92WnJjbddZ2MEmWMlrFG0ktyYlskWyYrcWLTGYzbC4OjC4zcljUURS\/pHv8Az\/0H5\/7N\r\nscOudxyTLGyvxHDm837vy\/U8\/gfP9lZ5+Pvjsy2S47LkM2QymQymQylLZS1S2UtlLQtlLZYqUqUq\r\nUWUWCpQAQsBAQJLCEBKtg2bdG06u\/wA3s1Pt93ler7fGGsgAAAAAAAAAAAAAAAAAAAAAAAAAAAAA\r\nAAAAAAAAAAAAAAAAAAAAAAAAAAAAAAAAAAAAAAAAAAANezzs6+a4Onj8Xs06dmrNxxuJAQEERYRY\r\nQEWEWEWEWEWVJlCSiSiSjFYSZQxmUMJnDCZ4mMyhjMoYMsSSjGZQkqsZlCSkxmUMVH7n9F8\/9BLI\r\nhlccourZq0\/JR+m\/MlGMyLhMouLKLCluJNmWupuy05XG\/LRkxvunKY2tdTOYwyxkuqxLWMXLGRbM\r\nY1cGM1cZG2KNMbJYGoBGMv6T9D859F8D7NscOmWWORkK\/m3T16THPLMx2XIZMi5TIZTIZSlsyFUt\r\nlLZS2Utli2UtgySlSlBQVKVBQAAJYCCWCIJYQUSmWzVmdHVx9FfRfSfFfZ+rzZDtxAAAAAAAAAAA\r\nAAAAAAAAAAAAAAAAAAAAAAAAAAAAAAAAAAAAAAAAAAAAAAAAAAAAAAAAAAAAAAfP\/QfIcu3ncm\/m\r\n8np1a8sImNhBEBAJYJYJRASUSUSUSUSUSUSWCVUlhFhJYSZQxmUMZlDCZwwmUMZlDGZQxmUMVhJl\r\nKxWECfu\/u+H7kuMuJlccoundzV+RbPje\/wCx8r6V5fd7fHvuvLXOyjFRjMi4qAMriTZddTblqtzt\r\nuqs7GBMmMXKYlskWySWyRpijSSTSIqMWrJjLlNfNnp14eVx+T0\/tP03x\/wBh8r3Bz1llhnWQP555\r\n+3mJkyGTIZSlylLVGUpbKWyxbLVsRlcci3GlspbBkgySluNKCpSpQAAAQAksECSwQCWrlhkb9\/Nu\r\nr0Pr\/i\/pu3L2x6vKAAAAAAAAAAAAAAAAAAAAAAAAAAAAAAAAAAAAAAAAAAAAAAAAAAAAAAAAAAAA\r\nAAAAAAAAAAAABz\/HfS\/Leb08vPt0cO2vDLGJLCCIBKICAiwSwSwiwiwiwiwiwiwiwiyoCSwkyhis\r\nJMoYKMJniYzOGDKGMyhjMhhM8TGZQxWV+8e343sRjLiZXHIvP0cx\/OaqmUWd3f4U9PD67d8Z1+zy\r\nfU3w+\/1+TsYXrxyQUBBbCZXEZXEmbEmUkMpIuUkWyRbjI1ZjJqzHBrOc\/Hy6+lr8Xl8np9nj4L5P\r\nTnryvl7Y3Ky\/r\/1\/x\/2AlhllhmZWU\/AeXs5BlMhlKWzIZSlssWylsGSUtlLZS3GmVxpbjTJKW40t\r\ngySlSlSlQVKWBYAhYEIJYQglgFW4027ufcdfteF6G59wwz93hAAAAAAAAAAAAAAAAAAAAAAAAAAA\r\nAAAAAAAAAAAAAAAAAAAAAAAAAAAAAAAAAAAAAAAAAAAAAA+d8D0PL8Xt0aNunnrHG4kEQEABAJRJ\r\nRAQEBJRJRJYJYJYJYJYJYQEllQRJZUmUMVhJRjMoYzIYzIYTOGEzhhM8T949fyfWMccsDLLDIy5e\r\nrjP54URRFGLJWMyGfd5rty+g7fkXq832N+Y7PX5vcvn9Pp82+6rrGy4VMmJMmJcpjDOYRrOa8Zdk\r\n0886dmPlcnm9Hucvh4eT0+pxaXl7xneHXC55GvLOmGWYxuVP1f6\/5D68RDLLDMyyxyPwTk7eMVS2\r\nUtli2UtlKC2UtgySlsGSUtxpkgyuNMkGVxpbjS3GluNLcaVBQCFQWICAggQgBbjaz26dh09vB119\r\np3eH7nt8YbwAAAAAAAAAAAAAAAAAAAAAAAAAAAAAAAAAAAAAAAAAAAAAAAAAAAAAAAAAAAAAAAAA\r\nAAAAAA0b\/Mzr5jh6uPxezTqz15uMsJLIASiASwAgIsIsIsICAgJLBLBLBAgIQSwgJLBLCSiSjFVY\r\nqJMoYsoY45wxmUP3b1fL9QwxyxLlhmXk6+Q\/npkMWQxZDGZwxZDBkMJnDGZDHKK6evynbl7\/AF\/K\r\nz08PsL8lv78fp5863j6HD57Tjf0fN4E4dvW5eR5+2WGTh1xuSWW0lypjlaS2ktpLQUfqf1\/yP1wl\r\nxMssMzOyn4Rx9vEWylssUospbKLKVKWwZIMkpbjTJBklLcaZIMrjS2DJBkgyQWwVBUFQCAglggQC\r\nBUtZbNWZ0dXF01731fw\/23p8+Q78AAAAAAAAAAAAAAAAAAAAAAAAAAAAAAAAAAAAAAAAAAAAAAAA\r\nAAAAAAAAAAAAAAAAAAAAAAAHge\/8ny6+Ty7+byerVrzwiY2CWQABFgBAJYJYJYJYJYQEBJYJYIEB\r\nCCWCBCCWCWCWEAlEBFVJlCTKGMyh+6ep5npmGGeBcscjLj7OI\/AGQxZDFkMZmMGcMGcMJnDBnDCZ\r\njBnDBmMGYwuVMGYwZjFkMbaY2gtJVFUVYpaUBT9S+u+Q+vGNhc9eZnljkfhXF3cJSiyxbKLKUFSl\r\nSluNLcaW40txpkgyuNLYMkpbjTJBklKlKlKgqUsAQqAQEEsEAgqWrnhkbt\/NvO\/7T4f6vvy9gery\r\ngAAAAAAAAAAAAAAAAAAAAAAAAAAAAAAAAAAAAAAAAAAAAAAAAAAAAAAAAAAAAAAAAAAAAAAYfFfW\r\nfHef0cmjbo8\/fXjlhElkJYAAJRARYJYJRJYJYJYQElglggQEIJYIEIJYJYJYJYJYAARRFlRYSZQ\/\r\ndPS830jXjlgZZYZGXH2cZ+BqJVIokyGKjFlDGZSJMhjMhjM4YshFVFsuKkiiKWKSUVQVRVRVFUlA\r\nU\/UPr\/kfrqksGeGRsywyPw3g7+AtiLZSpS2C2CpSoLYMkGSDJBlcaW40yQZJS3GmSDK40txGVxpU\r\nGSCoKgqAQEBAQEKlLlhlW3do2nZ9D836\/TP2Q9viAAAAAAAAAAAAAAAAAAAAAAAAAAAAAAAAAAAA\r\nAAAAAAAAAAAAAAAAAAAAAAAAAAAAAAAAAAA8f5f3fn\/H6+bRu0cumONxIIiwAAASwAgJLBLBLBLC\r\nEEsICAksEsICSwSwQICASwASwLAAKiwkyh+5+j5\/omvDPAuWORlxdvGfgqiUCoiiTKEmUJMoSZDG\r\nZDFkXFkMWQxUSZDFkMWRMWUWLSVSVUVRVCgAD9R+u+Q+vqY5YjPDMzyxyPw3g7+AWWKC2C2CpSoL\r\nYLcaVKVBkgyuNLcaZXGluNLcaZIMrjS3GluNLcaVBUpUABAICAgABbjlWzZp2nT3+d2197s4e73+\r\nELAAAAAAAAAAAAAAAAAAAAAAAAAAAAAAAAAAAAAAAAAAAAAAAAAAAAAAAAAAAAAAAAAAAAABifJe\r\nR2cHg92nTt1ZuONhBEKJYAAAQEBJRJYJYQElggQglggQglggQEBCAEAAAABAJVSWH7f635l6H0fk\r\n\/c4fFTPX7fL4eJ935fynDvl8QPm\/XKIqAIsEokoiwiliwFIoiiTKEUSZQiiUFBVRVBQAAD9L+0\/I\r\nve+j8377H4nLN+0z+Iq\/c34TTvj8bxbtHz\/qWxnVsFsFsFSlQVKVBbBbjS3GluNMkGVxpbjS3GmS\r\nDK40txpbBbjSoMkFQVBYAgIAQAFuOVZbNeZ0dfF1V9f7PzX0vs8gdOYAAAAAAAAAAAAAAAAAAAAA\r\nAAAAAAAAAAAAAAAAAAAAAAAAAAAAAAAAAAAAAAAAAAAAAAADk6\/Kzr5bi6uTw+3Trz1xMbIAASwo\r\nIsEsAICSwSwgJLBLCEEsICEEsECEEsEsEBLAAAAACLAKksPtt+jf+k\/HasM9e7llhmZ6N2mPirL+\r\nY\/YAAWKQEWCUQEWAKAAAAlgAAAoKJbKLKAAAfQ+t5PrfofzGOOWPfzs8MjZs17HP4rTu0fmv2GSX\r\nG1gtlFgqCgqC2CpSoMkGSUtxpbjS3GlsGSDK40yQZMaZMaVKVBbjSoLAIBABAWC2DPPXnW7p5eg9\r\nv7L4L7z1eejvwAAAAAAAAAAAAAAAAAAAAAAAAAAAAAAAAAAAAAAAAAAAAAAAAAAAAAAAAAAAAAAA\r\nAAAAAAeB7\/y3Lr4nL0c3k9WrDPCMZZAgUAAQAEBASWCWEIJYQglhCCWCBJYJYICBAQEAAQUAACAF\r\nQH2u\/Rv\/AEn47Vr2a9254ZmWndol+Lp+Y\/XgAAAQAEAlEKsoAgLAgECgiyqCUFsFsFSgBB9F63k+\r\nt+h\/MY45Yd\/OzwzNmzXm5\/F6N2n81+wqXG6lKgoKgqC2CpRYKCpS3GluNLYMkGSUtxpbjS3GlsGS\r\nC3GlSiwVBUFgCFgCAFsGWeGVbejm3nf918D9p34+kPV5gAAAAAAAAAAAAAAAAAAAAAAAAAAAAAAA\r\nAAAAAAAAAAAAAAAAAAAAAAAAAAAAAAAAAAAAAHxn2PwvDvxc+\/n8vowwyxJLIAAAASwSwEEsEsEQ\r\nSwksEsIQSwhBLBAgIQSwQEsAIABYKQqAAQCvtOg\/RfkdWvZr65Z4Zrnz9GXPfwY\/N\/rAAAAIACAA\r\nABQQQABYEAWUAoKCgWCwAPofX870v0H5nDDPD0eZnhku3PX0Tn8Lq3aPzf7C2MaqUqUAqCoKCoKC\r\npSpSpSoMkpUpbjS3GluNMkGSDJBbBbjSpQlABCoACCoLcaZZY2tu7RtOz635D6Xrz+mHs8gAAAAA\r\nAAAAAAAAAAAAAAAAAAAAAAAAAAAAAAAAAAAAAAAAAAAAAAAAAAAAAAAAAAAAAAAHP8P9j8X5vTza\r\nN2jz9sJcRLIAAAAiwSwSwSwhBLBEEsIQSwhBLBEBBLBAgICASwAAAAAAQAP2r1PD+h1PO0enr3jh\r\n3dGcTzfV8HO\/x0ZoAACWACWAAAAAAgACwIAsFBUospUoAAB+kfZ\/CfoGpwaPUw3jzNndlZo6zG\/w\r\nnmsxpYKCgAqCoKCoKCoLYLYLYLcaW40tgtgtgyQZIMkpUGSC2CoKgpCoACBYLYMssMjZt07a6ve+\r\nf9fefuB7vEAAAAAAAAAAAAAAAAAAAAAAAAAAAAAAAAAAAAAAAAAAAAAAAAAAAAAAAAAAAAAAAAAA\r\nAAB5PyP1Hyvk9XNq2auPXHGyICUAAAEBASwhBLBAksIQQJLBAhBAhAQEEsEsBAAQqCgAAASwA\/Tv\r\ntfxv9jrXq3aSZ6ab\/j\/p\/wAoPBEAAAJYAJYAAAAAIAAgAABUosososoAAB9d+pfhH7ZXVq26jG4Q\r\n6PP6vgj4WxFBUoBUFQVKAVBQVBbBbBUpUpUGSDJBklKlKlLcaW40qDJBUoBUFQAECwW40yuOVZ7d\r\nWw6fQ83tr9Eurb9DwggAAAAAAAAAAAAAAAAAAAAAAAAAAAAAAAAAAAAAAAAAAAAAAAAAAAAAAAAA\r\nAAAAAAAAAAHz3zH0Hz3i9nPrz1894yyIAAAAQAgECSwQJLCEECSwRBLBAksECEBACAQBCwAKlAAA\r\nEsAH0Hzw\/Vu\/8aV+weV+aD2\/EIAAAASwAAiwAAAAiwAAgAAKACgtgoAAHoefD9L9j8cV+x8H5WPq\r\n\/lsbACyiwVBUoAAsFSgFSiwW40qUqC2C2C2C3GluNLcaW40txpUpUGSCoKlACCoKgtxplccjPZq2\r\nV0dnD2V+gdPD3e7xBrIAAAAAAAAAAAAAAAAAAAAAAAAAAAAAAAAAAAAAAAAAAAAAAAAAAAAAAAAA\r\nAAAAAAAAAAHynge34fh9ujVs141jLIEKlAAEsBACSwRBLCEECSwRBLCEEsIQEEsEsEsBABAAAAAo\r\nAIACAAAAAAAAEAAEogAAAEAAQAAAoAKCgoAAEogAAKBYKAACoKgqCgWCpRYKlKgtgqUqDJBkgyQW\r\nwWwWwWwVBkgtgqCoKgqBYLcaXLGmezXnW\/r4+o+89Hy\/U9\/iDWQAAAAAAAAAAAAAAAAAAAAAAAAA\r\nAAAAAAAAAAAAAAAAAAAAAAAAAAAAAAAAAAAAAAAAAAPj\/D9zwvD7dGGevGpLIQKgoBABLBLCEEsI\r\nQSwkCSwRBLBEEsEsICAgIBAQAAAAAFlAIBLAAAAAAAAACAASiAAAAiiAEAAAFACgoKAABLAAABZQ\r\nACpQAAABYKlAFgqUqCgqC2C3GlSlSlSlQZIMkFuNKlKgqCpQAACpS5Y0zz17K3dXJ1H3Xq+X6nv8\r\nQayAAAAAAAAAAAAAAAAAAAAAAAAAAAAAAAAAAAAAAAAAAAAAAAAAAAAAAAAAAAAAAAAAAAB8j8\/9\r\nF874fZp17NfPeJAACoABAQSwQJLBEECSwhBLCEEsIQEEsEsEsEsAIAAAgoAFgAAAgAAAAAAAAIog\r\nAAEogAEogAIAACgAoKCgASwAFIAAUAAAWABYKgoAAKgoKgqUWCpSpSoLYLcaW40qDJBbjS3EZIKg\r\nyQVBUFQZIMrjkZ568639PL1H33pef6Hv8QayAAAAAAAAAAAAAAAAAAAAAAAAAAAAAAAAAAAAAAAA\r\nAAAAAAAAAAAAAAAAAAAAAAAAAAAB8v8AM\/W\/I+L16cM8OXTGWAAAACAgQgiCWCIIElgiCWEIJYIE\r\nIAQgAgJYAARRFAAAAAACUQAAAAAAAAAgAAAgAAJRAARRKACgKAUAAEAAAAsFAAAAAAABUFSgAFQV\r\nKAVBbBUpUFsFuNKgtxpbjSoMkFuIyQVBbjSoLYMrjkZ569hu6eXrr9G6sM\/oeELAAAAAAAAAAAAA\r\nAAAAAAAAAAAAAAAAAAAAAAAAAAAAAAAAAAAAAAAAAAAAAAAAAAAAAAAPG+K\/Qfz\/AMnq58M9fDri\r\nBAAAELAQJLBEEsEQRBLCEEBEBBLBLBASwEAEsAAAJQAAAAAAASiKAJQgAAAAAEogAEoiiLABLAAA\r\nUlABQAoAAJQgBSKIUIKlAAAAAAAAFgqCoKACoLYKgtxpUFsFSlQW40qDJjSoLcaVBkxpUGSDLLGm\r\nezXsN\/f5\/van3o+h4QAAAAAAAAAAAAAAAAAAAAAAAAAAAAAAAAAAAAAAAAAAAAAAAAAAAAAAAAAA\r\nAAAAAAAAAAMfzf8ASvhfP38TXt1eb0YyyIBYABCxAQRAQRBARBEBBLBAgICAgEBLACLAAAAAAUii\r\nKIAAAAAAAAACKIsAAAIoiiASiKIAAAUigAUAAAAASgBKJQAlAAAAAAAAAAAABYKgqUAqCpSoKlKg\r\ntxpUFSlQW4jJBbiMkGVxpllhkbNmvYb\/AKz5T77tz9sezyAAAAAAAAAAAAAAAAAAAAAAAAAAAAAA\r\nAAAAAAAAAAAAAAAAAAAAAAAAAAAAAAAAAAAAAAAPmvpeDG\/zvTv0+H2YY5YwgEFQWIWIWIECIICI\r\nCCICCWCAlglgBARYARRAAAAAAAAAAAARQlEURRCkUQAAAAEURRFEBFEURRFEURRKAApFACURRFEU\r\nRRFEWABRAAAAAAAAAAAAAAAAVBUFAsFQWwVBUGSCoMkFQZIMrjTLPXmbN2ncdX6j8H+g+rzh6OAA\r\nAAAAAAAAAAAAAAAAAAAAAAAAAAAAAAAAAAAAAAAAAAAAAAAAAAAAAAAAAAAAAAAAAAAAH555f23x\r\nXh9mnHLHnuICCpCoLILICBELEEBAQICAgIsEogEogIoiiLACKIolAAAAACKIoiiKIoiiKIoiiKIA\r\nBKIoiiKIoiiKIBMoSgURRFEURRFEURRFEURRFEKRYAAAAAARRFEURRAAAAAAAAAAALBUFSiwVBUG\r\nSCoMkGVxpnnr2Gzo0ejX2X0WGfv8QayAAAAAAAAAAAAAAAAAAAAAAAAAAAAAAAAAAAAAAAAAAAAA\r\nAAAAAAAAAAAAAAAAAAAAAAAABr\/OP0vwePX4LXv0eP1TG4liFSGUgrEVIVAQICAgIAEBFgBAJRFE\r\nUQEURRFEURRFEURRFEURRFEURYAAAARRFEURRFEURRFEURRFEUYsoShKpFEURRCkURRFEURYAJRF\r\nEURRFEURRFEURYJQlEURRFgABFEURRAAAAACFQVBUFQUCwVBkgyyxyMtmG03fbfM\/p\/fjmPX5gAA\r\nAAAAAAAAAAAAAAAAAAAAAAAAAAAAAAAAAAAAAAAAAAAAAAAAAAAAAAAAAAAAAAAAAAAAEo\/P\/C\/V\r\nfzjx+rzcc8OPWRAgqQqCxCoBCwCAQASwAAiiKIBKIoiiFIAAUgAAAIoiiKIoiiKIoiiKIoiiKIoi\r\niALBLSLABKJQSiKIoiiKIoiiKIoiiKIoiiKIoiwKIsBSTKEURRFEURRFEAlEURRFgBFEWACURRAA\r\nJYAACFQVBUosFspllMzLp1fbaz6\/tnv8YWAAAAAAAAAAAAAAAAAAAAAAAAAAAAAAAAAAAAAAAAAA\r\nAAAAAAAAAAAAAAAAAAAAAAAAAAAAAAPN9JL+Vcf6f+eeP1+fNmvluSwRCoKgEKgsAAgAAAiwAAAS\r\niKIogCiAAAAAASgABKIolBKIoiiUIoiiKIsCiKIoiwAAAAAAAAAAAAAASgBKIoiiKIsBSKIAABKI\r\noiiLAACKIsAEoiiAiiASiASwAEAAAAKUZMy7Z9XqY\/oMy9vkDeAAAAAAAAAAAAAAAAAAAAAAAAAA\r\nAAAAAAAAAAAAAAAAAAAAAAAAAAAAAAAAAAAAAAAAAAAAAAAAHF2pfzTyP1\/4vy+j5DHo1cO2uZYi\r\nWAhUAABBUFAQVAAAAAAAIVBUFQWAAAAAAAAAAAAAAASgACWFAIVAsFQAAAVBYFgAAAAAAAAAAAAA\r\nASgIChBYAAAAhQQAACUQAEAAlgIAJYAQAEURQqjK7DHo7f0Lpjxvsa9nlDWQAAAAAAAAAAAAAAAA\r\nAAAAAAAAAAAAAAAAAAAAAAAAAAAAAAAAAAAAAAAAAAAAAAAAAAAAAAAAAAAAPL+I\/S5z6fjmH6R8\r\nj5fR4eO7DnvWyhCAhUFQVBUFQLBUAAhlIKgqCoKgqCwKgqCwAFgsQpCoKgykFAQVBUFQVKCFQVBU\r\nFQVBUFQVBUFQVBUFQVBUFQVBUFQVAAAAAIVBSFQVBUFQVBUFgAAAEFQLAIVBYAhYAgAlgAgAAGVM\r\nbnma8+r6vWfk\/s\/qOz08New78QAAAAAAAAAAAAAAAAAAAAAAAAAAAAAAAAAAAAAAAAAAAAAAAAAA\r\nAAAAAAAAAAAAAAAAAAAAAAAAAAAAAAPG+Y\/QHPp+P6P2H5\/h1\/O59P4fLrxzbjm62UIsIsBCkKgq\r\nCoFgqQpCoKlBCoKgqCoKgqCoKgqCoKgsCoLAAWCoKgAAXEZQACCpQQqCoKgqCoKgqCoKgqCoKgqC\r\noKgqCoKgqCoKgsBYLAEKAQqCoKgsAAABAAIKgAAiiLTFmMLsyNV3+pZ42z7T6Prz\/PPqPsXblz9B\r\n25ggAAAAAAAAAAAAAAAAAAAAAAAAAAAAAAAAAAAAAAAAAAAAAAAAAAAAAAAAAAAAAAAAAAAAAAAA\r\nAAAAAAAAAAADDMeL432bnv8ANvJ\/X5jf4xj+uedz3+Z4\/fedjfyU97jzrzZ04ZulthqbIYM4Yshg\r\nzhiyGLKEURRFGLIRYJRFEUJRFEURRFEURRFEURRFEURRCkURRFEUQpFEURRAFgURYFgURYCkWBRC\r\nkmUBSSgCKJQTKEURRFEWmKiKIyhFEURaYshjMxgzGMzGDOmDMa2ymttGpuyNDt7bPGv03o7z8Tf0\r\nb0dZ\/LPS\/Ut3TH597H1LeOLtOmAsAAAAAAAAAAAAAAAAAAAAAAAAAAAAAAAAAAAAAAAAAAAAAAAA\r\nAAAAAAAAAAAAAAAAAAAAAAAAAAAAAAAAAAAAAAAAAAAAAw5uxL5HP76X5fn+wZvw+j79NfnWn9LR\r\n+Xav1ZL+S6\/15L+O4fssPxifs8l\/GZ+zYn42\/YZH4\/P1+L+Qv13E\/JH61D8mfrCPyefrEPyh+rQ\/\r\nKn6rD8rfqkPyx+pj8sfqRfy1+pQ\/Ln6iPy5+oj8ufqA\/L36gPy9+oD8vfqA\/L5+oj8vfp4\/L7+no\r\n\/L7+nj8wfp6vy+\/p4\/MJ+oD8vfqCPy9+oD8vv6ePy9+oD8wfp6vy9+oI\/L36gPzB+nq\/MJ+oD8wf\r\np6Py9+oD8vfqCvzB+n0\/Lr+oD8vn6iPy6\/qA\/L36iPy6fqQ\/Ln6iPy5+pD8tfqVT8sfqY\/LH6pT8\r\nqfqtPyl+rU\/KH6xT8mv6zT8lfrdr8jfrw\/IX7Bkn47f2PKvxq\/suR+NZ\/sdT8e2frqvybb+qLPzD\r\nf+kK\/Pdv3pPiun6xqfN9PtrPN697WZSwAAAAAAAAAAAAAAAAAAAAAAAAAAAAAAAAAAAAAAAAAAAA\r\nAAAAAAAAAAAAAAAAAAAAAAAAAAAAAAAAAAAAAAAAAAAAAAAAAAAAAAAAAAAAAAAAAAAAAAAAAAAA\r\nAAAAAAAAAAAAAAAAAAAAAAAAAAAAAAAAAAAAAAAAAAAAAAAAAAAAAAAAAAAAAAAAAAAAAAAAAAAA\r\nAAAAAAAAAAAAAAAAAAAAAAAAAAAAAAAAAAAAAAAAAAAAAAAAAAAAAAAAAAAAAAAAAAAAAAAAAAAA\r\nAAAAAAAAAAAAAAAAAAAAAAAAAAAAAAAAAAAAAAAAAAAAAAAAAAAAAAAAAAAAAAAAAAAAAAAAAAAA\r\nAAAAAAAAAAAAAAAAAAAAAAAAAAAAAAAAAAAAAAAAAAAAAAAAAAAAAAAAAAAAAAAAAAAAAAAAAAAA\r\nAAAAAAAAAAAAAAAAAAAAAAAAAAAAAAAAAAAAAAAAAAAAAAAAAAAAAAAAAAAAAAAAAAAAAAAAAAAA\r\nAAAAAAAAAAAAAAAAAAAAAAAAAAAAAAAAAAAAAAAAAAAAAAAAAAAAAAAAAAAAAAAAAAAAAAAAAAAA\r\nAAAAAAAAAAAAAAAAAAAAAAAAAAAAAAAAAAAAAAAAAAAAAAAAAAAAAAAAAAAAAAAAAAAAAAAAAAAA\r\nAAAAAAAAAAAAAAAAAAAAAAAAAAAAAAAAAAAAAAAAAAAAAAAAAAAAAAAAAAAAAAAAAAAAAAAAAAAA\r\nAAAAAAAAAAAAAAAAAAAAAAAAAAAAAAAAAAAAAAAAAAAAAAAAAAAAAAAAAAAAAAAAAAAAAAAAAAAA\r\nAAAAAAAAAAAAAAAAAAAAAAAAAAAAAAAAAAAAAAAAAAAAAAAAAAAAAAAAAAAAAAAAAAAAAAAAAAAA\r\nAAAAAAAAAAAAAAAAAAAAAAAAAAAAAAAAAAAAAAAAAAAAAAAAAAAAAAAAAAAAAAAAAAAAAAAAAAAA\r\nAAAAAAAAAAAAAAAAAAAAAAAAAAAAAAAAAAAAAAAAAAAAAAAAAAAAAAAAAAAAAAAAAAAAAAAAAAAA\r\nAAAAAAAAAAAAAAAAAAAAAAAAAAAAAAAAAAAAAAAAAAAAAAAAAAAAAAAAAAAAAAAAAAAAAAAAAAAA\r\nAAAAAAAAAAAAAAAAAAAAAAAAAAAAAAAAAAAAAAAAAAAAAAAAAAAAAAAAAAAAAAAAAAAAAAAAAAAA\r\nAAAAAAAAAAAAAAAAAAAAAAAAAAAAAAAAAAAAAAAAAAAAAAAAAAAAAAAAAAAAAAAAAAAAAAAAAAAA\r\nAAAAAAAAAAAAAAAAAAAAAAAAAAAAAAAAAAAAAAAAAAAAAAAAAAAAAAAAAAAAAAAAAAAAAAAAAAAA\r\nAAAAAAAAAAAAAAAAAAAAAAAAAAAAAAAAAAAAAAAAAAAAAAAAAAAAAAAAAAAAAAAAAAAAAAAAAAAA\r\nAAAAAAAAAAAAAAAAAAAAAAAAAAAAAAAAAAAAAAAAAAAAAAAAAAAAAAAAAAAAAAAAAAAAAAAAAAAA\r\nAAAAAAAAAAAAAAAAAAAAAAAAAAAAAAAAAAAAAAAAAAAAAAAAAAAAAAAAAAAAAAAAAAAAAAAAAAAA\r\nAAAAAAAAAAAAAAAAAAAAAAAAAAAAAAAAAAAAAAAAAAAAAAAAAAAAAAAAAAAAAAAAAAAAAAAAAAAA\r\nAAAAAAAAAAAAAAAAAAAAAAAAAAAAAAAAAAAAAAAAAAAAAAAAAAAAAAAAAAAAAAAAAAAAAAAAAAAA\r\nAAAAAAAAAAAAAAAAAAAAAAAAAAAAAAAAAAAAAAAAAAAAAAAAAAAAAAAAAAAAAAAAAAAAAAAAAAAA\r\nAAAAAAAAAAAAAAAAAAAAAAAAAAAAAAAAAAAAAAAAAAAAAAAAAAAAAAAAAAAAAAAAAAAAAAAAAAAA\r\nAAAAAAAAAAAAAAAAAAAAAAAAAAAAAAAAAAAAAAAAAAAAAAAAAAAAAAAAAAAAAAAAAAAAAAAAAAAA\r\nAAAAAAAAAAAAAAAAAAAAAAAAAAAAAAAAAAAAAAAAAAAAAAAAAAAAAAAAAAAAAAAAAAAAAAAAAAAA\r\nAAAAAAAAAAAAAAAAAAAAAAAAAAAAAAAAAAAAAAAAAAAAAAAAAAAAAAAAAAAAAAAAAAAAAAAAAAAA\r\nAAAAAAAAAAAAAAAAAAAAAAAAAAAAAAAAAAAAAAAAAAAAAAAAAAAAAAAAAAAAAAAAAAAAAAAAAAAA\r\nAAAAAAAAAAAAAAAAAAAAAAAAAAAAAAAAAAAAAAAAAAAAAAAAAAAAAAAAAAAAAAAAAAAAAAAAAAAA\r\nAAAAAAAAAAAAAAAAAAAAAAAAAAAAAAAAAAAAAAAAAAAAAAAAAAAAAAAAAAAAAAAAAAAAAAAAAAAA\r\nAAAAAAAAAAAAAAAAAAAAAAAAAAAAAAAAAAAAAAAAAAAAAAAAAAAAAAAAAAAAAAAAAAAAAAAAAAAA\r\nAAAAAAAAAAAAAAAAAAAAAAAAAAAAAAAAAAAAAAAAAAAAAAAAAAAAAAAAAAAAAAAAAAAAAAAAAAAA\r\nAAAAAAAAAAAAAAAAAAAAAAAAAAAAAAAAAAAAAAAAAAAAAAAAAAAAAAAAAAAAAAAAAAAAAAAAAAAA\r\nAAAAAAAAAAAAAAAAAAAAAAAAAAAAAAAAAAAAAAAAAAAAAAAAAAAAAAAAAAAAAAAAAAAAAAAAAAAA\r\nAAAAAAAAAAAAAAAAAAAAAAAAAAAAAAAAAAAAAAAAAAAAAAD\/2gAIAQIAAQUA\/wDwQrkkcyBzoCuw\r\ne45xic6BzYCnF\/J9yih34IeQO\/JjuTY23u2blGXrnCtyopyQr00LIYr8WK5F\/JVyUR34od+THOT7\r\nSL4o3JcUuyUmhXpoWQhXIy+Rzkokr6RK7KXcLUv4+3U5RI32RnGXyJlcjElfkxtvuUHSHco3ZRI3\r\noy+QsrkYk70pd146d1jclEhejL5AtqKneb7sh+592hdlAhcU\/H1y6okpOT7lVFUcSOI4mUbOJnEc\r\nSKoqu5p0IXj18dN0Ll6vb+hxI4irPMoUKFCm5QoUOE4TzKs4jiR5Mp20LjgRkpLxvKSirlxz7XiR\r\nxM82UKFO50OEo0cTOJdrGTi7dxTXjWUlFTm5vsnJI4mylShTvdChxNHEmU7JNp27in40lJRU5uT7\r\nFySG2ynwKh5oUinYp0Ldzj8ZNpK5NyfYOSQ22U+DUKNCkmU7BOjtzU14v9C7c4uw9ByqU+FNCbiK\r\nj7CMnFxkpLxddmPfboOr+HUE69hbnwvxbOXCpOu+5UPX4g0J17CzPxY3QuTq95unxNoTrvxdCEuJ\r\neKrshuu83Q9fijQnXftz4X4pbopyrvydX8V9HvItS4l4ouyG670nT4xF037cuF+J26KTrv8Aq\/i7\r\nK1W6i1KsfE16XlLem\/jS8nuotSpLxNOVXvPzfxlla7yZF8S8SXJUi96Tovjcd5FmXiW86t+u7J1f\r\nxv034ukvEknV7vp8dYvTeg6x8RXHSL9N2Xp8dj67qLEvLxFfkPel69woU+Gej3UW3wy8RTfFJ73r\r\n2qVRQFBFFtohwTJRa7olUUCi20OFDgUa7Vi9N626x8QXHSP67r9OzSqKBTsGqj8u5xVF2DiNU7SO\r\n9+lmXn4gvPz\/AE3Z9nGNRKnZNjdX3FidV2TjTs167q9Iuj8QTdW\/Tdl69jGNeyqOaHJvuik4immJ\r\n9lJU7L9d1CLbrHw9N0i\/R7z9ewSqJU33NIdwcm+8U2KUkK4KafYNUfYPeR+th+Xh686IfbwW65JD\r\nmNt9\/oKqFcYpJ7s12UfTd\/W06S8PXnWX67r9OxhsqOaQ5N\/BaCk0KaZXZL07GPpvVo06rw7J1l+u\r\n7L07FOhxsbb3UmzlsdtjTXeqVFBnLHFrcoJtHEyteyj67v6MtOsfDk3SP670u4RjUSptaqSVH3de\r\nZGNNyUadwj67v6P0sPy8OXXSKP03ZevbxVFuTVV3e2t1qq7deu6j9LD8\/Dl9i9P03ZevbL13Zej9\r\ne6sgvLdl5Ptv13UL0tOkvDl9\/u\/R7z9e2j67r9H691\/WPpuz9e2e8vVEX5rz8OXHWVap7z9e2h67\r\nr9Jevdf1j6bs\/XtnvI\/VMg6x8NN0U51cfa979e2h67lSXo\/Xu0fTdn69uvTcR+qkWJVj4ayb1dkf\r\na\/XukfXaxebk+zSbOFjTXZwflL1TruS9e3Xpu\/q\/W1dcGmmvDF2fBFuuyPo\/XusXVbJCVCb7JKuy\r\nuyUadiy2xqqiqbW6KvcF6br9ZeqMadV4YypVlsj6P17rGVBOu2Uh+b7Zqj7BOhGddrdCUq9xXpuv\r\n1l6lqXDLwxdlxS2RHvLuKdDjY5t9nH13Zdl6Cm0cxjbfcl6brJ+oi1Lih4WfknsQvgsd6Xp35em6\r\nyfqIxn\/H4Wl7XsQvgsfTdl6d+Xpusn67MX2eF5KjEL13v177Heff16brJ+uzHVLfhfIjwzF6r13n\r\n699TpvevwV+lz1EquMeGPhfKhWIvVeu9L178nQqVK\/AXvP0uepjQ4p+GGqq5HhkvX9d6Xr8Ap8BX\r\nrvP0ueqLEFCHhm6qtKkv13p+vgGPrvP0u+sI0Lft8Mz9eGr\/AF3p+Aoeu8\/SUaste3wzL1Xr+u9P\r\n08Aw9d79Hste3wwx+q9V670vReAYb79Hss+3ww\/R+q9V67z9F4Bh6b36PZZ9vhh+j9V6\/rvLwFH0\r\n3n6PZZ9vhiXo\/Vev67yJeT7yvN8pHKRyjlM5cjlyOVI5TOUzlHKRJUfwF+j2Wfb4Yl6P1Xr+u8if\r\nr3pSaFdZzUcyJzInHE5kTmROah3WOTfe4+be+\/R7LHt8MS9H6r1\/XfuLwBD1e+\/R7LHt8MS9H6o\/\r\nXfl6fH7a7Bj2WPb4Yl7X6o\/Xffp8fh6b7HssenhiXtez9ewfx5C9N9j2WPTwxL2vZ+vYS+PIXpvs\r\neyx6eGJej2fr2D+PJC7Bj2WPb4Yl6P1P17Fr44j0F6b7Hsse3ww\/R+p+vYSQ\/jiQlV9gx+pZ9vhh\r\n+j9R+vYtUGvjS2JUXYMfqWfb4Yfo\/Ufq+xkq7H8ZSIrsmP1LPt8MMfqP1fZSVB\/GEhKvZsfqWfb4\r\nZfqP1fZtUGviyQl2jH6ln2+GZeo\/V+vZeo0NfFEhI9O0fq\/Ute3wzP1GP17OlRoa+I0KCR6dq\/V+\r\npa9vhmfuGP17Voa+HUKCQkPy7Z+r9S37fDNz3DH69s0NfDKFBIURtLt\/1fqQ9vhm77hj9eyUanCi\r\niKDQ0NfCqFBIUStCpVFIjihprs\/1fqiHt8M3fcMfr2KiKDZymcscRoaGhop8GoUKCRSg3UUGxWWx\r\nY48dkrMkUaH2X6v1RH2+Gb3uGP134xciFgjZSOFIaGhoaGig0OJT4FTZQoJCQ\/I9SKIRIoSFE4Ey\r\ndiMi5jUJW5R7H9WL1Xp4Zv8AuGP137FvigopDGMYxoaGPY0UKfAaFBISHKh6iIkCIhC2OKZcsD9d\r\n\/wDUXqvDV\/3D9H67+Mv4WMbHtaGhj20GvgFBIoeg5V2oiiCEITEyu2Xrv\/qR9fDV\/wBR+j9d\/HlS\r\ny5jkV3Ghokh7nqNd8oUEhISG0j12oSIoihbKnGcwVxCmmP13\/wBSHu8NX9j9H2FqT4ExbKFCg0NE\r\nkPea71Takeg5V3URRCIkU2MdRs4mjmtD7D9S37vDV\/Z+j7C17VEUShQoUKDRND36DXe\/QbrvIgvO\r\nMfKhQoUHEcCUGhofYfqWvd4av+h+j7DHhWCiU20KFBouIfYNd7brvotKrSKFNlChQcaly15PsP1L\r\nPu8NX\/afo+wxvpb1ChdXlLsX3hDfYIx1V07B+j7D9Sx7vDV72n6PsMeVLdewuKsZdi+7rY+wRiKu\r\n+2cRzPJ9h+pY9fDV32n6PsLHsSEihQoUKbGqqa4X2L+AIxYcNsoUKDQ0NDRP0fYfqWPXw1c9p+j7\r\nDHX7EhIUShQoUKbMuFJdi\/gFuDnJKi3KDQ0NE15PsP1LHhuXtZ+j7DGX7IxFEoUKFChQoX4ccOxf\r\nwDBt1e+0SiTXl2H6lj08NP0fr+j30qu1b4YpUKbtChQoZEOC52D7suxXmWbfLh2FCcS7Hgm9\/wDU\r\ns+3w3L1\/R7+Jb47iVOxoUM23WG+x92XY4Vrjudk1UzbVB7\/6lr2+G5+79Hv4tnlQ7KhOCkpRcZbz\r\nH3ddhiWuXb7O7bVyMouLe6j9S37fDd33fo91GJa5lztKGfa4ZbjfeULfxrXNudrnWvN736kPb4bv\r\ne79HuoxbXKt9rkW+Zb2172txIaezT7dIdrOCuRnFxb3EfqvWPp4bv+79Hu4tvmXO3yrfLu7H3xPY\r\nhLZwcTtwVuHbZ9uknuI\/Vevhy+vP9HuI0+FI9vqFusdjH5d9SFsw7fFc7fKhx2nuI\/WCrLw5fXl+\r\nj3EYseGz292HMg1R7Gq98ihC2Ydvht9vSpJUe1H62lWXhyceKLVB7iIR4Y9wzbfBd2yjU9O8xiIW\r\ny3BzklRdwyI8N3aj9bEaeHr6o3uLuWXa5lvccUxwa7sotkY02rZg2u5Zn1tqIKsvTw9f9XuLueXZ\r\n5U91xTHbHFruCTYrbFBLetW3clGKiu45f1tqLfv8PX15PcRYnx2u43rSuwnBwlvuKY7cR2jls4WU\r\ne5RnCzgkK2K2hRS7BGLY5Ue5Xp8c9qLKrPw9ckmpeu1GBOse5ZWPzF21O3xMevc8mfBae4i3JRE6\r\n+HG0iVxvZL12oxrvLudzy8avfMXG5j7nn3at7i2Rk4kZqXhqUlFSk5bZeu1CMW7zLfc8nFr3rFxX\r\ncEkl3Kc1CM5uctxbakLlfDEpKKbbe2W6jHvOzNNNdzycXjGqd3xsRyPTumdkcct1eu5buV8LSkoq\r\nUnJ7j3alTEyuX3XIxldUoOD7mlUxsPh7rmZfBvretz4vCs5cT7XDy+Hut6zG6rtmVp9xhCU3j4sb\r\nXdcvL5a9e1ToRlxLwldl3DFzOA9e3VyDe5OEZq\/jStdws2JXnZsxsrcc4xE0+3yszgG69vCXC\/CM\r\nnwpuvccbKdoi1JdnduK1G9kTvMxMqUZbnqZGJ22PiO4RioLczMlwG6lu7O28e+r8ezqZWZXuVqVV\r\n4Quy8+5WMiVl2rsbsey1Gb4ttqXHb3b+LG4Tg4PsUm3j4XDv3ZcctmDNxvdlOcYLIy5Xe5xlR+vg\r\n9uibr3S3clblj5Ub3ZZ7re22FS1vXbMbqu2ZWnv27crksfGjZW8yXk9mO6XexvZELKvXp3n3S1Kq\r\n8HXpd29CxnNEZKS38x1v7bXlDflFSV\/EcN6xjSvO3ajaj2Fz3bLTpPfboX85IlJyfdbcqS8HTdX3\r\ne1enZdjKhe38r622Ht7G9iRmTtStsjCU3YwaCSS7G779kPKW7UvZELSvZM73eEQfFHwZN0i+9Wc2\r\ndstX4Xd3J+ttj6dk0mf17TIxjHtL31Ni9dy5ehbV3OlIbbfebL8G3mPvabRazpxLWRbu7cj6uxC9\r\nO8X\/AKmxbKly9C2ruc2Sk5PvcHSXgy46y776FrNuQLWXauF\/6uxeveb\/ANXbcybdtXc2chtt99RB\r\n1j4Kk6J\/BF695yPq\/A0WX5eCrzon8ERbz4SIXIz7tKcYq5nW4lyXHL4JadJeCrz\/AHfBFsTaIZl2\r\nBDUIshft3O3qTvQgTz4Inm3ZEpOTH8Fi6PwVN1fwRb0Mi5bIahJEM21IjOMuwckieZagT1Bk8m7P\r\n4Wi26x8ESdIv4KuxTaI5V2BHUJojqFtn96yS1C2iWoSZLLvSHJy+HIsvy8EXnSL8S2XSXgi8\/PxL\r\nB0fgi66y8Soi6rwPJ1fwJ6e2v\/n3T\/59wjp9O9RwXcg9Pun\/AM+6R06RJUl8CtOsfA03SL+Bw9uy\r\nXp3nG+jtue\/4FYfl4GuukfgcPbsl7e8430dtz3\/ArL8\/A19+XwO1JShsuSUY95xZJ2djdCfnL4Fa\r\ndJeBr78\/gabRzriHduMq33pNoV64jn3BzlL4JB0fga97vE68D3fd8Fr4CRH08C3Pd4nRD2+Bbnu8\r\nUQ9vgW57vFEPb4Fu+\/xQvJeBb6\/d4niqvwNfXl4nsqsvA1xcUfE9heXge5Hhl4lXmRjwrwPehxLx\r\nLYhV+CbtvhfiOEXNxSivBLSauW3B+IYxcnCCgvBbSZcsteIIW3MjBRXg6dqMiVqUfDkYSkQsJeE5\r\nWoyJWGhxcfCyTZGzJkbMUenhd24sdhDsSHamhxa8GJNitzYrEhY6FaghJLw\/RM4InKgcmByInIif\r\n10f1z+uf1z+uz+uz+uz+uz+vI\/ryORI5EjkSORI5EjkSORI5EjkSORI5EjkSORI5EjkSORI5EjkS\r\nORI5EjkSORI5EjkSORI5EjkSORI5EjkSORI5EjkSORI5EjkSORI5EjkSORI5EjkSP68j+vI\/ryP6\r\n7P67P67P67P65\/XP65\/XR\/XiciJyYHKgcuIkl\/8Aidf\/2gAIAQMAAQUA\/wDwQqi2cuRypjtyW4oS\r\nZypnLkcMl8n1FsVqTFYFZiKEUUS3bsKotQ4nuuEWO1FjsodmQ4SXyVUWxWZMVmKFGK7SSo4Kkeya\r\nTHaix2WOEl8jlFsjZYrcV3C4v39u4xZKyShKPyJjblIjaiilO5TX7+5StxkStNfIWNuUiNqMe40K\r\nFNnBxCKFChTuEoKRK018gUmyFpLtaFChQoUKFCg0Q9iRQoUKFChQoUKFOzlbUiUHHx9C05Cio9lQ\r\noUKFN2jOBnAzgOGIpJDjFnAcDOCRR7tChQoUKdj6k7XjtKpC1TsaFCm4k2cDOBHDFFYo4ziZxFSu\r\n5UqcTONnGVTKRZwI4GNNbaFChQp2E7akSi4vxvGLk4QUexpuKDZwJH7UORxFe5VKimziTOGLHBj8\r\ntlChQpvuKkpwcfG0YuTjFRW9TcUGxQiiqQ5Fe9VOIUzhixwkiuyhQpvNVJ2+HxpGLk4xUV2KttiS\r\niORX4BUUiqkO2V2UKb3qXLfD4ySbcIqK7CMGxUiNlfgqdCqkODRUoU3mqk4cL8X+pbhwrfSbFBRG\r\nyvwlSoNKY047Gt6SUlKLi\/F1qHYRi5HlFN\/DVKo48OxrenHiXp4ttx4nvxjxFafEIyoSjTY1vXYe\r\nLEquEeFb0Y8Tfl8Si6ElTY91k48L8VWY76VX5JfE4sa4Wx7tyPEvFKVWlRbi2RXCviq\/chj3bseF\r\n+KLUd+Eatv4siSqh7s48S8TpVaVN1CVSlF8Xi6DVGx7t2NJeJrMfPdRbQ\/jL80PduxrHxNCPCtxb\r\nKUXxmLGqN70lwvxJbjWW6iCq38bl5pj3b0fEtlUW4tkVSPxteex7slVeJIqi3EJVb+OIkqNj3Zqk\r\nvEVtVluotrzfx2XmmPdvLxHZjuoRFUj8dXmh7s1xR8RRVFuLY\/LtW0h3Eh3GOTZUqKTRG60Rkpd0\r\nboO4OTZUqcTFcYriE0+1XrJUb3ripLxBajWW6iCrJ9m2kSuDbfYRbT9V3FInKr36imJp9pMY929G\r\nq8QWVRbqLfZymojk32SVSlF3FEo0fYp0Izr2cvax7slVeIIqi3UQ8o9jOXCm69hQUaitMjFR7miU\r\nFMdqSHFooU7CEq9l6oe9cVJeHoKst1bF5LsG6KTq9yhQVtsVoUIru9SpUcIsdlDtSRTeToJ1XYR9\r\nX5D3ry8P2V57qEPsbr8ttCMGxWkhJLv1So0pDspkrcolNy2+xRP1e9cVY+HrSpHdRFeb7G6igkRt\r\ntigl8EqVHCMiVpooUILz7GYx7zVH4dXkt1Fv17FpM5aEkt1ySHeQryYmn3r0HdijnIUlLbUqNKQ4\r\nRKJdlL0Y966qS8OQVZbyLfcJy4U229kZOJCXEu7+hcnxPYnQhPi7hL2se9eXn4ctKst1CIenb3JV\r\nluWZUb7skXZUW5F0fbv2j3ry\/b4csreQiPt7Zui3Yev6d1RddXuxdY9t+g964qx8OWlSO6tkfb20\r\n\/bux9Y+ndf0n67tv29stj3mPy8OQXlJUe4ti9O2ue3dj6x9vdf0n67tr29svVj3mqE1SXhpKrhCh\r\nd924tn6dtc9u7D1Xp3RbJ+u7a9vbIl6velAvxpLw1jWaCLnv3FsfbtVW1D9La7X1Kdii6vNDW5BU\r\nj2yJer3l5q9aU000\/DFqHHKKpsue7cWx9wuR4XsQ3Utx832KQ0UGhOo12CLsT0b2xXE+3RL1e9H0\r\nkqmTbo\/DGJDyWyfu3FsfcJx4lKLjsSqQtsXkuwS20GuyRSpO3Qaa2KLZCHCu3RL1e9D2l6HFHwxZ\r\njwxEqufu3FsfcaJnLiKEUV7JbjGtj7H1HbTOVEol3FEvV70fYSRdjwz8LLzcdkPV+u4tj76hbjHs\r\nfY1Kle5Il6vet\/TGZKpc8LR90dkR7q2Pvq2LcoPvyJer3rT\/AIxmV7\/C8HVCdB7q2fp3xC9FuUJe\r\nnfUP1e9af7BmQ63PC+PPigP03VsXt76t6T78tjHu2faSdFOXFLwvizpJMfpurZH29+T2UPJEpj78\r\nhD3rPtMqfDDwwm07c+KMvTdWyHt7\/U4hv4B+g96z7WZE3Ofhm1LhTf7d1bLft8Ay9o96z7bsy57v\r\nDMfSM6LdWy34Cn7R70Z8MS77vDK31st+5+AbvtH2F33eGF2C2Q9z8AIu7H2F73eGF6762Lyk\/ACL\r\nvuH2F73eGF6762MfgBE3WfY3vd4Yj69iyLrF95flHns55z0c+JzoHOgc6Bz4nPR\/YP7DIvij3lFa\r\nvsb3r4Yj69iy06xfeU6EoxkOxFjx2ciZyZnJmcmZyZnIYrERQjEr3qTpFdle9fDEfXsWWWP4\/ddI\r\nrsr3r4Yj69lbdJv48i+xdle9fDEfd2SdJD+Oouusl2V718MR93ZP1Xmn8en5yXZXvXwxH3dkyDGP\r\n45Il7uyvevhiPr2TI+Wx\/HJMl69le9fDEfXsmeomP42z1cnWXZXvXwwvXsmWpVS8vjjZJ8KXZ3vd\r\n4YXr2TE6NOqQ\/jL2XJVa7O97vDC9eyey1KnxtlyVELs73u8MLs3thLiS+MMk6KTqxdne93iaL4XG\r\nVV8XbJyq9i7O77vDK9O1hPhE6\/FajZOe4uzu+7wyvTtoToJ\/E6jZOe6uzu+7wzH07eE6CfxGo2Tn\r\nvLs7nu8Mw9vcIToJ\/D6jZKe+uzue7wzD29xjNxIyr8NqORKde5z93hm37e1qVK7YycSE0xP4U2OR\r\nKVdlTiRxoUk+3l7vDNr29kxyoOZxCYtxOhC4J\/B6jZKVBuuxjY2ORxtEb7RG6pCde0l6+GbXt7K5\r\nPhbk2IQhb0ZtEZJ\/BKjY2SnuMkSGMbFccS1kJi7N+vhmz7eyvN8yIhdim0QuJifwGo2SlQcq7rJD\r\nGhoaJFaC9Oxfhuz6dlcjWagU7SNxojJPv9RslPeY2NjOE4B2yVknaaF2UvTw1Z9Oya89tSpXYt9S\r\ncSE1LvrY3QlKu+2NldiEIohwT7Oft8NWOzfq2ORUqVKlRMW\/6ELlRd7lKg3XfZJjZUqcQpCmRkn2\r\nk\/b4as+vZTlRuRXbUqVExdjCde9SdBuvYS9JSGypUqVKinQhd7O57fDVn3dld929UTIvsYuji+8M\r\nm+xuOkWypXeT8+yu+3w1Z93ZXF+6m5UqVKkH59jbfku7MY3V9hkOiqVK7EISOCpy+zve3w1a93ZT\r\n9WxsqVKlSpUToJ1XYWxd2Y+yyZ1nU4jiFIUhMTEyPZ3vTw1b93ZXH5tjY5HEVKiYmVLUqrsLfou7\r\nvsZyUIuVW5HEcRxCmRmRlUTIvs7\/AIbh7uyuvzlKg5nEcQmJiYmJluVJdhD0Xd2S8nv5tyibGxsq\r\ncRxCmQuEJ1IPz7K96+Gl69lduecp1OIqVExMTExMTLcuKO\/FC7sxlxee\/fucybY2NlSpxHEKRC5Q\r\ntXKkHxR7G97vDa7G\/PghcuVbkVKiYmJiYmJiZjz896Cq0hd4uKq3sy7y7bY2NjZUqVKnEKRbu0MW\r\n4pLsbvu8Nx9Owy7\/ABScipUqJiYmJiYmJkJ8LTqt2EaJC7uxokqPdzLvMuNjY2NlSpUqVKikYuRw\r\nSTTXYXPd4bh7d\/Ku8q3KdXUqVKiYmJiYmJiYmYtzijuQjUSELu72TjVbmRd5VtsbGxse\/UjKhp1\/\r\njj2E\/d4bt+3fzsjmXGyu2pUqJiYmVExMx7nBMoKJG3US72xk4VHEps1G7WTY2Nj7CmzFvu1OMlJb\r\n8vXw3a9u9lXeVak6veqVKlSomJiZjS5lvZB+dCne6E3QextJXbjuTbGx9kxM0u9x2\/Edn03tVu07\r\nKpUqVKiZp13z2JkXVd7ZKVXszrnBaY2Nj7TTLvBf3peS8OWXv6lPiv8AZVKlSomY93l3E67Yy4Wv\r\nPvdyddzULvHdbGx9rblwyTqt246R8OQlwy3sifHd7SpUqJmDe5tnbCfCJp95uXNy7cVuE5OTbG+2\r\nRjS4rO7el4esusd2fu7apU0+\/wAq7uRk4kbql3aU1Encct3Ur3k2Nj7ZGD9vuSdF6+HrPpu3Pf29\r\nSpg5HPtbsbkoivinF9wckh3kh3ZMru3bitQu3Hck2Pt0jDVLG5P2+HrL893Ot8u\/3CpjZEse5Ccb\r\nkd9SaFekhXxXos44sqnuVSOOKHdih3kO9Ic5Psc7K5smxvt6EY1dqHLhuXXSPh63B13dWt+fctPz\r\neS+1qVZXts\/M4U2N9tQoJGDa4727ci5JqnhxJtwtqO\/l2edaao+5adnU75m5isqUm232tNlBISNO\r\ns8Md6UVInBx8NRi5OMVFdhqFjl3e54Go071mZqsqUnJ9vQoJFm07koxUV2E7dPDEIOTSSXY5NhX7\r\nc4OEu54Oo8Ammu7ZmerZKTbr2lChQoUEiMTDx+XHsrlunhaMXJxiors87D5yaafc8LPljuE43I9z\r\nboZmoVG+2oUKCQkKJiYte1uQ4fCsI8K7XOwuYNU7pi5dzGlj5FvIj3Gc4245edK8N9nTZQoUKFBI\r\nUTFxeLtmqk48L8JWo9wzMFXSUXF9pQo2OxdS3LV6dmWJnQyV29\/IhYjkZM78m9yNm5NODi6FChQo\r\nUKFChQoUEhRMbEr3CceJeEYx4mlTuOXhxvqduUHTsqFmxK9OxjW7CM7Bjci0U2ptPC1Pi7bKzo2S\r\n5clclXbQ0\/CjJehctQurKxXYlQoUKFChQoUEhIjGpj4vD3K7Gj8IWo0XcsjGhfV\/HnZk12FBI022\r\nlDbkW+C60NbmHqMrBbuRuR7FtJZeoVG67lCEKu3FQjszYKdlooUKFChQoJCiW7bm7OPG33OS4k\/L\r\nwfFVaVO6TtxuRysKVkaKb6MFUs7cpVuuI0NDW3Gy7mNLHyreRHfuXY2o5WbK+N7iRGJbjQXpsvqt\r\npooUKFChQSFEtWJXHbtRtrul2NH4Osx7vkYEZk7coOhTcQjEVLO28qzlEcRoaGttu5K3LD1GN7ey\r\nMqFhXr870m9tBIUSMSKIe3Zc9jKFChQoKJGDZaxRJJd1uR4o+DoLhj3e7ZheWRhztDiU3EYv0dtz\r\nzk0NDiOI0NFNuLqcrRavW7yJTjBZGokpNt7aCQkRRFCRD27JeaeyhQSFEtWJTLdmNvvM1wy8GW1W\r\nXer2HbuF7FnaHEpsRjfR2yfmxoaHEaGhoptjKUXHOyESuTuOu2hQSEhISEhFv2bGUKFBRLdmUy3j\r\nRiUp3q8vBtld8aqXcGEy7i3LY4lDH+ltb867KDQ0OI0NDRQoJC3KCQkJCQkLZa9m2gokLMplvFSE\r\nku+TVY+DIKke\/XcS3cLmFcgWVS3tqJldrQ0OI4jRQoJCRQoUKCQkJC3LP09sMeUiGNGIvLv81SXg\r\nqKq\/gj21KldrQ4jiOJQoUKFBISEhIQttCz9P4JeXn4Ksrz+CzwZInalAptruNDRQoUKFChQSKFCg\r\nkRtuRDFkyMeFfBLqrHwVaVI\/Bmqk8W1MngMnj3IFN6hQoUKFBISFEjZnIhiMjjwiJJfB2qrwVFUX\r\nwqdmEyeDBk8O5ElalEoUKFChQUSNtshiTZHDiiNmEfhlxUl4Iiqy+HUqSsW5EsKDHgyP6UyOFIjh\r\nxRGxbiJJfD7y8\/BFlVl4luqsfBFleXiWSqvBFtUj4mkqPwOlRfAv\/qxjJapZY9UsoeqqT7zc1FWr\r\ni1Oyx6nZRPVraIvij8CuqkvA0FWXwO79VDLfv7zm\/XQxlv2fAry8\/A1pfu+B3fqoZb9\/ec366GMt\r\n+z4FeX7fA1lfBL8JRuoZYhKdzvOdFq+hlG3BUj8CuKsfA1n0+BtJnJtnKtoSS700mOzbZyLQoRj8\r\nEkqrwNa9vyut+3xRL18Cw9viifu8Cw9viifu8C2\/b4ol7vAtr2+KH6+BbL\/b4nk6LwNZfn4nuukf\r\nA0HSXie8\/PwPCXFHxNJ8T8D2pcL8S3ZUXgm3PiXiOUlFNuT8EptOE1LxFKSipzcn4LToQup+IJzU\r\nSUnJ+Do3HEjcjLw5KSiSut+E43JRI3kxST8LNpDuxRK7Jnr4XVySFeYr0RXIs4k\/BlUh3Iod6I7w\r\n7smN18P1aOORzJHNkc6Rzmc5nPOec856OcjnI5yOcjnROdE50TnROdE50TnROdE50TnROdE50TnR\r\nOdE50TnROdE50TnROdE50TnROdE50TnROdE50TnROdE50TnROdE50TnROdE50TnROdE50TnROdE5\r\n0TnROdE50TnI5yOcjnI5yOec855zmc5nOkc2RzZHHIq3\/wDidf\/aAAgBAQABBQD\/APgs+U4xLmp4\r\nton1Jp8CfV2DEn1njofWvn\/tJEetHXH6tw7rt3I3Y7uoazi6crvWtkXWk2f7SRDrSBDrDEZDqnAk\r\nW9cwbpbybV3\/AMQbubYsl7qbAtF7rTHiXes8iRd6n1C4XNVzbpJ3LgrQrQrIrRyhW0cpErRpesXd\r\nKuY2RDKt7equplpcbdyV+Vu2qK2jlo5Ryjk1HZOU0W8i\/aLeuZ9st9V5sC11myz1bhTLOtYV4hcj\r\nNf8Ahpf1DGxjI6twbRkdbTZe6n1C6Xc3KvnLbFZFaOGKOKCOZA50TnnPZzpnNmcyZzbhz5oV9F6F\r\nV0hqvIvbNTz4afj5edPNv4suFRvMV2ZzZnNmc6Yr8j+wz+wjnwZzIM\/YzgTHaHaIcdt29XzrJY6s\r\nzLZY6ysyMfX8G+QuRuL\/AMKm0jK13CxTI62sxL\/WGbdL+p5mScts4EjigjmI5kjimz95y2xWjkis\r\nitCsoVo5aOBHAcA7ZO0Nu0SvvHuYGVHMxz8j6ny4Y0TGVS3BUUEcCOBHLRyx2kco5Q7JyR2jhkji\r\nmjmTRzTmRZ+xjtpkJXLTsa\/n2Cx1jdiY\/VeHdLGXZyF\/4R38q1jrK6uwrBldZ5NwydRysw4UisTi\r\nZ+5nA2K0K0K0jligjhRRHkVSOJHGjjRzDmI5hzBXBXBfuL9vyy\/KP4\/zv7OAdX6g8\/VLMqmNJJRu\r\nJCuiunNOYcxHGjjOI4keRRHCjgRy0O0O0OycqhSSOKRxn7WR4oPG6gzsYxesosxdbw8oTr\/4O5Wf\r\nYw45nW1mDyuqM\/JLk53XRI8zgbFaFbFbFEotlTjOYcwd0d4d4d45xzjnjvnPOec8V8jeLVypcVY5\r\n6ofjLLcczMvrGsK67tyyy1colfFkCyBXxXznivCvCvHOFdFdFdFcOYcZXZRHAjljtIdkdqhSSOKh\r\n5Mx8\/JxTG6vybZhdS4eUKSkv\/BaU1BZ3VeFimd1dmZJOcrrQoNitCtighJIqjiQ7hzR3R3h3h3h3\r\nx3x3x3h3x3znHOOcc45xzjnEbxG6Y93zjKsdTdDoXK5GudaZP9bR7JaFOhzRXRXhXhXhXhXhXxXx\r\nXxXxXhXxXxXhXhXhXRXBXBTOIqNJnAh2x2h2hxkhmHqWThvD6woYmp42Yv8AwSztXxcBZ3W7kZmp\r\n5Oa0hQbFbFASRVIc0cwd0d0d4d4d4d8d4d4d4d4d0d05o7pzTmnMOYcw5hzDmCuEbhj3fOzd8tVk\r\naHk\/19U\/J+RytKs+tpeUnQ4zjFcFcOYK6c0V0V0V0V4V4V4V4V4V4V4V4V4V4V4V0V0VwUziRUom\r\nOFR2iVocWhNxeF1JmYphdV4t8t3Y3Y\/+Buoa1i6ctS6vycolJzdGyMBQKUOJIcx3B3R3R3h3h3h3\r\nh3R3R3R3R3TmDuHMOYcZxnGcZxnGcZxHEcQpkZlq7R2L\/lqVyopuFz8pZauY9j1tL9sypU4jiOI4\r\njjOM4zjFcFcFcFdFdFdFdFeFeFeFeI3hXhXhXhXhXRXBTKlKjgO2StDi0YeoZGDLT+rbVwtXYXY\/\r\n+BOo63i6ctT6uyMklNzajUUBFRzoO6O6O8SvDukro7o7o7g7g7g5jmcZxnGcRxHEcRUqVKlSpxFS\r\npUUiEy3eoZtypL163ynftWPW2v23B7alSpUqcRxHEcRxHGKZxiuCuCuCuiuivCvEbxG8K8RvEbxG\r\n8RuiuCkVGqkrZK0ODRh5+Rgy0\/q63cLV6F6P\/gLqWsY2mx1Pq\/JyCV2U2oiiLyHIdwd0d0d0ldHd\r\nHcHcHcHMczjHIcjiKnEVKlSpXZUqV7BCZGZkzquhMXHzNa\/Jul4GLpGP7oe24NDRTsalSpU4jiOI\r\n4hTFMVwVwV0V0V4jeI3iN4jeI3iN0jcFMUqlKjgmStErZi51\/Blp3VsLhbuRux\/8Ab16FiOsdYF7\r\nJnekkJFaDmO4SukrpK6O4O4O4OY5jmORxFSpUqVKlexoUKFCmyhQoIrQvs6XyHjap+Ss+V3T8b3Q\r\nf7ZjGihQoUKFCnYV2VKnEcQpCmKYrhG4RukbpG8Rvkb5G8QvEbpGYpHqOKZK2St0NP1bI06Wma\/j\r\n56+f+rdR4+nrUtcyNQl6iRUcx3CV0ldJXB3B3BzHIchyGypUqVKlewpsoUKFChQoUKFNxl40O3Ke\r\nd11GVzEx15wl5SY3toU2UKFChQptoU36lTiFIUhTFcI3BXSN4jeIXyF4heI3SNwUj1HCpK0OLgaX\r\n1RdxzFy7WXD595mfZwoaz1fdySU5TaWxyHMlcHcJXBzHMchyHI4ipUqV36FCmyhQoU36lTiOI40c\r\nZxlu3cvGJ0fqecaF0V\/8xZmhLKtap0RlYkrtq\/jPnnORzUcw40cRxFSpXcoUKFChQoUKFNypUTFI\r\nUxTFcI3CN0heIXiF8heIXakZikUqSt1JWjGyr2FPS+p7WSJpr58a11HZ06Ofqd7Ons4hyJTJXBzH\r\nMcxyHIcipUqV3qFOxqVOI4zjOYQU7ha0jPvlrpLVrpa6A1S4Y\/4yy5lv8WwLP4wwYlj8e6XaMfpT\r\nAsFrS7dsjixiKwh46J4UJF\/Q7F4yOjMG8X\/xzgXC7+MMVl38XxRe\/GeTEvfj\/UrZd6R1W0XdE1Gy\r\nXLd201dFdRzEcaOIqV3KDRQoUKFCm2pUUhSFMUyNwjdIXiF4heLd4hdIzqJ1HGpO3UlbaNI6gu4D\r\nxcu1lw+es5xtrXur1Eu3pXZIqOQ5jmSmOY5DkOQ2VKlSu\/QoU3Gyo5nGcwsYWTkljpLVbxjfjnOu\r\nmN+MbRjfjjToGP0bgWCzotm0RwIIjiRQsdCso5SOWjgOE4ThKFDhOE4TgQ7aOUh2UPGiyWHBj0+2\r\ny7o1mZk9JYV8yfxzp1wyPxdYZk\/jTKtmR0Zqtgv6VnY45uLV0VxCmcW5QoUKFChTcTFIUhTI3CF0\r\nheLd8t3yF4hcqRnU9SUKk7Rg6he0+5pWtWdRj888\/UbOn29d6nvai267KjkSmOY5jkOQ5DZUqV3q\r\nbKbalTiHMcyzYvZDxej9UyTE\/Gt6ZifjfBtmH0lhYxb0yESOFFEbCQrSFbFBHCcJQoUKdtQoUOE4\r\nTgOAdtDspksSDLmmWpmX0zi5Kzfxxg3jL\/GEomX0JqeOZOnZmGK6K6KdTiK7KbKFChQpsqVExSIz\r\nI3CF0heLd4t3y3dIXKidRxJ2iLnZlo\/U0b56\/PHWNes6ZDVNWvajcrXY2OQ5EpDkOQ5DZUqV3KFC\r\nhTZUqOQ5DmWrV2+8Lo7U8swfxrFmD0Jp+MWNIt2lbwoxI2EhWkK2KAolChTvtChwjgO2OymTxIyL\r\n+k2rqz+iMHLM\/wDGNlmf0HqGKZGHk4bV0VwUxOuyhTZQaKbaiYpEZkbhC6W7xbvFu8QuilUpUlbq\r\nTt0NG6iuYjsX4ZEPndr3UMNOhm5s8qexyHIciUxyGxsbKlexqcQ5jnQxNPys54H4+y75p\/49wbBi\r\naJZx1bw4xI2EhWxQFE4SnwihQcRwHaTLmJGRkaNaurUvx\/hZZqX42vWTM0POwWrrQrqFMrsoUKDR\r\nQpsTFIUiMyF0t3i1eLd4t3SM6nqThUuWzSNYuafPFy7eXb+dnUPUcMGOVlzyJlRschyJSHIchsbK\r\n9i2OQ5mLhZGbLTfx9k5BpnQeDimPpcLSt4sYkbSQoCiKJT4hQoOA7ZPHUjI0u1dNV6Gw801P8a3L\r\nRm6Nm6e43SN2opVEyhQaKFNqYpEZkLhbulu8Wr5bukJ1E6koVLlo0zVLunXMLNt5tv51dRdTxxVk\r\nZMr0tjY5DkSkNjY2V3KbjY5DkVcnpvR+oZ5pX49xbBiaRbsRt4sYkbSQoCiJFPi9BxJW6k8dSMrS\r\nLV9av+PcXLNT6DzcMu27uNKN1CnUT2NDRQptTIyITIXS3eLV4tXi3cqJ1JRqXLRp+o3dOuafqFrP\r\nt\/Oduh1H1HGzC\/fd2WxsbJSHIchsb3KblRyHIx8e7lT0roDKyTSOkcTTyzhKJCwkRgKIkU+O0HEl\r\naTLuJGa1XpTGz46z+N52Xm6dladKN0jcE67KFChTYmKRGZbuFu6WrxavFu5UUqko1LlowM65g3NN\r\n1O3nw+c3UWuRtRy8qV+WxsbHIchsbHv1GxyLNm7kz0b8f3b5pmg2MGFrEUSFpIUBIp4DcRwqXMdS\r\nWoaDZy467+OFXO03K06UbpGdStdjWxooIUiMi3cLV0tXizeLdypGVSSqXLZhZdzFuadqEM6185Nd\r\n1iOLDUM135bGxslIbHIbHvtjkQjO7LRegb2SaV09j4ELWKokbdBREvBFBwqXLCkaloGPmR178buB\r\nlYeRgTjcqKW2m4mRkQuFu6WbxZvFu5Ui6k4lyFDS9Snh3cTKhl2\/nFqupRwreralLIm3XYxskxyG\r\nxsrvMciUjRelMvVnofSmNpkbOMoqFugoiXgxocKlywpGs9M4+oQ17oLIwW3K1KM6ldlBopsTIyIX\r\nC3dLN4s3S3cE6k4VJwcXomrSw527kbkfnBnZkcS3rmryvylLiexskyTJMbHvNjkYuLezbnTnQlvH\r\nMbBjbULKRGIl4QaJQTL+HC6upOhsfUY6voOVo04XailXY0NDWxMjIhMtXCzdLN0tzqLzLkKkk4PQ\r\ndZ5DTr838nJhjW9e1aVxXJub2NjZJkmNld5slI0LpbJ1d6J07j6bbtWFEjESEvCbVSdtM1PRbWZD\r\nqboG9gyUpQlGddjQ1tTIyLc6Fq4WbpZvFudT1LsCEuXLQNX8\/m63Q1vU1kTz8p357GxslIbGx7zY\r\n22+meh5XniYMbahbSFES8LuNTIxY3V1d0HbzVlYt7AuxnUXmUGh7EyMi3MtXCzdLN0hKo1UuwLMm\r\nzQtTWbZ+bmu6g7UdWzEPz2MkyTJMbHvSkWLF3LudL9FQwzHxVbUY0EvDTVS5aUl1N0hY1W3rOh5G\r\ni3oXKiexramRkW7hZuli6WblSLqTjUmuF4ObLEuY9+ORb+bWblRxLWq50oq9cdyWxskyTGx7zZiY\r\nl7Pu9LdK2tKt2bKioxEvDsoJmt6DZ1G11J03f0K9CdROo0NbKiZCRamWbhYuludT1LsKlqfLl0\/q\r\nP9afzZbotX1BX56hlu\/PY2SZJkmPdqN0MLCvaje6Y6XtaVatWlFRj4glGprOi2tQtdT9L3tCvQnU\r\nrXYxiIyISLUyxdLF0hKpJVLsaFifGtD1JZlr5sa3n8C1jNSG6sZJkmSY3vSdDGxrubd6X6Zt6VZt\r\nWlFRQvEMo1NY0i1n2upunbuhZEJ1K7HsRCRamWbhYulm4RdScajrCWHmSxp42RHIt\/NbNyo4trJz\r\nHKOTdd2aQxskyTGx7snQipXZdHdKrTbdq0oqK8SSjU6g0KzqljXNFvaHkwlXY9qZCRamWbhYulqd\r\nT1L0KmJcVentRlj3Pmt1BlvKva1lpvYyTJMkx7rZOR0N0tyY2LKiox8TShU6p6atavj5uFd03Ii9\r\nj2xZCRZuFi4WbhCVSSqT\/ZKUm1pGcsyx81NSy1iWZ3+Xbv3OZJDJMkyTGx7jJyodGdOy1O\/i46tx\r\njGgvEzJwUl1\/0itQtQbi1uJkZFuZZmWLhamequxqYdxJ6DmPCyPX5qa7lPMv61lqUtjZJkmSY9qG\r\nSZpOl3dXydH0u3g2IRoLxQ0ZFlXI\/kDpV6fehKuxj2RZBlmZYuFi4RlUkqkv2OUuOGi5qy7HzS1b\r\nMWJYuXeTZv3HckMkybJMb3WyTcn0T06tMx7cKCXipo1bTredZ13SLmiZkZDHsTIMtyLMyxMtTqLz\r\nLsamFdUZaNlvAyU6r5oN0Ws5TzsnWczjlsbJMmyTHuzlQ6F0B5+Rj2uBJeLJRquvumFquNGsWh7Y\r\nshIszLEyzMgySqS\/ZKUuZb0PN\/s2PmhrWasWzzuXj37jnIZJkmSY91swsO5qGRoelW9Px4Rp4tZk\r\nWlOP5B6eem5UJVGPYiLLUizMsXC1I9S7E0+8oy0jLeDkxkpL5nN0OocyWXka3ejDbIkyTJMe42Tk\r\nfjrQv22oUF4uaqdU6LHVcO7YniXUPbFkGWpFiZZmQkTVRPgllOq0DM\/sWPmdqmSsaxiT5l7Ovc24\r\nhkmTZJj2rY2aVp0tUy9MwoYtqKp4wuw4l+S9A\/q34SqMexMiy3IszLEy3IfmrqMT+e105m8m78zu\r\nq89IyH\/UxJOrJEmTZJj3Gycj8daHy7VuNPGLNf0q3qWNlYssHIHtiyDLMixMsyIsuKqw7rt3Lv8A\r\nx8jTshZFj5mX7qs28mf\/ANDM1nJd24lskybJMbHuSZpWny1PL03EjjWoqnjK5HiX5O0TkXoSqMex\r\nMgy1IszLMyEqkiX7ZXXz8bpjNr8zepMzk2cV8qxfnxyQybJsmxj2smz8baP+23Ci8ZNVOptJhqWJ\r\ncszxroxiIststSLMi1LZcRpt1V069LCyLVxXI\/Mpui6iy5ZN\/WbsbMfXZJk2TZJj3GzFxp5l\/Q9P\r\nhg48VTxpehxL8j6N\/RzYsY9kWQZakWZlmZF1JotT5c873aBl86z8ytWyv61jDfOyM+87twZNk2SY\r\n2Pckz8eaW8rMsw4UvGkkdd6N\/wDS0+29j2Igy3IsyLMi3IZcVHjf8mx07m8q6vP5ldV53mn\/AF8G\r\nTqyTJsmyTHuMmzojSv6GBFeNWZdrmQ6m016XqSHtiy2y1IsyLUheZcRp13l3Z\/8AFy9NyVkWPmRe\r\nucuGsXpZV\/W5qAtkibJsbHuSZ01pv\/09QxLXBBLxtJVX5S0fitQdRj2Igy3IsyLMiDJluXBPUlxR\r\n6Xyqr5ka9kcnHwFz83UrvMuIZNk2TY92TPxnplIW40XjZnUenRz8SdqWPc9R7ERZbZZkWZFtjJ+T\r\nS5+H0\/k8q6nVfMfqzLoaauVi3ZcckSJsmyTHuNji5vprTVgYkfG7L8OOPXem\/wBDU0x7ERZbZakW\r\nZFqWy4jSbi4sZyx72Be51j5jSlwrqTL5tzO\/4uL67JMmybJMe5JnSGnf39SxocMV44kqr8n6Vz8O\r\nD2PYiDLUizItSIsmYdzguamuDI6byeZa+Y2qXuTjyj\/czNav8y5FDJsmybJD3JM\/Gem8Nq3Gi8cM\r\n1vCjl492zLGuj2Igy2yzIsyIMkV4ZZq52L0xlcFz5jdU5XLt6Ov35c+ZcQybLjJsbHuTOlNP\/o4M\r\nV46vx4o9b4P9LVUMYiLLbLUizItvZcRp\/wDyLOlZHKuY9xXbfzEbodU5nMuWV\/XwH5skybLjJMe4\r\nzQMH+\/qGHb4Yr4BUqVKnEVKlSpXwjJVX5T01u3F1GMREgy0yzItyEy4jS73Ku5EP6+XoOTzLPzEz\r\nr3JtapclkXtamrZEZNk2XGSHuSPxrp\/NyLSou+VKnETvwgT1TFgPXMNH\/wB3CI6vizIZVu4caOMU\r\nhSKlSvweu2VyMCepYtseuYKFruCQ1bDmQyLdwr39nWOnf39PgMexEGW2WpFpkWSLM+CerLiXTmXw\r\nidfmJ1DlcFvTY87N1O5x3Uhk2TZNjY9yTPx7gf19OgqLvVTL1XFwzK60xrZf6zy7he1vMvkrsptM\r\nTQmKglQs6hk2DG6lyLZh6\/j5JG4mKQmJlfg2dq2NgLL60bL2vZ18ncncdChQaPNFnVMuwWOrM60Y\r\n3WttmJr+FliaffMy2pw1rE\/o549iIststSLTIMkS8nL+fB0TI4LmDd5lv5hTkoR6iynKOhrhjkS4\r\npokTZcZNktxlq079zR8ZY1hd5ycyzix1DrexaM3qjNyyV5yfMOYc6hz0f2ULKP7QssWWRykRvplV\r\nIwNWvYbws+3lQjMTE\/gl29CzHXOs3cbvub56R\/ZR\/ZP7AsgV4V040z1KHCcLRiavl4Rg9aNGFquN\r\nnLvN2NV+ScH+vqER7YkGWmWWQey4aV\/LbwrnBc0jJ\/f8wtZyOVZ6gu\/vw1ytPfmyRNlxkmS3GdHY\r\nf9zVMaFI93zdRx8GOq9dSkZOfdyZcw5g7o7w7w7475zjns55\/YYshkclkMssZdSxdUzGy54F3HvK\r\n5GEhMXwGpO4orrHqOWRdWRQeUf2mLJYshiyBZAskjkiyCOQmRvIjcTKpnDUdsXFB6b1XlYhp2vYu\r\noLu8lVfk\/A5uFD0e1EGWmWWW3suGjXeC7ehyMnDyOXGE1OPzB1bJ52VrF3juZi5GItky4ybJD3JH\r\n4xw+KdtUXdbt2FqOtdcxtmVn3cqbmOY5jmOY5DkORxDkORxHGcYrhG8WsihiZlCWSpR6XyXfxLbE\r\nL4DKVDWM3kWLk5XXcdB3DmCuMV05orwr4sgWQRySOUQyiGSQvJkZpnkx26jjKD0nqy9imFqFjOh3\r\nVnUuCs3DinFj2IgW2WmW2JkzBnw3NZjw5ONc4sXRcnnWfmBemrcFe5l\/Ireva7P98Rky4yZIe5I\/\r\nHmHyNOivLuTezV9bx9Jt631JkapNzbKnEVGxsbGxsbGyu8mRnQtXnEjltroqMlh20IXf6jZcnRa2\r\nnesWpVLyJFSpU4jiOM4xXBXRX6EMkhlFvLLeWW8lMhdTPJkrZj5N7DnofU1vPXdcuHFDXMb+pqG1\r\nES2y0y0yLJFqXDPV1x2tHfMj0vk+fzA1q\/yce1Phx9Nhzc3VLnHdiMmXGTZIe405PQsRYuMu6dSd\r\nTW9Ihm593MubWNjY2NjZUru0KHCcJwiVDBxrmZd0jBWJZjES+AMbLr8s1eeuYctPypT4lKI4DiUK\r\nbalSpxCmRukb1CGTQt5dC1llrJqQupjSkSi4vp3qh1Tr3S6qr8i4f9fU0PYiJBlplpkWSPR3\/wCX\r\nA0e9wXNOuf1syL4l8v8AqnK4Y5L5WHocaTyZcVxEiZcZNkh7WdPYv9vUsWFIrufU\/UcNHtZWVcyr\r\niRQY2NjY2NlSu7QoUKFEeQ5IwdNyNRn050xb0uFq3QSKfAGMuIzLVTVNPt5kM\/SMjT5K4mVTGhoo\r\nNDQ0NDHs4hSI3CN6hbyGi1llnLLWRU4lInCh0x1G4vucl5flTCraiPbEgy0y0yDGTMD+bGwZ8NzL\r\nly8rTb3OsfL5uh1JkO\/e12fC9OXKwm6yRIuMuMkSHtZ+O8Tn6lZVF3Fmuavb0nGz867n3owOEkSY\r\n2OQ2N71TiOI4jjOMx8PIynidHZ+Q9O6CxrZiYFrFhCFCKF8CZJF63UycWpdxWZvTWPfeT0xkWi\/h\r\nZOOcw4zjOIqV2NDRTapEZkLpbyKFjLLOTUjcUlNUOlNf\/uR7kzr\/AA\/7OmQfk9sSDLTLTIPZM0O5\r\nS5wuze1CsrPTWTx2\/l9mXeTZ4v7Gfq93ju3f4cCOyZcZcZIluM\/F+J\/HbVF3Blycbcep9clq+TC2\r\ncNCTJyJSHIb3XIcxzOI4jE0zLzDE6HzrxidA40DE6awcUt40YkLSRGNBIihfBGiUaly1Uu4yZPFq\r\nTwkXMGpk6JavGT0lYkZHSt+2X9NysccqHGKZxFdnCOJTYmRnQt3qFnJoWMmorikrGTPFuaPqcNTx\r\nu5azjrIx+Fwkx7EQZbZaZbYmTNOucFzWI8GW3zcHpjK4Z\/L7qHIVqxpb4r2XJ3LmtvgIjJsuMuMk\r\nPckfj7FdnTY+ncGdd6x\/Vx4QqcNCTJzJSHLbTY2OQ5CUpvC6V1DMMD8exRhdM4GGQsqKUBRFEURI\r\nSEhIXwVolGpO2StErQ7CJYyJ4pcwky5p6Zl6FavmX0jaZk9O5dguW52mpCkJlBxHEa2KVCF2hZv0\r\nLOQcyp0frP8ARyu5ZMeKOv439XUh7ERLbLTLbETMeXDc1uNTSHzYaNfdu5ZnzIfL3qzKrLT\/AOLD\r\nwIc\/M1e7zLsRky4y4yQ9ySqdP4qxcRdxbSXUOe9RzoRopOhcmTmOWyhQbHIbbNP6Yz880\/8AHtmB\r\nhaLi4KVsURRFEURREhISEhIQvgtBocRwHAcBwHAdolYqSxi5hpl3T0zJ0eF1ZnSVmRl9PZWOPitt\r\nTE6lBwHAaE6ELlCzeLd6qt3nGWh561DD7jcVV+QsX+vqo9iIkGWmW2RZIi6SzY83B0a9wXbi\/rZe\r\niX+bj\/LycuGPUGTzLl7+DB0Nfz5kuK4hlxlxlxkh7WaVY\/sZuJHhiu49Q5TxcBRrJ+RdmXLg\/Mps\r\nbHIxsS\/mT07oG\/eNO6YwdPFbSOEoUKFBIoJCQkJCXwpoaGhxHEcThHAcB2yVpMnjJk8NMvafFmbo\r\nlvIWb0lwmTg5GG43KiaZSpKA4HoQnQtXiN2p+Oc53LXcZ+n5UxqSTHtiQLbLbIsZL1sfy4OBPhua\r\nyqZPS2VxL5eare5WPqNzmXdcfCaKuGF51miRcLhMkPazoyxz9WsRou49bNrT0XLlC7cq2qlBscjT\r\n9FzNSel9AWoGJp9nEionCUKFChQoUKCRQSEL4XQaGihQoUOE4RxHAdslZTLmKmXcFMyNM4lqHS1m\r\n4ZejZWGRuikmONSVscWiE6ELh+Nrj\/u9xkfk\/G5mnw3EQLbLbIbJmk\/vtWJUnq64rPTeVy7qdV8u\r\n+qMngt2lzsjXZ8V3TVw4cnWRIuFwmSHtZ+NcbmZtpeXcepsN5eBKXCXpsqVKmmdKZ2oml9D4eIW7\r\nEbaUShQoU3qlSomIQvhtBooUKbKFChQcRwJWqk8dMvYSZf0xM1Hpy1fMzp7IxzicGpJjhUnBot1r\r\n+MtPaXcWdb4v9nS4em1EC2W2QeyZoM\/5OHguZy48DS73BdwbvNs\/LvqvIrc0mPHl6rPiu2P2aevN\r\nky4XGTHuM\/F2PS1bXl3GS4l1D0dd472jZkHZ6Y1G+8H8eXpmm9L4WnEbSRwlChQoUGtty\/btK7r2\r\nFba6gw5FvULV0V5MUxSFITE\/iM7kLau63hWmtfwWWcyzf2UKHCcI4ErdSVhMu4aZkaWpmdoELyy+\r\nlJRdzScuw1i3ZPQ+jMzUZ6Zp9rTsfuWrWlesSg7c9qIFtltkHsmaNPhu58OXlV49Px58M+nr3Msf\r\nLqTouoL3Hd0GNcjOlW5e\/jwY7JlwuEh7kj8cWeDTI+ncWSQyhQoU2UKFCgxmdqFnAhq\/5DlJ2bmb\r\nq07PRsrin0bftl3T9SwXgdT3rL07WbeUoXkyM6kZCZUT+GMysu3iw1nrpwLmRqeqyt9JZl5PomSW\r\nTo+Zpxp3W+fgvSOoMbVYLZQocI4jgSspk8VMeDFi0u2yxptqDtwUUhdyyo8UNas8jPHsREtlsg9k\r\nzTZUua0uHLwP5MWDo+lb1V8us25y7Oq3OO7oaosl1nqf7LMVsmXC4yQ9yR0Xj8nTF3JjQ1u02U2s\r\n1zXLOk2ta17I1W5F0LGdKy8Xqq5aVvrFmP1VYumTgYWqx4b2Dd0bV1lRtXakJkWJiK\/CmzU9Thg2\r\n9c167mT0rR8e3C91FjYxPq3ieJqlzMLelxvE+msW8tT6YyNJl0v1THUYooUKFChwnCKAoiQhdzvK\r\nses7PJ1cexESBbZBiZIwpcNzXo\/zaE+J+j6Vv8Nz5da5d5eNlz4rml\/sxJLjua66XIjJl0uEh7kv\r\nM0OxyMVdyYxopuUKbWZ+bDCs9Q6zc1TIptqcTI3WjT9VuY89MwrWp2s2xc0jKwMtZFu3MhIixMXw\r\nluhlZKtR6i1mWVcuZbdzI1i9di70pFq7R6bnu09M1VTVm+pJNTXU+jT06703rcNVx1uUKFBLYhC7\r\nnc81+SLXL1NbURIFsgIkY7pPW1W3oVzhu5cOXe6fvcF2Lqvlz1Re4bdx8UsdcvT8OPMydZnxXYjL\r\nhdLhIe5hWudk4caQ7oyhQpusZ+QdXbI4MmpYbROy4ko03Iuh0Pq0oT6qwVkY3S2a1K1ItyIsQvhE\r\nmXblF1TqXJs6jkOlSuyLoWLrRpua4vTc3jVu6mZtiOXY0DMloupW5Kce+y9PynYpeW5Egy2y2xEi\r\n26T1T9+HpM+G7rEOHL0u5wXMKfHZ+XPV1\/8Ad6u+uXg6PHiy9RlxXIjLhcLjJD3OnLXO1PGX7e6v\r\nfZk3VZt3k9Uz5YaSu4aMrGSL0aN7mlZTxr9iazcSxcen51t1VpkWIXwdsnIyrtF1TmO7kZjcpPai\r\n3Khi3eF6XmULGaqWspM6st8jL6ZzVl4ffZen5UtfwR3IkC2QIjF5SyP5NO0+XDc11f8AIw5cNzQ7\r\nvMx\/lw\/I6nv8d1Gq\/ss6HH+bLfFciSLhcJkh7nRNrmavYXl3xnVWV\/XwtAs\/xzRdiZsPLJVG9y3K\r\nj6Rzefi9S2eRm6Ve5+NaZAiL4M2Nl2XlmXfLUb3PyMyw4p7URZZlR4N\/hLOX5Wszz6nlzrX46zeO\r\nC76z8m2OPTY+m2JEtltkRj9bK5mDiypPW1xKy6S6XvcVr5cXpcENau8y7bjxPXpUnoypG66zRIuM\r\nuEyW7+OrXHqdpeXe2M6\/yXGxpdrl40y4jOXller3EdE5XDHq\/wA7\/S13jw7ZBkRC+CtkmX5eWo3e\r\nC3YXMu6va4Lb3EWmY06Fq8QvtGpXeOz+P8rlZi76zr+zzdKh6bURLZBkWMZpf77Fl0lqi4sVOj6S\r\nv\/u+XGqXOXj58+K5gQ47+sz4rumrhxX5yRIuFwmSHtZ+MLfFlW\/TvbGdf3OK9jw4bUyZnemV6vcR\r\n01kuzPqC9zl0dcrj2i2RF8FY2TZkS8tbucGNpceK91CqWtxEGWJFuZG6ZN2sOkb\/ACs5C74zq21z\r\nNOh6bURIFtkBkjQXWaXBPIXHp7OmL\/Bd+XHUd3gx774p6NGuVqMuK7jrl4C82TLpcJktxn4ttkPT\r\nvbGday4s+K\/bIuGd6ZXq93S7vLnm3+YujH\/HaZbEIXwRjJsyX5dQypiaMq3upPK1uIgWmQkKRel+\r\n3QJ8OZadYrvut2+Ziw8txESBbIPZI0S5w3c2PLybH8mBI0S7wXbMuOHy36sv0TdXokf5cp1uXFw4\r\nMPUmXS4yRLcZ+LoUxoene2M6tlxal\/6yLhn+mV6vdxZcLdziXRb\/AGWi2REL4Ixk2ZLOo\/s9Df8A\r\nN1Kv4txES2yEhSLsvLRXTLxXW0u+6hHitXI8FzaiJAtshskaXKlzWlw5mk\/yWWadc4bmmXOZj\/Lf\r\nqu9W5o2i5Gr3tR0nG0fT7\/ncy\/LEhsmXC4THuM\/Glrh06Pp3tjOqlTU\/\/WRcM\/0yvV7tp0dqVV0W\r\nv4rJbEIXwRkibMlnUCrh6K6X+pI1s7sSDIyFIuS8tF88vEVLK74zMVYalHgzNqIkC2Q2SNOdLmvK\r\nmX0lPhyuquiY5hZUrV3p27x4\/wAtpOiWhXtcycXFsabZ6lvcWPef78\/yx4bJlwuEx7jPx3Dh0uPp\r\n3xnV64dRT\/bIuGf6ZPq9qGiLLHp0bCmNZLYhfBpFwyTWoceLpUuG\/r0OKxQa3ERZGQpFyXloSrlY\r\n3lbXfcn2a\/Hg1IexESBAgIkYDpc1\/wC56cnw3rF\/iXUvSNnWDpyF3Gl8tlad4pDHhkZBrt3isz92\r\nqeVuGyZcLhIe5I6Bjw6VH074zrqHBl23W3IuGoemT6vbCNSaoItKkelbfBhWC2IXwRjJFwyDMhx2\r\n8aXKv6lHm43DRyjuITIyFInI6Yhx5dtUXfb\/ALep48Oq7URIECGyRhfU1\/62hSpcxcqhj3+IzMGN\r\n6Xy1Sq6KzHJvULtyprU\/4pectY8iAyZdLhMe5L06Hjw6Wu+MZ+QbBgT5mPIuGoGR6y2JVLcC8qKK\r\nq4Lz0ixyMawiAhdwoUKFO4sZIuGQXFU1K1\/Xy8a4r+Nft8F1x8pxo9qYpHEN1OhsfnZi79e9vVqp\r\nqw9iIkCBAQzEf8mvectGlSdm4YmRQs3eJZdjhfy0sR4I5F6hfu1JOprcv2pVlrf1IDJl0uEx7kjo\r\n2NNMXfWda4vNxNAu8ePMuGomR6vZajUSL7LEavTMd5ORajRWYkEIQu2oKNSNoVqJyYMeMmTtSgVK\r\nle1ZImZHpM6sxnaytEyDWLPKyC9HdqV2fjbDrdXfr3t60jw6vtREgQICJGN79c846VKk7EqwtXKG\r\nJkEJqav2uVL5ZW4ccr00lk3Schs12Za856263oDJl0uEx7k\/TpKPDpy76zVcZZWNpk\/6mXNFxGoR\r\nMnyb2WV5N0VyXE7MeGPR2Hx3bEaluJFCXcEqiYpCkcQpFal+xQqVKlezZImX15SOrMTnY2JkOzPW\r\nL8MiMJcSmqqSo921B3JdDaf\/AFsRd+ve3rpU1dbkSBAgIkWPKes+dnTXSeI62ouhYu0eLdqsmHMh\r\n8srMeCOTcoXp1bGa7L9+Mq3dYdbsBlwulwmPckdLqmnrvrGjq\/TZYORi5kcm1OaM6jWZSr2QuUUp\r\nOZGDcrVtzeiaesOxZt0IREhLtqlatMUjiFIUhSIyEzItcLEyvZskTLqqTVHftxuR1XDlg5F5tkeK\r\nA7vlJ13umdMlm5OHjRxbXfr3t68\/7ZbkSBAgIZZ9+reeLguk9PdbCISo8O9QszqX7fLn8sIR45Xp\r\nUWVcJvYzXJ\/zYCrkao63YDLhdLhIe5M6Y+wXfWM1vS1qNjNhf0m49ZuMu6nOanN3GrE2Qw7kjH0e\r\ncy7iW8W3G1R9MaLzJY9mitwIxEhdrUlIj5KpUTKikKRGQmTXGpKjELsmMkXEXo0ckdQ6Ss61KLg8\r\nGxbuxydFZcwLkG7E0OLW3ExZZM+jOn1hW13+76dfL\/8AbbkSBAgIZb92peeFiuktIlxY4mWLlHi3\r\narJjxw+WGMvPIlRX5VbGM1mfFf0xVyNRdbkBlwulwkPcmdM\/YrvzGjqHpuGox1PRLmLOUJQeDG25\r\nW1jpPJsWy5qdScp3nofTk8qWLhxtRt2yMaCQl2tRsj5tsbKlRMTEyLIsqZEfPYivYMYyRNF6FSao\r\nSRrvT0cpfyY0rGptKOZYuEv67NRhZOGpiabcvvpbpFRUIqKXf73t6+\/7VbkSJAiIZB\/uzvPAx3SW\r\ngy4sZCLboYdwj++LVPlhaXDDKmXWMZclwrUZ8V3SVXIznW5EZcLpcJD3JnTaphLvb2sY0ajo2PqC\r\n1Toe7F5HT9yw\/wD5sou3p02YnTmTkGmdJ2sd2sZQUbdBREhLtmyTLa8mNlSpUTEyLIsTLqrF7F2T\r\nGSRNE4ly2TiNGoaRYz1l9M5GOSx5wf8AVUiGlqT0\/pqd16R0vZxiEVFL4Be9Ov8A\/tVuIiQICGR9\r\ncnz0+y\/3dPXP40IizFnR2JVWRHhn8r5rgWXImxjMqVI5rrc0hfz5f1IjLhdLhIe5M6adcFd\/Y9lC\r\ndmMyem48iOBagLHSFbSFA4RIp21RsYlRMY3sqJiYmRYmepJU2Ls2MkicS5AnbJWx22ODJY3GR0e3\r\nJ4+j2ouxixgQhQQvgF706+lXVVuIiQICGL1ueen2vXQJ0gmIRYlR40vLKVV8rl5u+zKfnIezLf7s\r\nl1no6\/myvO5EkXC6TJD3JnSzrp8e\/vdoUKFCncWNkVVskMqVKlRMTIsTKl33C7NjQ0SiShUlaHZO\r\nSjkIjYRCyiFuhGNNi+A3vb1266qtxESBAQz9Y\/uwIeugv9tl1iIteuKzI87fyutqsr7Mp+cvUZlP\r\n9151lo\/1L\/nciSLhdJkt2Z0i66bHv7H3hjYy36skMeyomJiYmJiZd9dq7FlBoaHEcTgOAUBQIxEh\r\nfA77\/b1rKurLcREgQIj2Y\/nhwfnoDMb2CLTMVl3zt\/K6z773pk+stjMx0LhpKo7vviSLhdJkh7WT\r\nOjHXTI+nf33hsb2Wl5skMZUqVExMTExMuD2rs6DRQ4ThOEURREvgt\/29ZOurLcREgQEPZhfuxY+u\r\ngP8Afi+0RaMVkvO38rrTpO8jKXnLbqPkpml+ULnvRIuF0mS3ZnREq6ZH4uxj2W\/VkhjKlRMTExMU\r\nhMm9q7VooUKFCnwZmQ\/29XOurLcREgQEPZpnnZj66C\/5cdUgItmMSdLfyuTo75lImPZqa\/jmaX7J\r\n+9Ei4XSZLdkdAT4tLh8XYx7LfqyRIkNnEcQpCkKQpCZIe1dvQp8HZlOkepZ8eqLcREgQFt0r6UfX\r\nQfq2lSKEWjHLjpD5XydY5USaGM1GPFYueul\/Tn70SLhdJkt2R+OZ10yHxdj2xdGxkiRIqVFIUhSI\r\nyIsb2L4yzMf7dalx563ERIECO3SPOETp6PFfQhFpFguvy+V8HxQyoVLsR7M76F5UemfSn70SLhdJ\r\nkh7kj8aXK4Fv4ux7UyEuJMkSRJDHsTFIjItvYvjTM6VIZ8uPKW4iJAgR2M0b2R9eml\/OhESzGrso\r\nuv8Ad8r8d+d+NVfjRyQzN+hkeumfRl70SLhdJkt2R+MLlca38XY9yEqDdSRJEkSQxlRMgyCokJfG\r\nmak6W7suK6h7URIECIxmi+2Hr04v50Igiwix5DdflhGXC7yTMm2TVBmb9HKX7tN+jL3IkXC6TJD3\r\nJH4wueVp+XxVjHseypGdBupIkMY9kVUsWqCQkUKfGWa1c4LEXUQ9qIkCJHYzRCPr04v5UIgqllC\/\r\nbD5Y25ccMi3UvQo5Iy1\/FmKk9N+hL3IkXC6TJD3JH4zucOTZfl8TexjGPcqKdDiqMkNDiQsORasK\r\nIkJCRT41I6qu8vCti3ERIESI9mh+q9enV+9EUWoliFXNpv5Y258Er0UzJtlyJlL+PO9+m\/by9yJF\r\nwukyQ9yR+PLnBqNh+XxVjGNDGPbUqcNRWkyNpEY0KFChT43M64u8GnQFuIiQIkdjNB9y9enV+6KI\r\nItotR4I\/LPHyo3J37dS\/aoZMf2Z31NO+2fuRIuF0mS3ZHRFzl6rjvyXxVjGNDQ0UGigoiiKIoiXg\r\nCb8vyJd4dOgLcREgRI7GaB7l69OIiiCLMUzDy1lw+WevZ9zAzMHPs6pj37VTMtUhn\/U0\/wC2fuRI\r\nuF0mS3ZHS9zl6piOsY\/FnsaGihQ4ThKCQkJeAbj8vyVdpiwFuIiQIEdvT\/vXu6a81BFqPE+ptchi\r\nx6elXF+WfVsq3endduaPfjdt5VrULf8AHnfU0\/7V+5Ei4XSZLdZpN3k52DKsY\/GGihQoUKFCngO8\r\n\/L8l3vKO6iJAiRHs6f8Aqf8At0z6Q8zXtdjotm1dlcu9NOuN8s+q3W9E6Z6iel3NQUZY2d9TA+0\/\r\n9kSLhdJkt2RCfBc0m5x2oP4vQaKFChQoUKeA8h+X5Eu8eXHdREgRI7envqP39Mea1PVLWj2cvKuZ\r\nd3H9\/S0q4\/yz6olW\/HZoWsZNp5v1MH7P\/wBkSLhdJkt2RM6Yv87Dt\/HKbKeA2ZUqR62vczUoi3ER\r\nIESO3p5\/yv36VlywsbJy7uZcZY9\/Scq2fln1JKt6IzRvu836mF9n+qJFwukyW6yZ0Hf5unW\/kCzO\r\nlSPUtzmalEW4iJAiLb099WXvx\/sI7LTpLpCVbXyyZ1C63oDNG+7zPqYflh\/qiRcLhMlusmfji9XC\r\ntPyXyAkanPhhqNzmZcd1ESBEW3p\/60\/qYv2MdkPXo2VYfLKbpHXpVvQJGjfdZnvw\/sv\/AGRIuF0m\r\nSHuMkfjbIpGy6qL+QE2a9e5dhy45x3URIkRben\/rXfK5h+eFHZH16Nl8s7rpDWnW9EkaL91l\/UxP\r\nsv1RIuFwmS3WSPx\/f5eZjSqo\/IC6zrHJ5WHAW6iJAiLb0\/8AWvr+bC+yjsj69GSrL5ZX\/p6u63Yk\r\njRfusz6mJ9kvVEy4XSZLekdJ3uTqWFOsYPx+y9Ly\/IGRw4sBbqERIi29P\/Wvv+bE+yjsR0W\/5Pll\r\nkfT1b60SRo33eZ9TD+y\/9kSLhdJkh7sjSrvJzNNnxQtvwBXZXcqVKlSpUqV+JNmTKi\/IN+qgLdQi\r\nJEjt6f8Aq3fO5i+WDHYvXot\/yfLLI+nqv1YkjRfvM36mF9n\/AOyJFwukyQ92RGXBPQb3Ms22L4lU\r\nqVKlSpUqVKlSpUqVKlTiOI4jiOI4jiOIUhMT+IyZmTouuL3HlQFuoiRIi29PfVl77Hlgx2I6M+p8\r\nssn6Wq\/ViSNGf\/MzfqYX2f8A7IkXC6TJD3ZEzo7K5uLaZH4i2V2UKFChQpvVKlSpUqVKlSpUqJik\r\nJ\/EZvy1C5SPU1\/nZsRbqIkSItvT\/ANWXvs\/9fHYjoz6nyyyvpao\/5YkjR\/vM76mB54j9yJFwukyQ\r\n92RM6AyuKxjyqov4gyTJXVEzuo8XAU\/yLpkHH8jaWy115pVwt9WaZcLesYl0jlW5CvRZzEcaOJHE\r\njiRxI4kcaOZEd+CJ6hYtl3qPT7Rc6z0qBLr\/AEpEOv8ASpPT9dw9RKCQhfD2XWa1e4Leo3eblRFu\r\noiRIi29P\/V9ZW\/LT47EdGP8Ak+WWV9LU\/qxJGkfeZ\/1MD7R+5Ei4XSZIe7ImdCZPBdxJVjBi+Hsk\r\njKtOces9GyZT3YXrlsjqmZAh1DqNsj1ZqsRdZauj\/a6uPrTV2PrLV2S6t1aRPqLUrhLVs2ZPLvXN\r\n7oXRsq\/mW4uiiU+IMvS8upcjgtOTlKIt1ESJEW3p76lf3R\/66OxHRv1flll\/R1P6sSRpP3moL+TT\r\n\/tn7kSLpdJkh7siZ0tf5WZp13ihbYviMoJl7EhdWq9D4ecZ347ybRldN6hik7crb7ZJt4vT2o5hp\r\n\/wCNtQyDSvx1gYbtYsLSp8Sk\/LInRdY5XDZiRFuoiRIi29P++Pu\/\/rY7EdG\/V+WWZ9HU\/qxJGk\/e\r\nah9TTvtn7kSLhdJkt5kjSrnLytDvcdu0yPxKg4jtpk8aEi9pNi8sjo3Trxe\/HOnTLn4xx2XPxjIl\r\n+Msgf40zD\/8AzTPP\/wDNM8j+Ms1kfxdkst\/iyRb\/ABbjFj8Z6bAsdDaTYMbScbHUbEIlEtjY2V+I\r\n3GZc6R6yv1jEiLdREiRFt0D3x9f\/AOtjsR0a\/wCX5ZZv0dS+rEkaV95qP1NN+3l7kSLhdJkh7rJF\r\nqfLudN5HFCzKqi\/i1ChQ4UcCOBHAjgRwo4UURRFFsqVOI4ipX4ky7Ly1G7ww6qvcdyJEW1bERIkR\r\nbdB8pQ9Zf9bHYjo363yyzfo6j9WJI0v7zUvqab9vL3IkXC6TJD3WSGdJZfFDFnVQYvilSpUqVKlS\r\npUqVKlSpUqVKlSpUr8Rky9I1q\/ww1u7zMmIhbqIkSItug+sPW55aZHYjo36vyyzvKxqP1YkjTHTM\r\n1L6mmfQl7kSLhdJkh7rJDOk8nhjgXOKFpkX8WqVKlSpUqVKlSpUqVKlSvxNk2ZE6LXr5lXObdiIW\r\n6iJEiLboRb9b3\/WR2I6N+t8ss\/6GofViSNP+71L6ul\/Rl7kSLhdJkh7rJEjpy7w3NGv8cLMiLF4B\r\nqV+LNlyRl3KLXsiiEIW4hESJEW3RPKNv1vv\/APWR2I6O+t8stQ+31D6sSZp\/3ep\/V0r6MvciRcLp\r\ncJD3WMkaPc4Mjp+\/VY86qDF44ky9I1G7wx6hv\/xoQhbiERIkRbdFVYW\/XJ8tMjsR0d9b5Zaj9vn\/\r\nAFYkjA+61X6ulP8Ain7kSLhdLhIe8yRiT4L2hZHDPEuVVuRF+N2yci\/Ohq9+i1+5WKEIW4hESJEW\r\nxGj\/AE7frlf9ZHYjo\/63yy1H7fP+rEkYTpk6r9XSvpz9yJFwulwkPekSLbpLSr9DTL\/FG1IixeNm\r\ny5Iy7lFq16r1qfFJCFsW4hESItiNI+la9czy0yOxHSH1vllqf2+d9WJMxPudW+rpPsue9Ei4XS4S\r\nHvMkL10255aJk1jjzqoMi\/GrJMuyM+9RahdqanKskIWxbUIiRIi2I0nys2\/XN\/6yOxevSP1vllqf\r\n2+d9WJIxfLI1dUu6T7bnvRIuF0mSHvMkL10+dDR8jhnh3aq3IixPxnUbJyL86LU73ln3DOdZIQti\r\n2oREiRFsRpnlj2vXPdNNjsR0gv5vllqX2+f9WJIsP+fWfraR6XfeiRcLpMkPeYz9cKVDAu8L02\/x\r\nRsy8oMT8U17OTLkjKuUWo3qvOmZTrJCFuoREiRFsRpq\/41r3aj\/1sdvR6\/m+WWofb6h9WJIteV7W\r\nl\/No\/rd98SRcLpcJD3mS2Yz4TCuGj5PljXKq3IixPxfXa2TkXpmffos27Uy51Mn1QhC3EIiRIi2I\r\n0\/yxLPu1X\/ro7EdHfW+WWf52NR+rEkQ8rmtL+XRvde98SRcLhcJD3mSF65mM7E8S5R6df4JYN6qt\r\nSqRYn4srutkpFyRkXKLPvVMu4X5VefZ5UUIQt1ESJEQxGCv+HZ92rP8A4EdiOjV\/N8ss36OpfViS\r\nG6S1z6uje+974ki4XS4SHvMkfrlWVetWf2SxbhpWTWOPcqoSIsXi2pUqNkpF2ZmXaLMu1eXMxrLv\r\nXNda4kIQtxCIkSIhiMN0wrHu1jywY7EdG\/V+WWWq2dT+rEkS9dc+ro31L\/viSLhdLhIe8yQzSMn+\r\n1ZzMd254tw02\/wALw71VakQYn4orsqVKldjZJk5F+5RZ14ybhkS4ni2+VDUr3NuoQhbiERIkRbIm\r\nN5YNj3a19lHYjotfy\/LLK+lqnldiSJ+uufU0b6uR9SJIuF0uEh7zGM0jK5F6\/Dmxt\/sli3KGm5FV\r\nYuVUJEWJ+EK92qVKlSpUqVGyUi5MybtDLu1eVcLVvjeo5KsW5S4mhCFuIREiRFsj62vLT8f3a35Y\r\nq2I6KX8vyyyfpar9WJIuGtr9+i\/WyPfH0ZcLpcJD3mMZF0elZaybOTZo8a5Q07I4Xi3qq1OpCQmJ\r\n+HK7KldtdtSpUqVKlRslInIvXKGXeMm4Xm5uMVbjqeRzZoQhC3URIkRbI+sP+uxvdrv28di9eivq\r\n\/LK\/9PVvqwJF01nzei\/XyfqRJFwulwkPeYx7NLzHjXfK7Fw5csW7Q0\/JqrFypbkRkJifhmpUrvV2\r\nVK7K7KlRsbJyLkzJumTdqZNypYhV6lkq1GcuJoQhC3URIkRbI+q\/67F9+vfQWyPr0Sv5Pllf+nrC\r\n\/mgSLpq\/po33GV9SJIuF0uEhj3WMexeRoeapxvW6q0+F4GRwvEvVVqZCRFiYn4Ur2NdypXbXZUqN\r\nkpE5F65QyrxkXCX7nKatQzMl3piEIQt1ESJHbD1f\/W4vv6g8rS2R9eil+\/5ZXvZrP1oEi6ap7NG+\r\n5y\/qQGXC6XCQx7rGMezEvuxcxb6vwnDzsXKGn5FVYu1LcyMhMTE\/DddlSuypUrtqVGyUiUi7cMi7\r\nQybpelV0oaplsbrsQhCFuIREiRFsh63PLTMX39RfTWyJ0T7\/AJZXfZrS\/miMumo+drRvucz6kRlw\r\nulwkMe6xjHt0TO4G1UX7Xh5HA8S\/VWrhCZGQmJlfEFSpUqVGyUiUicy\/dMi9Uv3D1eXkcqN+47kt\r\niEIjvIiRIi2Q9b3lpmJ7+on+1bI+vRPu+WVz2639aIy6Z\/0NH+5zfqRGXC6XCQx7rGMe21cduWm5\r\nvMi\/Mg+F4OQY96pamQkRkJifhSpXfrsqVKlSpUqORKRORduUMi8X7hN1LtzgWoZNdyIhEd5ESJEW\r\nyHrk\/wDW4nv6i9Y7IevRK\/d8sp+3XfrwGXDN88fR3\/ys76kRlwulwkMe8xj3MDKdmeNeVyNCxccH\r\nh5NVZu1LcyMhMTKlfB1eyrsqVKlSpUqNjZKRKRcmX7pfuF2dSUqGflK3Gc3N7YiERFse1ESJEWy3\r\n65flpuH7+ovetkPXopfLOXpry\/mgMumZ9rpL\/wCTn\/UgMuF0uEhj3nse7pGc4ytXONRMW9wvFv1L\r\nVwhMjITExPwrUqV2VKlSpUqVKjY5EpE5l64XrpeuVLjMrIUI5F93pbkfRERC2PaiJEiIZb9c3\/rc\r\nL39SfVWyHr0V8s5emvql6Ay4ZPniaW6ZOofVgMuF0uEiQ957Huxk4vSs9XYxdSLoYmTQx79S1cIT\r\nIyFITE\/CdSuypUqV2VKlSo2ORKROZcuF66XrhORfuUWoZfNluxERIiGPaiJEW23653\/W4Xv6k+st\r\nlv16KXl8smdRKl6Ay4XnXC0z7nUl\/LEZcLpcJDHvPY97HvysT0\/MV6EXUty4Xi5BZvVLdwhIjIUh\r\nMTK+FKldlSpUqNjY5EpE5ly4XrpduE5F+7wrUc7fiIiRFse1CIi22\/XUfLTcD39S\/cLZa9ei1+z5\r\nZ9TRpfgMuF37HTvuNT+rEZcLpcJjH2D9d7DzJYs8LNjfjFlq5wvFyCzdqW7hGZGQmJiZUr4NqV2V\r\nKlSpUqVKjY5DkSkSmTmXbpduVLky9d4TUc\/hG678RESOxj2oREW217tT8tO0\/wCp1J9ytln3dGr+\r\nL5Z9Uql+Ay4T+x0\/yyNT+rEZcLhcJjHvPY\/Xfwc2WLPFyY3IxZYu8Lx75au1IXCEyMhSExMqVKlf\r\nBNd6pUqVKjY2ORKRKZOZcuF24XJl27Q1HP4CUnJ78RESOxjHsREiIWy17tU\/6\/A9\/Uf3S2WV+7o9\r\nUsfLPquNL8BlwfngYP3Gq\/VgMuF0uEhj3mMfY6fnvGljZCuKEixe4SxfqWrtSEyMyMhSExMTK+DK\r\nldlSpUqVKjY5EpEpE5ly4XLpcuF67Qz9QVtTm5vsIkSJHYx7UIiLbZ92q\/Yaf9TqP7tDMf3dIxpj\r\n\/LPq1fzQGXBP\/gYXlf1b60Bky6XCQxj3XsfZadqMsaWPlK4oXCxeoWL1S1dITIzFIUhSEypUqV8E\r\nVKlSpUqVGxsbHIlIlMlMuXC5cLlyhevGfqCgrlx3JdjEiRI7GMexCIi22fdq7\/4WnfU6i+8WzG9\/\r\nSipi\/LPq9fyx2XCPnp+H5X9X+tAZMulwkSGPffZ4GoSxni5sbit3aGPkFq9Ut3SFwjMjIUhMTEyp\r\nUr4BqV2V2VKlSpUqVGxschyJSJTJTJ3C7dLlwvXzO1HgLlyVyXZRIkCOxjHsQiIttj3ax9lpv1Oo\r\nX\/zVsxff0uqYnyz6wj\/JDZcIeen4vld1j60Bky6XCYx9g+0ws6WM8TMVyNq9QsZJZv1Ld0hcIzIz\r\nFIUhMTEypUqVK\/HalSpUqVKlSpUqNjY5DkOZKZO4TuFy6XLpfvmfnq2pSc32cSJAjsY9qERFtse7\r\nWPtNN+p1D98tmIv5Om1TE+WfWC\/fDZcLP\/X4\/wBXWPrQGTLpcJjHse6x9rh5ssZ4eYrsbN8x8ktX\r\nqlu6QuEZkZikKQpCZUqVKlSvxqu2uypUqVKjY2OQ5DkORKZKZKZO4XLpdvF7IoZueoEpOT7SJEgL\r\nYx7URIi22PdrX2umfU1\/75bMJVudPL\/ifLPrBfujsmWf+vsfU1n60BlwuFwmMex7jGPsKFChTbj5\r\nE8eWFqEbys5Jj5Javlu7UhcIzIzFIUhSFIqVKlSpUqVKlfilSpUqVKlSpUbHIchyHIchzJTJTJXC\r\n5eoXLxdvF6\/QzM+p6nkeRQ4ThZSnYRIkCOxj2oREW2x7tc+30v6mvffLZgfU0KNMT5Z9YIj6kzH+\r\nwtOk9a+tAZcLpcJjHse49j3qdjC5K28HPV0sZFDHy6lm\/Ut3SF0jcIzFIUhSFIUhMqVKlSpUqVKl\r\nSvw2pUrsqVKlSo2VGxyHIchyHIlMlMlMndLl4uXi7kUMjJosrNdzfqVPIpvRIEBbGPahERC2Y\/u1\r\nz7fSl\/Jrv32zTl\/JoqpifLPq9ftXqTMV\/wDAg6T1v60NlwulwmMYx7z7GhTeTaeFqVSzkGPlljJq\r\nW7xC6QuEbgpikKQpCYmVKlSpUqVKldlfhNSpUqVKlSpUqVKjY2OQ5DkOQ5EpkpkrhO6XLxcvl6+X\r\n8pQWTlSvvbQoUKFNyu7EgQIjJD2oREW3H92u\/Q0n6muffLZpv1NJVMX5Z9XL+P8AVEzD88GPu1r6\r\n0Nky6XCYxjH2VNlBRZwHCcJQpvYeoSsmPkKax8qhYyi3fqQukLhGYpimKQpCkKQmVKlSpUqVKlSp\r\nUr8EqNlSuypUqNlRsqNjkOQ5DkOQ5DmSmSmTuE7xcvF2+XLxmZqtly7K6ygkKIoCtitHJHYY7LHb\r\naGihTciQIERjGPYhERbcb3699HSFW7rLrnLZpSrd01Ux\/ln1bGtl+qJmF9ivdrf1YbLhdLhMYxj3\r\nXtoJCg2K0K2kcI0NDXY42VPHeJmxvqxk0LGSWr9SF0hcIzFMUxTFIUhSKlSpUqVKlSpUqVKlSpUq\r\nVKlSpUr3SpUqVKlSpUqVGypUbGxschyHIchyHIciUyUyVwndJ3i5eLl4uXaGVqA3XakJCRGIokYC\r\ngctHKHYTLmIieO0ODQ1tiQICGMe1ESIhbMb36\/8AS0f6uruuahGkKt3BVLHyz6pjWxL3ImYP2X\/t\r\nrf1IDLhcLhMYxj3XsUBRI22yNs4Sg0MaGMY9+E3B4eqVLOTQx8otZFS3eIXSNwjMUxTFMUhSFIqV\r\nKlSpUqVKlSpUqVKlSpUqVKlSuypXbXZUrtqVKlSpUqVKlSpUqVKlSpUbHIchyHIchyHIchzJTJXC\r\nVwndJ3i5eLlwv5MbSycyV7dQiJFEURRFCQkcI7dSVipdxSdmg7Y40IkCAhkhj2IREQtmL79ff7NF\r\n+rqn3mzRVW7iqlr5Z9TRrjXPeiZgfZf+2t\/UhsmXC4TGMY91kCNtyIWaCgUGhjGMYx7H2GHqE7Bj\r\n5UZrHyalq+W75C6RuEbhGYpCkKQpCkcRxFSpUqVKlSpUqVKlSpUrsqVKlSpUqVKlSpUqVKlRsqVK\r\nlSpUqVKlRsbGziOIchyHIchyHIchzHMlcJXCV0neJ3Sd0ncMvUFbLlyVx7qERIkSIhCEhI4B2ky7\r\niqRfxHElCgiBAQyQx7EIiLbi+\/qB\/t0X6upuuYI0KNb1lUh8s+oo1xbypcXpM0\/7N+7WffAZMuF0\r\nmMYxj3GY1vjIWkigxjY2MYx7H2dq9Oy8LUo3XYy0Wr5bvkLxC6RuCmKYpCkKRxCkKRUqVKlSpUqV\r\nKlSpUqVKlSpUqVKlSpUqVKlSpUqVKlSpUqVKlRsbGxschschyHIchyHIcxzJTJXCVwldJ3Sd0ncL\r\nuQoLJ1CU+wQiJEiREIQhCEjhqTsKRlYPl6OBAQyQx7EIQtuL7+oGaH9bUvuxHTsa34Kkflnryri5\r\nHlciTNO+0fu1j3Q2TLpcJjGMY93TI8S4KEokhsYxvY+4YmpytGLmKSs5KZbvVLd4hdI3SNwjMUxS\r\nFIUjiFI4jiKlSpUqVKlSpUqVKlSpUqVKlSpUqVKlSpUqVKlSo2VKjY2NlRsbOIchyHIchyJTHMcy\r\nVwlcJXCdwlcJ3CdyhlZ0bRevzvPsERIkSJEQmJiYmRYhIUSdriT8pQICGSGPYhERbcT39Q+7Q\/ra\r\nh90I6YjW+vT5Z6xGuNlqlyJI037V+7VyGyZdLhMYx7Hu6T6SZJkmMY2PsX2Vm\/Ow8HVI3Sxk1Ld6\r\npC4QuEbhG4RmKYpimKQpHEKQpHEVKlSpUqVKlSpUqVKlSpUqVKlSpUqVKlRsqVKlRsqNjY2cQ5Dk\r\nOQ5DkOY5jmSmSuErhK4SuErhK4TuF3IUFk6g5jdeyREiREITExSFIUhSIyIsifpL3WyAhkhj2IQh\r\nbcT39Q\/U0L62f9yI6ThW\/wDLTVFXGzvK7Ekab9rL3auQ2TLpcJkhjGPd0uVFKZKY5DkNjH2DH2mH\r\nqsrTx85TVrIqQu1IXCNwjMUxTFMUhSFIUhSOIqVKnEVKlSpUqVKlSpUqVKlSpUqVKlSpUqVKlTiG\r\nziHIchyHIchyHIchzHMcyUyVwlMlMlMlMlMuXaGTmxtF6\/K8+yQkRQiIhMqcQpimK4K4RukbpG7U\r\nU6p+6BAQyQx7EIQtuJ7+ofqaD9bNdcgidHRrf+WmfHisaiqXYkjTftpe7VvSGyZdLhMkMY97Alwq\r\ndwdw4ziKleyY+0s5E7DwNUV0s5NS3fIXSNwjMUyMxTFIUhSFI4jiOI4ipxFSpUqVKlSpUqVKlSpU\r\nqVKlSpUbKlSpUbHIchyHIchyHIchzHMcxzJTJTJTJTJSJTJXC7fUVk6g5DbfZoSEiKEhbKnEcRxn\r\nMOaK8K+RyCGSW79V+sCAhkhj2IQhbcP39Q\/V0H62X53yJ0XGt\/5aZSra1RUuxJGl\/bz92q+2GyZd\r\nLpMYxj3rE+Ec6nEVK79NtBrY+1TaeHqsoGPlKSt3S3dqRmRmRkKYpCkKQpHEKQpFTiOI4jiOIqVK\r\nlSpUqVKlSpUqVKlRsqOQ2VOIchyHIchyHIchyHIchzHMcyUxzJTJTJTJXCdwyMqNpZGVK++0QkJC\r\nQltbGxsbKjY5HGK4xXiGU0R9YEBDJDHsQiItuH7+ovq6B9bKdbxH16Jj\/N8tL6rb1iNL0SRpf0J+\r\n7VPZDZMuFwmSGMe9DYti2UKFChQoUKFBoaGPtsTNnjPCz43Favlu7UjMjMjIjIUhSFIUhSFI4jiK\r\nlSpUqVKlSpUqVKlSpUqVKlRs4hyHIchyHIchyHIchyHIchyHIchyHIciUiUiUyUyVwy85Wic5XH2\r\niIoiiMRISKFChQcRxHEaHuVIlsgIkSGPYhERbcP39RP+bp9fzZH1SHr0PH+T5aXFWOuRpegSNK+j\r\nP3ap9OGyZdLhMYxjHuw2ISEhROEoUKFCg0UGhoaGMfbWL8rMsDUI3lZvVIXSEyMyMxSFIUhSFIUh\r\nMTKlTiKlSpUqVKlSpUqVKlSpUqNnEVHIbKjkOQ5DkOQ5DkOQ5DkOQ2NjkSkSkTmTuGZnUG69siKI\r\nxEhISKHCcJwnCcI4DgStjVB7YlsgIkSGPYhCFtw\/f1D9fp761\/6pb9eiI\/u+Wj9OoFS9AkaT9K57\r\ntT+nDZMulwmSGMY92AhRFEUShQoU20KFCg0NDQ0Pt7dyVqWBqPNVq9Ut3CEyMyMhSFITExMTKlSp\r\nUqVKlSpUqVKlTiKlSpUqVGxsbHIbHIchyHIchsbGxsbGxsbGyUiUicycjNzO4RIRFESEhIoUKHCc\r\nJwnCOI4E7VSdtoaGRLZARIkMexCELbh+\/qL7jp5fy3PeWvXomPl8tepYcN+AzSvp3PdqX0obJlwu\r\nEyQxj3rfm4wqKAolChTZQoUKFChQaGhokh9wt3JWpYGapq1dLdwjMjIjITExMTEyomVKlSpUqVKl\r\nSpUqVKlSpUqVGxsbGziHIbGxsbGxsbGxsbGxslIlIlInIzszg7jBEIiiKIkJFChQoUKFDhOEcCVo\r\nuWCcWiJbICJEhj2IQhbcL39R\/cdPfVm6yLK8+i40tfLXqqNL8Bmley57tR+lHZMuFwmSGMY93Gjx\r\nNQoUKFN+hQoUGhoaJIfcca+7M8TIUlauEJkJEZEZCYmJiZUqVKlSpUqVKlSpUqVKlSpUbGxsbGxs\r\nbGxsY2VGxsbGNjY2SZJk5E51MzIVmLbk+3RaVXCIoiRQoUKFChQoUKFChwkrdS9Y8kWyAiRIY9iE\r\nIW3C9\/UX3PTy\/kl7iwv3dHQpj\/LXq6FLsRmk+y77tR+jDZMuFwmSGMe9hKrpte\/TZQoUGhokiQ+4\r\n6fkOLsXaq1OpCZGRGQpCYmJiZUTKlSpUqVKldlSpUqVKlRsbGxsqNlRsY9jY2NjY2NjY2SZJk2N0\r\nMu\/zrncEY8auMRISKFChQp2NC5CsYlsgIkSJD2IQhbcL39Rfc9PfUfqYqrPpONMX5a9YR\/kiM0n2\r\n3fdn\/QhsmXC4TJbGMY9zB9WVKlewoU2UGhoki4qPuMJOEsS9VWbhCRCRFiYmJiYmJiYnsrsqVKld\r\n2pUZUY2VKjHsYxjGMYxkhkmSZNkvM1K7y7XcUYkKpRKFChTsKlSomJlz2RIFsRIkSHsQhC24Pv6h\r\n+66e+p+phKs+mo8OH8tesIfuXr+mk+l33530IbJlwuEyQxjGPcwn5uRUrtW5QoU2UKFBoaL6p3PB\r\nu+ViZbkW5EWRYmJiYhFRMr2j2MYx7HtYxjGMYxjGSZJk2UNUu8d3uKMOH7EihQoUKbjGxyOI4xTF\r\ncFcRKVYxLZbESJDHsQhC24Pv6i+66f8Af+pgKtzQY8OJ8tesI+S9f00n0u+\/O+3hsmXC4TJDGMY9\r\nzFlR8QmJ7EIoUKbKFChQoUKDRkR8u5YcqPHmWpFuRBkWJiYmIW4n2b2vYx7rGMYxjGSJEyRLZky4\r\n7vcV649vhikUKFChQoPYxjGMbHI5g71IxLZb2SJDHsQhC24Hv6hf\/L6f94jTVW5pCpi\/LXq2NbX6\r\n\/ppJe9+d9tDZMulwmSGMYx7ln1QhISEhIoUKFChQoUGhoaGi5Hii+5Y7pPGkWZFtkGRZFiEIQu6s\r\naGtjKDRQaGhoaGSJIkhlzyj3LDtc27wiRQocJwnCOI0NDQ0NDQ0NDGSflEtlsRIkSHsQhC24Hv6g\r\n+80D3CNJjW7p0eHH+WvVMa2JeUkaQXvfm\/bQ2TLhcJjGMYx7ln1SEhISEhISFEUThKFCg0UGihQa\r\nL8eGXcbPux2WWWmQZFkSLEIQu502UGimxooUGhoaGhokiSJImhove3uWjWfKhQocJwnCcI4DgOA4\r\nEojQ0NDRJDRNeUS2WxEiRIexCIi24Hv6g+80LYjRY1u4q4bXy16ljXGueU0aR63vdm\/bQ2TLhcJj\r\nGMY92z6xRFCQkJCiKAonCcJwlBoaGhoaGihmQ8u42fdYLLLTLbIkSIhCF29CmyhQoUKFChQoUGho\r\naGhokiSJImiRd9vcUqvFsci0kKIoiicJwnCcA4DgSgSgSgOI0NDRJFz0iWyAiRIkPYhERbdP9\/UH\r\n3ug+QhGgRretKkPlr1BGuLfVLiNI9b3vzPtobJlwuEyQxjGMe2x7ooSEhRIwIwFE4ThOEoUGhoaG\r\nhoaKFyHFGScX3Cwv3WSyWmW2QZEiIQhC7ShQoUKFChQoUKFBoaGhoaGhoaJIkiSJokS8y7Hhn3DS\r\ncfnX6VFEURRFE4ThOE4TgHAcCUCVsnbJRJIaJIuryiWyGyRIkPYhCFt0\/wB+v\/e6H6IR01Divx9P\r\nlrrEeLGy1S5E0j3Xvfmfaw2TLpcJkhjGMY9uN7oISIxI2yNsUDhOE4RxGhoaGhoaGhoaGjMt8Mu4\r\nY687RaLTLbIESIhCELsaFNyhQaKFChQoUKDQ0NDQ0NDQ0SRJEkTRMn6ZceG93DRsblWUhISEhRFE\r\n4ThOE4ThHAcCVsnaLlonCg0SReX7YFshskSGPYhCFt0\/36\/97ontRE6Tt8WR8ttSjxY+eqXYmke+\r\n\/wC\/M+1hsmXC4TJDGMYx7cONXGJCNSFsjbFA4ThOE4RoaGhoaGhoaGhoaMq3xw7hjLytFotFsgRI\r\niEIQhbF2lChQoUKFChQoNDQ0NDQ0NEkSRJE0TRI1SNL3b4lh5F2EFBJCQkKIonCKJwnCcJwnCOA4\r\nErZO0XLJct0JIuxqoMtkBEiQx7EIiLbp\/v6g+90X2IidGW+LI+W2WuKzqapdiaR77\/vy\/tY7Jlwu\r\nkyQxjGMe3Dt0hCFS3aI2xQOE4ShQoNDQ0NDQ0NDQ0NDQ0ZFvlz7ezGitItFotkCJEQhCELtKbaFC\r\nhQoUKFBoaGhoaGhoaJIkiSJouEjVodw6fxvKhFCQkKIkJCicJwnCcJwnCOI4ErZO2XrFS7b4ScSS\r\n4J2mWxEiRLahERbdP9\/UH3uj\/TRA6JhW98tryrDWI0vRNI+pke\/K+0hsmXC6TJDGMYx7IR45Wbfl\r\natELYoiicJwlCg0NDQ0NDQ0NDQ0NDRQz7VY9tFVcEWkWy2WyBEiREIQhC7WmyhQoUKFCg0UGhoaG\r\nhoaJIkiSJouEjUbfHb7aEXN4mOse0kRQkJCQkJCQkUKHCcJwnCOI4ErZO2X7NS9b4XmW6StMtsRI\r\nkSHsQhC26ev5Nf8AvdHX8SLfr0PD9\/y2l5rXo8N6JpCrcyPflfaQ2TLhcJkhjGMYxmBa4pY9nyhb\r\nIwFE4ThKFCg0NDQ0NDQ0NDQ0NDQ0Tt8SnFwl2tmNXBFpFstkCBEiREIQtiF2tCmyhQoU2UKDQ0ND\r\nQ0NEkSRJFxFxEy7HiV+3yp9roOLzrwkJCQkJCQkJFChQoUKHCOI4jgTtl21UyMeqyrNVZfnaYmSJ\r\nDHsQhC26f79f++0fytFv16Hh5fLfqWHDegaR9TI9+T9pHZMuFwmSHtYxjNPxeGNu3QjAURROEoUK\r\nDQ0NDQ0NDQ0OI4jiNDQ0OJqNrgn2tmFFCJbRbRbIECJEiIQhbELsKFCm5QoUKFChQoUGhoaGhoaJ\r\nIkiaJouomiRqllp9rpWJ\/Wx0hISEhISEhISEihQoUKFChwjiSgTtl2yZuOZEOVdtSExkhj2oQtun\r\nfU1777SfKyiyvPom3S38t+q4UvxNH+rke\/J+0hsmXC6TJD2MYxmDYd65jWOFQgKJwnCUKDRQaGho\r\naGhoaGhoaGhxHEcRxM+zzLXaWo8ThEgi2iBAgQIkSIhCFsQuxpsoUKFChQoUKFChQoNDQ0NEkNEk\r\nTRNF1EyRk21cjOLhLs9IxP7WQJCQkJCQkJCRQSKFChQoUKFDhHElAnbqZFiq1bF4VYmRkNkhj2IQ\r\nhbdO+pr332leVhGOqy6OhTG+W\/V8KXYmj\/VyfqZH2cNky4XSZIYxjGM0rB5ULduhGAonCUKFChQa\r\nGhoaGhoaGhoaGhxGhocRxMqzybnZepZt0UYkEQRAgQIESIhCEIQhdnQoUKFChQoUKFCg0NDQ0NEk\r\nNEkTRNF1FxE0SRqOP2mgYnJsUEhISEhISEhIpsoUKblChQoOJKJct1M3E443bTxrtuRUkMexCELb\r\np31Ne++0v6CMRVn0pDhxPlv1jD98WaN9XI+pkfZx2TLhdJkhjGMZpuN\/YvWLVFGAolChQoUKDQ0N\r\nDQ0NDQ0NDQ0NDQ0NDiOJq+PWPZWLdSESKIIgiCIECBEiREIQhCELdpv0KbKFNlChQoUKDQ0NEkNE\r\nkSRcRciXIk0TRcjVZFl2Zdjg4ry70YqKSEiKEhISEhIoUKFN2m5QoNEol21U17T6wtTKjY9qEIW3\r\nTvqa6\/8AnaX9BGCq3OnYcOH8t+sYi9dG+tk+\/I+zhsmXC4TJDGMYzRMHlWoQoKIkUKFChQoNDQ0N\r\nDQ0NDQ0NDQ0NDiOI0NF20rkbtt2p9hat8bjEhEiiCIIgiCIESJEiIQhCEIW1b1Cm2hTbQoUKFChQ\r\naGhoaGiSJImi5EuxLkSaJxMmyrkZwcH2HTWJSNBISEhISEhISEinZ0KFBonAy8dTjlWHiXoyKje1\r\nCELbpvv1377Tft0aaq3NFjw4ny36ujW36PRvrZP1L\/2UNky4XSZIYx7NLw3lX7FrhSiUKFChQpta\r\nKFBoaGhoaKDQ0NDQ0NDQ4jRrePwT3VCUjlTIWnJwhQjESIoiiKIIgQIkSJEQhCEIQti7Cm9QoUKF\r\nChQoNDQ0NEkSRJE0XIlyJciTRJE0ZOPxnLlXlTHFx3Yxc3h46xrSEiKEhISEIQu0oU2UGi5Cq6l0\r\n\/ihblVVHtQhC26b9TXfvtN+2RpUa3dNjw4\/y36qhWxPylo\/1sn33\/s47JlwuExj2MZoeB\/XsxiJF\r\nCm17aDKFCg0UGhoaGhoaGhoaGhocTUsfnWdiTZbxXIt40IkLaHa8uX5xiKJFEUJEUQREgRIkURIi\r\nEIQhbELt6FChQoUKFBoaGiSJIkiaJxLkS7EmiaJolEt26ydsnbTLuHFlzHlDb0\/i8\/JEhISEhIQk\r\nUELtFsoU2SRlWFcjm4rwr6ZXahCFsRpv1Ne++077ZGix4r2LHhtfLfqSPFjXVSei\/XyvqXvso7Jl\r\nwuEyQ9jNNxf7WRahRJFOzoUKFCg0NDRQaGhoaGhoaHGpn4rsX4Y7ZC0okYEYkIkY1L9rgmoiRGJF\r\nEURRFEEQRFEURQhCEIQhCELs6FChQoUKFChQoNDQ0NEkSRJEkTiXIlyJciTiSRKJYtUU4kokokol\r\n2wpE7LidP4nIxkJCQkJCELYu5MlGp1TgKdqL3EIQtum\/U1377T\/tInT8eK9bVI\/LfXY8WLlKlzRf\r\nr5XvvfZQ2TLhcJkhjGdL4vlCJTsKbtChQoNDRQaGhoaGhoaGho1fH4oxiKJGJGJCJCJk2eKKiKIk\r\nJEURRFEERRFEUJERCEIQhbEIXZ0KFChTbTa0NDQ0SQ0SRJE0TiXIlyJciTiK3xPl0U4Eokokokol\r\nmw71yMVFISEhISEhIXb12va0ZlhXrdy27M09qEIWxGm\/U1z77Af\/ABInS9vivr0+W+qR4sbOVLui\r\n\/Xy\/qXvsobJlwukyQxj8zScX+tYS7Sm7QaKFCg0NDQ0UGhoki\/aV2ChQUSMSMSECECNupesO1JRF\r\nEiiMRRIoiiKIoihIQhCEIQtiEISKdpQoUKbKbKDQ0NEkNEkSRNE0XIlyJOBOJjY\/lKFCcCcSUSUS\r\nUTSMetxCQkJCQkJC2IXbVK7jLiqupcbkZaYmIQhC26b9TXH\/AM7AX\/EgdHW+LI+XGXHis6pHhu6J\r\n9xlfUvfZQ2SLhcJkhjNKsf2Mq3GiXcaFChQoNFBooUGhocRxM2xy7qiRiRiQiQiW4mXic2HAKIok\r\nUJEURRFEURQkIiIQhCELYhC7OhTcpsoUKFBoaGiSJIkiSJomi5EnEhju7Lk0VyBOJOJOI0SRh2eT\r\naSEhISEhCFtXdJHV2JxWUxCEIQtum\/U1z77B+zt+vRFriv8Ay4muKOvW3C9oj\/5OX9S99lDZMuFw\r\nmSGM6VtceTFd0oUKFChQoNFBoaGjOs8cIwIxIxIxIRIItqpn4PA+AURRFEjEiiKIoihCQkIQhCQh\r\nCEIXZ0KFNlNtChQoNDGiSJIkiSJomicTluTsYisxuRLkS4iaJxJIx7PNuEURQkJCELYu7M1ewr+K\r\nhCEIQtumfU1377C8sO169C2fP5c9V47he0N\/8rL+pe+yjsmXC4TJDJHSFn9iXdabKFChQoNDQ0OJ\r\nKCknbcXFEURRBEEWyMVNZmC8eSiKIoiiRQkJEUJCQkISEhCEIQti3Kb1OzYxoaGiSJIkiaJxJQMX\r\nD4C55FwuIuImiaJI0+1RUEhISEhLYhd4vR4o3ocu4hCEIW3Tfqa599humFix4pdHY\/Lx\/lz1dhcy\r\nGjJxzMv6l37KGyZcLhMkMkdMWeXh90ptoUKFChQaGihQy7VJRiRRFEUQIltnBG7HKwpY8lAURREi\r\nKEhISEhISEhCQkIQtq207CnZsYxoaJIkiURwMfDUS4y4y4XC4TJIcWyFvlxSEhISEJd7l6azb5WY\r\nhERCFt036muffYvlg6NjO9d0vG\/rY\/y5zMZZNr\/50sPUMz33fso7JlwuEyQyRpdnlY\/d6baFChQa\r\nGhovWuZBIiiKIoiRIEGJRuxytOlZOA4RREhISEhISEhIQhCQhC2Ipv0Kdq0MaGNEkSRy3J2sVWy5\r\nIuMmXCZMmSMS3xTSEhISEhIWxd5Z1Ra4MxCERELYjTfqa399iR4sLovQqv5d6thQuQzfqXfso7Jl\r\nwuEyRIZhedrvVNlChQaKC8i7a4JRRFEURRFESJCRbnQyNOjcUrbi1EURISEhISEhIQhIoUEt+nY0\r\n2U2U20KbGhjQ0NFuw7rjbjaU2TZNk2TJkyZJFm3y4oSEhIXfWdYJK8hCEIWxGm\/U1v77pbEWY8bG\r\nhjW\/l3qP2+d5XLn2Udky4XCZIkMwfo95puUKFBooXrfMjFEURRFEURIkSLIToThbvq9pkolKNISE\r\nhISEhIoJCRTYt2mym9TcoU3nsYxkbcrhHFjEkyTJskTZMmTJkixb45JVEhISEhd8qNnV8q5CEIQh\r\nbEaZ9TW\/v+h1\/P8ALzNVbOoKly59lDZMuF0mSJDNPf8AB32hQoUKCRdt8DiiKEhIiiIiJFkWQm0T\r\nhbvE9MTLmNcsiEIQhCELahIoJCXY07NnqRxpyFjQiVoSZJkiRMmyZMmTJItw4EkJCQhC7xUrtqNn\r\nVsq5SEIREWxGmfU1r7\/oVfzfLzJVbWpx4bs\/sY7JlwukyQxmnP8A4\/e6FCmyhQoUHDjSVHFCQkJC\r\nEIQhCZGRGZLGs3CemJk8G9Ao0IQhCKbEtq3adqxQlIjiTYsSKFGMRjJEiTJMkyZMmTJkizDzihIS\r\nEigu9VKlSo2dUuuWhCIiFt0z6ms\/f9CW3xfLya4lrttwvSf\/AAY7JlwukyQxnTeTz8Pv9ChQpslG\r\npFCQhCQhIQhCEJiYmRkeUiWHZmS01DwLsR2ZxEIQtq7ZJsVmciOJJiw4ojZhE9BjGMZIkSZIkTJk\r\nyZMUONoihISF3mu2uypUkzqG8ruYhESIhC2aZ9TWPPUOh7LVr5e9XYrt3v8A\/ghsmXC4TJDGdIZP\r\nDNPv9NlNq8jgoJCQkJCQhCEIQhCExMTExMTJQjMeHakPT4D0+SHhXEPGuodqaKPdSFFsVmbFjXBY\r\nk2LCFhwRHHghRS3WMYxjJEiRIkTJk2TJCjwqKEhISF3Ouyu5UqV2VGxsyr6s27lx3ZoREiIWxGmf\r\nU1KHHqXTGK8fD+XvVOB\/YsXIcGHHZMuFwmSGM0XI\/r5kHVfAaFNkJFKCQkJCEhIQhCEIQhCEIQhC\r\n3aFDhRwI4UJFChTsWMYxjGSJEiRJk2TZNkyK4RISEhIXb1Kld+u2uypUbGzqTJ5WMhCERELYjS\/q\r\nY2BLL1SzaVqHy8v5sbRk5Tumr2latR2TLhcLhIYxScXp+Qr9neffKbYSqUoJCQhCQhCEIQhCEIQh\r\nC2LurGMYxjJEiRImTZNk2MpUSEhIp3WpXcqVKlSo2NkpHU2Tx3kIQiIhbEaX9TBxY49zHzpQLV6N\r\n1fLm5djbWTnuRcvVJ3TWHW1H1JlwuFwkMYzpTP4oJ\/Brc+IQhISEhISEhIQhCEIQhCF3djGMYxsk\r\nSJEibJsmToPzEhIS7nXfqVKldlSo2Nl+6oRzMj+zeQhCIiFsRpf1IzIXC1fcXj5ykJ1+W+Tlxsq\/\r\nlSuOd0ncJ3DUnxWI+pMuFwuEhjGabmPCyLFxXI\/A6bbVziEhCQkISEIQhCEIQhbELurGMYxjZIky\r\nRJkmTZNl2VBtyaQkJdwr2NSpUrtqNjY2OR1Hncu0hCEIiIWxGledxz\/dGZGZC4Y2a7ZbuRuL5Zt0\r\nMrPUS7ebJ3CdwnMnMzHxYy9SRcLhMkMYxnTGfz7CK\/BfQs3uISEJCEIQhCEIQhbELcXcmPYxjGSZ\r\nJkmSZJky9NQJSc2kJCXd67KlSpUqVKjY2NjZducK1HKeVfWxCEREJlRGkKt2U\/3xmRmRmQuGPku2\r\n8fJjeXyxbSM3O4i5dJ3CVwlMnMlMuy4sZetSRcLhMkMYxmi5\/wDSyLVxSXwSm2xeqJCQhCEIQhCE\r\nIW1d1exjGNjJMkyTJMkyTL95WyUnNpCWxd0rtrtrtqVGxsbGyUjXM7lWhbEIQhMTKiZoqrec6yjI\r\njMjIjMhcLV5xeLlq6vlfKSis3O4y5dJ3CcyUyUyUyUi3LisvyaZNlxlwmSGMY9nTOq82KdSvd69w\r\nsZAhCEIQhCEIQtxbi7d7GMbGMbJMkyTJMkzJyVaJSc2kJFBLutdtSuypUqVGxsbHIcjJyI2oZuVL\r\nKu7EIQhMTEypFmhr+SMiMiMiMiMiMyNwtXaPEzFcXytbUVm5ruO5dJ3CcyUyUyUyUiUjHuUle\/bJ\r\nTJSJyJsmSQ0NDGMsX5Y9zStQhm2ivdK9zx8nhItNIQhCEIQhC2LurGMYxsbGyTJMkyTMvLVsbcmk\r\nJFO6V2VKldlSpUqVKjY2NjY5Fy4orWtQd6QtiEhIQipUTIeb0hcKiyMhSFIjIjIjMhMtXaGFl8xf\r\nKzUM2pduE5kpkpkpkpkpEpEmcfC8ppvmDuEpVJEkSiOI0ND26Xqc9PuYmVDJt1K\/BabMfJdotzVx\r\nIQhCEIQti2LYu5MYxjYxsbJMbJSoZmceokJCXb12VK7ldtSpUqVKjY2NjY2SkSnQ1fVOAbrsQhIS\r\nFE4SmypUsqr0+HDbTExMUhSIyIyIyITLV5xeJlK\/H5Vahm8Cu3CcycycyUyUiUiUiUhyGy7VqU6H\r\nMOM4hsbGyTJMb3NG1eenXLF+N+FSpXdfwGzfladi9G6hCEIQtq2LuddjYxsbGxskxsuXFFZee7ok\r\nJCRTudSuyu2pUqVKjZUbGxsciUiUzVtU5KbbexCZFkWI8hsbGxM07GlkSglFJiYpCYpCkKRGRGZC\r\nZj5DtvHyFfj8qM3KViF69UuXCcycyUyUiUiUhyHIbGxsu2VMuQlA46HNHdHdHcHMb3tD1qWnzt3Y\r\n3I1K92rtruLsrdyVt42VG6khCEIW1CF3VjY2NjY2NmTkRsRysueQ0hISF2ddtdtSpUqV2VKlSpUq\r\nVKlRsbGxsciUzVNUWOpSc3uVFIUxXDmM42cRatTuvD0Sci1bjaihFRMTExSFIjIjIjMhMw8p2pQm\r\npr5TXLitxzcp3ZXLlScycyUyUiUhyHIchsbGxsZInajIuY8CVlIcBxGuw0LXHhSt3FOKZUr3Suyu\r\nyuypXZUXYJtPEzqidRCEIQtiEIXb12sbGxsbJMbMzOjjq9elfkkJbF2VdtdlSpUqVKldlSpUqVKl\r\nSpUbGxsciUiUzUtTWNGc5XJdhbgpFrT4TLWkWWWtLxoFu3G2kLYtiZUTExMjIjIjIhMt3DTMunyn\r\n1PM43duVJzJzJSJSJSJSJSGxsbGx7GMkyciTGNDRQpv6Lrk8CVm9G7FMqV3H3CpXZUqVEypUTF2O\r\nLmu0W5qaQhCELcXbVHsbGxsbGxskzO1NWyUnNpCF2VdlSpUqVKlSpUqVKlSpUqVKlSo2NjY2ORKR\r\nOdDUtVVgnNzfY2fXHkWZEGIW6mJlRMTFIUiMiMiEyzdoYGVzofKTUMnkW712pcmTmTmSkSkSkNjY\r\n2N7WNjJMmybGNDQ4jRQoUKFNtDSdYuafLFyreVbTK9wrvVKiZUqW4yuuGjZs1f07JxlUrsrv4+TK\r\ny7GRG8hC2IXcKldjGxsbGxsuXI21nam7whIXYWce7kP\/AOHn0vYt7HHIqVKlSpUqVKlSpUqVKlSp\r\nUqVKlRsbHIciUic6GparwDbb7FItRLCLRBiFv1KiYmJkZEZEJFuZh5TtThNTXyilJRWo5XNncmXJ\r\nk5kpEpEpDY2NjY3sexjJMmyQ0NDGhxHEoUKFChQps03U7mn3MLPtZltMqV7lUqVKlStDRemJZaxc\r\nKzixoNVNV6bsZayLFzGuVE+wt3ZW3i5sbwhC2IT7Ou7UY2NjY2NmVlQxo5mdPKaQkU3qjZovTnPV\r\nixCzFIlCM1q\/SdnJV+1cxrnEVOIqVKlSpUqVKlSpUqVKlRsbGxyHIcidyhqOquT7JIjEtQLMaFtE\r\nCIuwqVExMUiMiMiEi1cNJyuJfKLVsrgjfuVLkycyUiUiUhsbGyo3uPYyRMYxoeyg0NFChQoUKFCh\r\ng513BuadqdrOgpCZUqV3Xte\/UqVKjkdLaN\/cnFUFudVaWsiwpCYmVK7yZh5\/lGSeyohMqVK79dyu\r\nxsbGxsbGzO1KGMr16d+SQlv1HI6ewFm5FtUELb1HokdSsttPiKnEVKlSpUqVKlSpUqVKlRsbHIlI\r\nlIuXlFZ+pO8cJwHAOJTdoKJGBC2W4FqJBESIhdimJiYpEZEJFuZjXnB495XofKCclCOdku7O7MnM\r\nnIlIkxsbGx7HusZImMYyhTbQoNFChQoUKbLF+ePPSddhlpSExMr2D2PbUqVKlRyIRlengYkMOylu\r\n3IqSz7H9TJUhMTEyu8mYudKyWrsbiEITEITK79dlSo2NjY2SlQz9XoNuTSEim9Uci5coumMZWcKA\r\nhbWdXYCws1SKlSpUqVKlSpUqVKlSpUbGxyHIlIyMuNmOXmzyXGAoCtnLHbHaHbOWcBwCtkbZG2Qt\r\nluBbiRREiIXY1KiYmRkRkQkWpmjZXn8oNXyeXC9cLky5IlIkxsbGPsGMkSGMe5TbQoUKFChTZQXk\r\naV1A4kLikkypXtqlRslI6Ytq9qSFuyOrFwajGQpCkJiYnv4+RKw8bKhfSEIRUT3KlSpUqVGxschy\r\nGy9fhZjnanLIaQlv1GxyJzLtxsw7at24C3Gdf2\/4kypUqVKlSpUqVK7KlSo2OQ5DkSmZuoRsq5cn\r\nflG2RgKBwHAcByx2jlHKOUK2K2RtkYEIEIiQhCF2dRMTIyIyLczFvOErF1XofJ6UlFajk82d2ZOR\r\nORJkmNjYx77GMkSGPY9tChQoUKDRQoUKFCmzTNZuYTxcu3kwUipUr2jY2NkmdE2+PUULdkdX3K6l\r\nGRGQpCkJiYmVK7sLkoPE1CNwTEypUTEypUqVKlSo2NjY2NmZnQxY5WZcypJCQt2pUbHIlMuTLk6G\r\nPLijEW4zruHFp6YmVKlSpUqVKlSpUqNjkOQ5DkSuUMzUqNRcnGBGAoCicJwnAcBwHLOWcsVsVsUC\r\nMCMRIQhCF2dSomRkRkQkWZmi5Nfk\/quRyrV+4XJE5EmSY2MY+wYxkhoaHsZQoUKFChQoNDRQoUKF\r\nNuHnXcKenatazYqQpCZUrvvaxjGdBQrkoW7M6pucWqRkKQpEZCkJiYmJld1MxNQcSMlJCYipUqVK\r\nlSo2NjY5DkZ+qxsFy5K7JISKb1RsciUicycibNNlx48RC3OtIcWlxYmVKlSpUqVKlSpUqOQ5EpEp\r\nl7IjbWVnyvkLZGBGAoCiKJwnCcJwnCcBwHAcAoCiKIkUEIQhdqmRZGRCRamYWQ7U4SU4\/J3WMnmX\r\nb06lyRORJjYx7Hse69jGMaGhooNFChwlChQoUGhoaKFNlChTZCcoPTuoakLqklITKld57jGM\/H8P\r\nNb0zqSddTjIjIjIjIUhSExMTEyu9i5srDs5Eb0alRMqVKlRsqNjkORO4oLP1d3D1EhIW9UbHIlIl\r\nInInImzRJcWDEQtzquPFpiYmVKlSpUqVKlRsbHIchyJ3DL1CNouXZ5DhAjAjAjEUShQ4ThOE4ThO\r\nE4ThOE4RREhIoJCELtqiZFkZFuRZmaPkc218nMu\/yLWTcq7siciTJMYx9kxjGhoaGihQoUKFChQo\r\nUGhoaGim9TZg6newngapazEpCkJlSu17rGM6Aj\/Et6Rrs+LUYyIyIsUiMhSFITExMTKld21elaeL\r\nnRvJMqVKlSpUchyHIysyGNHN1C5lNKokLeqVGxslIlIlIlIkyTOnJcWnRELc6kjxaahbalSpUqVG\r\nxyHIcxzL2RG2snUpXSMGyFshAjAURIoUEhIoJFDhOE4ShwlChQoUKCF3BMiyLISLUjSMnlXfk5ru\r\nRQvzLkibJMY2PtGMaGhoaKFChQoUKFChQoNDQ0NDRTbTbQjJwen9QtFu9G4lIUipXbXaxjGdBR\/4\r\n29I1d1zosTFIjIUiMiMhSExMTExMW6m0YupOJC4pqpUqcQ5DkSmkZurRtK9enekkJCW\/UbGyUiUi\r\nciUiTGyTOmP+tQhCFs1yPFgLcqVKlSpxDkOQ5kpmXqMbRcu3MhwtkIEYEYiiJCQkJCQkJFBIoUKF\r\nChQoUKFCgl3GomRZFluRjzoYV7nWfk03Q1LI5t27InIkyTGPt2hooNFChQoUKFChQoUKDQ0NFBoo\r\nUKFCmymzC1G7hvB1a1lpTFIUipXcYxjOhI0w96ZqfnloTExMTExSFIUhSExMTExMru2Mmdl2dQhc\r\nFKpxDkOZk59uwZepTyNiQkLYt1sbGxyJSHIlIkyTGxs6UddMQhCFs1ZcWIhbKlSpUqOQ5DmSuUL2\r\nVG2snUJ3SNshbIwIxIxEhISEhISEhISKFBIoU20KFChTuiZFkWQkWpGg5FV8mtSvcmxkTLsibJMb\r\nH3B7GUKFChTbQpsptaGhoaGhrcoUKFNibTw9cvWDE1KzlKM6ikVKldrGM6HVMHemZ3nkCExMTExS\r\nExSFIUhMTExMTKldxkL9y2LUriJ6pcL2bduD8ygkJb1So2NjY5DZKRKRJjY2MZ0i66WhC2LZnx4s\r\ndMqVKlSpUchyHMu5EYLI1Rsk5XXG2QgRgRiKIkJCQhISEhIoU3ad8TIshItSNMyOTd9fk1r2R+69\r\nIuMkyTGPutNlChQoU2U2U2UGhoaGig1uUKFNlCMnF4ev3LRi51vJipikJlSuxjOjFTT96fpl+d6m\r\nxMTExMUhSFIUhSFIUhMTEypUruskNDRTdqVKlRsbGxsbGyTGyTGxjYzo110pCEIWzKVbWypU4hyH\r\nMcyd5RWRqqROc7zjbI2yMCMBREhISFsSEJCQti3F31EWRZbkWJ0NPvc6x8mG6GpZHNu3ZFxkmMe1\r\n9wpspvU3GU3GhoaGihQpuUGihTZbuTtPC6gaLOVC8lMUipUrs6OX\/wCu3Fsuel\/zuUKbUxMTExSE\r\nxSFIUhSExMTExMTKlSoyQxj212VKlRsbGxsbGxsbGxsY9lDov\/q1sQhbL6rCpU4hyHMcyd5IyNTj\r\nAu37l9xtkbZGBGBGIoiQkIQhCFtW1fAEJkWW2WZHT9+q+TGoXuTYyJFyRNkmNj71Qp2NBjQ0UKDR\r\nQpuUKFChQt3Z2ni9QXIGNqFrJSmKRUqdH\/8AW711\/tuKsqDRTcqJiYpCkKQpCkKQmJiYmJlSpUbG\r\nxj2V3KlSo2NjY2OQ2NjY2MZTZQ6L\/wCrQhCFsue1uj4hyHMuX4wV\/VUi7fuXiMCNsjAjEjEURISE\r\nhLYimxbULavgCERZBlqRpORyr3yY16\/RX5Fxk2SYx93oU3KbtCgyg1ta2NFCmyhTeoUItxeLrl6y\r\nYmq2ckUziqdIf9ZtW277ZetBooU3UxMUhSFIUhSFIUhMTExMqVGxsbGypUqVKlSpUbGxsbGxsbGx\r\nj2U29Ff9YtiELZP23Jfucy9lQtK\/qrZOc7rUCMCMBQIxFESEhISEIWxbFsQtq+BIiyDLTMadHhXe\r\ndZ+S+sX+ZeuyLjJsYx9\/oUKFChQY1sYyhQe7QoU3aHoY2r38cxtds3To6anpT3rz\/ZTZQaKFN1CY\r\nmKQpCkKQpCkKRUUjiOIqNjY2VKlSpUqNjY2NjY2NjYxj3uiX\/wDrFsQhbJembn27Ny9qc5km5tRI\r\nwFEjEURREhISEhCFsQhC2IW6vgNRMiy2yzI0C9xW\/ktkXOVbyrnE7kibJMYx\/AabGhooNDQ0UH2T\r\nKb\/478tBY9iFsv8As2UKDQ0UKbiExMTFIUhSFIUhSOIqVKjY2VKlSpUqNjY2NjY2NjYx7Hu1OiP+\r\ns2IQtj9M6FMlRFEUSMRRFESEhISEIQtxCFsW1fBURZBlmRoWRwXvktrd7gs35VLjJsbH8HoNDRQa\r\nGUKFN99h0B\/0THsQtmQ6W0\/LcaKFChQpuJiYmKQpCkKQpHEcRxFSpUqVKlRsbGxsbGxsbGMe5XZU\r\nbOhnXTdqEIZqUKZaiKIoiQkJCQhCELdQtxfCERZBlpmFeduduauR+Suv3q3b0ibJsex\/C2NFCm1r\r\ntOhFTQ2PYhbMp0tQvxmlMqV20KFChQpvJiYmKQpHEcRUqVKlSpUqVKlRsbGxvYxsqVKlSo2ORK4j\r\noGanpm1C2M1WP\/MSEhISEhIWxCELeW4vhCEyDLbLEjSLvNx\/ko3Q1G9zbt2RNkmMY\/gz202MYyhQ\r\noUKFBoa2vd6FVNDY9iFszvt7d6dp2Ncu2yxrVi4W70ZpTFIruU20KbUVExMqcRUqVKlSpUqVKlRs\r\nbGxsZUqVKjY5Dmh3C9qFu2XtWbLmTcun4u\/6ZbULbq8f+ckJCQkIWxCFsW6hfB3uoRFltlmR07e+\r\nSufd5VjIkXWTY2P4dQa2MoUKFChQoUKbvRKpojHsQtme6Y7KFC3dnadnWr9ssa7amWsu3dFMT7Wp\r\nUqVKlSpUqVKjZUqNjY2NjZUchzJ3lFXtTtQLurTkXMi5c2UKH4v8tGW1CFs1hUzkhIQhC2IWxC+J\r\npkWQZakaNf5d\/wCSmv3uG1fkXGTYx\/DHuUKFBrcpsaGimymzov8A6Vj2IWzUvtihQoUKEW4Ozq2R\r\naLPUESzqVi8KaYpFexrtqVKlSpUqVKlRsbHIchzJXKF3KhaLusQiXNVuyJ3Z3HQocJwiicJ+MP8A\r\nqFtQhbNY++QhbUIXca\/BkRZBlpmLPhdm5zIfJPqC9xXr0ibJDH8Ne5TY9lNtBoaGihQodG+WjMex\r\nC2am\/wDi7tChQoULOXesFnXrkSzrVi4W8iNwUziKlSpUqV2VKlSpUqVKnEOQ5DmO4kSvJF3UrNsu\r\n6zUu5964ebKFDhFEURROEURI\/GP\/AFI9iELZrS\/562IXfK9\/QmQZbZYkaNd5mP8AJJuhqN7mXbrJ\r\nskMfxWhQoUKFCg0UGjpBU0Zj2IWzVftKb9ChQoUKEZSg7Wq5Fos68i1qli4RvKQrhxCkVKlSpUqc\r\nRxDkOY7hK8kXc+3bLuswRd1a9MndncKFChwiiKIoiiJFChQofjP\/AKrahC2a39\/vL4whEWW2WZHT\r\nl75J513lWMiVS6ybGx\/F6FChQoUGig0dIqmjsexC2ar9o0UKFChQoUKFNym2hC5OBb1TItlrXWi3\r\nrVmRbzLdwV0V1HMRzEO4h3kTyYwLuq2YFzW0XNVvTJ37lzZQoUKCRQSEigkUKFChQofjL\/q9qELZ\r\nra\/\/AGAu+V+AoRFkGWmaHe4Mj5Ja9d4LF6RcZNjH8ZoUKFChQaOk1TSGPYhbNW+zoUKFChQoUKFC\r\nhQoUKFChQoUKbIZF22R1TIiLWL49YvktUyJE8u9MdWUKFChQoUEigkUKFBISKFChQps\/Gf8A1e1C\r\nFs1z\/sNxd6rsr39ESDLUjEucMrcuOPyR6iu1neZcZIY\/jNNtChQZ0n\/1DJbELZq7ph0KFChQoUKF\r\nChQoUKFChQoUKFChQoUKFDhKFChQoUKFChQoJdn+NP8ArNqELZr3\/Y9\/WypXvqIsgy2zHl56Vd5u\r\nN8kdYvcy\/eZNkhj+N02UKDR0r\/1LHsQhGs\/ZNFChQoUKFChQoUKFChQoUKFChQoUKFChQoUKFChQ\r\noU7f8Z\/9Yh7EIWzXlTUe+V7KveUIiyDLMjpy9xW\/khdny4ZVzidxk2MfgHpb\/qWPYhbNZ+yKFChQ\r\noUKFChTZQoUKFChQoUKFChQoUKFChQoU7Rb34z\/6wexCFs1\/\/svgFd+pUr3ZCIsgyyzpy9w3vkhq\r\n13lY1+RcZNjH4AZ0v\/1LHsQhGseeFu0203KFChQoUKFCm2mym5Ts1tW\/+NP+sGMQhCOoP+y73Xsa\r\n7K95QiJBlpmk3uVe+SHUV3ht3mTZIY\/APS\/\/AFTGMQhGs\/ZU2U2U3aFChQoUKFChQoUKFChQoUKF\r\nChQoUKFChTbTYtlN\/wDGa\/8A1oxiELZ1B\/2Xfa9hXbXvCIsgy2zFlR49zmW\/kf1Fd4rt5k2SGPwA\r\nzpn\/AKqRLYhCNZ+ypvU3KbaFCm2hQoUKFChQoUKFOzQux\/Gf\/WjGIQhHUH\/ZfB695QmRZbZYkaLc\r\n5mL8j9YvczIusmyQx+AelMm3e0uRLYhFTqDNs2MLvFNtNlCnYrs\/xnkQWCMYhCJTUVrs1PUPgNe\/\r\noRFltlmR01d4rfyOuz5cMmfE7jJskMfgHSLs7eKtWy4H+gzon+jzkf6POY9ezZE9Tyrhnyc7PxLp\r\n1tWYalk2lHX82J\/pM1H+mzT\/AEmax65mzLmXevGd9x3qu9Xs691QiLIMtM6au8N75Hapc5eNkMuM\r\nkxj8BaX9pIkMQhGb9D4Mu06d+gxj2RIiM77jv9d6pXcrtr3NCIkGWmaLd5eT8juobnDYvsmyQx+A\r\ntL+0kSGIQjN+h8S6d+gMeyJERnfcd6rv17evcEIiQZaZiXOCcZcS+RvUt3915k2SH4D0v7SRIYhC\r\nM36HxLp36AxiIkRGd9x8Drsr3tCEyLLbMd+enXObj\/I3qC7xZN1kyTGPvL+E6X9pIkMQhGd9D4l0\r\n79EYxESIjN+47\/Xsale8IiRZbZZfn0\/c48X5G6tc479xk2MY\/AWlfaSJDEIRnv8A4\/xLpz6Ix7Ik\r\nRGb9x3qva17KvboQiJBllnTFysPkZclwxy58UrjJMYx96fwjTNPvrBmqEhiERTk83TMieJ8S6Yw7\r\nt3FlFxGPYiJYsXLzzoOGR8Fr3xCIkGWmdL3KXvkZnz4Me+y4yQ\/AnRcuZo13Es3C5ouHIeg4RHQs\r\nJFvSMOBbxrVs6pmrel\/EvxbJPEuYdm4XNFw5kun8Jn+ewiGgYSLWk4kC3ahaWp3OZl\/Ca7a91QiJ\r\nAtM6ducOV8jNcnw4l5kyQx93fYP4Gz8e3eZosiQxMQmdcXuVo\/xL8V3fIkMqRZFl2ahC5Ljl4BQi\r\nJBlpmjz4Mj5GdRz4ce8y4yQx+A\/xXm8zCkSJCYmVPyXmK3p\/xL8aZataiSJFRMizqTNWFpvgFCER\r\nIFpmHPgmnVfIvqiVIXmTJD8CdFa8tEz1OM4zJHEK4XMmNuPWGvLWcv4lpufPTsnSdUsarjSJIboc\r\nZzUj8idQxvr4nXt0IiRZbZjvzxZcVr5F9VT87rJjH3p\/C+nutc3RTC\/I2l5KXVOlXFd6n0uCzuvt\r\nOsLW+rMvV18U0bXsvRbmm\/k3EvK31hpN5T6m0sy+ttKx1rPX2Rlpycn4CQiJEtssPz02XFjfIvqm\r\ndb91k2MfeH8sEIREgyw\/PRJcWH8i+p3\/AMm6yY+6PtH8ja99QiJAss6fdcL5F9TP\/l3CQ\/mUhESB\r\nZZ0464XyL6k+7uEh\/An8kK9hXuCERIMsnTP2fyL6n8su4SH8yVsREgWjptUwvkX1UqZVwkP5bV7m\r\nhCIkC0dOqmD8i+rF\/wAi4SH3B9s\/kvXZUqVKldle0QhESBaNBjw4XyL6vhS5cJD709x\/JCu\/Xcrt\r\nr2qEIiQLXrpcODE+RfV8P47hIfyyrvV3q7K9ihCIkCwquxDgt\/Ivqq3xYlwkPuj3X8o6ldldyu8h\r\nCIkDTrfNvJU+Rms2edh3CQ\/ljXfqV3a7a7K7K7iEIiWzpezzc75GTipxyrbtTmMfyyrsrtrtqV2V\r\n7NCIkS2dFWK3fkb1JjcjMmMfy3r2ddtSuxCIkS2jpLF5OF8jescasZjGPsK9u\/lFXtkIiQMa27k8\r\nWwse18jdcxv7OHcRIfZ13K\/LGpXbUqVExESJA6VxP7Gb8jmqrXMH+llSGPcqVKldldlfDNNynhOu\r\nypXsEIiRLaOjdP5GP8j+r8Dm2ZoY9tSpXZXZUqVK7a7K+GqdjTwZXdQhESCNNw5Zd6xZjYt\/I+\/Z\r\njft6nhTwr81Qeyu2pUrsrtqVK+IKbaeFUIiWkdF6Vwx+SPVelf2rNyJIY9lSpUqV21K\/GKfC6eEq\r\n7iERII0TTJ6jk2bMbEPki0muo9Hen35qgx7KlSuypUqV+F0+J0+HU+GoQiKLMG30to3\/AM3H+Sef\r\ng28+zqmnXMC9JUGMrsr4lp4ZQkRRbhU6O6dr8ltc0aGq2c3CuYlyURj3KlSvy5QkRRCJ0v0xLPlG\r\nKivktrWiWtVt5+Bdwrko0Gh9hX5a0EiMSEDpfpV5rhCNuPyY1TSLGp29Z0G\/pcpQGhr5dpCRGJZs\r\nSuS6e6KUSMVFfJq9ZhfhrnR1yy7lpxcojQ\/ltQoJCiQt1NL0TJ1KehdM2NJj8ntW6dxdTWr9N5Wm\r\nOUBxGhr5ZUKCQokYVMbEnkT0ToQsY9vGh8oJRUlqfR2JmGqdM5mnkrdBxGina1K7a7a71Sva13q7\r\nld6va13679dtdyu2u\/XbUr4FoUEhIUSNsxcG7kz0roC7cNP0jF02Pykaqal0phZ5qHQ+XjmRh3LE\r\nnAcShTvVdyu2u2vc67a9lXZXsK7a9tXZUruV21Kld6vaV7SvbV7ehQoUOEURWyNo07pvN1A078fW\r\n4GHp+Pgw+VOTh2cqOf0Li3zN6JzscyMC9jt2xxHE4ShTudfh9fDVChQoUOE4RQFbI2XIwemc\/NML\r\n8eXGaf0xgYAlT5X3bMLyzOkdPyjK\/HxldF6hYMjTMjGbtjgOBwnCcJQp8iqFChQoUKFChwlDhOE4\r\nDgOWK2Qx5TeL0xqGSYn4+y7hifj\/ABLTw9Gw8L5byipK\/oeDkF\/onTrpf\/Httl\/oDMgXekdStl3R\r\nMy0Tx5ROUO2ODOBnCcJwnCcJwnCcJQoUKFChQoUKFChQoUKFChQoUKFChQoUKFChQoUKFChQoUKF\r\nChQoUKFChQoUKFChQoUKFChQoUKFChQoUKFChQoUKFChQoUKFChQoUKFChQoUKFChwlChQoUKFCh\r\nQoUKFChQocJwnCcJQoUKFDhOE4ThOE4ThOE4DgOA5ZyxWxWWy1p1+6WumdRuljobUbpY\/HV1lj8f\r\n4UCx0nplgsYVjGXzBnahMu6NhXS50nplwudEabIn0Bhsufju2yf47uk\/x9mIl0FqCJ9E6lEl0hqc\r\nSXTGoxJdP50R6LmRJaZkRHhXUPGkjkM5LOUzlM5TOUctnLZymctnLZyzls5bOWzls5bOWzlnLOWc\r\ntnActnLZy2ctnLZy2ctnLOA4GcDOA4Dls5bOBnAzgOWzls5bOWzls5bOWcDOBnAzgOWctnLZy2ct\r\nnLZy2cs5bOWzgZy2ctnAzls5ZyzlnLOA5ZwM5bOWcs5bOWzls4DgOWzgZy2ctnLZy2ctnAzls5bO\r\nWzlnActnLZyzls5ZyzlnLZy2ctnLOWcs5RyjlHKZyjlM5LOQxY8mLEuMjp1+RHSMqRHQc2QumtQk\r\nQ6T1KRDovU5EOhNRkQ\/H+cyP48yWW\/x0y3+PMZEOgtPiW+jNLgWunNOtFvBx7Qkl816IduLHZgx4\r\n1pjwsdj03FY9Kw2PR8Jj0TBY9CwGf\/A08\/z2nH+c04fTWms\/zOmn+X0w\/wAtph\/lNMP8ppZ\/k9LP\r\n8lpZ\/kdLP8hpZ\/j9LP8AH6Wf4\/Sz\/HaWf47Sz\/G6Wf43Sz\/G6Wf43Sz\/ABumH+M0w\/xmln+L0s\/x\r\nmmH+L0w\/xemH+L0w\/wAXph\/i9MP8XpZ\/i9MP8Xph\/i9MP8Vph\/itMP8AFaYf4rTD\/FaYf4rTD\/Fa\r\nYf4rTD\/FaYf4rTD\/ABWmH+K0w\/xWmH+K0w\/xWmH+K0w\/xWmH+K0w\/wAVph\/itMP8Vph\/itMP8Vph\r\n\/itMP8Vph\/itMP8AFaYf4rTD\/FaYf4rTD\/F6Wf4rSz\/F6Yf4vSz\/ABemH+L0s\/xemH+L0s\/xmln+\r\nM0s\/xmmH+M0s\/wAbpZ\/jdLP8bpZ\/jdLP8bpZ\/jtLP8fpZ\/j9LP8AH6Wf5DSz\/IaWf5HSz\/JaWf5T\r\nTD\/KaYf5XTD\/AC+mH+Y00\/zWmn+b00\/zunC6e05C0HT0f\/EwBaLgoWkYSFpmIhYGMhYllCx7aOVB\r\nCikU\/wD4l5\/\/2gAIAQICBj8A\/wAiFqVms1nYqVms1mPo\/UrtVAqUWarZ5TlskMzazK7VUKtFQ\/RW\r\npVKqlFU3gKN3QrtVQqH6HVK6arPAe3AUK6gqH6E1zVOlVwTsHnNV6T9Ba5qnSMKW+rC0Vek\/QGZU\r\nm4cYftHYqR9IVKmcVlh5O\/GO6qTfxwOWzO+z2ZYHuUxHEyu6+piaKuyl5MLvjaZvaKuP7byYUvNG\r\nkyq3VNy0VbqYUj4oymd50VbmYXfGNMriqpuzuVLiYUxF8hc13dMLvuP\/AHi7vuO\/eUjnccp+0WTU\r\n99yOdxOK5XE9699vuMVTU7fdvadx3iKZW5b4lbnFE1O3PfM7fCJ5W5b6lb4xOTbnvuduf0olb5Yl\r\nlAc7YMSkwWIjMGSiOUCz+jdcWIi44Su85W5dsQy7N+UwQMQk79nghD5OKpi81UYqUPyQwE7VFXcF\r\nFWNpb87MGNk4fOHpuWkYnYYQI+l8odARhEfS4w8bgwWIbnsH0t5Bl5tghKf4qYhkn8No3VMXUsad\r\nnKdMoZDezaMZPep2AwyTtEKA\/SUXX3hc8IOF194YIhcQwe\/qujBkkB2QwHDywtPRsMyKIQhQdpzh\r\nooQkOCmhDRQuBBIQOwf4VDFp+kpgwRGbs4qWSzKzWezTZpszWazKlnHx3NQqoWWzNZrPbQLPcYhw\r\n3YggQ4eH0vPCExDh4QmNphk8ITG0wyeEJiHDeSgcQ4bycDj\/ANA6IaMCd+BENHYIB78EIaMB5LJZ\r\nKhVb4Q0YBkMIOENG7oq77yvhEoJy3nS7mIxbv8xKLtu8KYkQ2LsCCRDYuxBIhsXYO\/pi7ETD6Xi5\r\nO7CYvN2Lojs3XP1VuTdmGzheb1bqDR5lIZC5N2YbN2LojXMbqPyHTpbdG7MSyCA7LsjQ9Q3RIIN7\r\nM7siL56MvOYeTdEz4fj6rwP+xiY3In4ndTrwtOTkWnNu5xPxP6jeFp1Rac23Ihw3An4WdTr4fIMn\r\n5+7cwb5fE723w+Qe11yIcNwJ+J3U6+Ldc27mLz56D23xafMi05tuBEYByHU7AEaHqb\/VuSQzKDR5\r\nRfh481HRILbn9vSMAH+npO5J6M6sAe1vXbEOg229\/VgC31BSO456vrgJIjstCHZWw30tDcCSMn9W\r\nOmbAaPMpDTAuH5rU41p4mdQ3EfkPtbgnfb+NmXfD4xEx4H1FumBoq2w0aoNGQwTuNkcYfBtNPd\/H\r\nBFp+xRacxcV2UOzK1lsqbuZ8bv24NzvUYklaLfSebB8zfG392O\/uO\/oGDcdfD+q1XVUhyZVMrYJ8\r\nJ6XYT+4zPzNxnO7wD9+EHxjy9TrdF3w3W5Hqb0uwnOzPzNxXM\/wfzUhgy45NRcc3XMjnDMzdT8p8\r\namMjhOdni1b6lI4fn+Tw6N9WF\/tt8LfF+Z13IwtMqZvOR\/g8p9GFmKP\/AJLlcJHCSC5\/k8WjcL\/b\r\nZ4\/M70XsjnCvdff2\/k8Pkd6cLI56OUnfZ2C5WiZUz1fJ2+nC8jP+T+F\/OE+UffAcnyeDyu9CmL+Q\r\nc2fus8rhMKY6mfxwEh4dXKTc9XeqzIlreJUxW\/LPj8fmd6FM3\/dCU1PA8rq\/H\/BTFQbwudouo9Oj\r\ndgY8zY7L8lrm+P8ARfczuln8lytEhZ\/ts8Xmdsm0yU8nDxNveT4z7n\/6cFLshGWDpVmrFzNP29N2\r\n1mkuaw13qbam3pf\/ACUnCRupDNc3yZ6Mtlx8x2gaP6bvmcZBcren4\/5YOcITwvM0yKken5PT6ro9\r\nwbYZ7G25O+xVctHXHK0TKn4n+q7Z7m3U3Z6NU3ZaN9OFl2QfLD8vy1HrU2nmFw77fxsN9rbiREwu\r\nZnUz+NqfhZ6lytFyfdtb7m3E1y\/H1H1qbjMxKTiJtPFvlcpeF\/ptu42BwuuZvS79qk4S2SaOYrm+\r\nT9CkLp3udtHG31GvpUj0s9OJBg04uTv9xv7l0mvp81l\/usC7kV4WqTRy3jvc7aLM3GSkzoHq8ymc\r\n8URBoGMmM1J\/WO3zrpNfT5tr\/e7Gu9zrU3GSl8Yl+Zym48xxgMGnHyd\/uN\/Ms+R3Y9P97sa73OsV\r\nNfS1SZ0D9ymanHgwWTv93uduUiC5bmk8cn7mqbSHYaZMgunrPci71dW5eMFy7NzzFFnzj866xy+1\r\ndLhgOohq6QX\/ALVToH5VNx5uO55wWTuvpceC62g+1VPIfzLpIdwuJkyWfN7V0N\/Uqup+Xp3YIJJ3\r\nfMKjj\/V1LqaHftVQ4LX8FQOK6Wge5eKXtUyZ7vI+vAETAwSYnBgie4wWuz9SzYs2KbnfpxTXtd4h\r\nkVm1ZtXU4fZEdhio7kHt2nhime2wfcdxkRWPbtPDFM9tg+4xUBuQSM6bSSZUxTZHTbVHjuMQONyU\r\nXid+pVc79SriqLxO\/UvE79SqSdyD67GKRAxikcIGPGKRwgYxSOEDH6XzigCBwYo4QORFBMESicCC\r\nJjNsTcx0gqY8JiSQUhBUiu6IpBSEGSKm3KIO7tUhB\/YV3Q5QKbqwpSqqIWoq9Kr1QxkqFUkslUQZ\r\nQLLZUrJUiDILLZqsys1ms1ms1ms1mFmFmFmFmFmFmFotFotFotFotFotFotFotFotFotFotFotFo\r\ntFotFotFotFotFotFotFmFmFmFmFmFmFms1ms1ms1msytdmSyCoP8p1\/\/9oACAEDAgY\/AP8AIhcl\r\nksllYoFksll9H6DZU7MrUxnsmcrWWyhVFUfRWgVaKtVQXhCAu67KFVH0OoqrLAe7AVCoqj6FVrg2\r\n4SlfoL3LtOF5vThaqlfoDIKZrhzh+9Vj6ZoFIYPJZbM1VSCpRUK0WSywk2\/hHdFN2d\/TZU7Mr7LZ\r\nQqlVUX\/epGOJBd972KpVBiKhUoqVVbyRXdG0gpC8rVUx1V6VTqu5FTHhjSQUhdVoqbkquk\/ZSN1M\r\nZRlIKVzWgVN0SKm3qFzIrujHvuJBTNTuzsPaq3EipGL+Y3HcpDd0jkpirbjvi7uuO5SG8ZjK45h9\r\n4skFK33KQ3nMeH+Nx3RXzfhbkFIb17tLffFUlK3372kVI2+4xTzW5nTfHN+NuUUSUrUlLfMrfGJ5\r\n2576n6bfCJwLct9ytyiXhbn2b8BtziWfbb478l22yIlAtS39xtmIxbn2b+n2WwYjnb47+ItyiOVu\r\nV7VUtVVMJVUtVVL4xRwti8qqXNFPGVVLwG3PsiGfbbJu++8lg5XcjgiIhAwPfed+E712qt1I3RFw\r\nYfFwLmancVKyxWSoVlcTupWwYfJwMrNFVU3BUKiqLMo3F927m7FSt6LiUX12Us1VFVUxfaslSzUb\r\nKXQiUXBwE1M4ya7rHfiAYlO7ZWZ4AxKTh57kF+bgxKL82x9EQLgX5tjephuWw2xfm2N2mI+c5+XY\r\ncMRjjaGANxL8FIwyB+O04uS4X0rqdmWBNsbOYfeGS7t2njiK2JYiVii78CbY4bCIZA2nEV3BTBG2\r\n0920j6Sm2Nv2hccYONsbftDAN0IDNsDaYYHd03QgyaLu2GC0+bYbgbjkN0y1dDMwgUYKNx99h7Bl\r\nDQ7EeFweMBG4+6kEYbINwYKkM9hiM8ICHGLRAQERi6HGAvtEYgwxGLsYokDmI8qyaslksivMtV5l\r\nkVkslk1TI5cXOIxubqCoSFQhaLJZLLZUhVKoMWTdiGRdkQWIZHGCwLsQyON2DBYhkcYWEMjjCwhk\r\ncYWEMi8mN\/m7EMi8kfpfNT+l8t+S\/wAEc\/rRIRxI72kMAYaGAkd6UwJhoYGRy3lTBGGhgu7eFMGY\r\naGDpAR4w0MLXeVb4xLK7rluil3Ixibyir9IjfV3FTEmGzdzv6b6MNnGSOe+DDZu5b+rdmOJ4qX04\r\nEXjCz3XL04QQ2MLLs3UXHyqZzOEENje5uAwebqOFENi7Ju57pLtPLdgxfxvOXt3DO3IeJ\/TeSiYX\r\nMhkLwHsUxruGVogeFnTeBTGRuTDguCfM7pbfcurbMzuEu1yb7r4sObfDcmHBcEDws6RfA6ZHcU7A\r\n+MeXqdfBw0QcMnZXBiNztfC3AB2uR3JM6IvPmN+WHP48va6K2\/GPecAfjPuG5CBn8nRgANH9Fsw6\r\nRbcPTJuAa\/sNVOxMYuQscoy+P+WADh5Sp2jDs7bnepzsCPUzodY7lMYmQsF5yaEXHN2BYfyNtcsS\r\nHjgeU+D5On+qzRVocP3WR8Q9z8EzhZJh82jxwQn42dL7VCqhUOAqVS2XnJqLnZuwTPbZPCHyLTho\r\nTzD+vBB4y87fU1B7TNrrihXaqjZms7Oeyg2Z3PK3\/jZ+7BSCaz0t5Yknlab8n9Bwf9t5\/wBp2R\/7\r\nbscfiYerzu9ODb2N6v02qKsOSCmc7Zb5vE33KWDHw\/Kaf9N\/\/wAMZyM\/5XfsUzgz8hzfRvtt1XdD\r\nVFIXJcPD8nUMIPi+Y+z5P9eK5GV+X\/xokmZODDRqg0ZNuZjKGZC6LTn5T+ZFrqEYQfH8x6PI\/wBC\r\nmMsOWfHX5NXehTOeE5z4nftu5iFpBSF5zs\/5W\/vUjhOR\/V8P\/jQcw8zTrhJlH4\/iNPN8n+jC878v\r\nK29mMoV777+58Y\/3PM314XpqzzMXMw+5vmbgi5x5Whcrej4v54Xnf4dB6r6SlCfMftgOf46fJqP+\r\n4pGhF9RTLHy7eWzzsPK5SPR8vp9XswE3Gvlb6lN3h8rPTZm1rnD8rVJw5T33\/M\/LRuAl+EJSUsDz\r\nN6fl\/mi1wk4XgY3\/AOqk0V1f5nbD8jBy\/I2pl\/1LMxQhD4\/mz8vyf677lb1fJ\/BFzjzONn+78g5h\r\n5GbOV45gpZsd4HXvM\/PRuCn2wjPtwcnUd5XqThwd6rsv1J5bDmjIONoMf1\/F+5iDmHmabqZyRZ8X\r\n3+T\/AEWw0eUS2k6s6hdyAUzV2DlCEsLyvHMFzN6\/j7fTdDvJsOP5jbm09PmZ6lNh6vMz03HM8yCk\r\nOn4\/T6rt3tddUy7VJv44WfbB88PzfH0u9HlUnDlNw2w4\/mNwHMPK4Lk+To+X9r7Vep+jFzPPAem5\r\nHDa72m4opv8A0qQyiUDESePv6VMdbPVbbwsHjdBny\/7jPV52qbCHbJuPKO9cvxf\/AKKZqbocNp4W\r\n6Zdqpn6sSRBoxcx0O7lUdPqss9osG7m0lp7lLncpvJf7rwe24oF1dRxYMGk4yqmzoP7FUU9Q2s9j\r\nca32i1QKbq9ykMYRBoGPmOh35VQc4\/Kmj8jca32tsZU7VXqKpjyILA3+32jcoMFz3N0nmXUJYagV\r\nelAdm5eEFz7dz1WXL7V0GfuVQcBQLqMllzcVTc8oLA3X1ALpPKqdXtVRK4oFly8V1FUG7DBIG8Kt\r\nCoS1UIWiqQqmayVN3gwTOJuEEkxMRBIiciCJbjLXtdNp5elZPWT0Gsaa6vxTmOaek+Jqyesn\/gul\r\nrifzdKB7RFQ3I73u2j3DFP8AdYHtG4wYrd73bW+4Yp\/usD2iKidyO5gW9btreUF3UMU4kUJptkKl\r\nAd24zA53JVeFn6VRrf0qmKqqtb+leBn6VQBu5D9dhFJgYRSeMDDhFJgYRSeMDD\/AuTA5H0vBigCC\r\nJxPOCJaGJuUawVI5xJMqZgqYXfEUzBswpHOIO9TMH9oh2qkKQpWioYWqqVVKQxmqhVWazg3PZQLN\r\nViDMrPbkslkslkslkslkslkVqtVqtVqtVqtVqtVqtVqtVqtVqtVqtVqtVqtVqtVqtVqtVqtVqtVq\r\ntVqtVqtVqtVqsisislkslkslkslkslpszWaz\/wAp1\/\/aAAgBAQEGPwD\/ALCz6SAteawe8FD7sagS\r\nqNM1Bakt5rgFqyaMrv6r9I739VryaMjv6oNfpMJwkUfCg5hBabxG+\/M\/W6opd3V+KU51Z0fqX6R3\r\nv6r9Pxf1WvKIqK1mvHIPqVLyK2las5vLR4lqPa6oj\/SD+SY1tZCh9zSPsglfjluccsAvxS2tri76\r\nVQ8NqAWtOfyGCi9xNZsNGtLN9qbNlmLXCI3n+3kUz3C\/1B9aL3kkm+TYKFqTHiolUTSa4HxLWDHV\r\niHhX5ZPdP1LX0mVj6FqTW8ph4lFpBGQ\/6NfyzGtrKg0uefZH1qEiUBlcY+FUPDR7IC\/JMe6slU7t\r\n8K\/uXiryvK8N5SAqRBRCOxzDqv6OR3991+0P9UUZT6qdOmGLnGJ3KBvLwV4KkK8VSr6vjeRY4tOQ\r\nwWrNdy63iX5A14qh4VCbLc3KNZaswA4naviUWEEZD\/oriVCZNBOJusfhUJMtzspOivxhssZBE\/Ev\r\nyzXEYowCiVTuUBUAbl8qmy5E2awwLSCFLntvPaDuS9kab+s75FpHks1BV9UqkKmhX9yMtxachgoC\r\nZpDE7WUJ0sHK0wUH6Us5RR8KjKe1wyH\/AESaU17WjKYKDCZh9kUd5yIkMawYzrFfmmOdkjR3VSVQ\r\nFQNym1SMSMommU8jkdr7k2mLWnRFTdW1qDuUjc0mEg5CoB+mMTqVDaJZGVtPwrUmAHEdU\/Eoj\/Q7\r\npT3hoylaOzML8p1QoB+g3E0Q+LpLSmOLjlMVjVCptoraNmJ6TA7uHR\/9xTJxvMY53dGknTHX3GJt\r\nqjcpG5+GY5uSNHdUJzA8YxqlQLvtuxOo+JRFI\/0LxcQBjKLWH7r8Tb3fRbJhKbk6XfRdMcXE4SY8\r\nAFShgmBzedul8i2l+Es0R75+3wDSF+CYQMV8d1aO1M95v0KMl4JxYe7\/AKE\/zvAOK+7uot2SX7zv\r\noUZ8wuyYO6qBwEVs83FNbGolCX\/xJrRzaUzgSIiDjCgXfcaMDvr6SAmxluy0t7yDmEOacI\/0Hfme\r\nNLqilyLNnH2peP1itJxLicJVPAoeL4IK2NgvP0n+iX9fA+lIeW5MB91Bm1DQd1h0UHyyHNOEf6Cv\r\nyu1sDRS5Fkj8TMnTP0rSNJOE0qngj\/68Ex\/\/AJWnn\/7nBOlJcW5PVPuoM2saB6w6KD5ZDmnCP9A0\r\nZztbA0dIosk\/iZk6ff8AVUTfOHgqRI2tgfKfpgtdSOhMez4l92XLaJoexjCPVEegz2dDgvSkuLfC\r\nfcQZtY0T1h0UHsILTeI\/0BF8whrRfJRl7HQOub\/\/AC2IvcSSb5NJ4M2eYMEwDvaily8Bmg8zZnBs\r\nZR1cLT0Sg2OhM6p+T\/QAWtOnMxC8O0ozDRgGAKng2SGiJDweQHSUtwvNfTyjg6LUJe0xezH6w+ta\r\nclwcLvmnOcGj0lGVs2ozHhKi4xPBsJbXOOQEqiUWNOF+r8HTWmdaab5+lGVNbFpvhF2za7MXrLRm\r\nsc05RwcHyXEFBm0aj8fqn6FEXrvJYwh03FiRfNdEngaDAScgivxyJh90jxL9JFZAVOg2sn5Wr8s5\r\noqaT9C15zzUAFrmY6t0PA1fpj2i4\/MtSRLHuhQaAKlQNy8qQtZoK1pTDyKhgFUQtUvFRWpMeOYrU\r\nm87VqljuUj5V+rSqIWtImcgj4VCYxzTlBHA1CEuZrSsWLsITJRi03di5xgBfJRk7Gchd9K0nGJPA\r\nP4ZT31NKoklo9ogL8sxjKgXfQvyzXuqg361rSy7tOK1JMvug+JarQKgqAryvWjeV5XlS0LXlMNbQ\r\nqJejUSF+J72msH5V+KaD2hBUMDx7J+vQX5JLxyR8Kg4QOXgHTlmsYCqNWZhaflu6fdnugMAwlFjN\r\nSVgAw9q3tGSxzz7IJUft6A9ow+FRnzgMjR8zkPuB0w+0fo0F+OSxpx6Ij3lCCvK9b95UhUhQmMa6\r\nsAqLWaJ9klv9VGRNcMjhH6FqBswZDDxr88pzcsKO9bwewkEYQhJ2rVfeDsB7V3IxOlMwBGZNdHEM\r\nAtvRlNc84mglRLPtjG8w+DpIHaJrnZGjRURKDjjdreNQaABiAgryvcFUhUhRdKaTVDwqMhzmZOkP\r\niUZUJgyapUJ8tzKxR3rcEmfrS8GMITJR0mnDdvLGGM0+hF7zEm2YbPLc\/KBR30DtDxLGIazvoQL2\r\nmY7G8\/J0UGy2hoGACCvcJ0hQLQi7QAdjbqonZnxyOCP3ZZgMI1goG2cbDfCEyUYg+i7aZUkgzD6E\r\nXvMSbX0Nnluecg+ZB21PEsYm6zvoQJl\/cdjfrfD0FAAAYgr3DNKpaES5gjjFB7yJ2Z5qcj96W4AY\r\nRSLY0mmLTfCEyWaxiu1mRs5i\/CcSLnGJNqwFJQcW\/aYcL7\/\/AJfSQdPjOdlob3EGsaGtGACCvcP3\r\nkQ5oRc1ui7G2hEyfyNGC8VoTWlrsRFrBzDq4Qg+WacIxXaIlGTINJoJRJMbU+3IYXuOACKDtrd9t\r\nvVGs76GoGTLGl1jS7vcRoEItmMB5EX7I73StHaGFuX1e9aoewwWk2h4vtuzmVLNAvnH7CJNpiXJa\r\nXuOACKD9udojqNv+89CXIYGNyfNxKpCLXtBijM2M6BxeqizaGFuX1e9agcwwcL30oPbQ4dIYjdlM\r\nth1oUnEslpBksFzjQAL6EzbToN6g6Xvu9RaEhgYMOM9p3E6lFr2ggozNjMD1cC+3tDC05bTD28o6\r\nwQmyzQfRdjMDrm9kRpiLSDyPtyT6xvny2L8TdbC80uKvcUaUWzGgozNl12dXD7qLHghwvg2lrUsP\r\nSHzoPYYg0g3YS438ARAMY3yo2gJOztL3nAEJ21wmTb4HqN+tQhxVgQi4N0ZmBwvoic2LMDxetGIQ\r\nlTD+M\/CfoURdfMyYYAIucaXXh1WqNoB5BlyOsb7vKQZJZojCfWd23KjiwWPaCDfBCM7YxpMvluLs\r\nLRcIEXwbQyIbLOPYJuvRKJj+KX8TkSbPAUlN2jbxRfbL\/wCt\/wBNCi9e4twIijO2caE0YcfaRk7Q\r\n0tcLQ0QdYUtOVaLv2NoN13\/byjrvvnEF9tnRFnEmS0ue6gAIT9pg+f8ACzse37avcXYFEObrYCL4\r\nX25oiz1XYDaDdoZU8ITGUg3W3THYLyc9\/wCx9\/I31WqJswkSG6T3ej2nKPSmu6T\/AJWewqOMDpcx\r\noIIRvukk6rsXsPs9NIwhf7eYdR3RN1qJRcf1S73tORMbMJEgRceYDrOUAIzHdJ2E\/wBOMbpcxocC\r\nIGKLmgukE0Hq+y+zRWhecKWnKtF37G0G6yNnlnXffyBfaZ0RZmyJI0nuMAEGimY6l7sZ+jjK6XMa\r\nCCIUoiB+y46p+SzRTdpZjg8ITGXiLq5mOwJ+0vOs+Ib2fWRJsolsBc5xgAMJX3ZojPf0j1R\/w28Z\r\n3SZrYghGRMB0fVdjFmLHXjQUdmmmgmHLdXGzSzRGn5nL7bOi0QFVmG27Q38rhqg+o363KHGh0t41\r\nr7T1XJ2zThBzTz+1ZYps9t9sAfkcg71hQbqrnm\/gT9of0pkQOz\/dE2UbTOH4JZo9t30sQA41Hadn\r\nEJ7KR7Q6i0XUEUEWUsf0TQUZT7xo\/tdVGzsOrhOIDprQZQ0UAZLK3Z5d6+49VvWTJMsQa0QHGsgo\r\n7ds4\/E8646p69liE2c3pNoNXquQj0m0G6mXYTQE6e7pzL3Z\/uiTZNFtJN4IOmD80ylx\/9v3ONrpM\r\nwRa4EFO2Z\/RjFpxtsug7omg1L7bjqmjk9VyiLqMShJadQX6h0lotvCgDJZf95NH4pZ1faf8A\/rUO\r\nNxmSx+aXS04\/YRa4QIoIskQhNb0mUHsoNPSbRdRMDrFOnu6Uw0dkf3RJsjNmldJ5hUPWcmSZYg1o\r\nhxvIK\/3coQlTTTkd\/ey6LuiaDUvtuvRhyIEXjdQEmWb50QhJZ0WiA5LKdvmil9DOz1vf44zJDhSR\r\nQcR9VOkTRB7CQRVZIpk8dk8nRWib7bp7nYTQFM2l16WIDtO\/oibJL2VnrHWOJvrpsuWINaAAOOQ\/\r\n+wlDVfqvr9R9kinScJFFY6KAN40XT\/tg3gmy7z3azq3f0sp22YNeb0cjP78c3yJgi1wgn7NM6THE\r\nWQLSbQ1+sPm+JNfhhTdNc84Ag11LY6Tuy1EWSXsrPWNJxNHTTZbBBoAA46N2+WKDqv8AkdZIoPHS\r\nlmPulfaOG9dN0BfKmbQ7pTDojst\/uibI7bnil+q3sjpfGocdJkh\/rBOkzBBzCWmsWQy3dF1BqK0T\r\nfa6CDhhF0uJX22UknRCbIZeYIWRmzy+k9wATJLBqtAHHWCbtbBqTaD2h9bbJFM2hvrCB7Tf6LQN9\r\nt0txwmgJ+0OvShEdo9BE2R21uGrKEB2nf0QHHaY1oi9o0m9pqhY4p0r1oRb2moA3jRdL+2DQE3rT\r\nCXHwsUbJLa4Qe4abq3cdyFNkwgwnSb2XWQJwFAjEVHWTXYYQN0kuOALQbSXuhzoSm3mgNHu2SXKI\r\niwHSdU1ADjwzbWCmWYO7Lv72QFSp4wjRPIjLx3SSMJoX3D0ZYLvo+JGyP2xwpedFvZb0vj48zJDr\r\nz2kJ0l\/SYS08lke3C2DhydL4UK1G6RoRvBTZ5vvdoipqJsYa2kkwClyR6rRGv1uPJCc8CDJw0hX0\r\nZlk0HXjQaiiw32mHMmuyXRyTgTq1Lk4Q2JrdrusksERbL1z7vQ+NAcehtTRrSjH3TqPsgQmi88B3\r\nL0XIsxU3R3OyJks3i6moaz0RZJm1uFL3aI7Lf78e3ynCIcCDyp8l\/SY4tPIbHFMmYWOhyOQBw0XR\r\nwzlU3aD6rYCt39ETY4KVKwhoj2jrP49kKYYQbMg4fPZHycLmmFY1moFBwwi6LFOGKhCN+YS75GWS\r\nTJhEaUTU3XQHHyXtbfUdomp1kBTmi9GIqdrtQacF0UnItAUlxhzoSW3mANHJZJu1H1QGjl1n8A6z\r\ngKytaawe8F+1vOv2tVE1nOtVwNR4R1iBWtaawe8F+5nOv3NWrOZ3gtRzTUeAZsrCWmFY6NkBUqeM\r\nI0TW1Q5VG6IQDkQcbzAXd3o\/EjZGPI1phLzy9D4Ld\/NMa04sPdUJLXPPdChLDWCqJ+Ja813JR4VF\r\nxJOXe0L8cxw5Y+JQmgPHdKgToOxO4LjPeAcAvu7qhssv3nfQtaaQMTdXwqL3EnKY72hfjmvHLEfE\r\ntdwePaH0aChPlluVp0lBkwA4nap+JUW4QcKnyIQAeSKna7bI4YWEOHgcgDeQxig3Qy44FXTzqdOO\r\nABvPrfIictjbKbfe4NHKmS20BrQByW1pznhjcpRbszS84zqt+pQdMLW4m6qiTE2WBJdLxH5VpyzE\r\nZuBy95AaKSSjI2EwGF+E+WtJ5Jcb5NJsv4pjgMV9vdctHamRHWb9CjJeCcV53cttk8XpjYGttkfK\r\n6zSPRuaJ9ZoN0PRHSdQi0XhRzIuwveTyDUUbHLEIhkXnk6PxoWxp7Q8NGW+ey1FmxN0R1ndL3WIv\r\nmuLnHCTaImspaekMYQe28REcCxKOySjCWw63tO\/raMWmBCDZv5WYj0u+oS3Qf1XUOtkTwKZbgeQ6\r\njrIK05mJxClTRgJBQcMN0JkvA0x7uujWpUvDoRPva9knbSRiYD8b7XL5hDWi+SjK2Gk9c3v+W1GZ\r\nNcXOOE2lf3IO9RxbwK949VpPoRe6kkxNpxCEvaYzJeP1gtOQ4OGHGO0215sk+s0hFpvgwsYWn12t\r\nd8qdjaQ5AYRdBLjgCmzT6rT8RWgL5IHOtEXhRzWRjiKXkuPKdX4bW05x1j0WjpOWuYMF5g6ItbSd\r\n67yR4OBZjBfc0j0KBs9\/fCbJcWuGJCVPgyd8LuzaxCnyr0Hkip2vYwpM3IW82snSj6zSPQtE4boJ\r\nyqZMPruhyN\/76ZiBLu6NNGxhovmhS5Q9RoHMLV+2yDp5FA6vtvRmznFzjfJtZsiWIucYJklt5gA4\r\nGMP1vMW\/M21ohDZdsORrz4ZlrCaBRMYD7zdWxxUcLHA8+ohWnMwB55kDdA0BgCltN8jS7x0lNmn1\r\nWQ5XFE2ORKN7TBNTfyIWpoMgZ7xqjq\/5HIzJhLnOMSTa2hs7C7GfVHactJ2tOPSd8rOBzLmiIPoR\r\noLpeBw+a1oobHtRovMcfA+1ZW0j1X6PI4f0sk2VjYYVjXQTZg9doPNqfKmm6AWtwmAX2xeaAOZTJ\r\nnXdDuj+6JsZmG9LYed2rajp76XXmt6zk6dOOk5xibUhJludUENMCWMpifgQdtDjMOLotQZKaGtGA\r\nDgmEEXBpY44W\/SoynB4xHVK\/JLcBjhEKm04hf7SefytGqes362WpOEKWt0h7p07IAbxoRYfVcRzK\r\nTNGAlp8a0OW5+5+IJgN4O0j7uujWpTMJBd3jZJ20H1nBo90f3tMvcYNAiSiR+plDBk6\/v2j+CU5w\r\nxgUd9RmlssZdY\/Coz3uecmqF+OU2OMjSPxqAEOENdjTyLU0mHIY+JRlODshoWvLMMYp8KgbQbOlG\r\nDmmIKbPbfNDhid61pvlm85pHOEWG+0kc1jCcRedB3OE8YWkOHPooA1XP9HGps7qsPO5QwkoSh6oD\r\neaySifXi7vG0xscswfN6WRn91GywaInIotlljThfq\/3Wltcwu9llA76BlymxGF2sfjUAIcLXleWu\r\nwO5KVGWXMPeCi0B4yX+65aMxpacRFm+y8\/im0HI71HWmVtErAHkj3vyWMKVN6zYd0p8o+s0j0IVo\r\nOxi58Wg3hBTJmF7od0f3TAb2lE1N10TlscBhUqSPUY0ei0om8FMmx1Ywb2W9Gx0IFkstYfWfqj6k\r\nHbW8vOJuq361CRLa3KBT3uHry0XtDhiIUWAsOSkd1RYPuNyX+4tFwIOI2MEXwpc\/CRA9oarrT08E\r\nxgPKNSxxTX9R3ochWntwBxhUeihjFz0nEjlKlMwlukfeOknP6rHHn1EbHJlX9KY0elAWlOmC\/owH\r\nvaijYdCQwvdkCDtreJY6rdZ3e6CBlSwXdZ2s7iHeV5QmNDq0XbO4tyOvd5flYQMd8WKbs5PRIcOX\r\npWnInjG5p8dkmtOBse6UE2YPXY082p8i0DhFz1xx0I1oMHqgDmCnP9kDnKNjk4mxdzC0yBhe2wfg\r\nlkt6xob3kH7a77h6raG\/W5BklgY0YAOJF5QARcwfbdjF7uKMNNuNv0qnfvaLxlmPOy0\/uD1HtPP+\r\nP57JMZjY4ehBSJnaCbWo3PAyOVMb1ngelGtTHY3AcwRsc2d1GAd4\/wBLTmMb0mjSHu72CDtH7cs+\r\ns+jus6aDpw+68YXdH\/y1otAAGLibQES5sDjFBRMrXbivOWi8EHEd7N2twohoN8b7TntF\/QJHu69k\r\nAx0ItxGCaeq8ekIJrslzwjkUvIY82sjWh7TnH5LJOnY3gd0f3tOBTp2xDSaadD1h2FB0mZHslakl\r\nwGN2r40HbVMDRibSe+gZUsF\/WdrOscXuArKgZreRUTAoscDUVRwtFxAGVQdNaqJrV+N7XVGxXlCY\r\n0OrFKjJJbkNKpYXDG2laJY6OKBQJYZcvC5wh3WpuzyRBrRznrWm9hvEEc6cw32kjmsYrUwYnnOpg\r\nxaJ9KBUDgudko1ou6rHH5UVKbjaTzmyMd13OPp0eATMnuDQEZexiGXCozJujHKounkr8U6NaiQXA\r\nYQtCZTDAb6oMHYuEy+aQAEWbONHLhUWB0DhKjOmwVE8haUmfGGBBm1DTbjKBlOg7qmxXlSAohoUB\r\nahCny8Ux3pOlYwnnHA84aprMbD6Nbc0cYududkRU5+JkOcoqWzExuaybO32Ae9r8AF7zrwoCLpjj\r\nok3tyIKgaVSoPWmyAfgIRETFpoK0XHXF\/hEvcagjF1GAYENp2s6Tr8DeC0WQoxKDVAGEVF5ioOav\r\n91sBJApIX2J50ZzaKeACp3tQdzixhMd1pbfRqrQxgj0bjRjoudnKiVNdjcBzKGMrRxUWOClS+qxo\r\n9FvunTLzQnPJ1Y0DfUIQNCEx1JIUW0QMRUmzG3iODy4o06ovBaWJBkaAqTuBAE7kDeX+\/wBloEYk\r\nBAx1wKeAGu60segvsYUh+NpHMU2tPbicR6UK0Dc6DUSo9Z5PypgxvGdGuxypfWe0c5QFvjZJZrrU\r\nSLB\/t3mg3l95o1mp2zuvXxwfoNNLqFDHvhShHcdKdTEIyXdAlBwvGm35E3tN8NjClOxOI5whWpgx\r\nmPPrIJrslzotxDclNxgnnKl5CTzBGx7O32we7roW86YbzQSnPdSGlQAsDXg3ioGkOagcAdA1IHg7\r\nQwMGewDdbPbRSCmOwii35MzFMhzh1kPsvafkQWl1mNPo0UEMlzpwy7ktmJjR6E53VY4\/KjY5Ps6R\r\n+G33nHQjNN9x3TvooNN8UJxGExUt+No4NKe7G4rS343L6DsSdKJwZrfL+o9p+T5rJNbiaD3SgpL8\r\nbCO6f7KKLeW5y5xwBE5UAMJgi0YKFOfiaBzlGxud1ZZ9JZb7ZYw0pgybp35YSmuxhAYiRwa92JpK\r\nrKJsRBWhjMOe35+QA906VkmMxy3ZkFKfiJHPuBuMXOXHIipbcbxnRrU12NwHMEbHPfia0c5db7Jd\r\nQTW5BunflNKc3E7g2afZKFjKacoz2\/PbjluzWTRxxHOoYio9V7T8u42u5zDGiUzJE8wRUes8n0aN\r\nk2iZlaPFb7R7QzIbp38UFMrHBsypBctjaUDkFvTG42kehQsYrUxuJ7s6mtxAHmO4EHYxc4DcQUU9\r\n3VYT8qKlDHE+myTXY5mZrbfA9tCyTKxwbM5M65LI2tMPsjNbxGRObicRzGxhTKwecKZL6zHD0bgT\r\nTkucEci+1IFApc49Fg9pGVIEXEjSeek7+nsIqSPYshd1nuPy2+O2humwFTDlHBs2pCyMrTB7IzW8\r\nVPbimP8AE6xhOOMNPwtUsnrBHa\/\/AK4Bs2+6XeD\/AGpXVmLRcCHAwIN8FQxXNyUTHQkNdrP+SX7a\r\nGz7M0MYOcnrvd1kRlRUoewLJLOMuPxOt8H2kN02FzsbuDZo9kptaNjam9kW8VtA\/yOz2MKONjcyY\r\ncoQR2mRCXtQF\/wBWZ5vt\/wCRO2ee0te2gg3N9AYb5QlyxBrb26VLGJjc1kk1E+l1vtdjIQOSxhNO\r\nMk8GubjBCEcBRhiRFiaEBkt4raB7f8WMJhxy253IHKgDuDaGiExogfabc2gFDDh3hQGJozWSR2Lf\r\nbMGLMUw5N07+CAClsxNHBz2YnFQyQRblsTe0LfKn9oeFtjClHHL\/AJchWgobmm28b+S5rpm+b28h\r\nuEWTZ\/Lbmt\/SApBhzrRwtMLDBRTJYwuCAFq07tBVN61fu4HiPMjLOFE4DuRsH3SLwJt8qdl0T8Lb\r\nGFJPsnPuA5N2BvFaODBczDVReG8hkQrCNdk2fy25rffLxihPkOoDjEbp38cadPIoaICs21BaTea1\r\nPuAUsMeQqOJB7b9hDRhX3CKXUCocATKm5rGFIORw8O42reRF9ua5mXG+c29IyJo9oZ0a7JIH+Nub\r\ngAbRKFEdIVIPG4Ud5AKCDQmyvWvurtOAsOkLxtMsdSCIFOlm8DRUqLxUcFgaAIxMAmym3miHAD+y\r\n2xhSTld8u407sNwjBfFzENxqjAobxwxQUvtDOjXZJHltzcAFnrC8nNEQ2N5UlQjuXlQCouoCML6r\r\nQ2mYKB0Rl69qU2GBUDaem0fkbeyjqrRcFoOUWKkK8qd0NahtDxrEao+fgF3YbYwpZ9v+NxvLvAtL\r\nCLmJdiG+fWpfaRskjy25uAS9lEzCOsiIEEXwVAhaxV8K+FCWOVRdShNnAiXgHWQaBAC9b0cdqGdI\r\nEJmEdZQcCCFrUhUmFavhRYRFUKmgITp4g2+BhcoC8OAT2G\/NZG5HjM7cqJ3pbjELmMce9JTzlKZy\r\n5rLJ8tubgL8rdbGL6JlDTb6VBzCDUoQKoCoZAYzQg+bru+EKAFqR4A1xB2BwvqMrXbkvqD2kVjcx\r\noaLUHTBpO9CgOAj5bfmshyObuEZd8ctNzCGIb2GNOrKbkBzI2SQf8bc3AmsAa1TLbzLVaBULXhZI\r\nWtSIqOg0cijojmVA4DKdkY35rI\/IW59w5Dvmu5LmB3sMidWUTia4o2TZ\/LbmuClP7LbJMGQZ27jh\r\nlCG95bl4rR3pROVPPsH5UbJs5\/xtzXBSptTc1kmj2Nx4qQ3gRruXivfOOTcmH2P5ajZNn8ttwUqd\r\n7uayTR7Ds244ZFy703LxWjvXH2TuTT7Izo2SR2BxJHDhU+seFtkmD2HZtw9lDenmuXxR3rj7J3Jt\r\nQRsknICPS64KVtB9uHMLI\/sOzbh7KA3tZuYA5AjvH5AdybUEbIwYnOHxOuClTz\/kdnsjh7Ls24Bk\r\n3zRcwqo3szsnNuTam\/MjZC3qvdw7l4kFTnY5js9kd2XZtz3d9DFRcwLce9f2TuTfd+ZGyTW4pn8M\r\nuClPdjcT6bI7snNue6d7HFcxBxKi9vH9k7k73fnRsk9ntA844jxPDz3Ymk+hRsh7JzbgqO9ruZQw\r\njeOqO5O9350bJOZja0+l1wWc7FLdmspqObcFW8ACovC5lFZN11W5Orb81lc3rSz6C1C4JOytI59W\r\ny8hzbgq3kcJuaO2Y9NoiMrd11SKm1t+aysytcPmuCvGMtHpbZeQ7nJuxNAFJKMxvRiQKrmjdol9J\r\nlNfWYm7Ts5i03xha71pb9x1SKm1t+ayyDjcRzhyFwRrMbxZzVuQC\/wD86SYzXw+4R6rf+F25iFzQ\r\nrTGtKdQ9uMdZvtsTZ8k6Ut4iCE4jEipvab81lkPxTG50LgkqXjcTzCyjcNW5oS4Hapg1R1B\/xX\/I\r\ntN5Jc4xJOE3NXbn2ZxJ2Z5p9g\/8AEb86dMYQ5pbEEYkVN7QsrX4nA8yacguCSmYmk85soXKiBiX3\r\nHwdNd0GYz1vLTp046T3GJKCNzR1e6diDoyXg6p9WjS\/GipnaGazSn42NzXAyiOq0CyhGtTJ7AC5r\r\nYiN5GbOcXPOE7gRFzR1e62p3hcipnbGazSsghzXAypxxEDmFlbWjWVP7H87oRFzR1Z3R2XZkU\/t\/\r\nxZtHE4i4GSpr8b3Z7K2tGsqf5Z3hGS5mTkRrO6Oy7NuP7f8AFmmSsTo84uBudiBRccJJsra06s51\r\nP8s7wjJczNSNZ3fddmRT+3\/FmezrNB5jcDmn2TZm1p\/aOdT\/AC3bzkuZuqKNe6Oy7NuPHt\/xZpft\r\nRCFwItxkD02Ztaf2jnU\/yzvBVczdUUd0dl2bcf2\/4s0p\/tj0ppuAlMZ7X8WZtad2jnU\/sHeCq5m6\r\noo7raneF24\/t\/wAWZrsRBTTkuAlNZiBNmbWjWVO7H87wVXM3VFHdbU7wuRUztjNZ5ZyC4CU7IIWY\r\nVo1qd2Rn3gquZuqR3We94XIqZ2hms+gfVJCHCdKjOeGrpONTSqXuHuuX7gKwQtXaJXeAWpNY6pwV\r\nDgr9hvqkhaz2isha8+WPeC\/e01Ur9hNTXfSofcIra76V\/wDzzGvqPCrjkUx3tH0WYI1qd2RnbvBV\r\nczdUjuy+XwuRU3tCzuZlBQ4TIF9CewFzWxiMXtb7UcRUYLVnTBU931LV2iZ3iVRtD\/R9K\/8AkO5m\r\n\/Qv3nut+hfvPdb9C\/wDkO5m\/Qqdod6PpWttEzvQWtPmn33fUtd7nVknfM21oLJMuMXdej9bOsqeF\r\nHIuOGmzBcqnVN8Td425m6pHdl8uZyNam1t+azgYwhwpBwii7R0XHC2gomRMDsjho\/E3TWvJcRjbr\r\neBaLwWnERCzwFJX4ZDyMZGiO9M0FGe5spvfd8Op\/+RB80Gc8de9\/5fRQawAAcKvGSHPZ+fcnVN8T\r\nd425m6pHdl1nM5GtTq2\/PZ2HLDnQ4XpCg5gIyiK1pLI5Bo+BarXNqcfnWpMmDun5FqTzyt\/uqJ7e\r\n6frVE1nMVRMl\/F9K\/ZL+L6FTNl8xWtPaKmk\/MtfaOZn\/AOxa86YatEfI9a+m+t3\/AE9BUSGntRd\/\r\n6ihKltaB1QAqBwuVo43Cz8h3J3u+Ju8bczfUjuy6\/wCEa1O9350bM1+IgoDj+U1tZs8chzbk33fE\r\n3eNuZvqR3ZXaRrU73fntBsTfCHH4o+yALOajm3JtbfFvG3M31I7srtI1qd7vzI2cDqughx+gnvxu\r\nNnd2XZtyZW3PvG3M31I7srthGtTqm\/MjZ3NqKHH0p7sQNoOPsOzIJ\/abn3ja7mb6kd2V2wjWp1TU\r\nbOMoIUMXH0p+Wi0H9h2bcf2m5942u5m+pHdldtudGtTqm50bO12VDKhx8ggMZtCYf8bvCgndpu8b\r\nXczfUjuyu23OjWp3ZGdGzg5UCgePhQGW0Jnlu8KCPbbvGV3M31I7srttzp1ZU7sjOjaAQGLj2UUO\r\nW0JvluzIL\/mN+beMruZvqR3ZfbbnTqypo9gZ0bQChj49m0p3lPzbg8xuZ+8bXczfUjuy+23OnVqb\r\n2P5RtAIFDj0dwWhO8p2ZBN8weF+8bXczfUjus7Qzp1amj\/H\/AC1G0g3jyUdwWhOP+N2ZBM8weF+8\r\nbXczfUjutPtDOjWpnlnO1GzitRF47gKHHqCYTfMbQn+W5BSx\/k+XeNuZvqR3QcoRT\/LOdqNoA5FA\r\n4EEOO5R3MgTAMANoT\/LKCk9s5t425m6pHdFaKf5ZRtANJpFBRI3Ahx2huQUTfVVFoT+x\/KCkj2zm\r\n3jarmbqijvOZO7DkbQETAFRwqCBQ48RUBfKjaE4+yPE1BSBld8u8FVzN1RR3nIEew5G0IoA9JopW\r\nkNyHHeA3IC8LRnVN8TUFs47fybwVXM3VFGveA5BmXuuzI2iMRvqIvHcCHHbSK0RfKjaM6pviagtn\r\n9\/5N5yXM3VFGveNPstzIdl2ZG0vtuNIUQocd4lE2lN93xILZ6nfJvOS5m6oo17xh9huZNqd4XI2k\r\nHBBww7oHHXQF605lbc6C2cey7O3eclzM1FGs7yWf8bcybUfC5G0\/tuvcdoqi+iTab+03OgtnHsHP\r\nvOS5makazvJXltzJnLmcjaekEATuw45ww2o7tNQUgex\/O8NVzM1J1Z3kk\/425kys5ka7UAN4oHjq\r\nXG+bUPbb8yCkj\/H\/AC7eGq5mUazvJPlhS60a7V+25R45FRwYLV\/5jcz0FKH+IZ37w1XNDXvJPYCl\r\n9pGu1dIUEKm+L+7DjdFaDbwv2sPMHhegpflNzv3jqrmhr3kns\/ypfaCNdraTeVAgxHHDQaacNrs8\r\nweF6CZ5Tc790JxyXNHV7yT2TnUvtjOjXa+k29hCBB43aDTrKJtYKX5nyuQTfLb826ETc0dXvJNRz\r\nqX2xnRrtiPqm+ECDEHjZAdIqJvm2JfmfKgh5bd0I3NHV7yVU7xOUvttzo12zA9A+hRB41UX8C0nU\r\nk2zKHtnMgvcbm3Qibmjt5K97OpfbbnTq7a0XdHMgWmIPGj+FpOv2yFJ7ZzII9lubdC5bmh3kut2d\r\nM7Qzp1dt6J6GZCm\/xmgL+JaTr9tBSe07M1BPqb4W7oQruaGreS63Z03tDOnV25A0sQIMRxk0RfKi\r\n6\/bYUjtO+VBPqb4W7oQruacm8b2nJvaCdXbtFLTfC0gYjjFotpcomkm3ApFbvkQUz3fC3dCbc05N\r\n43tuTe0E6u3tJhrCiL4vjjAWsv41TboWz1v+RBTOTwt3QmXNAcm899yFYTq7f0mmBCgaHjBuU8W4\r\nlaLb2O3wtn975EFNrGZu6Eyq5oKt4e2czVyp1fAERfWhMoOA7lPFmLisTcVkptQLZ6nfIhWpva\/j\r\ndCZVc0B3jvMOZq5UeAtF9LcyDmmIUDxXhfOJRceAQtnqdnahWp3bO6EwZLmgO8d5hzN3DatNmi29\r\nhGBRbfwhU8VdGXzqJ4CC2cey7O1NrU7tndCZVc0BRr3X9v8Ajc5uBNJpgQtGbQcfFOLioChto0Wm\r\nFs49k502sKd5js+6EwZBc1O7M7f8bnIOBtF1LMy0mGI4oaLaXLScYm1IhU2gFIHsHOm1qd5js+6K\r\n00ZBc0KNe7M7YzbgqGa0Da+kwwKg46L86gVRxLiTALRl0DHa5ItAKQP8f8ptaneY7PutrCAyXNHI\r\n7s3tDNuDsjNaDrZ0ZlLceFaTTEcSaVC+cSi48lsFGuzhSfL\/AJcm1qb5js+62u5q+pHdm9puZyKa\r\nfZbmtB3JbWkwwUDqvxcR4kwChLvY7bNZs4Unyhnem1qb5js+6yu5q+pHdndpqKb2W5rQdyW4GzKW\r\n48KBBiMnESmk4lF17Fbhrs4Unyhnem1qZ23Z91hy3NXjIjuzq2\/Mimdhua0HcluxYVA0OxcQoS+d\r\nRPBgUryhnem1qZ23Z91tzV1RR3Z1bfnRTOw3NaBt6IQbNvY0DGIOHh6LisTcVvX7QCleUM702tP7\r\nTs+6KrmrqijXuz\/d+dFS+w3NwhRS3EgQaOHNEUuWk4xPB4Uvym53ptaf2jn3Y5LmpGROr3Z\/u\/Oi\r\npfYbm4R0mqigi+OGtBhpwlRPCAUvym53ptaf2jn3SclzY17s+pvzoqX2G5uEtJpgQsovjhgsZynh\r\nIJnlN+ZNTqzuuOS5s6vdn1N+ZFSvLbm4T0m30COFtBnSwnFwmEzym\/MgjWdwJxubOr3Z9TUVK8tu\r\na0DwJHBhQp4Uj6xvBRN\/gM2gEzy2\/MgjXuBE3NjuzuyM6KleW3NaB4F0OZR4SiUXYLwq4ENVoBN8\r\ntqCO4Fy3Nicm7O7IzoqV2G2geBQ4YEMXCUBfdRacbSNRtAIeW1Co5t0IV3Ngcm7O7AzoqV2BaBq4\r\nGhi4S0cDR6TaYNpGo2gEOw1chzboTMtzZpybs7sfyipXYFoG042mRwk45TaYGS0jVaAXuNzLkObd\r\nCl1XNgd2b2P5RUrsDgMjiITktNreU8BhHss8KJyHNuhMGS5sCjuTex\/KKk9gcCG0hwiajabphqHA\r\nYR7LPCj2Tm3QmDILm0cRR3Jvl\/yipPY4EDuIZtKATWYYU12mbQCPZb4Won2Tm3W1hAZBc2cjuTfL\r\nOdqKk9ngSCgcHENzcRItEE3m0n5bUNoBO7LPC1O7Ds262tC5s9HcmeWc7UVJ7HAulj4huGW0dI33\r\n08lqG0Andlnhan9h2bdZXc3eMiO5M8s52oqT2LQJtU4xTxDiMIFoNljCaalAXhRahtAJ3ZZ4Wp\/Y\r\ndm3WV3N3jIUdyZ5ZztRUns\/zaEcdrEYL4tAcJB3JaDp57I+a1iMtnCd2W+FqmeW7Nui5u4ZCjWdy\r\nZ5ZztRUns\/zZw0YVAWtpC+LPDhN2O\/Zw0XzQmyxgHptbSs4T6m+Fqm+W7NuxyXNynV7j\/LPyoqV2\r\nf5s5ditcg3jQi04LNHhOCLcRs33D0WU+96trlqhZgn1N8LVN8t2bdcclzh1e4\/yz8qKldk57OBym\r\n2A8XjxCEwVGzNaek7WNZteIWQ02YJ9TfC1TT\/jfm3AnOucOr3H+WflRUnsnPZsgptkwviniEQcKL\r\nTfFka09FusahbOkMFmCfU3wtU3yn+HcCJy3OCdx\/llFSeyc7rMI3zSbZpTmYI0VcQvuDlsn3HdKZ\r\nT7vqWyUWG9gsoT\/d8LVO8p\/h3AuW5xHJuO8tyKlVHO6yjE2k22Jovig1WPSPC8CoYDesTZQwmmr1\r\nkGi8KBbX3GiltNlCme74WKd5T824E3Lc4Bybjuw5FSqjndZQXDWdSbbLXXiIFFhvgwsMTe4ZgVA2\r\nF20OvnVFXr22QU6Wb18VWQKZ7vhYp3lPzbgTKrnDTuO7DkVKqOeyAEaraTbomi8aDXvqASrx5lC9\r\nw3EX1CBXRPMqRDehovmhMlD1RA1+tbn3mill+qyCtTPd8LFO8p2bcCYMlzgFGtHsORUqo+J1kBI1\r\nnUm3XNwikVjdoVNCvcQaRFUULGN0OPRl63L6lulpEQU6UbwNFVjCme74WKf5Ts24AmDILnEUUew7\r\nMipVR8TrG2XgjE1C33MAojEVFayoG9OWnhwuOHe5VRStN3SmGPJ6tvCe0azL\/ZsYrUz3fC1T\/Kdm\r\n3G1hAZLnDsiKPYdmRUqo+J1jdPOEwHJb4mDBQd\/pC+OG4BQG+awYSg0XhRbzmOvOBBTpbr7SRzWI\r\nVqZ7vhap\/lOzbja7nL6kV7jsyKlVHxOsUAmMwgU12+WHCIKG+gtHBg4a0zyb8zTeaICs8AFwvPEf\r\nqsQUzk8LVP8AKdm3GV3OXjIUV7rsyKlVHO6xS2G9GJ5OASReNO\/iOkOGdEXsNgAwmk8ANnC+w01O\r\nsQrUzk8LVtHlOzbgOK5yRjCNZXuuzbkqo53WJz+q3PwDpYW2D7jBqm\/kPC8BfUDfN\/fhuC+auAZj\r\nDhabEK1M93wtW0H\/ABu3C7ELnTjCiMUOy7MipVRz2KZMxkDm4BgbxRab43+i6kFY2m8eFvuPv4BY\r\nC84aBwCQcITm4iRYRWplY8LVtHlOQCLyL9zoTQMhQGR2ZFSqnZ3WJp6xJ4CDsf8AFg0HiIKxtN48\r\nKab7+AWCAQaMHAU1vtR59awhTKx4WraPLKAAimS8MKbnTpZwhCIo1h8LkVKqd4nWKWzE0cBHGKRY\r\ndB4iCtJuszHi7XCMBfWk6l1h0jebn4DJ6zQflsIrUyseFqngdRCdMFAp5bnn34a7AUVKqd4nWJnZ\r\nHAeQ0ixacmg4lBwgRwdRexqDeexAYTSeA5Zw6Jz2EKZWMzUZJMA4IS5Yg0XPH1I1qV72exM7I4Do\r\nvimxwmCOXCtKUdIYsKgaDwVqhRfSVResUTeFPAjB7P8ANhCmVjM1clz19RRrUr3vE6xM7IzcB0KI\r\nvGx0L8jQcuFRlO5CtdphjwcDRvDKomkqAskOfgRoxMGewhTKxmauS568eyURlUr3s9il9kZuBNHm\r\ns9LYHGKFqO5Cr0RkpUDRb1AiqYBUmK1RCzaRwXuBfdFhFamVjM1F2S56RjCdHGpXveJ1iaDfZqnk\r\n4F0sOG0YOEa10YVLUdzqiBqK1mkclq0K8qTBUmKoFow51AXuBXQ9UBvNYQplYzNTn8lz5zsBpUr3\r\nvFYnyDhg4cDRF42rrAGsK9CpUEhUOBWA8q6Kpaebf0Aq8VeWBUlY1eCotWHPwK55vNBKc919xJPL\r\nYRWpg9oZmpsb7qbn33BfbmUtuIuz2KW7ATA8vA0DeKhbt5Xreib5vcDFovvMLEK1MEL7k1jbwELn\r\nsBSVrUoNbeiT6bEHC+KUyYPWAPA0DycNxUeBmyheaInlsQrT5t9zzGoKBpCi251Fyg2gbrTXYzs7\r\njS2kdk8DwN\/BwzSo8DEmgClOm4zRVYhXuxBUH86iLm+NyiTvG1mxtmi8DA1FAi8eB4G\/wxE8D\/aa\r\naX5rGK0d5A0hRbc10Wc6p3oPtGyfbcdZlHJ6vBEDf4WieB4pz8AoFVjbWjWd7EFYjcyiVosvb85H\r\nfxZAXdB1B+pCHBGi6\/j4TyqJ4ILGnWdQLI2sInKd9EKB6VzCJvLRbesExuIg2X\/bzDrNvZW8E6Lu\r\nfhGApKieCC5xgAIlGYb2AYhZAcVNh0XX7l0TeUBeFhLesII2QTGGDmlB7b+EcE6Lr2NRHB2i2lyi\r\nb\/BESvstOqL9dlJyWLRdfuW\/bbeF+xRxLSFl0hSw9IITJZiDwTC+1RHBdK0JfOqeCftSzrYcijZY\r\nnDYoi+oHpC5X9tt\/DZKLNA0yidYfO1CYwgtNII4JiL2JRHBMTQAtFlDeCvty+mfQom+bLR0RfKgL\r\nwsYIURfw3KYDpG9Zoi+qRZdB5jJdf9n22oOaYtNII4Ji0wKgaHcDxcVibi4K0GUvPoRc4xJskGAk\r\n5FpTjojEL6DGCAFlBwYUHC8bk5c68EXG0KQqFQbH9mcYyT8P9UHNMQaQRwTELRmX8ao4EhfdiWk7\r\ngrRbS83hiRc4xJvmxUkqkuPKuhGulQaABktDQcaDeuT6DeiLf+3Mi6ScHV7CD2EFppBHBWi6lqi2\r\nkcBFkql2NRNJ4K0GUvzIucYk4bfgekLkpA6RvcAw6Uo32\/MxCZKMWm3dFgLjiAitJsl0ObxKM2W5\r\noxwsdFIxKLTyW+XOMAEWy6G48dj0ZTS45BFR+y70L8rHMrBFvGXKOthOJRN\/gAOCDheNyOJvBE4M\r\nHAWkylp6TcaEyUYjCMItsTtpi2WaQ31nfQtGSwNGQbpfKH25t+I6J7bUZU0aL23xYtJpgVB1Drd0\r\nnHkVNDReFjE7agQ03m4+2gyW0NaMAG5ouAIOAov2WEuZiHQd9CMqaC17b4NtmXJNZ+ngP7Z5Lkf2\r\nxfN\/gT7ks1jAVpMMHC+3CLZ\/3c4RlMOqOs76Wb47SwfklCNbfW7tk0ZvOoi2tEUvxLTeYmx6b\/1y\r\n6Tld6rN9psAE9gi04\/8AGoGgi2ImgIy5Z1cJx8CBwNIQeMNyEuN4IuOHgUTJZLXDCEJc3Vm+h1rt\r\nls6TiAOVMkS+iwQ3xBvGgqZIF5jiBV6lk0XUtWk0xtgy5N\/C5RN+yMMNZ+ufe6Pwb8uYIMmjS97\/\r\nAMS19JxoULzcXAxlHDeuQ\/bF83+B4hCVtJowO+tAgxBtWSDSAS7uh1gfla0\/LZYt5lRQcVqlzzAB\r\naLKGZ7LBMYMDQPRv5MzE4jnH9LWhfdiWk88DhwvhB4w3H4m8EXcEhrtaXixdhCZLMWm1I9Vjj4WW\r\nBwxNaPms2k2ghaL6HWnFxpwBReaMAs0UDjA3+l1ZjT4mWroSqTjUTSTwSZRrFx+Avuo4L05ZrGAq\r\nih+Fp+W05r8TAOc2CdkIHwstDRmUjGoi9aBZLpfmWk8xJtCW7Gxp9G\/m5C0\/E204uMAtFlDc\/BYe\r\nMBQcLxuPEC82jgwOaYEXiEJe00HrfWgQYg4bR2h2Rg8dg2g+3\/FowvtxLSabLpOMAEWSaG48aptG\r\nQcctubfzxibHmNpQvuxKL72Lg3QN9ua465+GFCp4O1TFmFpvLUMHYWm\/aE8+03NYNoP+R2e0tJpg\r\nVA0Osek88igaGYrT2c\/425t\/tA\/xuzWhFxgFoy6BjUTwcI3jQbjolis8IaTTAjCEGbT3h86DmmIO\r\nEWaaf8ny2DaD\/lf4nWpozKRjUWmI39K0Zes70BaTzE2ps\/ljfzxjlPzWfRFLsSi88nCLXYYQNxuJ\r\nTncJahi3C03lAHRf1TZZhxzD4WWCcf8AI\/xOtWLb2JQdqnKqN5rGnEFBuq3Fa2z9j+d\/OH+N2ayx\r\ncYBaMugY8Kp4SMo1i4244TRwpEUFBszXb6V+N1OI37G445hzNsE043uz2vqlUgFUAKl0BktiR2T4\r\nnb+YMbHZrHEmAUJQ5VF5ieFGuy3GxLGARPC0WmByINnDSbj9ZaUtwI9NhHbdYHn2nZ+EpHveJ+\/e\r\nPZOawxJgFCXSceBReY8LtdhAgbjMU5+M8MaTCQcYQbtA94fMtKW4OGTft7Ts9gcfaPCUn3vE\/fuq\r\nNgg3WKi80YuGXSzWLjLnYSIDhvSlkg5FCcNIYxfUZbgcmHes7TvFvzUjWeEpVb\/E7fmo72JMAoSx\r\nHKtc0YuG2uwXjcZbL5eHYtMDkUJmu30qDXQdiN\/dl1u8Tt+aijXwlLrf4t+aka9yLjBQljlKi8x4\r\nea\/JcYdiFHNxAhHSbiKg+LDlvd5SXNMQdKn3nb81HhNnafn35TxGkONAUGDRCi4xPEB0s4DG4u5+\r\nIIk8Qtmqd45m\/dUeE2dp+ewTRie7PxCDcDqLi+iL7jxD2XsnxP37uyc3Cbe27PYJwxTH+J3EIOF8\r\nFBwvERuLaA9UcQ9k7H8u3749U5lFpiMnCQIMdd1gn+a\/xO4htxii4rFOfjPEPZPL\/l2\/mdh2ZRY4\r\ng5FCYA4cxUCdE5VFpiODKXUqDBylazjUm+Y+wbR5r\/E7iG6WcIjcVc7JDiJsnlDfzOw7NvIsJByK\r\nD4OGW+oPi084UWOBqPAsSYBQBici1BCtazid43zH2DaPNf4ncQ2nAaOe4q1mM8RNk8pu\/m9h2bfx\r\naYHIoaWkMq\/I0iqlarxHEaLf1iAtUFy1YNUXEnfjzH\/LYNo81\/idxDBCa\/GAbimiPVHETZPKbv5v\r\nluzWPUcRkUJjQ4YxQoE6NaiwgjIbXiulE5KVBjedUugMlFj\/AOY\/5bBtHnTPE7iIBhbRcUc\/GeIm\r\nyeS3Nv53luzWaLSQci6WkMq\/I0jKFQ8ctCiLQ1nBagJWrBq1iTZv+a75bBtHnTPE7iI6XjpuJvdk\r\n4i7J5LM2\/neW7w2lqkiorpRGVa7OYqkltYWq4Hl3+sQK10o1LUaTWqINqWs4nltI+a7MywbR50zx\r\nO4iNy0c9xMN6xzcRdk8lmbfzvLf4bX1XEcq6UawsHMvVV8CoKl5VNrHzXZmWDafOmeJ3EQOGAoOG\r\nERuJBmIZ+IuyeSzNv55\/xv8AC7hM+a7MywbT50zxO4isOEUc1xJ5yw5uIuyeSzNv5\/lP8LuE3ea7\r\nMywbT50zxO4iuZiMbiJdiBKJ4i7J5LM2\/n+U\/wALuE3ea7MywbT5z\/E7iLo9YG4i44TRxG2TyWZt\r\n\/P8AKf4XcJu812Zlg2rzpnidxFY7KLiLWYyTxG2XyWeHfz\/Lf4XcJu812Zlg2nzpnidxFBTX4wDc\r\nQDcQ4jbL5LPDv5\/lv8PCb\/NdmZYNp86Z4ncRm5Ii4g85eI2zBpBIlNBFQ384PcImW4Ae7wm+USA7\r\n7pMORm\/i4wC2hzaQZzyO87iM9mIg3D3OOAEoniNKLHEHQF4rVmu51+w8wXT9AXT9AX7T6FrTHHlU\r\nwuJJ0HX6uEyRQdJasxw5V+wmuC6Q5l0hzLpjmVM08i\/I9zqypnbdn4jaHWbcPeckOfiPK7I38zsu\r\nzcJu7X8WCZ23Z+I0s5Yc9w8NxniPK7I38zsOzcJu7Vgmdt2fiM1wwEFAjCLhzGYhHiPK7A38zsOz\r\ncJu7X8WCZ23Z+I8t3sj0XDnDEAOI8rsDfzOw7Nwm7tfxYJnbdn4jgdUkXDnuyniPK7A38zsHNwm7\r\ntfxYJnbdn4jvZiINw0uxCKJy8R5M3QJa5gIIpUDvYARKnTNAhrZbiSaLw4TfNY0uaHwMKmqBEN8G\r\ny2lxOIKa118PcDz8R3NxtuGvPsniRsxPUhzFzVrsaawqZTeZfrC\/UFRKbzLVaBUFtR\/xOHONHhOe\r\n3FMB52rWYDyKJlt5l+sLoelfrC1ZbeZagAqCnP60x553O4jsyxHouGvywHEiSOqXt+J2\/wBoOMBv\r\nec1vCe0y+w7xt37nG8ASi7GY8R5Z9oXDQ3G7iRO2Y35czSHZePql79sjDMmDmZr\/AEcJvkn\/AMWW\r\nYVtOnv8AaJ2ESyB2nfjZxIacRCjcMljKeJAfNMJEwaD8nUmf8tyDmkFppBG9LnGAFJJUZZ\/DKGiz\r\nL15vv8Jy9qldKW4GvrN99M2nZzFrhewtPrS375v\/ANbIMdE6UwjH\/wCHK4ksdjaM1wxgyHiSJUfu\r\nyOo7B5T\/AFEPvF8l2EObpDvytNRG0y+V0PEonaZfIY+FH7JdOdkGiO\/MRln8cnqNw+Y\/1+FfubK+\r\nAPSaaWO7bEG7bLdKdjbrs\/6ii3aGDtav\/qL\/AOTK7wRhNMw4mAn4ugjL2Nv2WH1oxef+momkniTL\r\nPsi4YBiaLqUuo57hnui6kzlz3DCMgupNrNwx1QzXUh2jcMNQupNyk3DI42i6kzlz3DG9gZ3XUpdR\r\nPpuGS3Y2kcxupSh7AuGSn5SLqICa3E0C4YHdVwN1FjBhcBcNmt9mPNrXUWYmxceS4aWm8RBOYb4J\r\nHNdQmTeq0DvXDn4naw5bqAmG\/MJPINVtw6XPGDVPibdPDG3yQAmSm3mtA5rh0xmEDSHu3T2RvM1j\r\nyXD4FPl+rGLeybpx2hw1plA7IuIN2lt9lB7JumsktvuME2UyhrQAOS4g6U+lrhAp0l99poyj1bph\r\n22YL9DPnfcS\/3EsfklinK3+l0tslt40uOJvrJstgg1ogBcSgbxRLR+J9LT8l0kAX1pzB+aZScg9V\r\nlxR0maKDeOI9ZOkzBSLxxjrXSBt20Cj1Af8A1PouLaN6Y3ou+VGVNbouF0YbRPEJAPf\/AKoNaIAU\r\nAXF4OomDou+pGTOEHC6INp2kQki8Ov8A0QawANFAAuM6E4awvOF9qhMEZZvPF43QQ1oJcaAAhtG3\r\nim+Jf\/V+hBrRAC8LjZlzAHNN8FGdsY02Xy31m9nrqBEDc+0NnYSMLvVHacg868\/C44PLuPkuGjM6\r\n4v8Av9dEvGlLwPbe97qXOxLlNLnG8AIoTdvP\/LH\/ALj0JcloawXgBchg4RBwFF0n8T8nR7iLns0m\r\ndZtIubiXJaXuOACKD9tdoN6raXd7orR2dgbjPrH37ktKLg37b8bfoRdIhNbkod3FoTWlrhgIhcyj\r\nJlnR6x1W\/Eg7bJmkeqygd9aGzsDBk+q5VoTmNeMoWls7jKOLpNRMsCa32TT3XLRmscw5RC5XQFGV\r\nKdo4zqj40DtM0NGJo0j3kCyWHPHrP1ioC5fozGhwxERUQz7bsbDD4eioyJ3I4fM1UMDx7JUJstza\r\nwbkcGgk5F+OS6GMjRHxqM57JY7xQM57pmQaoX4JTWkYYRd33XN4OERlUZklhJwgQ8C1WuYcjvr0l\r\nGTOIyObHwr8bmP5YeJUySaiCteS8e6VBwIrFxW8tSW51QK1ZD+UQ8S1mNZ2nD5dJfmnNHZBd9C\/I\r\n97+Zqokhx9olyhJltZUALoWs0GsLXkyz7oVMkCokfMqGubU76lqzJg5j8q1J55W\/2WpOaawQtV8s\r\n8p+lUaB95frBqcF+k8hH1KmQ\/mVMiZ3SqZMzulUy3j3SqWOHIVePMrx453leKoaeZUS3cxVEp590\r\nqiRM7pVEiZ3VRIdywC\/VCtzfqVLWCtwVLpY5T9C1prBzrXnjkb\/Za855qAC1jMdyj6V+smtxWrIZ\r\nyjS8a\/HLY2poCousXhzLojmVLG8wVMtndCplS+6F+mX3Qv0S+6F+iX3Qv0S+6F+iX3V+hnMv0M5l\r\n+hi\/Q30r9DfT9S\/Q3nP1L9A5z9S\/SOd31L9I53fUv0jnd9S\/T8TvqX6fid9S\/V8TvqX6vid9S\/V8\r\nTvqX6vid9S\/Ue876l+o9531L9Z7zvqX6z3nfUv1nvOX6z3nL9Z7xX6z3iv1nvFfrPeK\/We8V+s94\r\nr9Z7xX6z3iv1nvFfrPeK\/We8V+s94r9bu8V0Hd4roO7xXQd3iug7vFdB3eK6Du8V0Hd4roO7xXQd\r\n3iug7vFdB3eK6Du8V0Hd4roO7xXQd3iug7vFdB3eK6Du8V0Hd4roO7xXQd3iug7vFdB3eK6Du8V0\r\nHd4roO7xX63d4r9bu8V0Hd4roO7xX6z3iv1nvFfrPeK\/We8V+s94r9Z7xX6z3iv1nvFfrPecv1nv\r\nOX6z3nL9Z7zl+s95y\/We85fqPed9S\/Ue876l+o9531L9XxO+pfq+J31L9XxO+pfq+J31L9XxO+pf\r\np+J31L9I53fUv0jnd9S\/SOd31L9I53fUv0DnP1L9DfT9S\/Q30r9DF+hnMv0M5l+iXzL9Evuhfol9\r\n0L9Evuhfpl90KiTL7oVEpndColt7oXRbzBdEcyvD\/sl6\/9nly0HMbrTMb3Uu\/R4F1IloR1hA5QoO\r\nqy3oWmvFpRa6gi2ioGsWRw08\/TO6T5qiMLpkyjtmglEk0m791wzC44z5re29CbxAE2dXE7rf5bFQ\r\nPA40IxEQUXS4luTGFTefetrFei3iFGxEIcLxBzNcfcwuF0do1IucaTdoNpJyITuOjLlV6vnu7X7t\r\nCVIYGNGIeCJiES0IuliDsYxFarqCLzi3cdVbwNVmIQ4aedsUNJ870cLRmPMAETGjELsJHCsLnGvI\r\n30nuQnToTOI6xqb\/AClAeChLRSiYQeMa1HiBF5Fjqiix1Yt4GsWdZtBC1XfdbXn9PCyZEs0Cu7CY\r\nYy+HjS81u\/lISuHYGjGfOces93guSBSiDQ4VFajxAi8tdu+3xi3io2RNYaQhNl1HxHCuWg7bgiTW\r\nbq3i+PBbJrbL85\/8zqS0GMADQIADwZJhSjEQIqKLH0EXlRuupFvDFaarz9N1Bzekg4Ug4VTMdiRc\r\nTWo3MNaCXEwAGNN4z+4jWm1tl+az+Z1pigPBswrRIEHiorVdQReJA3hSLeKjjFmK\/pZpp80n3MKv\r\nctNDa1G5hjAS4mAArJQ43jRHiTU01S\/\/AG+DxIFKMxo2215xeWs3dfTz+db5lCyHNoIUHfcbX82F\r\nMuxmpEms3MS5YLnOMABWShxnGAO4kigYpfZ\/iKjwfL2hd40bJNOY3iWecKRpUDXb522gmMNVehCa\r\nyo4UYlFrTstUblAIf3DjW\/XcNhp\/ZtP+67whIKIIi0osdViOa8e8G6\/y3CirFadw87LvEcKJAO05\r\nG5t\/ufHN2a5TD\/rv\/wBtQ8IiMaIhttpCgaxeBlmusaVA1i2is4ptNYKDjttoPzYTy41BGBoqCjcv\r\n6ieP\/iyjT6bv3X\/Ig1tAHhJrAUrvmCg72m8RObuvr7VwiN00i0DsWPQg9piCIjCd3YNLkbkzhJGO\r\nlzsTGefMTOF4cQYwQ0+m7teEpCc0jZcjLdiN4OZjrGkW8UW+cKRaRX9NMPZ+XCaSagnEGioXIMaI\r\nuJgAMpQ1wDxMyBmH3ZP+X4TmFa74Cltei8XNG6aRz3AgbppHPaB7aIIPG9jGEwgHacjcj\/dOIb9O\r\nUYSwfOf+8\/yf9TwoKMRFrk6WcVWi8BOFbTToNvFCYK2mnQbUNcdh1BURVhLLQaBQo3FnBya3HaPV\r\nYPuTEzhpAhLltAA8KSCu8A2mV6LwdLdU4QRY6tphbmW6p1CLHVtMLSIXdOO02rRhKc7HChG5f1c4\r\nQncRTnbL\/ZM9f7nhUUYigp0s4jRovATRU8eMW8U2cKnCB0i1DhlQe2kERwk92DQFG4slPH0Ze3M7\r\nI\/Z\/5rthQFAHhWcq70ClpgdF4EDebSOa4Ol+cKRpFrFdy40ikYSHPOII01m5AzBCfOg9+b93K\/y2\r\n+FhTmmpwITpbq2mF3gU6XijEaDbhEDdNI0G1DgcaExtREcI\/dg11om4s1xGTJ+o\/m+3L9d\/hcTjQ\r\nmgUPr0i8G8QMVB0Hdt4oTRWyvQbWK7hxprGEaJToaLk2a8QncRB7szf2Mv2Nv1\/C4p7QKW7Q5rwf\r\nLxkUaRcDKduuEDzp0t1bTC1DgaihMbURhFc45EbjLkEfTadeZ2G\/8n21AUAeFxWsnS8UYjQbwezE\r\nDEaDcBMFT2g842bWK7l5rqwiiWNKJuL+NeNuedn+Wz55mv4YFNmwqOqfhvBk0ecIHSLeKbNFcs+I\r\n2wcMRTZgxinCHEp0KowuMvhZW9McGjnTOHlCDJbQ0aG+GBUyXCsRGlQu5cK2EH5rg+SfOBCgaxax\r\nXdONdWnCG52ZG4zP7g8bMkarO2\/e9iV\/qeGWsntxExHPd3SzU4EItNYMDbwTwKnHWHrWwIyoPFRG\r\nEISxpKJuMmURB7hrv7T9v8rdjwyKbNyEtN3gnZHbXTbxUviB2T77LaK7s4qRhBicSdphcZPDGlpd\r\nrO7DPqPUB4ZFTG44RHNeDJ2TZNwe3G0aw9XatxkURjwgOdmRuM7+4PGSWw\/+Sd\/t+GkU6WfNJF3e\r\n3GBEc1wLTUU+UfNcRbAoZW0YQAzKibjI4eEHBgc7tu+pM8NCVr4njxi7lpTpZ80kW4TZwqmN8bdn\r\n5LcS3VOowgaoqAuMjhzS0vBd2WfVme54ala+NjvEbwDxU8eTZuAmCuWQeY7NuCE1+UU4Pi44k7Tc\r\nZ\/HOG4BLbpdtzPy+Gz25QekXhLmZCR03B8o1OaQoG2ijKOkYPnOzI3GUCIPm\/Ud6+5\/4tTwCpKop\r\nVAsVqtV2KVSq+StZPl4gTC7u9GB8dwgpjMQcYW4OdB4qIwehgxom4SuGbXMe1vtFNY2hrQANA5fp\r\nUG0lUm7UqjkYoP6w8Yu7mZQRcdcVPaD8FuCtQ1tweloqAuImEbMlhfz\/AGme\/edJVYVar5J1nGhQ\r\nFDbzpVHIZQf1XeW7wT2ZHG3ipU3S34rgGk0GjB4TkCdpuM7jHCmY\/VHZZ+uZeFcVshVqk21PI0Bu\r\ni9qeQipgzR6LwcesAbgTjYQfh+O4CGVNeMYwdvdmRuPDyYQPdhx7T\/rP9+6xJgFBlOdUm5xHIjjy\r\nyURiIIRacRIu7JmUEXCZLytIuAKAxtwd6mVE3CTww\/aTGtOgnaQaKhdINpKi43Yt5DN9QPIEVMbl\r\nMem7h3VIPw3CCfL6riPHcNQ4xg7DcguLZhqksc\/n+0z\/AFLnrOMAoNobeB0chkItOK+qb\/KDus3y\r\nXd7fRPi2ri49YA+LVuA0oEY8HThceI4sjecGA9ka7\/8AUuUTXiCi43i6aaowHNyJRQ7EVB4hfUDV\r\nfxTX5HEdN3LTjRacRIuEqZlBFwBTTjFGDknIE457jIEKXgvPrn5LjnxKJMTeIly6SfEgwYhyLBwi\r\nFFsWnMthwPiVLDzUqkEXh9NjnaASoiS7nGr76+0elvzKmWekfMtqW7oUDQbEDfpT8xDrweMpj03A\r\nP6jgfguJlnGI4OXOzI3ANFZMApchtUtjW+yNW4axRJvHVlCOU4gsrjWeSqRFUsHNQtklvjWw4HTQ\r\nqWE6KVBwI028AgQzUYfOfs\/l31HiZhfmbsj51sS2A5SNY+09QFpQVAwIzrdh2VGW6OY0LbBBvwpz\r\ncrSLwa\/rN8lwmMx6phzbdxbpUcHDs6Nw4aVWO8DjoZ9X4LhFQFQqvDZYQMpoWtxDtY5BQ1BrAABi\r\nF90UqmhUlYulYlUFUqIhbJ6VS3oukHAHSt2BzKMt3St2IyilQNCDWgkmoBCZxJ7lmSt59TzFGSwa\r\n3WdtOVCrt6CtqlU1qikLZ2SoOF9xzp7MjiLvLdkJFwgak5nVJHRcAU12bBwGom4OnmqVLJ9Z\/wBP\r\n3de4aorN2+mwwymgKPEPjmb8y+mwRy1lUAqpYliVSpBvahU0qAVCrVarVZVapVNC2StoAr6ZhmK2\r\nxz4rrtNHd43Ee6oyGDvDW40n1epYpukDUs6g6kLWZ0X0VMGUx6buDkcLjMHpR6dq4RRl84wcBuQW\r\n9AJ0KLZMw+q5cROmtLHOc1oDhA7I1\/8Adt4nEjc9VgLjkC1p51BkFLkC1ms7K6kqqAzraMVQFQFU\r\nFSFSFkWyVSAVsmCpERmvKLuhQFSpuVBUHUrOsoUWbJ8Sg8Qz3GAXecRTkb86g0QAxBUqi76r1EVK\r\nIocoGu+Cg7rN8l3fmgfHcScoB+G4gGo0dODh1mApJQfMaJEs45lDvVk\/d9vu1Hi5j57sg+mz8utM\r\n\/wDIgJXDSqKi5veO\/wC5P7x6gAAMwAVKrWyVRAqmIVFKpELBym5aklpccyDuKd6rfnWrKaGjMouo\r\nC2RTlVCpVNtQVB1KzqIUajlCiaRlu0AoCl2VRdd4OpCiFquEQi+TSMigbbVYIkqJ2pmXJ2VEqi1o\r\nC2jBbRiqlQtkqmlZ1Ra6rlrCpZ1A13uVLfnIu7x6JuLHZWw6DcQc6DsowbE5E45zYE6ee4kHG4bb\r\nv5Un51\/8SXt45jtqYfW\/Z\/5aiqVSbFBsUKmlQcFFppWUKigoEAloxi4aksFzjiCD+KMPRHxPQZKa\r\nGtGRQb0qil2VUqlUXODqQohQK1pVeRQNdzgFqt5yolUWlAUalSQq1SqVRbwdWoipRFD8q1XiBtNV\r\nnOVqspJrKi5QFmlQaFrTCjSAAoS4uOZbADdNK+5DQAvunoHyqlwdpHyqE+XztPwr6TxrZDQ5QdUo\r\ni11HVqIqURWLFRK1XbLs63QqlUqlUqlVYxrHYxrHa1qtQ1ocyDRPDCHR3Nb41Rxbf+3\/AO1UcS32\r\nD86o4hnslbM6WfaCjxLPp4nt2mfpuRGULbFGW4S3MBMIxgtoEaRcAUw5oYNnuzISZDS+Y4wACE7i\r\ngJ3E1gVy5Z\/3pii5Uqi4UKhQdSqK1TUi5uw\/KPiaoTRs4nDdNqHv2JeXGeytWU2GU4zY15lDfGVq\r\nsEGqJruNBtq1DHY1m0P8q1XUEXGC1RXjNiAswC1phVEKFAvicgp9xbLXHoX2z0rbY4aIFQLtU+kI\r\nLWlPDhmMVB1KottVy1mrVmDnUXnYxOxKDpgJzUoy+GDiG7ziNlq7uXVjOVRKgLTWfQEYECCLZNAy\r\nn5VrTHFxz28RQUGT\/qS8+8EJkl2s3HmURaRCioFBwqNa1RUKFrjebSi11bb5dKnNDmOECDUQncOK\r\nZR2pZ9A\/JctVwiCizFWDmtwSqQqWjoUZZIVIiMotQi3IcG3cyRFzjzD0noskDWmu35nnO9BnUlKJ\r\nrta1Xb0KhQeotRZMaHNNYKM7gqW1lmP\/AC1A0FakpsT4ghMnbczPujs2Q+aKcTfnUXWsGqLjALap\r\nKoAVJAW+3pCiw9CppCz22exrN3x41A1i4ZzawCphFakoRJ6FGa4wyCq21pbi05QYICbCY3PQ5DUd\r\nqv6poKg9RFrA1LWanSJ7Q5jhAgrVZMcZLzs+j203hOFbBorONzuu+0pUBWteYaUWyNGZa81xcbn3\r\nsl0DjGI9pRbQ8bzciio2YGoqKjiK0pwNUEc4vrh52MFzenbuRCa7GDbxtIGla7KsYtSw4xg1gK1q\r\nt5zltYNEVFxgqXRVBVBVBW2FQbaBqURXYE4bEwVw8\/tru2N1QLEAg94jMxDq9r0lrPpNpQtZ1AWK\r\nKLJO0cyg5211W0\/mUXPMMgNCibEWEg5jBb+uMjqf1INnjunZfNQpiDURaxURY71tYrt8wWsa7TVC\r\n1W7y1ph2jUz4pnyIucYk3GIrQl8RGZLy+cPmQmSXazT4lEWuqalriparbELESoNUSRrKMwmBqaK3\r\ndvqMWs7mAqF1E6SYOHj9FCY2uojqm1gawnNFdYQjWKCiTkvuRw4NI1nH3G3LmQFudFrA1KFo0Z8G\r\nsMZrzBQFihQC1nUNVEERK2vIqTDQqSVFjiHOMAYqiYTpAK+qxrhm2UAXGW70vnQMdZuVUWaLMMdi\r\nmg4itVwpQe4RmmodX9a1nV2kAtebWu6kDWfkCMzi3wb1RV+td3JGozxqm32DrS8bTV6vVWtLNIra\r\na22uqaioixRumq2EdNpAVogHaKPEz6XncbkRe8xJuneSHQOMYj2kGnYmitpx9hZ7XUjQomtQFila\r\noUAdpEvpfibib2\/4i1nGJOW7h5P03QDxm6\/qIOBjEWmqaiootqa+kKBdBtZR7qlox5VUb4dNmmDW\r\niJKfxLqA4waMjRuXJpyhRtyLaNoNKDsowYQC+q7oUZRJIxY0HCJMaAQs9iAsd5MqXdy6XVABa08x\r\n9EVKFgucYAKjcbVaRkvIHVNLfZQZP+lMy+aVTa0KBrsBzhEipRNdpALWeaUWSDqy8bv+NakvamH\/\r\nAK+oteYYm5CdJMHDx+i5Aih4oc3IbWmsVqCIxikWuZtJsQsRKJR4iZ9tlXN+0Red3EM12DmkhwqI\r\nQkcUYTKg7E79ajbxKgK0QN7xrapm+5\/7VE13j\/TPO1Lq7Hm2I2AUDlCa+G0wotMQRisY7h\/9rH\/2\r\ns1KpVKpY1RFVeNOkulOJaYRBC+07pC+0\/pC2ZTic5ChM2ZYqaKrnLdpFxJBojaRxWoKYc0MGDprq\r\ngicSaWGmK13VmxAWNd+6F\/T8PS40CC1nnWeazZL3mAFK1RQzJ81uGPi+VkNY7CD5TtYeMdpRFpFD\r\nVpK1nWIWIBEkiK1pkRKxCou7XoLuZMNfL1VE0k3Rs+XUN4dZqbNlmLXCIsRsapqKjYiKnU2msa3U\r\n2kEJDTXvH0UOGZRl+W8RwnEO2xuk+d6PaWe1pUGolxGtjKM1++dxpxfxXouNJN5S5gOyTqu0OQNp\r\nDIiEYXs\/OAfFd2nI78Li9saI1KmxTbBauTBg6H\/VNgzDUKBaQQkyqXGgAYyi99Mx1Z+GyXGgBara\r\nGDx3ETZDoHGMR7ShuzBvNPwqItIutAMqJJEYLvp9DK2t+OYu7l\/cP5VE13b+jmHYfS3M7zm+uo2Q\r\nUHDGFQqAYipbpW6UGwNJggBULMUXYgncVM86n1RuIzHVuMbxiKCEJHGGBqa\/\/kVNIsUKgKL6Ai1l\r\na1nmL8Ter6cz00XvMSbSordPQt09C3T0LdK3VV41i6Vi6VWFvBbw6FveJbxW8VWUwkxMIHmRslqj\r\ne4OVg8rruc0D47iTlAPw3IsyjBg+UtWFMYICxCwTjR4l9VTPimWncMNA3jcxNlEtcKiF3cyic2sZ\r\nfTZbwCMx52oIzpn2wdkHH\/E+RRG+agi5xiTd2zGGDmkEcyZOHnCNmLzqhagqsVqtVhVqD6WrZNls\r\nkVvOrzef+RCUKNbyNtqlUehbp6FunoW6VuqrxqodKxdKrCpcFvDoW94lvLU1teX1Ti7DlsmByGgq\r\nkBRoC1JfiWsd7L8vVUS0LdHQt0dCqHQqheLpfVPlsGwECo3tLdmIu7xmuL2cZJlzXNeRFzRrAODd\r\nyZ9xiM7+0Pz908\/6U7\/l\/wC4jI4qW6XMGJwhcGjmwYRC7ysVxULJcU3h2Gl5gczf2iDRQAKLNG+6\r\ngKJujZ0kwe2pCmEwbzflVFmAWZFzq1SYSQfa\/Qi91DWozHcwyC61KordPQt09Cfwz4jUMRHI79dj\r\nWPNb1oxrChiNgNRJqY3xuUCI6ogt0LdHQqGjoW6OhVC8aHEc5UXEnTfD25QLQIXsVLOQuF3c3KDc\r\nZ0s49Uj81jueMltmMz1j+W\/flozv7U4zpdfdu+43sP3JqMua0se2gtcIEerbDSEMhAODCP8A1RYg\r\noLVyKZPNQ2G+rv8A57MTUEX+aKBoulRW6ehCZKDmuFRCEvigWTKtaGy75FQYqDjBRcYlEMryLXn0\r\nMxNy9tUwAC1Q4BgW94lS7xLeKrKxqo9Kq8a3Vuhbo6FujoW6OhVC1aMTwR8VgjJcQc9gnIpkzK73\r\ndlPOfk9w9G1FjmvQppyP\/C8CM9wdnCrs6s0ak4DYmAbTe1+8l+gjw\/FNgfNcN1468t1qE3rMAB7J\r\n3cGEbMcie7IKE1mMCnSd5VqtFodAuoW8VWVWelY+lVeNbq3Qt0dC3R0LdHQqhbQaYtyGkKlnjQdr\r\nQByKNZylRNAUBQ285bhiePKgnabjz2HFA5ST40TlPJ7uzb816FE5HA3g4ZzcOZVquyeH4pus01Hz\r\nmnry3Lb25DjszAKOxM\/dzLQFSWuMGTgZZ078pQODEolMl9Z4+e0DclN5kGlpWy0862jRkvRrshHl\r\nQThcQLBKb2eUHuzD4rfmF6FP5vLeD+0fLcBbOkz2h8twgQVsRdw76WOyfwn+my0lzm1smtPicpfE\r\ntqmNB5\/PwXAII2CpbckTaOOfkkaQgtcKm2rVC1nIolNHow5Qe\/KYdFub0KmaB5bwf2jcBbu4aeIt\r\ndUcbXebMYncNPG000HE5vmzG2Zno6p8adw53pRiOy7BcNIQ0I2IIdg+Vlkk4hyUxuVwHjQCiFTQb\r\nbVYNJyLWdtPy5EbBORQyFw6C5EZDfVRW6ehbp6FunoW6VurdVQ6Vi6VWFWFvBUu8Spd4lvFVlVlY\r\n1j6VV41UhqiANKNsTnvQqZ2TeD9NwbpuGwIcRLEWHL\/Cd6L0WPBDmmBBxEWJ7f4ZPs7abKJ2ZoLD\r\nz7qhgtbpCGhGyOwfK2y7kqU30gejaQsxFBQx0Y1UFUFiTtauNg2JjccIqYzI8+NOABrW6ehbpW6V\r\nuqrxqodKxdKrCpIW8FveJb3iW8VWVWVj6VUelVLdW6Fuhbo6FUOhVC9wLaOS9pnYN4O5vJcG6bi3\r\n+4yhDW2ZkMv7OZ8Fh8vrNcOkJkxtBaQU2c2qY0O6cFo0hBGwAmZ2uHuWdJF+VKordPQt09C3St0r\r\ndVXjVQ6ViVYVYW94lveJNfGOqDaAZ1CxCw5ue0LDjBT2ZaVp5OaMlKgoWpz0XtM7DvJeB0C4A51A\r\n13CZw03dmNI0dV3qJ\/DzRB8txBQCczquI6CmAmLpRLTo32YLyihpUqZiJh7QsjSqlUVunoW6ehbp\r\nW6VuqrxrF0rEqwt4Le8S3vEqXHoW8VWVjWPpVXjW6t0LdC3R0LdHQqgqru5+gWIWGjnswVAK2qAR\r\nYjYac6ZNFTqOlB3NycXnRaQsgXs\/su8l4Dsi4xCjcGf3KWKHQZM0\/spn+2gpzfTJ6TrKbwx85usN\r\nLcF3RYKBUqeRGGqUCAFUhp5KBy09NgolE5BZL3CjFYa7Ogc1kFNmisUoOGSPJwGa30Xs\/QfJeDTm\r\nuWY2oszeFeIiY0jn8x3qvWq6ggwPMnnrBp6WtUpx3SdU6HbKhkwWwtCDSWhNJrAgbA08khgxmCAs\r\nxRdlsaorNoDYNh8g8yfId5pRbk5MGQU2IWY2Ccl7u0G8GnMbiLGcXCa0brna40P2\/fTH9aW3xFzU\r\n14rBBTJwqe1rukYLYZ7EbD5JyKZIOJ0RoPJevib5bEFBQQbYJtDLOI2I2BGo0Js4br6Cg4Y+TNY1\r\nmm01bMMt7u0G8GHTcRosQy3Dh+MArjLcf\/JL\/wBxcM\/K1w6D+uxJdWWxYeb\/APPBbpQKNgE1GhNn\r\nDdeIGweSQ41upsFRQbiFNg5TajIaEDZitYbzR5FA7wr0i8awqXDpVL29IVMxnSF91nSF91vSvuBb\r\n\/iPyrePslVu6F53QqGvPR8y3H+L5lRLd0hUSz0qiUPa\/Qvtjp\/SqJbekqhrR0qpnQfmXm9C3gOZb\r\n8OYfKvuHoHyr7hVMx3SmSe8dqxi6k7oQAUBZjfR0G8GnObiLANqLM045cHj1TtfkUh\/VeR7Q\/RYm\r\nyT5rg7p2cFsRitIoTW7zRHnTXZQiOSGsxVnQoWYpz8tSKhktQRWEDmtDJdU5ahadSaYg4tZaolxj\r\nTWvtD2v0KiWOlUS29JVDWDmPzKpnQfnXm9C3gOZfc8TflX3D0D5V91y+67pX3H+0V9x\/tFUvd0lU\r\nk9N99+8bcyn1fMtIWY3wee8BpuIsjRaCzxLf4T\/dRPUe0+8yxMknz5Z\/Lt4Loc1iNh0h1RqT+GdV\r\nHWbYIu1JHSqXDpVL29IVM1ntBfdZ0r7relfcHjW\/+V3yrePslVu6FQHHm\/Utx\/i+ZUMd4lRLd0hU\r\nSvzfpVEoe1+lUSx0rcb41Q1g5j8yqZ0fqVbehbwHMF9zxN+VfcPQPlX3HI8VxDi4vOzHqj57ELGq\r\nKytUYkSo2xlnSLEbAcKwu9ZvtpByELX89lY0b7eSWyobApd2R8yAFCgo2sMl8HQbw5xdBaCzNl9Z\r\njh0hT2jE0O9lzbEn0jq+1s4LoZfKo2Q8Yim\/3CUNbUpMOqg5rKCKKUISxAjKqGN8aoawcx+ZVM6P\r\n1KtvQt4DmC+54m\/KvuHxfKvuOVM13SvuP9oqmY72iqXO6SqSTfLOHZ5xpOQee5NlsEGtAA0CzFF2\r\nJtjVFu14xFAi0Mh+66pEQ+nN979aIG6aRyQHzBCY+l3wMt9a+ToN4HSLoLcjKFxEk16jx0B1iVMF\r\nYcD40YYLYheOxGw\/hX5IBTOCfQWGLeyfkWtjaeRjxkwUvob2f12IWYWC7LcO6caR5LEbAcKwtYb7\r\nRHOCEWOEJsswOkfPyP3jx9OXAnO7zG2IWc1mGS+ToN4O5vLceeyLQWYnEpmR5d+bWUMiByFS5nWY\r\n0+LBdq5LQO6Uz+4yBEtpdnb5yjW1wRbixaORGcO2o0uORo3k1jRAAQAzWColQxCxDLcQ\/FjQItNR\r\n265f1csfTdQ75\/UXeN3XeXkVsqWIucYBNljFWcrrSArsxvo6DeDv+sdxNkC0FmdN6ktx6AhpU2X1\r\nXuHjscO70IdBwXa2RUGOQ5vNsRsO4WZTRQn8G+hsS5nZ85nqKjebSORO\/mj6kykxxN8xliFnWNiG\r\nS5d040jyWI2TImbwCfwU4VbpzfoRY6scif1U0bTt0ZG9b11BQFiKjZoqvpxzG8HaLidNgWos8Qcr\r\nQ32i1iCnj0z47Ev0XOHuuwXHQU\/hnH6kkw0yydj\/ALb9i0DxiTeMkfcZSEHjGu8bUa9PIQc8fSlk\r\nF2c+ZLULMVBQRKjnuQmNxIEG0DxzocXw++2ld60Qe2sWKlUVUehbp6FulbpW6qlV41UOlYulYlWF\r\nWFWFveJb3iW8VWVWVWVjWPpVSqW6t0LdC3R0KoKoKoWNofTbXn9BAqAUbGqLESs5vt59E+S8HaLi\r\ndNguuAlRpmTGiGZv1EFO0g\/lbYezqzPKMFztBTeJEdUOg8DzmH7jUHNOs0gEEY2ncdYjYMiZuuR\/\r\nczTHsu\/9iLXVFFh5r6qVRVR6FUVulbpQlsaS5xgE2W2usnrO851pALWsG6d040GpRFoZMzdcjOZ9\r\np5p+Zazdx3IIlsFJQY0UCs5Ta02M1+TOy7yXg7RcSoBAXBvDA7MltPbftu\/J3aCmHKGH8rLHES8m\r\nqfhwXO0FHSjwM07coRZnl+ez\/KURZiEWOG2AjJmb7KO0PNeotG0KlV41i6ViVYVYVYW94lveJb3i\r\nW8VWVWVWVjWNVKpbq3Qt0LdHQqh0KoKq4f1MwUu3czet66gLMTaQxC6RFYqQBrsRsRCMiZvQoR4W\r\nbundPwLVdyBrvH1HV+iOrYgo2I4rMBfk0+gfJeDtFxK1jcHTH0NaCScwUziHVzHF3SgicrGHxWJ7\r\nMrAegtwXO0FHSmcTKO0wx09Znrpk6Udh4iM3Xl\/5doHCrGhxvDCJye81B7aiu8bUa7+2h9JtZy\/w\r\n1C0zWYCs2I3SOLGs9oHNrC1274yVoy3iE1njUDXfw4iYKPMH+4omtQFnVCgFE39NPom8Hdk3EhQF\r\nwcwGD5p1BoP3PyWAmHLKb5X2Htyy3fNgudoKOk2P6GaYS5piwnzZn\/uUbEbBkTN1yLh9l56CfOUD\r\nSCoYjVfglSxFzvF6SaxtQ8Z61iFiAUMQsRKibOqbjRZAURaRxYwhxXD11\/pXetocN4X7rO+02v0v\r\nQQNWRQswFahjWZaFG\/CpmgeW8H9k3F1wpRDD9KVFrc\/7yZ61gKScsoe9MsNGVrvJgudoKOmxEUEK\r\nLz9aXBswZepP\/wAy0oRkzBFwFCPDTY0bpOMLVK1XV31AUkrXePqO3jk\/h2vpFQsao57WFvQqbSBq\r\nte7fSwr+pkiLTWBjC71m6fFfYY2ho3jkQa0Qa2oWusazUoKAUL9KfpHlvB\/ZNxdcDLlmE2bFozD9\r\no+yNK4d38M+9Y7wVMY4nnGrgudoKOmy3iZdIqe3rsO+xNmyna0t41mnKLQOGJd4yh7aaMqMuZQ9t\r\nB+ZUbwqUDXfI4mYKTuDJ\/E+RQtNd1QqUTXYzlRt6LFVilUWsQtU81iNnuZu6UXtEZbqx8a1m0sNR\r\nvkS5fOciEtgoFZym113bosZ1DHfxTs5HlvB\/ZPkuLrcucYAUkp07zBssHoj57IUp7sTXAflUAhMe\r\nITZ1JzM83Bc7QUdJtP6DiHQkzDsE\/s5n\/HOVNeOxGxEVY0OK4feH\/WoshFBGQrWbveW+O9mD6YNA\r\n6x+RZ7TMK1AbosRK1jeeZQNdr3M3mKcSCZJrHV9JvoIEglhqIW65bhW4elUM8aol+NUMHStwdK3G\r\nrdaqm9CxdCrHQqx0Le8S3yvuFfcK+45b7ulUvd0rePSoax6UJEmJcaziA6zkJMuk1uca3GxCz6Ir\r\nWq2oLWcs\/IGlwvB3ZPkuLrc8Dwx2RRMcP9L57QKS3gpTplLg7VEYR1NXWTeK\/ugDQ2kS4xce3q7u\r\nC92go6bX+k4l0eJlCs1zZfX\/AJsrz1EWIiwWOpaa1\/U8NUax1h861mrXbXktq1WOlbw6VvDpW+3p\r\nVL29K+43pX3At8LfW94lvHoVZ6F53QqndCoa5F+q5shppcfOP7tiEBAAUDJYhY1Qu6bXjNmA3Res\r\nOhRtIruJteIpzS3WkurGT0mqIplmo3pAISpAi41nE0ekhLliLjvOxuNiAs6jedd3L51rOsR5AaPT\r\n\/B14O0G4u0W39Nw5+u8UkeY351E2rhHJgwfoKOm1ZxPDu1ZksxaUOJlwDqpjP3b\/APjf+zsxsd1M\r\npaUeI4bcNYGP0u2ohxXeSXEOFYjvKBe6OlUud0rePSt49KrN3pi2Q07Tv9tnppsuW0NY0QAsQsQC\r\n9M2dRvPe+fyqItIhdzO5ijButKdWB7zFrN2pZqPzXlALUlDtONTUJUkaXGtxsQFnUbWu7ZvGsrWd\r\nVyGwekfJeDtBuLtAtTAgz3DYb8b\/AEE6bMOs9xiSbZw0YMHaEdNs3iZVLDRMZimM85nb\/dvTOI4d\r\n2tKmCLT\/ALb\/AOIy17mdS0oz+HGtLNJAUQu8lUPx+ktVwgReMTFshp2n\/wC3L9NNlym6rG1C0gu9\r\nmV4gi447EBvFRN8eUKIte6n0g406ZJGsx1YxH9aL2RLMYxtvChB7otlY3ZfRloSpLdVosQFnVZWt\r\nVtLzWtZ3IksabwOg3F2i0MjhoPn4z5rP1ozZri57jEk27hmGDB2go6bcyp0XcHNI1wK2H\/8AsSv9\r\nz94mvY4OY8BzXCpzT5zbNFjuZ1LSjxHCiLTSRl\/Ws+MFazaJgx5UWPEHC7ibNizhxjxv9GX86bLl\r\ntDWNEABa97N5lHFisRxmoLWdWb5oUekKItdSZS0ozeHhFF0tsMo+RQNd1DWiJNAAQn8cICsM\/wCX\r\n5EGtADRiCgLTUZWtUUzCtZ2NUKirkOWMxvA6Li7RYi4wArJR4fgTBtTpmX+V86ia7gR6ODB2go6b\r\ngOA41x\/pHnZd+5efO\/kP\/af9xCkGIiCKiOs217uZS0r+p4Sh2OC7uYNVwxKD6HYioPFGI4jdRxHH\r\nAtZW2Xjd\/N6qAgABUBite9mVBQG6LGsVrOvuIURzhUWtFWRUgB6MySKfKjLmgtcMRucZbdWXje6r\r\n1eug5o15uN5r9TqKJUBaarFqtpeVrvWZZuRGjI38bwOi4uJoGqiyV9V+bd9tfVds4mihtyhmwYP0\r\nFHTcW\/23+4u\/+OTCXMP7E9R\/\/wDm\/wBL+WoGvy2sDS1a7KHoiaCWjHBarwHNKL5G03q41A0G491w\r\nzC448g7bkJs2E2fl81v8v51F1dr3k2pQFDRY1nLWPML9iFEVqmu1iFqThEIiAJxZkXcOdYZHfOoT\r\n5bm54Ue1bQaCTkCjqajcr6Py76D5\/wBV4627\/wBtANEAomtQFpkblXdyqXZVrvsZuRCoZGi+YAwi\r\nYG6AZjgwfoR03KX\/AGbjIvluokv86UQNbundeT1P3fuaj6\/Laxau7ngRRmcKc8FqzWkHxKJEH9YK\r\nDxRiOK27uS0vccQEUJnHO1R1G1+u9CXIYGMGILPaQC7yasjbGs5RdViHIGQrVfXbRaYKEwRUHAUo\r\nlrQCclHuKMt7hz\/M1UTHeJbcx3iX1AXaXfKoSWNboC2QouVFpAVrXmUNXdSNEVrPpPJDswA8V8jt\r\nC6AYMH6CjpuXDzurNZHRHaWq6rFmQa+kGp1rQoGkKE0CK1pLoIsc0Paj3TNZmKmn8y+yekfMod1D\r\nSQvquYwc7igZ7nTTk3W\/lQl8OwNGYKLlRaQC1n0uUTViFiLq8QWs7o5Cg6pU0tVFvQSFvKtUlUql\r\nUWsGha800rUZQ1Rx8kzDn\/C+R2hdG4MH6CjpuQcKwYqXObU9jXD1hrLVdS04lrNOszxhRFrQtklU\r\ngFUsC3AqGixFyotYmgLVZS5RdXYgKXZFrOpPIlFWRRYYHIoPVCousGha0wwC1JIicq1phsUckzD6\r\nRvkdoXRunBg7Qjc+HcTEtaWH1D3fuWIha0o6rsmIrVmCBVFrUqlVbwaFrzStSVQMqjjsarK8qieR\r\n4P6VFhUHKlUXChUBRmFassRKpMBkUeTHn0j5b5HaHkddGacGD9BR03Odw5rlzIjQ8f8ArtNWYIjL\r\njWtLOs3xqDqCqDcqAtaYVqyhErWmGjIqFSoVDkqIW0OdbJsVqhVKqxSVF7lRSoSwtsmHJ5OUm+R2\r\nh5HXRmnBg\/QUdNzncOapkvW52H\/22sRQtsU5Qoy3RHjUHKmzQqAqBBbZgtoglQlNW2YCxSqOT8qp\r\nCoMFsuW8t5UuKpPKJOQG+h2vwddGacGDtBR03Ph3YnuLD647v37hSqFUVUt1UBULaJW0YqgcsVqv\r\nlJ59E+S+h2vwujNODB2go6bnLntrlva4eqddNe0xa4Ag5jyDSVWFWFXda1S4dK25rRpIVM9h0GK+\r\n4Toa75VAvcPVd8q77hJgmNqMKx22+Z4CTOyb6Ha\/C6M04MHaCnaTdOHfGLmt7s6Zf0vc5AJCMHED\r\nMqHuETXFfcf7RWzOmDQ93zLZ4mbzuJ99UcQ7nDT8CpmNdpaPhVIlH1T\/AMipZKPM751TKl+NfZZ0\r\nlUSmDpVDZY5j86oMsaG\/rX3ANDQqeIdzAD3WranzD6xW29ztJJtICtTOJ4oFjp4bqsNbWt8+Y3rv\r\n8BH83lvodr8LozSMGDtBTtN04jgzWx4mDQ8aj\/8AS5BNCOqqWlzcoUDeH\/x5L3DLCDfbfsIO4p7Z\r\nIyDbd8iD2M15vXftO9TzJfqeArtI8t9DtfhdGaRgwdoKdpujZRMGz2OZz\/dZ\/p8hVKkLbltOkLY1\r\nmaD86+nNozj9S2XMdzkfCqJYOhwVMh3S35lTIevsP6FRIf0KiQ7pb8y+1DS5vzKnUbpd8rVtzWDQ\r\nC7\/jX1pzj2QG\/wDIgXtc\/tOP+33ajKksacoaI+0qB4DnSLxNxHa\/C6M0jBgdBTtN0k8UP2cxruYH\r\naQcKQaRyPUqlUqlUqlV4G84vE3EafwujNIwYHQnabrw82MXBgY7tS\/pfD4dDtXidFxGm6M0jBgU7\r\nTdeI\/t7jURNaNP0p3+14dDtXidFxGm6M0jBgU7TdZEwmDHu7t3ZmfT9\/Uf4dN7V4nRcW6bozSMGL\r\ntN1iKwpHF45jAXdsbE3\/AMnhy3TeJ0XFum6M0jBi7Tdp3AuNMlwc3sTN7\/yM\/wDJ4cjTeJ0G4t03\r\nRmkYMXabtLLzCXO+k71\/t\/8Am7vw5bpvE6DcW6bozSMGLtN2iKCFJ4omLy3Vf22fTme3v+HDdN4n\r\nQbi3TdGaRgxdpu83+2POzMHeM7bfut9eX\/peHDdN4nQbi3SbozSMGLtN3lcZLrlPDtI\/aM9diZOl\r\nmLHtDmnKHbTfDdum8XaDcW6TdGaRgxdpvA8G8\/U4Yw\/y3bcr45fhu3TeLtB8lxbz3RmnBi7TeEue\r\n4wku2JnYd5\/+U76iiKj4bN0m8XaD5LiznujNODF14jhphjO4aDDnZ+wf7P0v8vw2bpN4u7J8lxZz\r\n3RuDE3jL4hx+k7Ymdh3nf5X3VEUg+GrdJvF3ZPkuLOe6NwYm8hw00xncNBhzy\/2D\/wDa\/wAvw1bz\r\n3i\/sm4s57oOfBibyZxTaZZ2ZjetLO\/6zN9ibNlkOY8AtIqIPho28X9k3FvPdBoODE6LzP9onnaZF\r\n0onGz9pJ\/wAvf\/8A4\/DRvPeL+ybi3nunMcGPNebOJkHVmS3BzTnCl8ZK84bTeo8fcl+GbOe8X9k3\r\nFug3TmODHmvT+knH\/wCPxBA7Mz9nM9f7b\/DNnPeL+ybi3QbodGDHmvX+j4l3\/wAqSMdcxn73tt\/a\r\n+GTOe8X6Li3QbodGDEaL1ZxXDu1ZksxHyu9B6Zxcmgmh7cbHjfl+GLdBvF2i4t0XQ6MGI0XsHOJP\r\nDTICa3N++Z\/ElJs2UQ5jwC0iog+GDdF4v0XFui6OPo4MWnNe\/wD+o4kxaaZJOI7z5Hxy\/DAaLxdo\r\nuI0XR2jBi3Re8v1vdev6OeYcQ0UfxGj\/AHOv4Xi8XaLiNF0cc2DFui95Xre69NnSXFkxhi0isFbU\r\nG8TLomNy\/wAaX\/Df4fu5vLcR2bo86MGLb3laT5HIpvFcM7VmMPMR5zH+g9DiJVDxQ9mNjvk\/dv8A\r\nD53N5biOz+N0cdGDEXvJPphGwOJkGIqezE9vU+RN4rhnRY7Fjaf3cz0\/D13N5biOzcwnHOMGLb3k\r\nn02+VGz3sralO+5LxOH\/ACNTeK4V2sx3S09SZ6fh47m8txHZuYR04MW3vK7bfKjad9JMZbt9hqeP\r\nnTeJ4V2s01jzmn93M9Pw7dzeW4js3MLnwYi95ZyPb5bYTpBiw77DuvHz9R6bxPDOi01jzmnqTPCn\r\nmvF3N5biOzcwhpODEc97g5CLcT+HMWnfYd14\/wCvPQn8MaRvsO8w+n4cnm8txHZuYTdJwYi+I244\r\nnhXarx0OHUmN85i1ft8S0bUs+\/K68vwnJvE81xHZFzCZhJBzC4NnSXFkxpiHCsJvC8YQziqgamze\r\nx\/F\/h+EkStVnSjpvE83luI0XMKXowktOYeS4ggwIqKbwX90dTUyafc4j\/l\/7iiKvCGlararHPeJ5\r\nrjzXMKX2cGJ03xLPoN8lzbw\/Exm8NUOvL\/l+h\/DQn8M8PluqI8H4lQFVnnvE6RcRoFzClj0cGJRv\r\neUfQb5Lp3vDOoO8w7r+0vpnUnAbUs7w9JvXl+DsSqaslpz3idIuPMLmEzsjBidKN7yj6DfJdWzpL\r\niyY0xBFBCbw3HkMnVB\/mv7X7uYqPBqGNRNrz3idIuPMLmEweiMGLkb3lH0blmWW0Eji4zJFQPns+\r\ndiE7h3h7DjHgxqtrUTXbc9484uPMLm3Sm6BgxdfEvn8rrhshRdXb97wzoRrad13bahKf9Of1Cd7+\r\nU7wVpUG1XDnvHnFx5hc26QgMwwYuRvdgyE+W21WCJUZpjmUGi4xaYEVEISP7jF8uoTPOb\/M\/eITZ\r\nLg5jqQQYjwSpVNWS489484uPMLmzSMGTkb3hkcbXXfsy8uM9hakoQy3XW4d0WHeYd1yDI93Oxsdj\r\n\/lu8\/wAEINpKia775xceYXNnaGDJ6N7ntHyNshjBEnEEJk+Dn5PNHzKAu8WmBFRCEnj4vl1B4329\r\nv94hNkOD2GojwNg2rLfvrC48wubNIwZP0Xw8el+FjVYKMZNQUG0uxk1qi8u84Z0I1tNLXdtiEqZ9\r\nKf1Tuu\/lP8C82S6aorK1bxHaFx5hc2acGT9CN7vGcLXfRLy5eyu7liAF6xCEri4zZVUfPb\/yITeH\r\neHtOTF22+b4D51E3XWdvFG8R2hceYXNuDJ+hG9y+duuhAZVAUAVC+BN4Z5a7HkPbahK4mEqdVTuO\r\n7D\/AWArUTde8fViFg3iO0LjzC5g5jgyfoRvbvJoicTfnWs432JPERmyM+8zsfIhN4d4c05MXa8Ao\r\nNru0TuiuybxHaHkuPMLmTkGDJ+hG9dZ1LsQyKJv3veGeWuxjE7tsQlTYS5+Q7rv5Tvg8AICu7QG6\r\nKyg1ogBZN4jtDyOuPMLm45sGT9CN6RVN\/wAQhw\/Hkul1B9bm\/wAzrsQewhzTSCKjy9E3XVbznIgx\r\nlQtDeI7Q8jrjzC5uObBk\/Qjytq78g1sOL0pSE7h3BzTXlB6r28uZrqGMrWo3nOW1N4jtDyXHmFze\r\ndGDJ+hHlcTuHMOs3zXDqvXeyjBw3m42nlo3UMYIkrVFLjWbY3iO0PI648wuQTjnGDJ+hG86FTyIJ\r\n8gwcKxicOo9d5KomDfZjafk8BQxgiTUsrzWbc3iO0PI64jQLkETlODJ+hHTeUSqORm8RIMHCsYnD\r\nqOTeIkmg1jG13nMd4BhopJqWs+mYa\/R9G4G8R2h5LiOyLkEM5wZP0FHTeOs6pQCo5HD65TqHtzdf\r\ntsQmMMWuEQRjB8AYBd7NH1DUOr+u4m8R2h5LiOyLkEzBk\/QUdN4B8yrEFBvJX\/66caaTLJ\/PK+Nn\r\ngCOInDaO604vTuRvEdr8HXEdkXIKWM2DJ+go6bwAGTkts2WYPaQQc4UviWVPbHQfPZ6r+XxxM4Ue\r\naDj9O5m8R2vwuI7IuQUseiMGTtBR08uTOBefTb7s1vL3fTR9Jv5ioC5m8R2vwuI7NyCYPRGDJ2gp\r\n2k8uSZ1Q1gD2XfTdy7TRLbvH4EGMEGgQAuhvFva\/C4js3JulNGYYMnaCnaTy5FSpxrexrjzjlQ24\r\nlsqrJ6oQlShBrfH6V1N4jtfhcR2fxuTdIQGbBk7QU7SbuBydIJxAt9lzmctCVLEXFd22k+ccpuxv\r\nEdr8LiOzcmaRgzdoKdpN31lTyawZHO8vLIlyxFxoAVNM128fgu5vFva\/C4t0fjcmdoYM3aCnabsG\r\njGhycO27lgMYIuJgAFrPgZxrPV9Bl4G8W9r8Li3R+NyYchwZu0FO0m7a7hSeT5ecuP5ncrwFJK72\r\nYPrOHsDqdq8TeLe1+FxbouQOY4M3aCnaTddZ243xnlCQ30Y+0e85XHFzxtHcacX8X5LyN4jtfhcW\r\n6LkTkbgzOgp2m6BjKygwYuTw0VmhMYKmgDoHK39ROH0mmgdZ3yXmbxHa\/C4t0XJxzYMzoTtJunfT\r\nBtOqzDlCUw1A6x9Xb5Wpolt3j8KDGCDRQBeZvEdr8Li3Qbk92jBmdBTtNz1nD6ba856qhyg\/iTUB\r\nqjSdp3KolsrOPIEJTKhjy3pzXiO1+FxboNxCcc4wZnQnabk2UylzjAJstgoA8fKLGHeI1jpdypAV\r\nlU77qz8N6tN4t7X4XFmg3EKOU4MzoTtNyPFvFJobo853KLWndbtO0DlXv3+qPjvaOQ3i3tfhcWc9\r\nxCbpODMp2m4tkiqtxyNQY0QAEByj3jhtzKfV8zlSLtxtef0b3LVC8B2vwuLOe4hS84wZlO03HXeP\r\nqPpOYeazlEa242l3ycqBjayhLZUL4IvAdr8LiznuIUseiMGZTtNwDnCLJe0fg5QoaYZ1BxpzIMbp\r\nJ5TgFF2+a83o3yH814Dtfg64s57iEweiMGZTtNwDzvTNo6PM5Ng0ElRmUDItlvPYjyp3zqhu6b6I\r\nxim8B2h5Lizn+G4t0hNGYYNHabdkkec4BBragIDkuDREqMzoCg0AWYCrlTVxYyg0UAVX1FFue7jt\r\nDyOuLOe4tGcIDBo7Tbu4g1MEB2nfp5Kg0RKjMoGRQaIWmqMfKkBSStUV4znvwP5ruO0PI64s0m4s\r\nGfBq7TbtdjeSfHq8kQaIlRfRmUGi2OTlTvHVmrRfp6buO0PI64s0m4szHBq7TbymZGDkI2kAFtKA\r\nFuTm5U1nborUb+Lchuw7Q8jri3SbiDkBwau02zZY85wHSUGioUchE2KFE03I8p6oxrVbUL\/Oe7Dt\r\nDyOuLdNx1sjTg1dptpQyOj7O1yETmVCiboRm5Th5xr+XkBr88LsO0PI64t7X4XF7swwau02wj1Xc\r\nhOhdoItOLlHWNeLkEnJdh2h5HXFva\/C4BOccZwau02w7LuUe8HPyhE1CtR5BcMxuw7Q8jri3tfhc\r\nAM6YDWacGrtNsOy7kIabvAqBqxcmwaIla84wGQLZEGirkIjMoXUdoeR1xb2vwdcGtAxoMFQEMGrt\r\nNs3su8nIQ03hquUDViPJWyIqMw8wUGiAWqKhyI4ZzdR2hcWn0h5HW4AX9RMFOLBs7TbSyaidX2tn\r\nkLnvGBpCjKMMxWq8QOfkWApVNAVNJzqAoFjUbz8iv03UdofFcWn0x5H2wDRFDiOJGqzEDWUGtEAK\r\nhg2dptg4VgxCZNFTmg9PIMbzg4AhRlnVzYltCjKKeQKAtow0KqOlQFFpAbyieRX6bqO0PiuLT\/EH\r\nkfaQahOnzQxhxARKBYzXePOdT+XBw\/Tb92a5biOY7beQTe20AosMNKqjoUDRe9AKpoW0ehVR0qgQ\r\nt86ia+Rn9q6jtC4hoMCJgPicovaYZRVYgE0woFZQltqAhg5fpt3STVMbRpb+nkGChfECIqqGhbJP\r\nOqKVS0qm50BUArIqSqSSqlQLnHGonkd\/aN1HaFxZnmeQKlRaNR+VtXsId4YtjWEJckQGXGcHTtNv\r\nLnYmuEdHnKIq5BzGm\/aVUFVYxrGsaqVSqCoF4xNaieSHEYybqO0PiuAUlmdx920AJi1VwOQ4OX6b\r\nhLcaXNGqdLeQYisU8rxNa1nckOdjhdh2hcAmtFTWgfFbQNIVBgcmDd1wfwrjvbTdI3+QodHKudaz\r\nuSQzKfJdh2h8Vwii41m3ioPpCi0xwam4NnS95hiE2dL3XiI5BorFXKkBS5azq+Sg3ILsO0PI64az\r\nsdVyiCoTOlRFIwZxzXF3BPPpM\/3Gchawqx8paraXKLqTyW52KN2HaHkdbQaInMtebXkutBoVFByY\r\nMmzOa4tnS95pimzpe68RHIWbk+JWpL6VE8lk48V3Ha\/B1rtUrZELvELVmdKiKsGDgKxSiLi7gnn0\r\nmf7jOQqeTomgLUZQ3k0M57u3tfhe8DSFrNqwXwNRRmMGyaQoXBs2WYOaYhNnsx1jI7zm8hQPJms4\r\nqAobycTzXdum+IgqivJgvMlwiEXyxrMzYrj3cw\/RmUH0T5kzkOBr5KhW7ItZ55OJx4rwYNN8gitR\r\nFeMYLdVtdmL2wOUUKMuYRpEVsvaeleb0qodKpA6VTq9K2nBUmK\/pph+pLFEfOb+jkOBr5I1JVLsq\r\ni6k8nhvPeAGS+g5ppURXjGCv0jUiY3Rs6Wdppimz5dThVkPV5Dz8i6zjAIsl0Ny8ok3hG+w4LWHP\r\ngpLiiTdu6mH6UwwPou81\/IdCz8hxcacQVNAycowx3hDEL9jixoObUcE8SqKhVeH9PNP1GCj0m\/o5\r\nDiOQtVlLlrPMTyjBvSqbvqtESoY8Zv7UdunBP3bTTjvETZZg5piCtcUPG8MhvIMlgucagEHcQ4MG\r\nQUuUHF7jljD3V9F7mnPtBas0bOJw3TdYi\/8AWcYBakqhuVRPKETUoCgXeDQScyi\/ZHjUGDkDu3bw\r\nqwSl2PEiTjvITZfOMoQmyzEHxXgJMkROM4mjrOUG0zDvOy2hlzBFrhAhOkkxbW05W3WIv2LjTiCp\r\noGTlGGNRN2pVSo5CDm1hB7cEkBUL0pplu3h8aD2GLTSDdhJkiJNZxAdZyEqWKfOdjcbZk8CljoHQ\r\n67RCga76LJdLvEFrPMSbfu5DdY48g7SDuJeScjaB7ShqEesVrcK8x6rvnRlTm6rhi5GgzpVPKmo7\r\nddgjgKzewkTj9Mmg9U\/KqLoGtEXEwACg77r6Xn4PUt5uYA9Bu8QoY731nGACLJVDctwEqXV5zuqE\r\nJcoQGM4z2rQscIPG67G0p0maIPaYHkOlZBk5XEd4UHBDE1BE4r3HD8QaKmuPuuun9bNFVDB70y4T\r\nY4wB0m8IhQNd6xcacQUXGjELg2TKEXuMAhKbS6tzus62HGsG0yh2dv6OQoNpKiaTywCd00FRGCDU\r\nFZvkSOIOz5rji7VyZIb5xpOQec5NlsEGtEALgyRGl7o8zbxiFA13mWS6XeRazjEm49\/NH1nj2W9W\r\n3mST5zSPEoGu\/wCkqAoHLYB3m0YH4lF2LFfQkTzFmJ3V\/SoikXB\/FuFJ2W6PPuLnNOwzZbzXlELV\r\nNd4azjABakqhuXLctZ4jLlbRznzGXGYMj3eW\/oNpKi7lwROy6g4H9QVuvwSZxjLxHq\/oURSDbBra\r\nyYBMkjzWgc\/nXD+kkn6rhtHqt+d966rq7tFxpyKmhuS5ta4fUftO5\/N9W4Oe40NBJ5kXnGSem\/cg\r\n5fBNYoOB4nEKr9EubF0rxtQfLMWnHatJ3Ze2ebc\/PcHz31NEdJ81qdOmmL3kk3tquumrLpctZxib\r\nnLlmlrTrO0NuP9M07c2j1Rv35BvSonwA7s1O8uB05TRf8WGLcbcRWswwIraaxaTJ5852qNDf\/wAr\r\ngzg29t3+3fGq5RFwi4wAWrLobluszinVvOqNDd789wfPmGDWCJTuIm1uNA6rfNZfUBSVT4BBwrBT\r\nZgxjA5qipvIAfLJDhjCEudszMuJ1mVLx6oJ0u27hMnYi6A0DZbfMDUoi2ppORRcaMl2lScYaCe07\r\nbfcGcCw0Dbf\/ALbL5rVFA8BTKNYpGBsvOIIk8hCXP2mYjjClsYdYPcBEZyoCoW8yZjDTDSd2+6FT\r\nQVRYpKg2gKJu0qTic8R0DbdcCTUFN4g1PcYdndZ+W+KKPAdrjUaDgbEsaTyIxgJ7tjXPIxUDUZ+d\r\n9wEsec7xC\/aFXeJm4pbCed2xcJzxQS3VGl+xe1JWyonwJa\/HCB04GYlF2XkTieJI3WNYD2jru\/0r\r\ng2X1Wx6eT5s4+c4N9kfruEqQK3OLjoaP13pSVBqiafAt0o6RgZMKzRyLMnH9pNPQ0MbcHnIYdHJ8\r\ns43ku6TcBLFUtgHO7bvKuJVFAVPga12KMDgZ1B5vIvDjG4Od7Tn3B78rifHyfKldVjR4rhPfi14e\r\nz9O8INpKpNHggEx+anAuXHEEXHGeReHldWUwflbbzJpqa0k8wWtLdHNj5OZL6zgOk6qhblxqAinT\r\nDW5xPTdaSoNC2j4JulHEYjAvqit3IrWDziB0oNFQAFvxDvQI9rYWs0wOZas4awy41GW4HNj5MkN9\r\nMH2du4TpmSW7yXOJqWzSq4DN4LNyOowL6g80ci8NLNRnM95twmDG5zB+bWs6zSQcyhOGsMorUZbh\r\nox8lSz1Q4+LVuE7OAOk3Gk0rYENKi4x8GARiKa8YwDgVLjiEUXGs8i8MMjyfZa99wY3rTR4mvtYi\r\ngqD9tuev2lAGDsh5Ie\/qyz4yy4BvWmAdAc+2pNK2B0raPg4BjaYYFSMbuRpZ6jHnxanx3CRLyuce\r\ngXCAOs3IVB+wc9SiDEciz35A0e\/cJLMryegfrs0kLYHSqTR4PulnzhHowK6g80cjPd1ZLvel3Dh2\r\n5GuPSW3KMtxGbEoTm84+VRluB5DnvyvA6B+q4cMxxrDzD2FsDpVLj4RMcao4FC41BOecZ5G4iZkl\r\nge079FwlNyS49Ln3TWaSDmUJm2PGoR1TkPIL3ZZp8jLhIl9WVH2nfo8JAUx+UYEzlNHI\/FOzSx\/q\r\n3ADJLb8d3+m4gZMShObDOPlUZbgb+a7rPefHq3ADqyWDxzHeEpZjafLgTEsYhyPxL8rmDoD7hMGR\r\nrR4rxiDAqBOsM6hMBaekKLCCM17xK3o6FsN6VXDQuGLjEnXPS+ZcJo6rWD8vhKZZ84eTAm53I892\r\nWbDoa24TtLfdZemswkHMoPg4Z61B8WHOosIOi8KSAqDHQthvSVXDQouJOm04Qfwgfa27hxJyFo6G\r\ns8JWPyHAk52aHJEw5Zx92XcOIPpQ8Tb3i0kFUnWGdfUaW5xStlwNwpIC3o6FstJ8S2QAqXHmUTTc\r\nOEH8BnutuHFH+IfCUJkzKBgRDMtPJBOWa7yMuHEfzDfew4hUwPMqWjpW741QAFvQ0BbTj0qm68O3\r\nJJYPytuHFE\/vn+J3hNq42mGBEjE2jkhpyzH3DiD\/ABXeXk+UMktvu3DiTlnTPed4TPl5RHowIFxx\r\nCKLjWTyRL7T\/AHnXCef4r\/edyewZGjyXCecs1\/vO8JmHEaOnAg44zRyTJzl\/vvuE4\/xH+87k4DOh\r\noFuVMOV7j4\/CYOGIoOFRAOA9svn5Jkev78y4TT6bvLyc0ZXDyoW5TjnPhOw4wIdGA9wyUck8Pod7\r\n77hM7bvLydLHpt8twOgo6fCdzMhj04Di44gi7KTyTJkTTquaDio3nLZmt6VQ9p5wt4dK3h0ql7ek\r\nKmYDoMURIaXHKaAnOOMk8nSh\/Eb71wdoPk8KCzrN8mA5xyiHJUvQfLcDp5OkD+Iz3m3B59E+Twol\r\nuzw6cBzWZTHkqXouB08nSB\/FZ7zbg\/snyeFAOQprxjAOA3VyDkqXouB5OkzK9WY09DlS7VOcLZmN\r\n6VQ4dKrHSqx0qlwHOtqY3pUxkjbcWmnEKPCmWcgh0YDXnPyVL0XA8nM7Q8tmsqs9KrNl\/ZPk8KXM\r\n6rvLgMc7ICUTyVL0crS+0PLcH9k+TwpczK2PRgMecoh08ly9H48rS+0PLcH9k+TwpZniMBgblPJc\r\nmfJgdYGg9py2pTuYR91UscOYrdPQqGO6CtmW\/oK+2RpRdxBDWgEwFJ5Pl9oeW4P7J8nhSx+RwwGN\r\nZkHl5Lk5i8fmfZqVVmYcjXeTk+X2h5bg\/snyeFITH5Wg4CyMgA5LLOpNcOnVmW8538N3jGryfL7Q\r\n8twf2T5PCqWcgh48Bb3ZzyXP4Q4wHjm+nM+C3MuO1McG8w238ny2NrL2gc5RExhHNbUKdN1SGNlu\r\nJJoqHhUW5HYCnOyAlE8ls4uXSWmkdZp32IcRwzg5prGNp6j7UzJrg1jayVrCiU2hg+P1uT5T8kxp\r\n\/MqRFbTGnmVMpvQvthfbColtWyxo5lxJ\/hO8nhVMZoOAqYfRPJve8LMLHY4VHts85BvFSQ\/0mnV\/\r\nItqXNHM0\/GtmXMPMPnUOHkhudxj+VqjxDy7IPNHq8oB2QxTXiogG34gnG0N9otZ4VFuVpwFOGUge\r\nEfDzhjlgHS36bvct2yccyYBzN+p4VMzxHiwFNGV34eEbv7XOMCSXSo\/+SV8dtStSUYypI1WnK79o\r\n\/wAKpbvSHlwFS26T4Rh7CQ4GIIrBQk\/3JpcBR3jd7\/NlqMriGaHHUPszFsvadBCi97WjOQEfqh7s\r\njNr9CMmQO6lGvru7TvCtpyEYCmNyN8J6fC0JrsrQfFgJA9AYVZR9AeTATD0RhVldnASdAwqytB8u\r\nAk9kYVZfP5cBI7Awqy+fy4CWOyt\/HCrK0Hy4CZT9IwqyuzgJa7I\/8MKspuRjfJgJmDGBrD1cKgGU\r\nprcgAwElhqIITpbq2kjCnLYMbhgL70VTBH1hvYU2uxMBd8OAtwA22bTeZQwpTZxzNHvYDC5g+nMp\r\nGbrMwpS2kQc4ax9bAY6Ud6tp9JGW8Qc0wIwoS5OImnR5ygKhgNPESR9VopA84fPhQfxbsWy348B5\r\n4vhRTW9ox+mzCc2UwRc4gBMkN80U5z52BA8Vwg2q3MGP02KGEw8Y8UMob2sCRn8LBs3G3E\/9aMuY\r\n0tcKwcJTZEus1nIPOcmyJQg1o\/6dgThMEJgqeKwtWY2LcThunCQAKSVrzB9Z9Lsw\/d4FSyYA5prB\r\nRmcEYHqGr1Hoy5rS1wxHCN\/WzhsNOwD5zut6mBjU4hgcM9Y7LkX8E6PoO+GYtSewsdnGEPvZohIa\r\nafS9BqDGABoEABga7uc0PacRCL+Ed3buqaW\/Ovqyzq9YbTcIGs6LZDTtOy+gxCVKGqxogAMDtKjM\r\nlhrus3ZK1uFeHjquoPtL60pzRlhR7WDwGBbJB2nfCz002TJGqxogBghgV9WU2OUbJ\/Io8NMLczhE\r\nLZaJg9E\/MvrS3N0gjBuOI4oFsmsDzn\/KxCXKaGsbQAME0HCIzr6klsTjA1T+RRlOez8wUZM1rtIL\r\nfnVEvWHokFfVlPbpaVVgvDWAlxoACHE8cIvrazE3+ZgtpX1JTHaWhUyg0+iSF9N729BX0pwPabD3\r\nVs6jtDvnVMlx0Qd7q+pKeNLSoEQwT6khsRjcd1vacu8P1J3WOL+Xg222NdpAK2pDOYQ91fahocVs\r\nue3nB+FfTnkaWx+JbE1h0gj5ls6jtDvmX2SdBB+JbUiZ7JW2xw0g4HA1gJcagEJ3H7Lf3Y3j\/M6i\r\nEqS0NYKgMIFK25bTpaFtSJfsgKmSBoJHxKgPbod8y2JjxpgVsT+lv61sTWHTELZ1HaHfMvtR0EfM\r\ntqQ\/oituU8aWlUgjAeC1upKxvdV6nXUZbdaZjea\/V6mE7aaDpC2pMs+qFTIZzCHur7UNDitnXboP\r\n6VsTXjSAVsT+lv61sTWHTELZ1HaHL7UdDmqmQ\/mEfdW1JePVK2mkaRgBBlM1Wdd1Df1oPnfWmDGd\r\n0f5agKBhbpAK25bDpaFtSJfshUyQNBI+JUNc3Q75lsvmDnB+FbE5w0tj8S2J7TpaQtl8s85Hwqhr\r\nXaHBfZJ0EH4ltSJnskrblvGlpVII8Mg5rdSWfOdQPV6yD5g76YMbt31ZagKBhq2mg6QtqTLPqhUy\r\nGcwh7q+1DQ53zKgPbod8y2ZjxpgVsTzzt\/Uticw6QQtl0s85+VUMB0OCpkO5oFbUmYPVK22OGkFU\r\njwi1JEtzzmCDuLeJY6o2nfIgWSw5485+0cPW0xp0gLakyz6oVMhnNR7q+0RocVs67dB\/Stma8aQC\r\ntif0t\/Wtiaw6QQtkyz636VRLB0OCpkO5qfdW1JmD1StpjhpBVXglqy2lxyARQdNhJb6W9\/20HTQZ\r\nzvS3f+2tSW0NaMQEB\/gIpUHMadIC2pEs+qFTIbzUe6vtkaHOWyXt5\/0rZmvGkArYn9Lf1rYmsOkE\r\nLZMs+t+lfbB0OCpkO5oH3VtSZg9UrbY4aQVSPAGAEStiS4A43bI\/OgeJmtbmaNY+05AuYZjhjefg\r\n3VqymNYMgEP8DO01p0gLakyz6oVMhnMIe6vtQ0Od8yoD26HfMtmZMHQfhWxPI0t\/Utie06WkLZfL\r\nPOflVAY7Q75l9mOgt+ZUyH8witqTMHqlbTXDSFVyf9KU92gFbTWyx6R+TXUZ84aGj4nqLw6YfSPy\r\naihIltZoAH+CqkLaY06QFtSZZ9UKmQzmEF9mGgu+ZUNcNDlQ6YOcfItmc8aQCtmf0t\/Wtmc06QQt\r\nl8s85+VUBh0OX2o6HN+ZUyHc0CqZEz2StqTMHqlbTHDSCqRe2yxx0ArZkTD6pVEhw0wHvKljW6XD\r\n4Vtvlt5yfhX1Z\/st\/UtszH84HutVEkHtEuX0pTG6Gj\/CBS0HmVMph9UKmRL9kKmRL9kKmQxfZHS7\r\n5l9o+075luO9ordf7Sqf7SrmdI+Vb0zpHyKuZ0j5FXM9ofIq5ntD5V5\/tfpW64+svtH2nfMvsjpd\r\n8yokMWzIl+yFsS2jQ0Kgf\/XP\/wD\/2QplbmRzdHJlYW0KZW5kb2JqCjM1IDAgb2JqCjw8L04gMyAv\r\nRmlsdGVyIC9GbGF0ZURlY29kZSAvTGVuZ3RoIDI1OTM+PgpzdHJlYW0KeJydlndUVNcWh8+9d3qh\r\nzTB0GHqvUgYQ6R2kV1EYZgYYygDDDNgLIioQUUSkKYIEBQwYDUViRRQLAVEBe0CCgBKDUWyoZEbW\r\nSnx5ee\/l5ffHPd\/aZ+9z99l737UuACQvPy4vHZYCII0n4Ad7utAjo6Lp2H4AAzzAAHMAmKysDP8Q\r\nj1Agkre7Kz1L5AT+Ra+HASRebxl7BdLp4P+TNCuDLwAAChTxEjYniyXiPBGn5ggyxPZZEVPjU8QM\r\no8TMFyUoYnkxJy6y0WefRXYSMzuNxxaxOOcMdhpbzD0i3pEt5IgY8RNxfjaXkyPi2yLWShWmcUX8\r\nVhybxmFmAYAiie0CDitJxGYiJvFDg11FvBQAHCnxC47\/ggWc1QLxpVzTM9bwuYlJAroeS59ubmvL\r\noHtxclI5AoFxIJOVwuSz6a7paRlM3hoAFu\/8WTLi2tJFRbY2t7W2NrYwMf+iUP91829K3NtFehn0\r\nuWcQre8P21\/5pdcBwJgT1Wb3H7b4CgA6tgEgf+8Pm9YhACRFfWsf+OI+NPG8JAkEGXampjk5OSZc\r\nDstEXNDf9T8d\/oa+eJ+J+Ljfy0N34yQwhakCurhurPTUdCGfnpXBZHHoxn8e4n8c+Nd5GAVzEjh8\r\nDk8UES6aMi4vUdRuHpsr4Kbz6Fzef2riPwz7kxbnWiRK\/SdAjTUBUgNUgPzcB1AUIkBiDop2oN\/7\r\n5ocPB4GiNUJtcnHuPwv691PhYvEji5v4Oc41OJTOEvKzF\/fEnyVAAwKQBFSgAFSBJtADxsAC2AB7\r\n4ATcgQ8IAKEgCqwCLJAE0gAf5ID1YAvIB4VgN9gHKkENqAeNoAWcAB3gNLgALoPr4AYYAvfBKJgA\r\nz8AseA3mIQjCQmSIAilAapA2ZAhZQAxoGeQO+UHBUBQUByVCPEgIrYe2QoVQCVQJ1UKN0LfQKegC\r\ndBUahO5CY9A09Cv0HkZgEkyFVWAd2BRmwM6wLxwKr4QT4Ux4LZwH74LL4Tr4GNwOX4Cvw0PwKPwM\r\nnkMAQkRoiDpijDAQVyQAiUYSED6yESlAypA6pAXpQnqRW8goMoO8Q2FQFBQdZYyyR3mhwlAsVCZq\r\nI6oIVYk6impH9aBuocZQs6hPaDJaGW2ItkN7oyPRiegcdD66DN2AbkNfQg+hJ9CvMRgMDaOLscF4\r\nYaIwyZh1mCLMAUwr5jxmEDOOmcNisQpYQ6wDNgDLxAqw+dgK7DHsOexN7AT2LY6IU8NZ4Dxw0Tge\r\nLhdXhmvCncXdxE3i5vFSeG28HT4Az8avwRfj6\/Fd+AH8BH6eIE3QJTgQQgnJhC2EckIL4RLhAeEl\r\nkUjUINoSg4hc4mZiOfE48QpxjPiOJEMyILmSYkhC0i7SEdJ50l3SSzKZrEN2IkeTBeRd5EbyRfIj\r\n8lsJioSJhLcEW2KTRJVEu8RNieeSeEltSWfJVZJrJcskT0oOSM5I4aV0pFylmFIbpaqkTkmNSM1J\r\nU6TNpQOk06SLpJukr0pPyWBldGTcZdgyeTKHZS7KjFMQiibFlcKibKXUUy5RJqgYqi7Vm5pMLaR+\r\nQ+2nzsrKyFrKhsuulq2SPSM7SkNoOjRvWiqtmHaCNkx7L6ci5yzHkdsp1yJ3U+6NvJK8kzxHvkC+\r\nVX5I\/r0CXcFdIUVhj0KHwkNFlKKBYpBijuJBxUuKM0pUJXslllKB0gmle8qwsoFysPI65cPKfcpz\r\nKqoqnioZKhUqF1VmVGmqTqrJqqWqZ1Wn1Shqy9S4aqVq59Se0mXpzvRUejm9hz6rrqzupS5Ur1Xv\r\nV5\/X0NUI08jVaNV4qEnQZGgmaJZqdmvOaqlp+Wut12rWuqeN12ZoJ2nv1+7VfqOjqxOhs12nQ2dK\r\nV17XW3etbrPuAz2ynqNepl6d3m19jD5DP0X\/gP4NA9jAyiDJoMpgwBA2tDbkGh4wHDRCG9ka8Yzq\r\njEaMScbOxtnGzcZjJjQTP5Nckw6T56ZaptGme0x7TT+ZWZmlmtWb3TeXMfcxzzXvMv\/VwsCCZVFl\r\ncXsJeYnHkk1LOpe8sDS05FgetLxjRbHyt9pu1W310drGmm\/dYj1to2UTZ1NtM8KgMgIZRYwrtmhb\r\nF9tNtqdt39lZ2wnsTtj9Ym9sn2LfZD+1VHcpZ2n90nEHDQemQ63D6DL6srhlh5aNOqo7Mh3rHB87\r\naTqxnRqcJp31nZOdjzk\/dzFz4bu0ubxxtXPd4HreDXHzdCtw63eXcQ9zr3R\/5KHhkejR7DHraeW5\r\nzvO8F9rL12uP14i3ijfLu9F71sfGZ4NPjy\/JN8S30vexn4Ef36\/LH\/b38d\/r\/2C59nLe8o4AEOAd\r\nsDfgYaBuYGbg90GYoMCgqqAnwebB64N7QyghsSFNIa9DXUKLQ++H6YUJw7rDJcNjwhvD30S4RZRE\r\njEaaRm6IvB6lGMWN6ozGRodHN0TPrXBfsW\/FRIxVTH7M8ErdlatXXl2luCp11ZlYyVhm7Mk4dFxE\r\nXFPcB2YAs445F+8dXx0\/y3Jl7Wc9YzuxS9nTHAdOCWcywSGhJGEq0SFxb+J0kmNSWdIM15VbyX2R\r\n7JVck\/wmJSDlSMpCakRqaxouLS7tFE+Gl8LrSVdNX50+mGGYkZ8xmmmXuS9zlu\/Lb8iCslZmdQqo\r\nop+pPqGecJtwLHtZdlX225zwnJOrpVfzVvetMVizc83kWo+1X69DrWOt616vvn7L+rENzhtqN0Ib\r\n4zd2b9LclLdpYrPn5qNbCFtStvyQa5Zbkvtqa8TWrjyVvM1549s8tzXnS+Tz80e222+v2YHawd3R\r\nv3PJzoqdnwrYBdcKzQrLCj8UsYqufWX+VflXC7sSdvUXWxcf3I3Zzds9vMdxz9ES6ZK1JeN7\/fe2\r\nl9JLC0pf7Yvdd7XMsqxmP2G\/cP9ouV95Z4VWxe6KD5VJlUNVLlWt1crVO6vfHGAfuHnQ6WBLjUpN\r\nYc37Q9xDd2o9a9vrdOrKDmMOZx9+Uh9e3\/s14+vGBsWGwoaPR3hHRo8GH+1ptGlsbFJuKm6Gm4XN\r\n08dijt34xu2bzhbjltpWWmvhcXBcePzpt3HfDp\/wPdF9knGy5Tvt76rbKG0F7VD7mvbZjqSO0c6o\r\nzsFTPqe6u+y72r43+f7IafXTVWdkzxSfJZzNO7twbu25ufMZ52cuJF4Y747tvn8x8uLtnqCe\/ku+\r\nl65c9rh8sde599wVhyunr9pdPXWNca3juvX19j6rvrYfrH5o67fubx+wGei8YXuja3Dp4Nmbjjcv\r\n3HK7dfm29+3rQ8uHBofDhu+MxIyM3mHfmbqbevfFvex78\/c3P0A\/KHgo9bDskfKjuh\/1f2wdtR49\r\nM+Y21vc45PH9cdb4s5+yfvowkfeE\/KRsUm2yccpi6vS0x\/SNpyueTjzLeDY\/k\/+z9M\/Vz\/Wef\/eL\r\n0y99s5GzEy\/4LxZ+LXqp8PLIK8tX3XOBc49ep72ef1PwVuHt0XeMd73vI95Pzud8wH4o\/6j\/seuT\r\n76cHC2kLC78B94Tz+wplbmRzdHJlYW0KZW5kb2JqCjM2IDAgb2JqCjw8L1R5cGUgL1hPYmplY3QK\r\nL1N1YnR5cGUgL0ltYWdlCi9XaWR0aCAxNTAKL0hlaWdodCAxNTAKL0NvbG9yU3BhY2UgL0Rldmlj\r\nZVJHQgovQml0c1BlckNvbXBvbmVudCA4Ci9GaWx0ZXIgL0ZsYXRlRGVjb2RlCi9EZWNvZGVQYXJt\r\ncyA8PC9QcmVkaWN0b3IgMTUgL0NvbG9ycyAzIC9CaXRzUGVyQ29tcG9uZW50IDggL0NvbHVtbnMg\r\nMTUwPj4KL0xlbmd0aCAxMjAzPj4Kc3RyZWFtCnic7Z3Bjtw4DESnF\/v\/vzw5LGAg0A6bLJY7qPi9\r\nYyxZwhTIpkjKeX1\/f39BMv\/86Q3AFiSMBwnjQcJ4kDAeJIwHCeNBwniQMB4kjAcJ40HCeP5tjnu9\r\nXptlimT6+eZz8DXmelT8S+c9o7WKPY\/2M6JffsAK40HCeLqO9GJUXzydyelwOq6s4686Gxv5Rm0\/\r\no0WLbfTBCuNBwnjGjvSiMPmO6yiCw04k2XE4I6+rLTryqMu\/2E9ghfEgYTy6I9Ww+6tO0DsaU\/jY\r\nZTx8E1hhPEgYz6cdaedoX7A80bvixo5n\/hhYYTxIGI\/uSF0ew5U1PTd2X9moE1ef3ORjscJ4kDCe\r\nsSNdFqNHS2gO8D60ePjujWGF8SBhPK8PH0VHXqXjuDSP6kpydoLVu8EK40HCePQ+0pGXO2edY1xO\r\nsrNDLaTs1PrPWZ2NdV74E1hhPEgYzzgiHTm3ZQula\/rIp41+DrTqlfaL8xNYYTxIGE\/XkWq+yFXu\r\n6exnebQvHtlbQ0dB+FuwwniQMB6nIx1N12ri9kcF91Xtvf2oWGE8SBjP2JFqJ9\/zUWf6JxltQ4u0\r\nO2sRkT4RJIynW2wqLH10TL7QCkn2o3Sx1dFaWmBs6d3CCuNBwnjGVfuORz1ndd7TWdT1ARD7RaTR\r\nR0u8ITdWGA8SxqNHpBf27qDO4FG+0VXQH+1QgxzpE0HCeAx37V1dRsWsDp2Pn9hP2a461AasMB4k\r\njMdQbBIXvr+5qMDV\/lQs6rqw8BasMB4kjMcQkd7X+eM6vxdb1VK1xaNOrYo+UvgNJIzHWbW\/sIev\r\nBVoCs+N1l82i2hgi0ieChPE4j\/ba7VH7+X15W7ODq6u2GENE+iCQMB7D15\/s3en34arsL38FTrhr\r\n\/2iQMB5nH+ko\/2l3ZaMu1gJ7G9XJ6FLDW7DCeJAwHmexyZVmLAaPnHZn8OjKwOhiVPHCE242PRok\r\njMfQkH8yKuWMqu2dKHHpfjto2eDiPRuwwniQMB7960+aD1leYB953WUh6VxCy2RqFTdypA8CCeO5\r\n5X8RXR6Kl43ry87S0XuWoSkRKXx9IeFfgF61147JrhZTV9jpuuJkL98TkT4IJIxHr9oXjwqnNDqJ\r\nuxKYnUeuJLB2sbT4+7wFK4wHCeNxFptc7e6uNy+P5No9Ji0vsQmwscJ4kDCeP\/aF\/OXV+M7GtDEd\r\nRuHr0ue\/BSuMBwnjMeRIT7Tze2d6h6W3\/EBq1NWF9R9YYTxIGI8ekdrvmxcs6\/gny8aqc8yy\/r7J\r\ngWCF8SBhPIa79rP1Jg7QFRNqTUqukLszhqP9o0HCeMZVew2thF08GlWLOqt36vijnIO2OnftnwgS\r\nxjNuyNdO0Od0V9qzGFxcqB+NOdEyA533CGCF8SBhPPrNJlcL+jnLW4v53\/cUYwq0FtO7wQrjQcJ4\r\nbrkiWqC1a56Dtf755Wm9w8cC0QusMB4kjOfTjnSU\/xw9Gr2wGHxuVbsqNcrrcrR\/NEgYj+5IXZfc\r\ntVmFR106LtftUa3CJYAVxoOE8YwdqT0HOAr8tEvuH\/iayjLncEFD\/hNBwng+3UcKdrDCeJAwHiSM\r\nBwnjQcJ4kDAeJIwHCeNBwniQMB4kjAcJ40HCeH4BbjPPXAplbmRzdHJlYW0KZW5kb2JqCjIgMCBv\r\nYmoKPDwvUHJvY1NldCBbL1BERiAvVGV4dCAvSW1hZ2VCIC9JbWFnZUMgL0ltYWdlSV0KL0ZvbnQg\r\nPDwKL0YyIDYgMCBSCi9GMyAxMyAwIFIKL0Y1IDIwIDAgUgovRjYgMjcgMCBSCj4+Ci9FeHRHU3Rh\r\ndGUgPDwKL0dTMSA1IDAgUgo+PgovWE9iamVjdCA8PAovSTEgMzQgMCBSCi9JMiAzNiAwIFIKPj4K\r\nPj4KZW5kb2JqCjM3IDAgb2JqCjw8Ci9Qcm9kdWNlciAo\/v8AbQBQAEQARgAgADgALgAyAC4ANykK\r\nL1RpdGxlICj+\/wBTAGwAaQBwACAARwBhAGoAaQAgAC0AIABBAGgAbQBhAGQAIABUAG8AaABhAHIp\r\nCi9DcmVhdGlvbkRhdGUgKEQ6MjAyNjAyMjgyMzMxNDErMDcnMDAnKQovTW9kRGF0ZSAoRDoyMDI2\r\nMDIyODIzMzE0MSswNycwMCcpCj4+CmVuZG9iagozOCAwIG9iago8PAovVHlwZSAvQ2F0YWxvZwov\r\nUGFnZXMgMSAwIFIKL0xhbmcgKHV0Zi04KQovT3BlbkFjdGlvbiBbMyAwIFIgL1hZWiBudWxsIG51\r\nbGwgMV0KL1BhZ2VMYXlvdXQgL09uZUNvbHVtbgo+PgplbmRvYmoKeHJlZgowIDM5CjAwMDAwMDAw\r\nMDAgNjU1MzUgZiAKMDAwMDAwMzk0NiAwMDAwMCBuIAowMDAwMjAwMjM2IDAwMDAwIG4gCjAwMDAw\r\nMDAwMTUgMDAwMDAgbiAKMDAwMDAwMDIyMyAwMDAwMCBuIAowMDAwMDA0MDM1IDAwMDAwIG4gCjAw\r\nMDAwMDQwOTYgMDAwMDAgbiAKMDAwMDAwNDI0NiAwMDAwMCBuIAowMDAwMDA0Nzg0IDAwMDAwIG4g\r\nCjAwMDAwMDUxNzkgMDAwMDAgbiAKMDAwMDAwNTI0NyAwMDAwMCBuIAowMDAwMDA1NTU0IDAwMDAw\r\nIG4gCjAwMDAwMDU5MzAgMDAwMDAgbiAKMDAwMDAxNzUzMyAwMDAwMCBuIAowMDAwMDE3NjkxIDAw\r\nMDAwIG4gCjAwMDAwMTgyMzYgMDAwMDAgbiAKMDAwMDAxODYzMiAwMDAwMCBuIAowMDAwMDE4NzAx\r\nIDAwMDAwIG4gCjAwMDAwMTkwMTkgMDAwMDAgbiAKMDAwMDAxOTM5NSAwMDAwMCBuIAowMDAwMDMx\r\nNTE5IDAwMDAwIG4gCjAwMDAwMzE2NzIgMDAwMDAgbiAKMDAwMDAzMTg1NyAwMDAwMCBuIAowMDAw\r\nMDMyMjUzIDAwMDAwIG4gCjAwMDAwMzIzMjIgMDAwMDAgbiAKMDAwMDAzMjYzNCAwMDAwMCBuIAow\r\nMDAwMDMzMDEwIDAwMDAwIG4gCjAwMDAwNDgzMDcgMDAwMDAgbiAKMDAwMDA0ODQ2OCAwMDAwMCBu\r\nIAowMDAwMDQ5MDE2IDAwMDAwIG4gCjAwMDAwNDk0MTIgMDAwMDAgbiAKMDAwMDA0OTQ4MSAwMDAw\r\nMCBuIAowMDAwMDQ5Nzk5IDAwMDAwIG4gCjAwMDAwNTAxNzUgMDAwMDAgbiAKMDAwMDA2MjE5NyAw\r\nMDAwMCBuIAowMDAwMTk2MTIwIDAwMDAwIG4gCjAwMDAxOTg3OTAgMDAwMDAgbiAKMDAwMDIwMDQy\r\nMiAwMDAwMCBuIAowMDAwMjAwNjEyIDAwMDAwIG4gCnRyYWlsZXIKPDwKL1NpemUgMzkKL1Jvb3Qg\r\nMzggMCBSCi9JbmZvIDM3IDAgUgovSUQgWzw2NDAzY2ZmNjQ4MjU0M2VhOGQ1MDc0NzE2YWZlMTE2\r\nZT4gPDY0MDNjZmY2NDgyNTQzZWE4ZDUwNzQ3MTZhZmUxMTZlPl0KPj4Kc3RhcnR4cmVmCjIwMDcz\r\nNgolJUVPRg==\r\n\r\n--B_ATC_69a3186d24af5--<\/pre>"}
